---
http_interactions:
- request:
    method: get
    uri: https://api.10.244.0.34.xip.io/v2/info
    body:
      encoding: US-ASCII
      string: ''
    headers:
      User-Agent:
      - excon/0.45.1
      Accept-Encoding:
      - gzip
  response:
    status:
      code: 200
      message: 
    headers:
      Content-Length:
      - '331'
      Content-Type:
      - application/json;charset=utf-8
      Date:
      - Thu, 02 Apr 2015 12:32:52 GMT
      Server:
      - nginx
      X-Cf-Requestid:
      - ab4f0f52-e08a-4920-7160-c0fff1eb6961
      X-Content-Type-Options:
      - nosniff
      X-Vcap-Request-Id:
      - 50f09db8-6dad-48f0-4047-ccd0c8917e1d::8524075b-aecc-4cb2-8a5d-8b4dc1482e60
    body:
      encoding: UTF-8
      string: '{"name":"vcap","build":"2222","support":"http://support.cloudfoundry.com","version":2,"description":"Cloud
        Foundry sponsored by Pivotal","authorization_endpoint":"http://login.10.244.0.34.xip.io","token_endpoint":"https://uaa.10.244.0.34.xip.io","api_version":"2.18.0","logging_endpoint":"wss://loggregator.10.244.0.34.xip.io:443"}'
    http_version: 
  recorded_at: Thu, 02 Apr 2015 12:40:44 GMT
- request:
    method: post
    uri: http://login.10.244.0.34.xip.io/oauth/token?grant_type=password&password=__cf-bosh-local:user__&username=__cf-bosh-local:user__
    body:
      encoding: US-ASCII
      string: ''
    headers:
      User-Agent:
      - excon/0.45.1
      Authorization:
      - __AUTHORIZATION__
      Content-Type:
      - application/x-www-form-urlencoded
      Accept:
      - application/json
  response:
    status:
      code: 200
      message: 
    headers:
      Cache-Control:
      - no-cache, no-store, no-store
      Connection:
      - close
      Content-Length:
      - '1856'
      Content-Type:
      - application/json;charset=UTF-8
      Date:
      - Thu, 02 Apr 2015 12:32:52 GMT
      Expires:
      - Thu, 01 Jan 1970 00:00:00 GMT
      Pragma:
      - no-cache, no-cache
      Server:
      - Apache-Coyote/1.1
      X-Cf-Requestid:
      - 11139ad1-0cd3-4269-5679-2bddc2dd7a1c, 0b8eb8bf-11d2-4cfd-48e6-4ef7e79998bc
      X-Frame-Options:
      - DENY
    body:
      encoding: UTF-8
      string: '{"access_token":"__ACCESS_TOKEN__","token_type":"bearer","refresh_token":"__REFRESH_TOKEN__","expires_in":599,"scope":"scim.userids
        cloud_controller.write password.write openid cloud_controller.read","jti":"5e6ae2f9-19d2-4d2b-9c1e-b5846bdfd23e"}'
    http_version: 
  recorded_at: Thu, 02 Apr 2015 12:40:44 GMT
- request:
    method: get
    uri: https://api.10.244.0.34.xip.io/v2/apps?q=name%3Apaasal-test-app-min-properties
    body:
      encoding: US-ASCII
      string: ''
    headers:
      User-Agent:
      - excon/0.45.1
      Authorization:
      - __AUTHORIZATION__
      Basic:
      - Y2Y6
      Content-Type:
      - application/json
      Accept-Encoding:
      - gzip
  response:
    status:
      code: 200
      message: 
    headers:
      Content-Length:
      - '1597'
      Content-Type:
      - application/json;charset=utf-8
      Date:
      - Thu, 02 Apr 2015 12:32:52 GMT
      Server:
      - nginx
      X-Cf-Requestid:
      - 95199ea8-117b-4101-4f16-90c6408ef4a9
      X-Content-Type-Options:
      - nosniff
      X-Vcap-Request-Id:
      - c33d9760-e5ce-433e-6037-0d9d2769395b::3c0d172c-2fe5-4eb2-8eb4-0740f8a4b274
    body:
      encoding: UTF-8
      string: |-
        {
          "total_results": 1,
          "total_pages": 1,
          "prev_url": null,
          "next_url": null,
          "resources": [
            {
              "metadata": {
                "guid": "3397450b-e73a-48cb-a94d-4e7cc4341763",
                "url": "/v2/apps/3397450b-e73a-48cb-a94d-4e7cc4341763",
                "created_at": "2015-04-02T12:32:49+00:00",
                "updated_at": "2015-04-02T12:32:50+00:00"
              },
              "entity": {
                "name": "paasal-test-app-min-properties",
                "production": false,
                "space_guid": "d3483f4f-6706-4fe1-ad90-1bd45d50e940",
                "stack_guid": "b4d24013-b385-4db1-a171-b4e151a87c46",
                "buildpack": "java_buildpack",
                "detected_buildpack": null,
                "environment_json": {

                },
                "memory": 256,
                "instances": 1,
                "disk_quota": 1024,
                "state": "STOPPED",
                "version": "2b3d7a37-19dc-4a68-b6db-4b9ec53e6a71",
                "command": null,
                "console": false,
                "debug": null,
                "staging_task_id": null,
                "package_state": "PENDING",
                "health_check_timeout": null,
                "staging_failed_reason": null,
                "docker_image": null,
                "package_updated_at": null,
                "detected_start_command": "",
                "space_url": "/v2/spaces/d3483f4f-6706-4fe1-ad90-1bd45d50e940",
                "stack_url": "/v2/stacks/b4d24013-b385-4db1-a171-b4e151a87c46",
                "events_url": "/v2/apps/3397450b-e73a-48cb-a94d-4e7cc4341763/events",
                "service_bindings_url": "/v2/apps/3397450b-e73a-48cb-a94d-4e7cc4341763/service_bindings",
                "routes_url": "/v2/apps/3397450b-e73a-48cb-a94d-4e7cc4341763/routes"
              }
            }
          ]
        }
    http_version: 
  recorded_at: Thu, 02 Apr 2015 12:40:44 GMT
- request:
    method: put
    uri: https://api.10.244.0.34.xip.io/v2/apps/3397450b-e73a-48cb-a94d-4e7cc4341763
    body:
      encoding: UTF-8
      string: '{"name":"paasal-test-app-min-updated","buildpack":"nodejs_buildpack"}'
    headers:
      User-Agent:
      - excon/0.45.1
      Authorization:
      - __AUTHORIZATION__
      Basic:
      - Y2Y6
      Content-Type:
      - application/json
      Accept-Encoding:
      - gzip
  response:
    status:
      code: 201
      message: 
    headers:
      Content-Length:
      - '1337'
      Content-Type:
      - application/json;charset=utf-8
      Date:
      - Thu, 02 Apr 2015 12:32:53 GMT
      Server:
      - nginx
      X-Cf-Requestid:
      - f26d90ce-fbe0-4aeb-553d-313b80542d2f
      X-Content-Type-Options:
      - nosniff
      X-Vcap-Request-Id:
      - 76e64f94-cc7e-45a6-652f-49dc24365c71::9e70a39a-5296-4af0-b336-7f3319f295ad
    body:
      encoding: UTF-8
      string: |-
        {
          "metadata": {
            "guid": "3397450b-e73a-48cb-a94d-4e7cc4341763",
            "url": "/v2/apps/3397450b-e73a-48cb-a94d-4e7cc4341763",
            "created_at": "2015-04-02T12:32:49+00:00",
            "updated_at": "2015-04-02T12:32:52+00:00"
          },
          "entity": {
            "name": "paasal-test-app-min-updated",
            "production": false,
            "space_guid": "d3483f4f-6706-4fe1-ad90-1bd45d50e940",
            "stack_guid": "b4d24013-b385-4db1-a171-b4e151a87c46",
            "buildpack": "nodejs_buildpack",
            "detected_buildpack": null,
            "environment_json": {

            },
            "memory": 256,
            "instances": 1,
            "disk_quota": 1024,
            "state": "STOPPED",
            "version": "2b3d7a37-19dc-4a68-b6db-4b9ec53e6a71",
            "command": null,
            "console": false,
            "debug": null,
            "staging_task_id": null,
            "package_state": "PENDING",
            "health_check_timeout": null,
            "staging_failed_reason": null,
            "docker_image": null,
            "package_updated_at": null,
            "detected_start_command": "",
            "space_url": "/v2/spaces/d3483f4f-6706-4fe1-ad90-1bd45d50e940",
            "stack_url": "/v2/stacks/b4d24013-b385-4db1-a171-b4e151a87c46",
            "events_url": "/v2/apps/3397450b-e73a-48cb-a94d-4e7cc4341763/events",
            "service_bindings_url": "/v2/apps/3397450b-e73a-48cb-a94d-4e7cc4341763/service_bindings",
            "routes_url": "/v2/apps/3397450b-e73a-48cb-a94d-4e7cc4341763/routes"
          }
        }
    http_version: 
  recorded_at: Thu, 02 Apr 2015 12:40:44 GMT
- request:
    method: head
    uri: https://api.10.244.0.34.xip.io/v2/apps/3397450b-e73a-48cb-a94d-4e7cc4341763/download
    body:
      encoding: US-ASCII
      string: ''
    headers:
      User-Agent:
      - excon/0.45.1
      Authorization:
      - __AUTHORIZATION__
      Basic:
      - Y2Y6
      Content-Type:
      - application/json
      Accept-Encoding:
      - gzip
  response:
    status:
      code: 404
      message: 
    headers:
      Content-Length:
      - '155'
      Content-Type:
      - application/json;charset=utf-8
      Date:
      - Thu, 02 Apr 2015 12:32:53 GMT
      Server:
      - nginx
      X-Cf-Requestid:
      - 17b32324-7b30-48d6-5351-25df7d6c7026
      X-Content-Type-Options:
      - nosniff
      X-Vcap-Request-Id:
      - db056325-e73a-44af-478a-cbfba783c484::0c4f5604-54ca-4b44-a7f9-c444795fcb5b
    body:
      encoding: UTF-8
      string: ''
    http_version: 
  recorded_at: Thu, 02 Apr 2015 12:40:44 GMT
- request:
    method: get
    uri: https://api.10.244.0.34.xip.io/v2/apps/3397450b-e73a-48cb-a94d-4e7cc4341763/routes
    body:
      encoding: US-ASCII
      string: ''
    headers:
      User-Agent:
      - excon/0.45.1
      Authorization:
      - __AUTHORIZATION__
      Basic:
      - Y2Y6
      Content-Type:
      - application/json
      Accept-Encoding:
      - gzip
  response:
    status:
      code: 200
      message: 
    headers:
      Content-Length:
      - '775'
      Content-Type:
      - application/json;charset=utf-8
      Date:
      - Thu, 02 Apr 2015 12:32:53 GMT
      Server:
      - nginx
      X-Cf-Requestid:
      - fcbd7a6b-87c2-4908-4e9e-4ade048caed1
      X-Content-Type-Options:
      - nosniff
      X-Vcap-Request-Id:
      - 00533195-259b-475c-562d-4490dfad3e9c::6e527856-ee73-41eb-93b1-37a382f414df
    body:
      encoding: UTF-8
      string: |-
        {
          "total_results": 1,
          "total_pages": 1,
          "prev_url": null,
          "next_url": null,
          "resources": [
            {
              "metadata": {
                "guid": "19808d13-e553-4a36-b050-e8d554848350",
                "url": "/v2/routes/19808d13-e553-4a36-b050-e8d554848350",
                "created_at": "2015-04-02T12:32:50+00:00",
                "updated_at": null
              },
              "entity": {
                "host": "3397450b-e73a-48cb-a94d-4e7cc4341763",
                "domain_guid": "0a7ac015-b059-47d3-b1a2-873a6e370f36",
                "space_guid": "d3483f4f-6706-4fe1-ad90-1bd45d50e940",
                "domain_url": "/v2/domains/0a7ac015-b059-47d3-b1a2-873a6e370f36",
                "space_url": "/v2/spaces/d3483f4f-6706-4fe1-ad90-1bd45d50e940",
                "apps_url": "/v2/routes/19808d13-e553-4a36-b050-e8d554848350/apps"
              }
            }
          ]
        }
    http_version: 
  recorded_at: Thu, 02 Apr 2015 12:40:44 GMT
- request:
    method: get
    uri: https://api.10.244.0.34.xip.io/v2/domains/0a7ac015-b059-47d3-b1a2-873a6e370f36
    body:
      encoding: US-ASCII
      string: ''
    headers:
      User-Agent:
      - excon/0.45.1
      Authorization:
      - __AUTHORIZATION__
      Basic:
      - Y2Y6
      Content-Type:
      - application/json
      Accept-Encoding:
      - gzip
  response:
    status:
      code: 200
      message: 
    headers:
      Content-Length:
      - '283'
      Content-Type:
      - application/json;charset=utf-8
      Date:
      - Thu, 02 Apr 2015 12:32:53 GMT
      Server:
      - nginx
      X-Cf-Requestid:
      - b67ee289-5b46-4c68-5dda-cb49d199054b
      X-Cf-Warnings:
      - Endpoint+deprecated
      X-Content-Type-Options:
      - nosniff
      X-Vcap-Request-Id:
      - fc5ad0ea-7d23-4052-636e-ddddb12384e9::0ccbb50e-2afb-48c0-8f8a-beccad501d99
    body:
      encoding: UTF-8
      string: |-
        {
          "metadata": {
            "guid": "0a7ac015-b059-47d3-b1a2-873a6e370f36",
            "url": "/v2/domains/0a7ac015-b059-47d3-b1a2-873a6e370f36",
            "created_at": "2014-12-05T16:23:46+00:00",
            "updated_at": "2015-03-19T07:07:29+00:00"
          },
          "entity": {
            "name": "10.244.0.34.xip.io"
          }
        }
    http_version: 
  recorded_at: Thu, 02 Apr 2015 12:40:44 GMT
recorded_with: VCR 2.9.3
