---
http_interactions:
- request:
    method: get
    uri: https://api.10.244.0.34.xip.io/v2/info
    body:
      encoding: US-ASCII
      string: ''
    headers:
      User-Agent:
      - excon/0.44.4
      Accept-Encoding:
      - gzip
  response:
    status:
      code: 200
      message: 
    headers:
      Content-Length:
      - '331'
      Content-Type:
      - application/json;charset=utf-8
      Date:
      - Thu, 19 Mar 2015 16:36:03 GMT
      Server:
      - nginx
      X-Cf-Requestid:
      - 4a261a8c-1ab0-4c7d-4f83-cb6652afb22e
      X-Content-Type-Options:
      - nosniff
      X-Vcap-Request-Id:
      - 1f1c8550-28c8-4bb1-617b-dae1d6b2e1db::a0fd5c7f-31bc-4813-9ee6-52d8cc1a7530
    body:
      encoding: UTF-8
      string: '{"name":"vcap","build":"2222","support":"http://support.cloudfoundry.com","version":2,"description":"Cloud
        Foundry sponsored by Pivotal","authorization_endpoint":"http://login.10.244.0.34.xip.io","token_endpoint":"https://uaa.10.244.0.34.xip.io","api_version":"2.18.0","logging_endpoint":"wss://loggregator.10.244.0.34.xip.io:443"}'
    http_version: 
  recorded_at: Thu, 19 Mar 2015 16:36:03 GMT
- request:
    method: post
    uri: http://login.10.244.0.34.xip.io/oauth/token?grant_type=password&password=__cf-bosh-local:user__&username=__cf-bosh-local:user__
    body:
      encoding: US-ASCII
      string: ''
    headers:
      User-Agent:
      - excon/0.44.4
      Authorization:
      - __AUTHORIZATION__
      Content-Type:
      - application/x-www-form-urlencoded
      Accept:
      - application/json
  response:
    status:
      code: 200
      message: 
    headers:
      Cache-Control:
      - no-cache, no-store, no-store
      Connection:
      - close
      Content-Length:
      - '1856'
      Content-Type:
      - application/json;charset=UTF-8
      Date:
      - Thu, 19 Mar 2015 16:36:03 GMT
      Expires:
      - Thu, 01 Jan 1970 00:00:00 GMT
      Pragma:
      - no-cache, no-cache
      Server:
      - Apache-Coyote/1.1
      X-Cf-Requestid:
      - be5bfb22-e5bd-4694-5357-49508168fca6, 3d36843c-71be-416a-61ff-49f0a67e13d6
      X-Frame-Options:
      - DENY
    body:
      encoding: UTF-8
      string: '{"access_token":"__ACCESS_TOKEN__","token_type":"bearer","refresh_token":"__REFRESH_TOKEN__","expires_in":599,"scope":"scim.userids
        cloud_controller.write password.write openid cloud_controller.read","jti":"bb2e82ea-aa3e-4c29-bca7-4f8e212dfa91"}'
    http_version: 
  recorded_at: Thu, 19 Mar 2015 16:36:04 GMT
- request:
    method: delete
    uri: https://api.10.244.0.34.xip.io/v2/apps/paasal-test-app-min-updated
    body:
      encoding: US-ASCII
      string: ''
    headers:
      User-Agent:
      - excon/0.44.4
      Authorization:
      - __AUTHORIZATION__
      Basic:
      - Y2Y6
      Content-Type:
      - application/json
      Accept-Encoding:
      - gzip
  response:
    status:
      code: 404
      message: 
    headers:
      Content-Length:
      - '136'
      Content-Type:
      - application/json;charset=utf-8
      Date:
      - Thu, 19 Mar 2015 16:36:04 GMT
      Server:
      - nginx
      X-Cf-Requestid:
      - 16c57403-01b1-4765-6de9-316f43bce123
      X-Content-Type-Options:
      - nosniff
      X-Vcap-Request-Id:
      - 42c27726-4c95-45af-5879-bee640fa548f::9f083985-60a4-45e0-acda-083caac9cf8f
    body:
      encoding: UTF-8
      string: |
        {
          "code": 100004,
          "description": "The app name could not be found: paasal-test-app-min-updated",
          "error_code": "CF-AppNotFound"
        }
    http_version: 
  recorded_at: Thu, 19 Mar 2015 16:36:04 GMT
- request:
    method: get
    uri: https://api.10.244.0.34.xip.io/v2/apps?q=name%3Apaasal-test-app-min-updated
    body:
      encoding: US-ASCII
      string: ''
    headers:
      User-Agent:
      - excon/0.44.4
      Authorization:
      - __AUTHORIZATION__
      Basic:
      - Y2Y6
      Content-Type:
      - application/json
      Accept-Encoding:
      - gzip
  response:
    status:
      code: 200
      message: 
    headers:
      Content-Length:
      - '1712'
      Content-Type:
      - application/json;charset=utf-8
      Date:
      - Thu, 19 Mar 2015 16:36:04 GMT
      Server:
      - nginx
      X-Cf-Requestid:
      - 636f4570-8812-4750-6fe3-33ab359a424b
      X-Content-Type-Options:
      - nosniff
      X-Vcap-Request-Id:
      - 52ab37ae-7dac-45e2-6b6f-ff592ae482a0::ff714f83-ff8b-4b25-b2ee-9d71b9d22313
    body:
      encoding: UTF-8
      string: |-
        {
          "total_results": 1,
          "total_pages": 1,
          "prev_url": null,
          "next_url": null,
          "resources": [
            {
              "metadata": {
                "guid": "3e847486-eb74-4210-9f99-cc1c2a2650ef",
                "url": "/v2/apps/3e847486-eb74-4210-9f99-cc1c2a2650ef",
                "created_at": "2015-03-19T16:33:07+00:00",
                "updated_at": "2015-03-19T16:35:49+00:00"
              },
              "entity": {
                "name": "paasal-test-app-min-updated",
                "production": false,
                "space_guid": "d3483f4f-6706-4fe1-ad90-1bd45d50e940",
                "stack_guid": "b4d24013-b385-4db1-a171-b4e151a87c46",
                "buildpack": "nodejs_buildpack",
                "detected_buildpack": null,
                "environment_json": {
                  "our_test_var_key": "our_test_var_value"
                },
                "memory": 256,
                "instances": 1,
                "disk_quota": 1024,
                "state": "STARTED",
                "version": "4d01c64b-3ac1-488e-8e2d-87b741ceb9be",
                "command": null,
                "console": false,
                "debug": null,
                "staging_task_id": "45b4104f022e49099377fd79a23fddcf",
                "package_state": "STAGED",
                "health_check_timeout": null,
                "staging_failed_reason": null,
                "docker_image": null,
                "package_updated_at": "2015-03-19T16:33:52+00:00",
                "detected_start_command": "node server.js",
                "space_url": "/v2/spaces/d3483f4f-6706-4fe1-ad90-1bd45d50e940",
                "stack_url": "/v2/stacks/b4d24013-b385-4db1-a171-b4e151a87c46",
                "events_url": "/v2/apps/3e847486-eb74-4210-9f99-cc1c2a2650ef/events",
                "service_bindings_url": "/v2/apps/3e847486-eb74-4210-9f99-cc1c2a2650ef/service_bindings",
                "routes_url": "/v2/apps/3e847486-eb74-4210-9f99-cc1c2a2650ef/routes"
              }
            }
          ]
        }
    http_version: 
  recorded_at: Thu, 19 Mar 2015 16:36:04 GMT
- request:
    method: delete
    uri: https://api.10.244.0.34.xip.io/v2/apps/3e847486-eb74-4210-9f99-cc1c2a2650ef
    body:
      encoding: US-ASCII
      string: ''
    headers:
      User-Agent:
      - excon/0.44.4
      Authorization:
      - __AUTHORIZATION__
      Basic:
      - Y2Y6
      Content-Type:
      - application/json
      Accept-Encoding:
      - gzip
  response:
    status:
      code: 204
      message: 
    headers:
      Date:
      - Thu, 19 Mar 2015 16:36:05 GMT
      Server:
      - nginx
      X-Cf-Requestid:
      - c86768b8-de0c-4af8-6979-a55dd5f09fd8
      X-Content-Type-Options:
      - nosniff
      X-Vcap-Request-Id:
      - 7edcf306-a098-403f-6717-6755e6901da5::e26df58b-41f8-4b45-b27b-e8d932d5e87c
    body:
      encoding: UTF-8
      string: ''
    http_version: 
  recorded_at: Thu, 19 Mar 2015 16:36:05 GMT
recorded_with: VCR 2.9.3
