---
http_interactions:
- request:
    method: post
    uri: https://api.cloudcontrol.com/token
    body:
      encoding: US-ASCII
      string: ''
    headers:
      User-Agent:
      - excon/0.45.1
      Authorization:
      - __AUTHORIZATION__
      Accept-Encoding:
      - gzip
  response:
    status:
      code: 200
      message: 
    headers:
      Accept-Ranges:
      - bytes
      Access-Control-Allow-Headers:
      - X-Requested-With, Authorization, Content-Type, Content-Length, Accept
      Access-Control-Allow-Methods:
      - POST, GET, PUT, DELETE
      Access-Control-Allow-Origin:
      - "*"
      Age:
      - '0'
      Allow:
      - POST, OPTIONS
      Content-Type:
      - application/json
      Date:
      - Thu, 02 Apr 2015 17:05:38 GMT
      Server:
      - gunicorn/19.2.1
      Strict-Transport-Security:
      - max-age=15768000
      Vary:
      - Accept
      Via:
      - 1.1 varnish
      x-host:
      - api.cloudcontrol.com
      x-url:
      - "/token"
      X-Varnish:
      - '1036795145'
      X-varnish-cache:
      - MISS
      Content-Length:
      - '84'
      Connection:
      - keep-alive
    body:
      encoding: UTF-8
      string: '{"token": "__TOKEN__", "expires": "2015-04-02T17:20:38.165990"}'
    http_version: 
  recorded_at: Thu, 02 Apr 2015 17:05:38 GMT
- request:
    method: get
    uri: https://api.cloudcontrol.com/app/paasal-test-app-min-updated
    body:
      encoding: US-ASCII
      string: ''
    headers:
      User-Agent:
      - excon/0.45.1
      Authorization:
      - __AUTHORIZATION__
      Content-Type:
      - application/json
      Accept-Encoding:
      - gzip
  response:
    status:
      code: 410
      message: 
    headers:
      Accept-Ranges:
      - bytes
      Access-Control-Allow-Headers:
      - X-Requested-With, Authorization, Content-Type, Content-Length, Accept
      Access-Control-Allow-Methods:
      - POST, GET, PUT, DELETE
      Access-Control-Allow-Origin:
      - "*"
      Age:
      - '0'
      Allow:
      - GET, POST, DELETE, HEAD, OPTIONS
      Content-Type:
      - application/json
      Date:
      - Thu, 02 Apr 2015 17:05:38 GMT
      Server:
      - gunicorn/19.2.1
      Strict-Transport-Security:
      - max-age=15768000
      Vary:
      - Accept, Cookie
      Via:
      - 1.1 varnish
      x-host:
      - api.cloudcontrol.com
      x-url:
      - "/app/paasal-test-app-min-updated"
      X-Varnish:
      - '1056409160'
      X-varnish-cache:
      - MISS
      Content-Length:
      - '4'
      Connection:
      - keep-alive
    body:
      encoding: UTF-8
      string: Gone
    http_version: 
  recorded_at: Thu, 02 Apr 2015 17:05:38 GMT
- request:
    method: get
    uri: https://api.cloudcontrol.com/app/paasal-test-app-min-updated
    body:
      encoding: US-ASCII
      string: ''
    headers:
      User-Agent:
      - excon/0.45.1
      Authorization:
      - __AUTHORIZATION__
      Content-Type:
      - application/json
      Accept-Encoding:
      - gzip
  response:
    status:
      code: 410
      message: 
    headers:
      Accept-Ranges:
      - bytes
      Access-Control-Allow-Headers:
      - X-Requested-With, Authorization, Content-Type, Content-Length, Accept
      Access-Control-Allow-Methods:
      - POST, GET, PUT, DELETE
      Access-Control-Allow-Origin:
      - "*"
      Age:
      - '0'
      Allow:
      - GET, POST, DELETE, HEAD, OPTIONS
      Content-Type:
      - application/json
      Date:
      - Thu, 02 Apr 2015 17:05:39 GMT
      Server:
      - gunicorn/19.2.1
      Strict-Transport-Security:
      - max-age=15768000
      Vary:
      - Accept, Cookie
      Via:
      - 1.1 varnish
      x-host:
      - api.cloudcontrol.com
      x-url:
      - "/app/paasal-test-app-min-updated"
      X-Varnish:
      - '2370159079'
      X-varnish-cache:
      - MISS
      Content-Length:
      - '4'
      Connection:
      - keep-alive
    body:
      encoding: UTF-8
      string: Gone
    http_version: 
  recorded_at: Thu, 02 Apr 2015 17:05:39 GMT
- request:
    method: get
    uri: https://api.cloudcontrol.com/app/paasal-test-app-min-updated
    body:
      encoding: US-ASCII
      string: ''
    headers:
      User-Agent:
      - excon/0.45.1
      Authorization:
      - __AUTHORIZATION__
      Content-Type:
      - application/json
      Accept-Encoding:
      - gzip
  response:
    status:
      code: 410
      message: 
    headers:
      Accept-Ranges:
      - bytes
      Access-Control-Allow-Headers:
      - X-Requested-With, Authorization, Content-Type, Content-Length, Accept
      Access-Control-Allow-Methods:
      - POST, GET, PUT, DELETE
      Access-Control-Allow-Origin:
      - "*"
      Age:
      - '0'
      Allow:
      - GET, POST, DELETE, HEAD, OPTIONS
      Content-Type:
      - application/json
      Date:
      - Thu, 02 Apr 2015 17:05:39 GMT
      Server:
      - gunicorn/19.2.1
      Strict-Transport-Security:
      - max-age=15768000
      Vary:
      - Accept, Cookie
      Via:
      - 1.1 varnish
      x-host:
      - api.cloudcontrol.com
      x-url:
      - "/app/paasal-test-app-min-updated"
      X-Varnish:
      - '1124367420'
      X-varnish-cache:
      - MISS
      Content-Length:
      - '4'
      Connection:
      - keep-alive
    body:
      encoding: UTF-8
      string: Gone
    http_version: 
  recorded_at: Thu, 02 Apr 2015 17:05:39 GMT
- request:
    method: get
    uri: https://api.cloudcontrol.com/app/paasal-test-app-min-updated
    body:
      encoding: US-ASCII
      string: ''
    headers:
      User-Agent:
      - excon/0.45.1
      Authorization:
      - __AUTHORIZATION__
      Content-Type:
      - application/json
      Accept-Encoding:
      - gzip
  response:
    status:
      code: 410
      message: 
    headers:
      Accept-Ranges:
      - bytes
      Access-Control-Allow-Headers:
      - X-Requested-With, Authorization, Content-Type, Content-Length, Accept
      Access-Control-Allow-Methods:
      - POST, GET, PUT, DELETE
      Access-Control-Allow-Origin:
      - "*"
      Age:
      - '0'
      Allow:
      - GET, POST, DELETE, HEAD, OPTIONS
      Content-Type:
      - application/json
      Date:
      - Thu, 02 Apr 2015 17:05:39 GMT
      Server:
      - gunicorn/19.2.1
      Strict-Transport-Security:
      - max-age=15768000
      Vary:
      - Accept, Cookie
      Via:
      - 1.1 varnish
      x-host:
      - api.cloudcontrol.com
      x-url:
      - "/app/paasal-test-app-min-updated"
      X-Varnish:
      - '1036795257'
      X-varnish-cache:
      - MISS
      Content-Length:
      - '4'
      Connection:
      - keep-alive
    body:
      encoding: UTF-8
      string: Gone
    http_version: 
  recorded_at: Thu, 02 Apr 2015 17:05:39 GMT
- request:
    method: get
    uri: https://api.cloudcontrol.com/app/paasal-test-app-min-updated
    body:
      encoding: US-ASCII
      string: ''
    headers:
      User-Agent:
      - excon/0.45.1
      Authorization:
      - __AUTHORIZATION__
      Content-Type:
      - application/json
      Accept-Encoding:
      - gzip
  response:
    status:
      code: 410
      message: 
    headers:
      Accept-Ranges:
      - bytes
      Access-Control-Allow-Headers:
      - X-Requested-With, Authorization, Content-Type, Content-Length, Accept
      Access-Control-Allow-Methods:
      - POST, GET, PUT, DELETE
      Access-Control-Allow-Origin:
      - "*"
      Age:
      - '0'
      Allow:
      - GET, POST, DELETE, HEAD, OPTIONS
      Content-Type:
      - application/json
      Date:
      - Thu, 02 Apr 2015 17:05:40 GMT
      Server:
      - gunicorn/19.2.1
      Strict-Transport-Security:
      - max-age=15768000
      Vary:
      - Accept, Cookie
      Via:
      - 1.1 varnish
      x-host:
      - api.cloudcontrol.com
      x-url:
      - "/app/paasal-test-app-min-updated"
      X-Varnish:
      - '1056409231'
      X-varnish-cache:
      - MISS
      Content-Length:
      - '4'
      Connection:
      - keep-alive
    body:
      encoding: UTF-8
      string: Gone
    http_version: 
  recorded_at: Thu, 02 Apr 2015 17:05:40 GMT
- request:
    method: get
    uri: https://api.cloudcontrol.com/app/paasal-test-app-min-updated
    body:
      encoding: US-ASCII
      string: ''
    headers:
      User-Agent:
      - excon/0.45.1
      Authorization:
      - __AUTHORIZATION__
      Content-Type:
      - application/json
      Accept-Encoding:
      - gzip
  response:
    status:
      code: 410
      message: 
    headers:
      Accept-Ranges:
      - bytes
      Access-Control-Allow-Headers:
      - X-Requested-With, Authorization, Content-Type, Content-Length, Accept
      Access-Control-Allow-Methods:
      - POST, GET, PUT, DELETE
      Access-Control-Allow-Origin:
      - "*"
      Age:
      - '0'
      Allow:
      - GET, POST, DELETE, HEAD, OPTIONS
      Content-Type:
      - application/json
      Date:
      - Thu, 02 Apr 2015 17:05:40 GMT
      Server:
      - gunicorn/19.2.1
      Strict-Transport-Security:
      - max-age=15768000
      Vary:
      - Accept, Cookie
      Via:
      - 1.1 varnish
      x-host:
      - api.cloudcontrol.com
      x-url:
      - "/app/paasal-test-app-min-updated"
      X-Varnish:
      - '2370159131'
      X-varnish-cache:
      - MISS
      Content-Length:
      - '4'
      Connection:
      - keep-alive
    body:
      encoding: UTF-8
      string: Gone
    http_version: 
  recorded_at: Thu, 02 Apr 2015 17:05:40 GMT
- request:
    method: get
    uri: https://api.cloudcontrol.com/app/paasal-test-app-min-updated
    body:
      encoding: US-ASCII
      string: ''
    headers:
      User-Agent:
      - excon/0.45.1
      Authorization:
      - __AUTHORIZATION__
      Content-Type:
      - application/json
      Accept-Encoding:
      - gzip
  response:
    status:
      code: 410
      message: 
    headers:
      Accept-Ranges:
      - bytes
      Access-Control-Allow-Headers:
      - X-Requested-With, Authorization, Content-Type, Content-Length, Accept
      Access-Control-Allow-Methods:
      - POST, GET, PUT, DELETE
      Access-Control-Allow-Origin:
      - "*"
      Age:
      - '0'
      Allow:
      - GET, POST, DELETE, HEAD, OPTIONS
      Content-Type:
      - application/json
      Date:
      - Thu, 02 Apr 2015 17:05:40 GMT
      Server:
      - gunicorn/19.2.1
      Strict-Transport-Security:
      - max-age=15768000
      Vary:
      - Accept, Cookie
      Via:
      - 1.1 varnish
      x-host:
      - api.cloudcontrol.com
      x-url:
      - "/app/paasal-test-app-min-updated"
      X-Varnish:
      - '1124367484'
      X-varnish-cache:
      - MISS
      Content-Length:
      - '4'
      Connection:
      - keep-alive
    body:
      encoding: UTF-8
      string: Gone
    http_version: 
  recorded_at: Thu, 02 Apr 2015 17:05:40 GMT
- request:
    method: get
    uri: https://api.cloudcontrol.com/app/paasal-test-app-min-updated
    body:
      encoding: US-ASCII
      string: ''
    headers:
      User-Agent:
      - excon/0.45.1
      Authorization:
      - __AUTHORIZATION__
      Content-Type:
      - application/json
      Accept-Encoding:
      - gzip
  response:
    status:
      code: 410
      message: 
    headers:
      Accept-Ranges:
      - bytes
      Access-Control-Allow-Headers:
      - X-Requested-With, Authorization, Content-Type, Content-Length, Accept
      Access-Control-Allow-Methods:
      - POST, GET, PUT, DELETE
      Access-Control-Allow-Origin:
      - "*"
      Age:
      - '0'
      Allow:
      - GET, POST, DELETE, HEAD, OPTIONS
      Content-Type:
      - application/json
      Date:
      - Thu, 02 Apr 2015 17:05:41 GMT
      Server:
      - gunicorn/19.2.1
      Strict-Transport-Security:
      - max-age=15768000
      Vary:
      - Accept, Cookie
      Via:
      - 1.1 varnish
      x-host:
      - api.cloudcontrol.com
      x-url:
      - "/app/paasal-test-app-min-updated"
      X-Varnish:
      - '1036795316'
      X-varnish-cache:
      - MISS
      Content-Length:
      - '4'
      Connection:
      - keep-alive
    body:
      encoding: UTF-8
      string: Gone
    http_version: 
  recorded_at: Thu, 02 Apr 2015 17:05:41 GMT
- request:
    method: get
    uri: https://api.cloudcontrol.com/app/paasal-test-app-min-updated
    body:
      encoding: US-ASCII
      string: ''
    headers:
      User-Agent:
      - excon/0.45.1
      Authorization:
      - __AUTHORIZATION__
      Content-Type:
      - application/json
      Accept-Encoding:
      - gzip
  response:
    status:
      code: 410
      message: 
    headers:
      Accept-Ranges:
      - bytes
      Access-Control-Allow-Headers:
      - X-Requested-With, Authorization, Content-Type, Content-Length, Accept
      Access-Control-Allow-Methods:
      - POST, GET, PUT, DELETE
      Access-Control-Allow-Origin:
      - "*"
      Age:
      - '0'
      Allow:
      - GET, POST, DELETE, HEAD, OPTIONS
      Content-Type:
      - application/json
      Date:
      - Thu, 02 Apr 2015 17:05:41 GMT
      Server:
      - gunicorn/19.2.1
      Strict-Transport-Security:
      - max-age=15768000
      Vary:
      - Accept, Cookie
      Via:
      - 1.1 varnish
      x-host:
      - api.cloudcontrol.com
      x-url:
      - "/app/paasal-test-app-min-updated"
      X-Varnish:
      - '1056409300'
      X-varnish-cache:
      - MISS
      Content-Length:
      - '4'
      Connection:
      - keep-alive
    body:
      encoding: UTF-8
      string: Gone
    http_version: 
  recorded_at: Thu, 02 Apr 2015 17:05:41 GMT
- request:
    method: get
    uri: https://api.cloudcontrol.com/app/paasal-test-app-min-updated
    body:
      encoding: US-ASCII
      string: ''
    headers:
      User-Agent:
      - excon/0.45.1
      Authorization:
      - __AUTHORIZATION__
      Content-Type:
      - application/json
      Accept-Encoding:
      - gzip
  response:
    status:
      code: 410
      message: 
    headers:
      Accept-Ranges:
      - bytes
      Access-Control-Allow-Headers:
      - X-Requested-With, Authorization, Content-Type, Content-Length, Accept
      Access-Control-Allow-Methods:
      - POST, GET, PUT, DELETE
      Access-Control-Allow-Origin:
      - "*"
      Age:
      - '0'
      Allow:
      - GET, POST, DELETE, HEAD, OPTIONS
      Content-Type:
      - application/json
      Date:
      - Thu, 02 Apr 2015 17:05:41 GMT
      Server:
      - gunicorn/19.2.1
      Strict-Transport-Security:
      - max-age=15768000
      Vary:
      - Accept, Cookie
      Via:
      - 1.1 varnish
      x-host:
      - api.cloudcontrol.com
      x-url:
      - "/app/paasal-test-app-min-updated"
      X-Varnish:
      - '2370159186'
      X-varnish-cache:
      - MISS
      Content-Length:
      - '4'
      Connection:
      - keep-alive
    body:
      encoding: UTF-8
      string: Gone
    http_version: 
  recorded_at: Thu, 02 Apr 2015 17:05:41 GMT
- request:
    method: get
    uri: https://api.cloudcontrol.com/app/paasal-test-app-min-updated
    body:
      encoding: US-ASCII
      string: ''
    headers:
      User-Agent:
      - excon/0.45.1
      Authorization:
      - __AUTHORIZATION__
      Content-Type:
      - application/json
      Accept-Encoding:
      - gzip
  response:
    status:
      code: 410
      message: 
    headers:
      Accept-Ranges:
      - bytes
      Access-Control-Allow-Headers:
      - X-Requested-With, Authorization, Content-Type, Content-Length, Accept
      Access-Control-Allow-Methods:
      - POST, GET, PUT, DELETE
      Access-Control-Allow-Origin:
      - "*"
      Age:
      - '0'
      Allow:
      - GET, POST, DELETE, HEAD, OPTIONS
      Content-Type:
      - application/json
      Date:
      - Thu, 02 Apr 2015 17:05:42 GMT
      Server:
      - gunicorn/19.2.1
      Strict-Transport-Security:
      - max-age=15768000
      Vary:
      - Accept, Cookie
      Via:
      - 1.1 varnish
      x-host:
      - api.cloudcontrol.com
      x-url:
      - "/app/paasal-test-app-min-updated"
      X-Varnish:
      - '1124367542'
      X-varnish-cache:
      - MISS
      Content-Length:
      - '4'
      Connection:
      - keep-alive
    body:
      encoding: UTF-8
      string: Gone
    http_version: 
  recorded_at: Thu, 02 Apr 2015 17:05:42 GMT
- request:
    method: get
    uri: https://api.cloudcontrol.com/app/paasal-test-app-min-updated
    body:
      encoding: US-ASCII
      string: ''
    headers:
      User-Agent:
      - excon/0.45.1
      Authorization:
      - __AUTHORIZATION__
      Content-Type:
      - application/json
      Accept-Encoding:
      - gzip
  response:
    status:
      code: 410
      message: 
    headers:
      Accept-Ranges:
      - bytes
      Access-Control-Allow-Headers:
      - X-Requested-With, Authorization, Content-Type, Content-Length, Accept
      Access-Control-Allow-Methods:
      - POST, GET, PUT, DELETE
      Access-Control-Allow-Origin:
      - "*"
      Age:
      - '0'
      Allow:
      - GET, POST, DELETE, HEAD, OPTIONS
      Content-Type:
      - application/json
      Date:
      - Thu, 02 Apr 2015 17:05:42 GMT
      Server:
      - gunicorn/19.2.1
      Strict-Transport-Security:
      - max-age=15768000
      Vary:
      - Accept, Cookie
      Via:
      - 1.1 varnish
      x-host:
      - api.cloudcontrol.com
      x-url:
      - "/app/paasal-test-app-min-updated"
      X-Varnish:
      - '1036795373'
      X-varnish-cache:
      - MISS
      Content-Length:
      - '4'
      Connection:
      - keep-alive
    body:
      encoding: UTF-8
      string: Gone
    http_version: 
  recorded_at: Thu, 02 Apr 2015 17:05:42 GMT
- request:
    method: get
    uri: https://api.cloudcontrol.com/app/paasal-test-app-min-updated
    body:
      encoding: US-ASCII
      string: ''
    headers:
      User-Agent:
      - excon/0.45.1
      Authorization:
      - __AUTHORIZATION__
      Content-Type:
      - application/json
      Accept-Encoding:
      - gzip
  response:
    status:
      code: 410
      message: 
    headers:
      Accept-Ranges:
      - bytes
      Access-Control-Allow-Headers:
      - X-Requested-With, Authorization, Content-Type, Content-Length, Accept
      Access-Control-Allow-Methods:
      - POST, GET, PUT, DELETE
      Access-Control-Allow-Origin:
      - "*"
      Age:
      - '0'
      Allow:
      - GET, POST, DELETE, HEAD, OPTIONS
      Content-Type:
      - application/json
      Date:
      - Thu, 02 Apr 2015 17:05:43 GMT
      Server:
      - gunicorn/19.2.1
      Strict-Transport-Security:
      - max-age=15768000
      Vary:
      - Accept, Cookie
      Via:
      - 1.1 varnish
      x-host:
      - api.cloudcontrol.com
      x-url:
      - "/app/paasal-test-app-min-updated"
      X-Varnish:
      - '1056409375'
      X-varnish-cache:
      - MISS
      Content-Length:
      - '4'
      Connection:
      - keep-alive
    body:
      encoding: UTF-8
      string: Gone
    http_version: 
  recorded_at: Thu, 02 Apr 2015 17:05:43 GMT
- request:
    method: get
    uri: https://api.cloudcontrol.com/app/paasal-test-app-min-updated
    body:
      encoding: US-ASCII
      string: ''
    headers:
      User-Agent:
      - excon/0.45.1
      Authorization:
      - __AUTHORIZATION__
      Content-Type:
      - application/json
      Accept-Encoding:
      - gzip
  response:
    status:
      code: 410
      message: 
    headers:
      Accept-Ranges:
      - bytes
      Access-Control-Allow-Headers:
      - X-Requested-With, Authorization, Content-Type, Content-Length, Accept
      Access-Control-Allow-Methods:
      - POST, GET, PUT, DELETE
      Access-Control-Allow-Origin:
      - "*"
      Age:
      - '0'
      Allow:
      - GET, POST, DELETE, HEAD, OPTIONS
      Content-Type:
      - application/json
      Date:
      - Thu, 02 Apr 2015 17:05:43 GMT
      Server:
      - gunicorn/19.2.1
      Strict-Transport-Security:
      - max-age=15768000
      Vary:
      - Accept, Cookie
      Via:
      - 1.1 varnish
      x-host:
      - api.cloudcontrol.com
      x-url:
      - "/app/paasal-test-app-min-updated"
      X-Varnish:
      - '2370159233'
      X-varnish-cache:
      - MISS
      Content-Length:
      - '4'
      Connection:
      - keep-alive
    body:
      encoding: UTF-8
      string: Gone
    http_version: 
  recorded_at: Thu, 02 Apr 2015 17:05:43 GMT
- request:
    method: get
    uri: https://api.cloudcontrol.com/app/paasal-test-app-min-updated
    body:
      encoding: US-ASCII
      string: ''
    headers:
      User-Agent:
      - excon/0.45.1
      Authorization:
      - __AUTHORIZATION__
      Content-Type:
      - application/json
      Accept-Encoding:
      - gzip
  response:
    status:
      code: 410
      message: 
    headers:
      Accept-Ranges:
      - bytes
      Access-Control-Allow-Headers:
      - X-Requested-With, Authorization, Content-Type, Content-Length, Accept
      Access-Control-Allow-Methods:
      - POST, GET, PUT, DELETE
      Access-Control-Allow-Origin:
      - "*"
      Age:
      - '0'
      Allow:
      - GET, POST, DELETE, HEAD, OPTIONS
      Content-Type:
      - application/json
      Date:
      - Thu, 02 Apr 2015 17:05:43 GMT
      Server:
      - gunicorn/19.2.1
      Strict-Transport-Security:
      - max-age=15768000
      Vary:
      - Accept, Cookie
      Via:
      - 1.1 varnish
      x-host:
      - api.cloudcontrol.com
      x-url:
      - "/app/paasal-test-app-min-updated"
      X-Varnish:
      - '1124367599'
      X-varnish-cache:
      - MISS
      Content-Length:
      - '4'
      Connection:
      - keep-alive
    body:
      encoding: UTF-8
      string: Gone
    http_version: 
  recorded_at: Thu, 02 Apr 2015 17:05:43 GMT
- request:
    method: get
    uri: https://api.cloudcontrol.com/app/paasal-test-app-min-updated
    body:
      encoding: US-ASCII
      string: ''
    headers:
      User-Agent:
      - excon/0.45.1
      Authorization:
      - __AUTHORIZATION__
      Content-Type:
      - application/json
      Accept-Encoding:
      - gzip
  response:
    status:
      code: 410
      message: 
    headers:
      Accept-Ranges:
      - bytes
      Access-Control-Allow-Headers:
      - X-Requested-With, Authorization, Content-Type, Content-Length, Accept
      Access-Control-Allow-Methods:
      - POST, GET, PUT, DELETE
      Access-Control-Allow-Origin:
      - "*"
      Age:
      - '0'
      Allow:
      - GET, POST, DELETE, HEAD, OPTIONS
      Content-Type:
      - application/json
      Date:
      - Thu, 02 Apr 2015 17:05:44 GMT
      Server:
      - gunicorn/19.2.1
      Strict-Transport-Security:
      - max-age=15768000
      Vary:
      - Accept, Cookie
      Via:
      - 1.1 varnish
      x-host:
      - api.cloudcontrol.com
      x-url:
      - "/app/paasal-test-app-min-updated"
      X-Varnish:
      - '1036795441'
      X-varnish-cache:
      - MISS
      Content-Length:
      - '4'
      Connection:
      - keep-alive
    body:
      encoding: UTF-8
      string: Gone
    http_version: 
  recorded_at: Thu, 02 Apr 2015 17:05:44 GMT
- request:
    method: get
    uri: https://api.cloudcontrol.com/app/paasal-test-app-min-updated
    body:
      encoding: US-ASCII
      string: ''
    headers:
      User-Agent:
      - excon/0.45.1
      Authorization:
      - __AUTHORIZATION__
      Content-Type:
      - application/json
      Accept-Encoding:
      - gzip
  response:
    status:
      code: 410
      message: 
    headers:
      Accept-Ranges:
      - bytes
      Access-Control-Allow-Headers:
      - X-Requested-With, Authorization, Content-Type, Content-Length, Accept
      Access-Control-Allow-Methods:
      - POST, GET, PUT, DELETE
      Access-Control-Allow-Origin:
      - "*"
      Age:
      - '0'
      Allow:
      - GET, POST, DELETE, HEAD, OPTIONS
      Content-Type:
      - application/json
      Date:
      - Thu, 02 Apr 2015 17:05:44 GMT
      Server:
      - gunicorn/19.2.1
      Strict-Transport-Security:
      - max-age=15768000
      Vary:
      - Accept, Cookie
      Via:
      - 1.1 varnish
      x-host:
      - api.cloudcontrol.com
      x-url:
      - "/app/paasal-test-app-min-updated"
      X-Varnish:
      - '1056409455'
      X-varnish-cache:
      - MISS
      Content-Length:
      - '4'
      Connection:
      - keep-alive
    body:
      encoding: UTF-8
      string: Gone
    http_version: 
  recorded_at: Thu, 02 Apr 2015 17:05:44 GMT
- request:
    method: get
    uri: https://api.cloudcontrol.com/app/paasal-test-app-min-updated
    body:
      encoding: US-ASCII
      string: ''
    headers:
      User-Agent:
      - excon/0.45.1
      Authorization:
      - __AUTHORIZATION__
      Content-Type:
      - application/json
      Accept-Encoding:
      - gzip
  response:
    status:
      code: 410
      message: 
    headers:
      Accept-Ranges:
      - bytes
      Access-Control-Allow-Headers:
      - X-Requested-With, Authorization, Content-Type, Content-Length, Accept
      Access-Control-Allow-Methods:
      - POST, GET, PUT, DELETE
      Access-Control-Allow-Origin:
      - "*"
      Age:
      - '0'
      Allow:
      - GET, POST, DELETE, HEAD, OPTIONS
      Content-Type:
      - application/json
      Date:
      - Thu, 02 Apr 2015 17:05:44 GMT
      Server:
      - gunicorn/19.2.1
      Strict-Transport-Security:
      - max-age=15768000
      Vary:
      - Accept, Cookie
      Via:
      - 1.1 varnish
      x-host:
      - api.cloudcontrol.com
      x-url:
      - "/app/paasal-test-app-min-updated"
      X-Varnish:
      - '1124367654'
      X-varnish-cache:
      - MISS
      Content-Length:
      - '4'
      Connection:
      - keep-alive
    body:
      encoding: UTF-8
      string: Gone
    http_version: 
  recorded_at: Thu, 02 Apr 2015 17:05:44 GMT
- request:
    method: get
    uri: https://api.cloudcontrol.com/app/paasal-test-app-min-updated
    body:
      encoding: US-ASCII
      string: ''
    headers:
      User-Agent:
      - excon/0.45.1
      Authorization:
      - __AUTHORIZATION__
      Content-Type:
      - application/json
      Accept-Encoding:
      - gzip
  response:
    status:
      code: 410
      message: 
    headers:
      Accept-Ranges:
      - bytes
      Access-Control-Allow-Headers:
      - X-Requested-With, Authorization, Content-Type, Content-Length, Accept
      Access-Control-Allow-Methods:
      - POST, GET, PUT, DELETE
      Access-Control-Allow-Origin:
      - "*"
      Age:
      - '0'
      Allow:
      - GET, POST, DELETE, HEAD, OPTIONS
      Content-Type:
      - application/json
      Date:
      - Thu, 02 Apr 2015 17:05:45 GMT
      Server:
      - gunicorn/19.2.1
      Strict-Transport-Security:
      - max-age=15768000
      Vary:
      - Accept, Cookie
      Via:
      - 1.1 varnish
      x-host:
      - api.cloudcontrol.com
      x-url:
      - "/app/paasal-test-app-min-updated"
      X-Varnish:
      - '1056409493'
      X-varnish-cache:
      - MISS
      Content-Length:
      - '4'
      Connection:
      - keep-alive
    body:
      encoding: UTF-8
      string: Gone
    http_version: 
  recorded_at: Thu, 02 Apr 2015 17:05:45 GMT
- request:
    method: get
    uri: https://api.cloudcontrol.com/app/paasal-test-app-min-updated
    body:
      encoding: US-ASCII
      string: ''
    headers:
      User-Agent:
      - excon/0.45.1
      Authorization:
      - __AUTHORIZATION__
      Content-Type:
      - application/json
      Accept-Encoding:
      - gzip
  response:
    status:
      code: 410
      message: 
    headers:
      Accept-Ranges:
      - bytes
      Access-Control-Allow-Headers:
      - X-Requested-With, Authorization, Content-Type, Content-Length, Accept
      Access-Control-Allow-Methods:
      - POST, GET, PUT, DELETE
      Access-Control-Allow-Origin:
      - "*"
      Age:
      - '0'
      Allow:
      - GET, POST, DELETE, HEAD, OPTIONS
      Content-Type:
      - application/json
      Date:
      - Thu, 02 Apr 2015 17:05:45 GMT
      Server:
      - gunicorn/19.2.1
      Strict-Transport-Security:
      - max-age=15768000
      Vary:
      - Accept, Cookie
      Via:
      - 1.1 varnish
      x-host:
      - api.cloudcontrol.com
      x-url:
      - "/app/paasal-test-app-min-updated"
      X-Varnish:
      - '1124367705'
      X-varnish-cache:
      - MISS
      Content-Length:
      - '4'
      Connection:
      - keep-alive
    body:
      encoding: UTF-8
      string: Gone
    http_version: 
  recorded_at: Thu, 02 Apr 2015 17:05:45 GMT
- request:
    method: get
    uri: https://api.cloudcontrol.com/app/paasal-test-app-min-updated
    body:
      encoding: US-ASCII
      string: ''
    headers:
      User-Agent:
      - excon/0.45.1
      Authorization:
      - __AUTHORIZATION__
      Content-Type:
      - application/json
      Accept-Encoding:
      - gzip
  response:
    status:
      code: 410
      message: 
    headers:
      Accept-Ranges:
      - bytes
      Access-Control-Allow-Headers:
      - X-Requested-With, Authorization, Content-Type, Content-Length, Accept
      Access-Control-Allow-Methods:
      - POST, GET, PUT, DELETE
      Access-Control-Allow-Origin:
      - "*"
      Age:
      - '0'
      Allow:
      - GET, POST, DELETE, HEAD, OPTIONS
      Content-Type:
      - application/json
      Date:
      - Thu, 02 Apr 2015 17:05:45 GMT
      Server:
      - gunicorn/19.2.1
      Strict-Transport-Security:
      - max-age=15768000
      Vary:
      - Accept, Cookie
      Via:
      - 1.1 varnish
      x-host:
      - api.cloudcontrol.com
      x-url:
      - "/app/paasal-test-app-min-updated"
      X-Varnish:
      - '2370159342'
      X-varnish-cache:
      - MISS
      Content-Length:
      - '4'
      Connection:
      - keep-alive
    body:
      encoding: UTF-8
      string: Gone
    http_version: 
  recorded_at: Thu, 02 Apr 2015 17:05:45 GMT
- request:
    method: get
    uri: https://api.cloudcontrol.com/app/paasal-test-app-min-updated
    body:
      encoding: US-ASCII
      string: ''
    headers:
      User-Agent:
      - excon/0.45.1
      Authorization:
      - __AUTHORIZATION__
      Content-Type:
      - application/json
      Accept-Encoding:
      - gzip
  response:
    status:
      code: 410
      message: 
    headers:
      Accept-Ranges:
      - bytes
      Access-Control-Allow-Headers:
      - X-Requested-With, Authorization, Content-Type, Content-Length, Accept
      Access-Control-Allow-Methods:
      - POST, GET, PUT, DELETE
      Access-Control-Allow-Origin:
      - "*"
      Age:
      - '0'
      Allow:
      - GET, POST, DELETE, HEAD, OPTIONS
      Content-Type:
      - application/json
      Date:
      - Thu, 02 Apr 2015 17:05:46 GMT
      Server:
      - gunicorn/19.2.1
      Strict-Transport-Security:
      - max-age=15768000
      Vary:
      - Accept, Cookie
      Via:
      - 1.1 varnish
      x-host:
      - api.cloudcontrol.com
      x-url:
      - "/app/paasal-test-app-min-updated"
      X-Varnish:
      - '1036795527'
      X-varnish-cache:
      - MISS
      Content-Length:
      - '4'
      Connection:
      - keep-alive
    body:
      encoding: UTF-8
      string: Gone
    http_version: 
  recorded_at: Thu, 02 Apr 2015 17:05:46 GMT
- request:
    method: get
    uri: https://api.cloudcontrol.com/app/paasal-test-app-min-updated
    body:
      encoding: US-ASCII
      string: ''
    headers:
      User-Agent:
      - excon/0.45.1
      Authorization:
      - __AUTHORIZATION__
      Content-Type:
      - application/json
      Accept-Encoding:
      - gzip
  response:
    status:
      code: 410
      message: 
    headers:
      Accept-Ranges:
      - bytes
      Access-Control-Allow-Headers:
      - X-Requested-With, Authorization, Content-Type, Content-Length, Accept
      Access-Control-Allow-Methods:
      - POST, GET, PUT, DELETE
      Access-Control-Allow-Origin:
      - "*"
      Age:
      - '0'
      Allow:
      - GET, POST, DELETE, HEAD, OPTIONS
      Content-Type:
      - application/json
      Date:
      - Thu, 02 Apr 2015 17:05:46 GMT
      Server:
      - gunicorn/19.2.1
      Strict-Transport-Security:
      - max-age=15768000
      Vary:
      - Accept, Cookie
      Via:
      - 1.1 varnish
      x-host:
      - api.cloudcontrol.com
      x-url:
      - "/app/paasal-test-app-min-updated"
      X-Varnish:
      - '1056409599'
      X-varnish-cache:
      - MISS
      Content-Length:
      - '4'
      Connection:
      - keep-alive
    body:
      encoding: UTF-8
      string: Gone
    http_version: 
  recorded_at: Thu, 02 Apr 2015 17:05:46 GMT
- request:
    method: get
    uri: https://api.cloudcontrol.com/app/paasal-test-app-min-updated
    body:
      encoding: US-ASCII
      string: ''
    headers:
      User-Agent:
      - excon/0.45.1
      Authorization:
      - __AUTHORIZATION__
      Content-Type:
      - application/json
      Accept-Encoding:
      - gzip
  response:
    status:
      code: 410
      message: 
    headers:
      Accept-Ranges:
      - bytes
      Access-Control-Allow-Headers:
      - X-Requested-With, Authorization, Content-Type, Content-Length, Accept
      Access-Control-Allow-Methods:
      - POST, GET, PUT, DELETE
      Access-Control-Allow-Origin:
      - "*"
      Age:
      - '0'
      Allow:
      - GET, POST, DELETE, HEAD, OPTIONS
      Content-Type:
      - application/json
      Date:
      - Thu, 02 Apr 2015 17:05:46 GMT
      Server:
      - gunicorn/19.2.1
      Strict-Transport-Security:
      - max-age=15768000
      Vary:
      - Accept, Cookie
      Via:
      - 1.1 varnish
      x-host:
      - api.cloudcontrol.com
      x-url:
      - "/app/paasal-test-app-min-updated"
      X-Varnish:
      - '1124367798'
      X-varnish-cache:
      - MISS
      Content-Length:
      - '4'
      Connection:
      - keep-alive
    body:
      encoding: UTF-8
      string: Gone
    http_version: 
  recorded_at: Thu, 02 Apr 2015 17:05:46 GMT
- request:
    method: get
    uri: https://api.cloudcontrol.com/app/paasal-test-app-min-updated
    body:
      encoding: US-ASCII
      string: ''
    headers:
      User-Agent:
      - excon/0.45.1
      Authorization:
      - __AUTHORIZATION__
      Content-Type:
      - application/json
      Accept-Encoding:
      - gzip
  response:
    status:
      code: 410
      message: 
    headers:
      Accept-Ranges:
      - bytes
      Access-Control-Allow-Headers:
      - X-Requested-With, Authorization, Content-Type, Content-Length, Accept
      Access-Control-Allow-Methods:
      - POST, GET, PUT, DELETE
      Access-Control-Allow-Origin:
      - "*"
      Age:
      - '0'
      Allow:
      - GET, POST, DELETE, HEAD, OPTIONS
      Content-Type:
      - application/json
      Date:
      - Thu, 02 Apr 2015 17:05:47 GMT
      Server:
      - gunicorn/19.2.1
      Strict-Transport-Security:
      - max-age=15768000
      Vary:
      - Accept, Cookie
      Via:
      - 1.1 varnish
      x-host:
      - api.cloudcontrol.com
      x-url:
      - "/app/paasal-test-app-min-updated"
      X-Varnish:
      - '2370159416'
      X-varnish-cache:
      - MISS
      Content-Length:
      - '4'
      Connection:
      - keep-alive
    body:
      encoding: UTF-8
      string: Gone
    http_version: 
  recorded_at: Thu, 02 Apr 2015 17:05:47 GMT
recorded_with: VCR 2.9.3
