---
http_interactions:
- request:
    method: post
    uri: https://api.heroku.com/login?username=__heroku:user__&password=__heroku:password__
    body:
      encoding: US-ASCII
      string: ''
    headers:
      User-Agent:
      - excon/0.45.1
  response:
    status:
      code: 200
      message: 
    headers:
      Content-Type:
      - application/json
      Date:
      - Thu, 02 Apr 2015 13:41:13 GMT
      Request-Id:
      - cbe3c9f2-d291-4583-a64f-5b88d245bd9e
      Server:
      - nginx/1.4.6 (Ubuntu)
      Status:
      - 200 OK
      Vary:
      - Accept-Encoding
      X-Content-Type-Options:
      - nosniff
      X-Runtime:
      - '0.120620126'
      Content-Length:
      - '378'
      Connection:
      - keep-alive
    body:
      encoding: UTF-8
      string: '{"allow_tracking":true,"api_key":"__API_KEY__","beta":null,"confirmed":true,"confirmed_at":"2014/11/18
        01:37:21 -0800","created_at":"2014/11/18 01:37:21 -0800","id":"__USER_ID__@users.heroku.com","email":"__heroku:user__","last_login":"2014/11/25
        00:52:59 -0800","name":" ","updated_at":"2015/04/02 06:39:42 -0700","verified":false,"verified_at":null}'
    http_version: 
  recorded_at: Thu, 02 Apr 2015 13:41:13 GMT
- request:
    method: get
    uri: https://api.heroku.com/apps/paasal-test-app-min-updated
    body:
      encoding: US-ASCII
      string: ''
    headers:
      User-Agent:
      - excon/0.45.1
      Authorization:
      - __AUTHORIZATION__
      Accept:
      - application/vnd.heroku+json; version=3
      Content-Type:
      - application/json
      Accept-Encoding:
      - gzip
  response:
    status:
      code: 200
      message: 
    headers:
      Content-Encoding:
      - ''
      Content-Type:
      - application/json
      Date:
      - Thu, 02 Apr 2015 13:41:14 GMT
      ETag:
      - '"b5f34083884c5524c732b441e91548a3"'
      Last-Modified:
      - Thu, 02 Apr 2015 13:39:46 GMT
      Oauth-Scope:
      - global
      Oauth-Scope-Accepted:
      - global read read-protected write write-protected
      RateLimit-Remaining:
      - '2274'
      Request-Id:
      - 4a64ee65-9834-4fbb-a55f-837baad3af71
      Server:
      - nginx/1.4.6 (Ubuntu)
      Status:
      - 200 OK
      Vary:
      - Accept-Encoding
      X-Content-Type-Options:
      - nosniff
      X-Runtime:
      - '0.047560456'
      Content-Length:
      - '410'
      Connection:
      - keep-alive
    body:
      encoding: UTF-8
      string: '{"archived_at":null,"buildpack_provided_description":"Node.js","build_stack":{"id":"f9f9cbd7-2970-41ef-8db5-3df7123b041f","name":"cedar-14"},"created_at":"2015-04-02T13:34:54Z","id":"cba033bc-7ca1-4e30-a1ca-4921fd3c59e1","git_url":"git@heroku.com:paasal-test-app-min-updated.git","maintenance":false,"name":"paasal-test-app-min-updated","owner":{"email":"__heroku:user__","id":"__heroku:id__"},"region":{"id":"59accabd-516d-4f0e-83e6-6e3757701145","name":"us"},"released_at":"2015-04-02T13:39:42Z","repo_size":2703856,"slug_size":12381427,"stack":{"id":"f9f9cbd7-2970-41ef-8db5-3df7123b041f","name":"cedar-14"},"updated_at":"2015-04-02T13:39:46Z","web_url":"https://paasal-test-app-min-updated.herokuapp.com/"}'
    http_version: 
  recorded_at: Thu, 02 Apr 2015 13:41:14 GMT
- request:
    method: get
    uri: https://api.heroku.com/apps/cba033bc-7ca1-4e30-a1ca-4921fd3c59e1/dynos
    body:
      encoding: US-ASCII
      string: ''
    headers:
      User-Agent:
      - excon/0.45.1
      Authorization:
      - __AUTHORIZATION__
      Accept:
      - application/vnd.heroku+json; version=3
      Content-Type:
      - application/json
      Accept-Encoding:
      - gzip
  response:
    status:
      code: 200
      message: 
    headers:
      Content-Encoding:
      - ''
      Content-Type:
      - application/json
      Date:
      - Thu, 02 Apr 2015 13:41:15 GMT
      ETag:
      - '"ec5c5ae13434766108b9afb9a42e6364"'
      Oauth-Scope:
      - global
      Oauth-Scope-Accepted:
      - global read read-protected write write-protected
      RateLimit-Remaining:
      - '2273'
      Request-Id:
      - d4a04b6a-6582-4fd2-a684-cfc26e15ed11
      Server:
      - nginx/1.4.6 (Ubuntu)
      Status:
      - 200 OK
      Vary:
      - Accept-Encoding
      X-Content-Type-Options:
      - nosniff
      X-Runtime:
      - '0.122147378'
      Content-Length:
      - '28'
      Connection:
      - keep-alive
    body:
      encoding: UTF-8
      string: "[]"
    http_version: 
  recorded_at: Thu, 02 Apr 2015 13:41:15 GMT
- request:
    method: get
    uri: https://api.heroku.com/apps/cba033bc-7ca1-4e30-a1ca-4921fd3c59e1/formation
    body:
      encoding: US-ASCII
      string: ''
    headers:
      User-Agent:
      - excon/0.45.1
      Authorization:
      - __AUTHORIZATION__
      Accept:
      - application/vnd.heroku+json; version=3
      Content-Type:
      - application/json
      Accept-Encoding:
      - gzip
  response:
    status:
      code: 200
      message: 
    headers:
      Content-Encoding:
      - ''
      Content-Type:
      - application/json
      Date:
      - Thu, 02 Apr 2015 13:41:15 GMT
      ETag:
      - '"b5f34083884c5524c732b441e91548a3"'
      Last-Modified:
      - Thu, 02 Apr 2015 13:39:46 GMT
      Oauth-Scope:
      - global
      Oauth-Scope-Accepted:
      - global read read-protected write write-protected
      RateLimit-Remaining:
      - '2272'
      Request-Id:
      - 071dbfac-e8dd-4999-ab62-016418cec7c4
      Server:
      - nginx/1.4.6 (Ubuntu)
      Status:
      - 200 OK
      Vary:
      - Accept-Encoding
      X-Content-Type-Options:
      - nosniff
      X-Runtime:
      - '0.053493769'
      Content-Length:
      - '163'
      Connection:
      - keep-alive
    body:
      encoding: UTF-8
      string: '[{"command":"node server.js","created_at":"2015-04-02T13:39:42Z","id":"ca6212c1-981e-4c37-a073-15e324332d98","type":"web","quantity":0,"size":"1X","updated_at":"2015-04-02T13:39:44Z"}]'
    http_version: 
  recorded_at: Thu, 02 Apr 2015 13:41:15 GMT
- request:
    method: get
    uri: https://api.heroku.com/apps/cba033bc-7ca1-4e30-a1ca-4921fd3c59e1/buildpack-installations
    body:
      encoding: US-ASCII
      string: ''
    headers:
      User-Agent:
      - excon/0.45.1
      Authorization:
      - __AUTHORIZATION__
      Accept:
      - application/vnd.heroku+json; version=3
      Content-Type:
      - application/json
      Accept-Encoding:
      - gzip
  response:
    status:
      code: 200
      message: 
    headers:
      Accept-Ranges:
      - id, ordinal
      Content-Encoding:
      - ''
      Content-Range:
      - ordinal 0..0
      Content-Type:
      - application/json
      Date:
      - Thu, 02 Apr 2015 13:41:16 GMT
      ETag:
      - '"87d7b85882f94ae872184eafce30ccd8"'
      Oauth-Scope:
      - global
      Oauth-Scope-Accepted:
      - global read read-protected write write-protected
      RateLimit-Remaining:
      - '2271'
      Request-Id:
      - 52d8f8ff-ed83-4ffa-a4ec-fa3af5052f8b
      Server:
      - nginx/1.4.6 (Ubuntu)
      Status:
      - 200 OK
      Vary:
      - Accept-Encoding
      X-Content-Type-Options:
      - nosniff
      X-Runtime:
      - '0.023707767'
      Content-Length:
      - '100'
      Connection:
      - keep-alive
    body:
      encoding: UTF-8
      string: '[{"buildpack":{"url":"https://github.com/heroku/heroku-buildpack-nodejs"},"ordinal":0}]'
    http_version: 
  recorded_at: Thu, 02 Apr 2015 13:41:16 GMT
- request:
    method: get
    uri: https://api.heroku.com/apps/cba033bc-7ca1-4e30-a1ca-4921fd3c59e1/releases
    body:
      encoding: US-ASCII
      string: ''
    headers:
      User-Agent:
      - excon/0.45.1
      Authorization:
      - __AUTHORIZATION__
      Accept:
      - application/vnd.heroku+json; version=3
      Content-Type:
      - application/json
      Accept-Encoding:
      - gzip
  response:
    status:
      code: 200
      message: 
    headers:
      Accept-Ranges:
      - id, version
      Content-Encoding:
      - ''
      Content-Range:
      - version 1..4
      Content-Type:
      - application/json
      Date:
      - Thu, 02 Apr 2015 13:41:17 GMT
      ETag:
      - '"5ba3a57111dce263b665db6a33c161db"'
      Last-Modified:
      - Thu, 02 Apr 2015 06:39:42 GMT
      Oauth-Scope:
      - global
      Oauth-Scope-Accepted:
      - global read-protected write-protected
      RateLimit-Remaining:
      - '2270'
      Request-Id:
      - 994fee0d-9927-4f59-9612-606da03375d8
      Server:
      - nginx/1.4.6 (Ubuntu)
      Status:
      - 200 OK
      Vary:
      - Accept-Encoding
      X-Content-Type-Options:
      - nosniff
      X-Runtime:
      - '0.042768874'
      Content-Length:
      - '465'
      Connection:
      - keep-alive
    body:
      encoding: UTF-8
      string: '[{"app":{"id":"cba033bc-7ca1-4e30-a1ca-4921fd3c59e1","name":"paasal-test-app-min-updated"},"created_at":"2015-04-02T13:34:54Z","description":"Initial
        release","id":"f43168b8-207f-4aeb-bfe6-8baee2f8b718","slug":null,"updated_at":"2015-04-02T13:34:54Z","user":{"email":"__heroku:user__","id":"__heroku:id__"},"version":1},{"app":{"id":"cba033bc-7ca1-4e30-a1ca-4921fd3c59e1","name":"paasal-test-app-min-updated"},"created_at":"2015-04-02T13:34:55Z","description":"Enable
        Logplex","id":"cea7c428-a221-4a1a-b783-f822cebf2b28","slug":null,"updated_at":"2015-04-02T13:34:55Z","user":{"email":"__heroku:user__","id":"__heroku:id__"},"version":2},{"app":{"id":"cba033bc-7ca1-4e30-a1ca-4921fd3c59e1","name":"paasal-test-app-min-updated"},"created_at":"2015-04-02T13:36:33Z","description":"Set
        our_test_var_key config vars","id":"c210fb8e-2178-4cad-ab8d-e2a25fa56dc8","slug":null,"updated_at":"2015-04-02T13:36:33Z","user":{"email":"__heroku:user__","id":"__heroku:id__"},"version":3},{"app":{"id":"cba033bc-7ca1-4e30-a1ca-4921fd3c59e1","name":"paasal-test-app-min-updated"},"created_at":"2015-04-02T13:39:42Z","description":"Deploy
        00e728b","id":"a47f2da1-237f-483d-92f1-ef1683b26cd6","slug":{"id":"61586d23-5a7d-4b5d-a5f1-e04e4961db72"},"updated_at":"2015-04-02T13:39:42Z","user":{"email":"__heroku:user__","id":"__heroku:id__"},"version":4}]'
    http_version: 
  recorded_at: Thu, 02 Apr 2015 13:41:17 GMT
- request:
    method: patch
    uri: https://api.heroku.com/apps/paasal-test-app-min-updated/formation
    body:
      encoding: UTF-8
      string: '{"updates":[{"process":"web","quantity":1}]}'
    headers:
      User-Agent:
      - excon/0.45.1
      Authorization:
      - __AUTHORIZATION__
      Accept:
      - application/vnd.heroku+json; version=3
      Content-Type:
      - application/json
      Accept-Encoding:
      - gzip
  response:
    status:
      code: 200
      message: 
    headers:
      Content-Encoding:
      - ''
      Content-Type:
      - application/json
      Date:
      - Thu, 02 Apr 2015 13:41:18 GMT
      Oauth-Scope:
      - global
      Oauth-Scope-Accepted:
      - global write write-protected
      RateLimit-Remaining:
      - '2269'
      Request-Id:
      - 273534c1-15ee-4923-9853-ba72df132408
      Server:
      - nginx/1.4.6 (Ubuntu)
      Status:
      - 200 OK
      Vary:
      - Accept-Encoding
      X-Content-Type-Options:
      - nosniff
      X-Runtime:
      - '0.059165322'
      Content-Length:
      - '165'
      Connection:
      - keep-alive
    body:
      encoding: UTF-8
      string: '[{"command":"node server.js","created_at":"2015-04-02T13:39:42Z","id":"ca6212c1-981e-4c37-a073-15e324332d98","type":"web","quantity":1,"size":"1X","updated_at":"2015-04-02T13:41:18Z"}]'
    http_version: 
  recorded_at: Thu, 02 Apr 2015 13:41:18 GMT
- request:
    method: patch
    uri: https://api.heroku.com/apps/paasal-test-app-min-updated/formation
    body:
      encoding: UTF-8
      string: '{"updates":[{"process":"worker","quantity":1}]}'
    headers:
      User-Agent:
      - excon/0.45.1
      Authorization:
      - __AUTHORIZATION__
      Accept:
      - application/vnd.heroku+json; version=3
      Content-Type:
      - application/json
      Accept-Encoding:
      - gzip
  response:
    status:
      code: 404
      message: 
    headers:
      Content-Encoding:
      - ''
      Content-Type:
      - application/json
      Date:
      - Thu, 02 Apr 2015 13:41:18 GMT
      Oauth-Scope:
      - global
      Oauth-Scope-Accepted:
      - global write write-protected
      RateLimit-Remaining:
      - '2268'
      Request-Id:
      - 60606232-9ae0-4ec0-b65b-2b77c788b8aa
      Server:
      - nginx/1.4.6 (Ubuntu)
      Status:
      - 404 Not Found
      Vary:
      - Accept-Encoding
      X-Content-Type-Options:
      - nosniff
      X-Runtime:
      - '0.028986818'
      Content-Length:
      - '114'
      Connection:
      - keep-alive
    body:
      encoding: UTF-8
      string: '{"resource":"dyno_type","id":"not_found","message":"No such process
        type worker defined in Procfile."}'
    http_version: 
  recorded_at: Thu, 02 Apr 2015 13:41:18 GMT
- request:
    method: patch
    uri: https://api.heroku.com/apps/paasal-test-app-min-updated
    body:
      encoding: UTF-8
      string: '{"maintenance":false}'
    headers:
      User-Agent:
      - excon/0.45.1
      Authorization:
      - __AUTHORIZATION__
      Accept:
      - application/vnd.heroku+json; version=3
      Content-Type:
      - application/json
      Accept-Encoding:
      - gzip
  response:
    status:
      code: 200
      message: 
    headers:
      Content-Encoding:
      - ''
      Content-Type:
      - application/json
      Date:
      - Thu, 02 Apr 2015 13:41:19 GMT
      ETag:
      - '"67d3738ff45b29483178306339cab10b"'
      Last-Modified:
      - Thu, 02 Apr 2015 13:41:18 GMT
      Oauth-Scope:
      - global
      Oauth-Scope-Accepted:
      - global write write-protected
      RateLimit-Remaining:
      - '2267'
      Request-Id:
      - ffa38f47-b625-4904-9cd9-1d1568431b3b
      Server:
      - nginx/1.4.6 (Ubuntu)
      Status:
      - 200 OK
      Vary:
      - Accept-Encoding
      X-Content-Type-Options:
      - nosniff
      X-Runtime:
      - '0.081765977'
      Content-Length:
      - '414'
      Connection:
      - keep-alive
    body:
      encoding: UTF-8
      string: '{"archived_at":null,"buildpack_provided_description":"Node.js","build_stack":{"id":"f9f9cbd7-2970-41ef-8db5-3df7123b041f","name":"cedar-14"},"created_at":"2015-04-02T13:34:54Z","id":"cba033bc-7ca1-4e30-a1ca-4921fd3c59e1","git_url":"git@heroku.com:paasal-test-app-min-updated.git","maintenance":false,"name":"paasal-test-app-min-updated","owner":{"email":"__heroku:user__","id":"__heroku:id__"},"region":{"id":"59accabd-516d-4f0e-83e6-6e3757701145","name":"us"},"released_at":"2015-04-02T13:39:42Z","repo_size":2703856,"slug_size":12381427,"stack":{"id":"f9f9cbd7-2970-41ef-8db5-3df7123b041f","name":"cedar-14"},"updated_at":"2015-04-02T13:41:18Z","web_url":"https://paasal-test-app-min-updated.herokuapp.com/"}'
    http_version: 
  recorded_at: Thu, 02 Apr 2015 13:41:19 GMT
- request:
    method: get
    uri: https://api.heroku.com/apps/cba033bc-7ca1-4e30-a1ca-4921fd3c59e1/dynos
    body:
      encoding: US-ASCII
      string: ''
    headers:
      User-Agent:
      - excon/0.45.1
      Authorization:
      - __AUTHORIZATION__
      Accept:
      - application/vnd.heroku+json; version=3
      Content-Type:
      - application/json
      Accept-Encoding:
      - gzip
  response:
    status:
      code: 200
      message: 
    headers:
      Content-Encoding:
      - ''
      Content-Type:
      - application/json
      Date:
      - Thu, 02 Apr 2015 13:41:20 GMT
      ETag:
      - '"0e5f893c45e5dc6bad513e5f65fb1e13"'
      Last-Modified:
      - Thu, 02 Apr 2015 13:41:18 GMT
      Oauth-Scope:
      - global
      Oauth-Scope-Accepted:
      - global read read-protected write write-protected
      RateLimit-Remaining:
      - '2266'
      Request-Id:
      - 610999f9-2364-4c6d-9fbb-39d3002d0839
      Server:
      - nginx/1.4.6 (Ubuntu)
      Status:
      - 200 OK
      Vary:
      - Accept-Encoding
      X-Content-Type-Options:
      - nosniff
      X-Runtime:
      - '0.087838808'
      Content-Length:
      - '227'
      Connection:
      - keep-alive
    body:
      encoding: UTF-8
      string: '[{"attach_url":null,"command":"node server.js","created_at":"2015-04-02T13:41:18Z","id":"9194e6ca-d1e4-4969-8a5a-f4bfbe6b03f0","name":"web.1","release":{"id":"a47f2da1-237f-483d-92f1-ef1683b26cd6","version":4},"size":"1X","state":"starting","type":"web","updated_at":"2015-04-02T13:41:18Z"}]'
    http_version: 
  recorded_at: Thu, 02 Apr 2015 13:41:20 GMT
- request:
    method: get
    uri: https://api.heroku.com/apps/cba033bc-7ca1-4e30-a1ca-4921fd3c59e1/formation
    body:
      encoding: US-ASCII
      string: ''
    headers:
      User-Agent:
      - excon/0.45.1
      Authorization:
      - __AUTHORIZATION__
      Accept:
      - application/vnd.heroku+json; version=3
      Content-Type:
      - application/json
      Accept-Encoding:
      - gzip
  response:
    status:
      code: 200
      message: 
    headers:
      Content-Encoding:
      - ''
      Content-Type:
      - application/json
      Date:
      - Thu, 02 Apr 2015 13:41:21 GMT
      ETag:
      - '"67d3738ff45b29483178306339cab10b"'
      Last-Modified:
      - Thu, 02 Apr 2015 13:41:18 GMT
      Oauth-Scope:
      - global
      Oauth-Scope-Accepted:
      - global read read-protected write write-protected
      RateLimit-Remaining:
      - '2265'
      Request-Id:
      - 3aa0f2a1-617c-425d-a664-439df40b09b1
      Server:
      - nginx/1.4.6 (Ubuntu)
      Status:
      - 200 OK
      Vary:
      - Accept-Encoding
      X-Content-Type-Options:
      - nosniff
      X-Runtime:
      - '0.050190197'
      Content-Length:
      - '165'
      Connection:
      - keep-alive
    body:
      encoding: UTF-8
      string: '[{"command":"node server.js","created_at":"2015-04-02T13:39:42Z","id":"ca6212c1-981e-4c37-a073-15e324332d98","type":"web","quantity":1,"size":"1X","updated_at":"2015-04-02T13:41:18Z"}]'
    http_version: 
  recorded_at: Thu, 02 Apr 2015 13:41:21 GMT
- request:
    method: get
    uri: https://api.heroku.com/apps/cba033bc-7ca1-4e30-a1ca-4921fd3c59e1/buildpack-installations
    body:
      encoding: US-ASCII
      string: ''
    headers:
      User-Agent:
      - excon/0.45.1
      Authorization:
      - __AUTHORIZATION__
      Accept:
      - application/vnd.heroku+json; version=3
      Content-Type:
      - application/json
      Accept-Encoding:
      - gzip
  response:
    status:
      code: 200
      message: 
    headers:
      Accept-Ranges:
      - id, ordinal
      Content-Encoding:
      - ''
      Content-Range:
      - ordinal 0..0
      Content-Type:
      - application/json
      Date:
      - Thu, 02 Apr 2015 13:41:21 GMT
      ETag:
      - '"87d7b85882f94ae872184eafce30ccd8"'
      Oauth-Scope:
      - global
      Oauth-Scope-Accepted:
      - global read read-protected write write-protected
      RateLimit-Remaining:
      - '2264'
      Request-Id:
      - b5daced4-7166-4b02-b2ba-c95ec9fdc4a0
      Server:
      - nginx/1.4.6 (Ubuntu)
      Status:
      - 200 OK
      Vary:
      - Accept-Encoding
      X-Content-Type-Options:
      - nosniff
      X-Runtime:
      - '0.025522016'
      Content-Length:
      - '100'
      Connection:
      - keep-alive
    body:
      encoding: UTF-8
      string: '[{"buildpack":{"url":"https://github.com/heroku/heroku-buildpack-nodejs"},"ordinal":0}]'
    http_version: 
  recorded_at: Thu, 02 Apr 2015 13:41:21 GMT
- request:
    method: get
    uri: https://api.heroku.com/apps/paasal-test-app-min-updated
    body:
      encoding: US-ASCII
      string: ''
    headers:
      User-Agent:
      - excon/0.45.1
      Authorization:
      - __AUTHORIZATION__
      Accept:
      - application/vnd.heroku+json; version=3
      Content-Type:
      - application/json
      Accept-Encoding:
      - gzip
  response:
    status:
      code: 200
      message: 
    headers:
      Content-Encoding:
      - ''
      Content-Type:
      - application/json
      Date:
      - Thu, 02 Apr 2015 13:41:22 GMT
      ETag:
      - '"67d3738ff45b29483178306339cab10b"'
      Last-Modified:
      - Thu, 02 Apr 2015 13:41:18 GMT
      Oauth-Scope:
      - global
      Oauth-Scope-Accepted:
      - global read read-protected write write-protected
      RateLimit-Remaining:
      - '2263'
      Request-Id:
      - df3cab9e-54ee-4b35-8be0-a01469ac33d3
      Server:
      - nginx/1.4.6 (Ubuntu)
      Status:
      - 200 OK
      Vary:
      - Accept-Encoding
      X-Content-Type-Options:
      - nosniff
      X-Runtime:
      - '0.033526015'
      Content-Length:
      - '414'
      Connection:
      - keep-alive
    body:
      encoding: UTF-8
      string: '{"archived_at":null,"buildpack_provided_description":"Node.js","build_stack":{"id":"f9f9cbd7-2970-41ef-8db5-3df7123b041f","name":"cedar-14"},"created_at":"2015-04-02T13:34:54Z","id":"cba033bc-7ca1-4e30-a1ca-4921fd3c59e1","git_url":"git@heroku.com:paasal-test-app-min-updated.git","maintenance":false,"name":"paasal-test-app-min-updated","owner":{"email":"__heroku:user__","id":"__heroku:id__"},"region":{"id":"59accabd-516d-4f0e-83e6-6e3757701145","name":"us"},"released_at":"2015-04-02T13:39:42Z","repo_size":2703856,"slug_size":12381427,"stack":{"id":"f9f9cbd7-2970-41ef-8db5-3df7123b041f","name":"cedar-14"},"updated_at":"2015-04-02T13:41:18Z","web_url":"https://paasal-test-app-min-updated.herokuapp.com/"}'
    http_version: 
  recorded_at: Thu, 02 Apr 2015 13:41:22 GMT
- request:
    method: get
    uri: https://api.heroku.com/apps/cba033bc-7ca1-4e30-a1ca-4921fd3c59e1/dynos
    body:
      encoding: US-ASCII
      string: ''
    headers:
      User-Agent:
      - excon/0.45.1
      Authorization:
      - __AUTHORIZATION__
      Accept:
      - application/vnd.heroku+json; version=3
      Content-Type:
      - application/json
      Accept-Encoding:
      - gzip
  response:
    status:
      code: 200
      message: 
    headers:
      Content-Encoding:
      - ''
      Content-Type:
      - application/json
      Date:
      - Thu, 02 Apr 2015 13:41:23 GMT
      ETag:
      - '"0e5f893c45e5dc6bad513e5f65fb1e13"'
      Last-Modified:
      - Thu, 02 Apr 2015 13:41:18 GMT
      Oauth-Scope:
      - global
      Oauth-Scope-Accepted:
      - global read read-protected write write-protected
      RateLimit-Remaining:
      - '2262'
      Request-Id:
      - aeab2d62-e1fa-43a5-aed7-06edcb88ecd0
      Server:
      - nginx/1.4.6 (Ubuntu)
      Status:
      - 200 OK
      Vary:
      - Accept-Encoding
      X-Content-Type-Options:
      - nosniff
      X-Runtime:
      - '0.110218017'
      Content-Length:
      - '227'
      Connection:
      - keep-alive
    body:
      encoding: UTF-8
      string: '[{"attach_url":null,"command":"node server.js","created_at":"2015-04-02T13:41:18Z","id":"9194e6ca-d1e4-4969-8a5a-f4bfbe6b03f0","name":"web.1","release":{"id":"a47f2da1-237f-483d-92f1-ef1683b26cd6","version":4},"size":"1X","state":"starting","type":"web","updated_at":"2015-04-02T13:41:18Z"}]'
    http_version: 
  recorded_at: Thu, 02 Apr 2015 13:41:23 GMT
- request:
    method: get
    uri: https://api.heroku.com/apps/cba033bc-7ca1-4e30-a1ca-4921fd3c59e1/formation
    body:
      encoding: US-ASCII
      string: ''
    headers:
      User-Agent:
      - excon/0.45.1
      Authorization:
      - __AUTHORIZATION__
      Accept:
      - application/vnd.heroku+json; version=3
      Content-Type:
      - application/json
      Accept-Encoding:
      - gzip
  response:
    status:
      code: 200
      message: 
    headers:
      Content-Encoding:
      - ''
      Content-Type:
      - application/json
      Date:
      - Thu, 02 Apr 2015 13:41:23 GMT
      ETag:
      - '"67d3738ff45b29483178306339cab10b"'
      Last-Modified:
      - Thu, 02 Apr 2015 13:41:18 GMT
      Oauth-Scope:
      - global
      Oauth-Scope-Accepted:
      - global read read-protected write write-protected
      RateLimit-Remaining:
      - '2261'
      Request-Id:
      - ad095cf2-a18c-48a5-8bab-d9512c0b550f
      Server:
      - nginx/1.4.6 (Ubuntu)
      Status:
      - 200 OK
      Vary:
      - Accept-Encoding
      X-Content-Type-Options:
      - nosniff
      X-Runtime:
      - '0.053075695'
      Content-Length:
      - '165'
      Connection:
      - keep-alive
    body:
      encoding: UTF-8
      string: '[{"command":"node server.js","created_at":"2015-04-02T13:39:42Z","id":"ca6212c1-981e-4c37-a073-15e324332d98","type":"web","quantity":1,"size":"1X","updated_at":"2015-04-02T13:41:18Z"}]'
    http_version: 
  recorded_at: Thu, 02 Apr 2015 13:41:23 GMT
- request:
    method: get
    uri: https://api.heroku.com/apps/cba033bc-7ca1-4e30-a1ca-4921fd3c59e1/buildpack-installations
    body:
      encoding: US-ASCII
      string: ''
    headers:
      User-Agent:
      - excon/0.45.1
      Authorization:
      - __AUTHORIZATION__
      Accept:
      - application/vnd.heroku+json; version=3
      Content-Type:
      - application/json
      Accept-Encoding:
      - gzip
  response:
    status:
      code: 200
      message: 
    headers:
      Accept-Ranges:
      - id, ordinal
      Content-Encoding:
      - ''
      Content-Range:
      - ordinal 0..0
      Content-Type:
      - application/json
      Date:
      - Thu, 02 Apr 2015 13:41:24 GMT
      ETag:
      - '"87d7b85882f94ae872184eafce30ccd8"'
      Oauth-Scope:
      - global
      Oauth-Scope-Accepted:
      - global read read-protected write write-protected
      RateLimit-Remaining:
      - '2260'
      Request-Id:
      - e2aebeac-2ee3-49b0-9fa1-115d84740a57
      Server:
      - nginx/1.4.6 (Ubuntu)
      Status:
      - 200 OK
      Vary:
      - Accept-Encoding
      X-Content-Type-Options:
      - nosniff
      X-Runtime:
      - '0.039465752'
      Content-Length:
      - '100'
      Connection:
      - keep-alive
    body:
      encoding: UTF-8
      string: '[{"buildpack":{"url":"https://github.com/heroku/heroku-buildpack-nodejs"},"ordinal":0}]'
    http_version: 
  recorded_at: Thu, 02 Apr 2015 13:41:24 GMT
- request:
    method: get
    uri: https://api.heroku.com/apps/paasal-test-app-min-updated
    body:
      encoding: US-ASCII
      string: ''
    headers:
      User-Agent:
      - excon/0.45.1
      Authorization:
      - __AUTHORIZATION__
      Accept:
      - application/vnd.heroku+json; version=3
      Content-Type:
      - application/json
      Accept-Encoding:
      - gzip
  response:
    status:
      code: 200
      message: 
    headers:
      Content-Encoding:
      - ''
      Content-Type:
      - application/json
      Date:
      - Thu, 02 Apr 2015 13:41:25 GMT
      ETag:
      - '"67d3738ff45b29483178306339cab10b"'
      Last-Modified:
      - Thu, 02 Apr 2015 13:41:18 GMT
      Oauth-Scope:
      - global
      Oauth-Scope-Accepted:
      - global read read-protected write write-protected
      RateLimit-Remaining:
      - '2259'
      Request-Id:
      - 5ef46d04-fc0e-4367-bb93-1e2e02339244
      Server:
      - nginx/1.4.6 (Ubuntu)
      Status:
      - 200 OK
      Vary:
      - Accept-Encoding
      X-Content-Type-Options:
      - nosniff
      X-Runtime:
      - '0.028185721'
      Content-Length:
      - '414'
      Connection:
      - keep-alive
    body:
      encoding: UTF-8
      string: '{"archived_at":null,"buildpack_provided_description":"Node.js","build_stack":{"id":"f9f9cbd7-2970-41ef-8db5-3df7123b041f","name":"cedar-14"},"created_at":"2015-04-02T13:34:54Z","id":"cba033bc-7ca1-4e30-a1ca-4921fd3c59e1","git_url":"git@heroku.com:paasal-test-app-min-updated.git","maintenance":false,"name":"paasal-test-app-min-updated","owner":{"email":"__heroku:user__","id":"__heroku:id__"},"region":{"id":"59accabd-516d-4f0e-83e6-6e3757701145","name":"us"},"released_at":"2015-04-02T13:39:42Z","repo_size":2703856,"slug_size":12381427,"stack":{"id":"f9f9cbd7-2970-41ef-8db5-3df7123b041f","name":"cedar-14"},"updated_at":"2015-04-02T13:41:18Z","web_url":"https://paasal-test-app-min-updated.herokuapp.com/"}'
    http_version: 
  recorded_at: Thu, 02 Apr 2015 13:41:25 GMT
- request:
    method: get
    uri: https://api.heroku.com/apps/cba033bc-7ca1-4e30-a1ca-4921fd3c59e1/dynos
    body:
      encoding: US-ASCII
      string: ''
    headers:
      User-Agent:
      - excon/0.45.1
      Authorization:
      - __AUTHORIZATION__
      Accept:
      - application/vnd.heroku+json; version=3
      Content-Type:
      - application/json
      Accept-Encoding:
      - gzip
  response:
    status:
      code: 200
      message: 
    headers:
      Content-Encoding:
      - ''
      Content-Type:
      - application/json
      Date:
      - Thu, 02 Apr 2015 13:41:25 GMT
      ETag:
      - '"2b22bf180160095626e6f16d02870ebb"'
      Last-Modified:
      - Thu, 02 Apr 2015 13:41:25 GMT
      Oauth-Scope:
      - global
      Oauth-Scope-Accepted:
      - global read read-protected write write-protected
      RateLimit-Remaining:
      - '2258'
      Request-Id:
      - 36658467-72af-4155-84fa-9e7603311823
      Server:
      - nginx/1.4.6 (Ubuntu)
      Status:
      - 200 OK
      Vary:
      - Accept-Encoding
      X-Content-Type-Options:
      - nosniff
      X-Runtime:
      - '0.092282889'
      Content-Length:
      - '224'
      Connection:
      - keep-alive
    body:
      encoding: UTF-8
      string: '[{"attach_url":null,"command":"node server.js","created_at":"2015-04-02T13:41:25Z","id":"9194e6ca-d1e4-4969-8a5a-f4bfbe6b03f0","name":"web.1","release":{"id":"a47f2da1-237f-483d-92f1-ef1683b26cd6","version":4},"size":"1X","state":"up","type":"web","updated_at":"2015-04-02T13:41:25Z"}]'
    http_version: 
  recorded_at: Thu, 02 Apr 2015 13:41:25 GMT
- request:
    method: get
    uri: https://api.heroku.com/apps/cba033bc-7ca1-4e30-a1ca-4921fd3c59e1/formation
    body:
      encoding: US-ASCII
      string: ''
    headers:
      User-Agent:
      - excon/0.45.1
      Authorization:
      - __AUTHORIZATION__
      Accept:
      - application/vnd.heroku+json; version=3
      Content-Type:
      - application/json
      Accept-Encoding:
      - gzip
  response:
    status:
      code: 200
      message: 
    headers:
      Content-Encoding:
      - ''
      Content-Type:
      - application/json
      Date:
      - Thu, 02 Apr 2015 13:41:26 GMT
      ETag:
      - '"67d3738ff45b29483178306339cab10b"'
      Last-Modified:
      - Thu, 02 Apr 2015 13:41:18 GMT
      Oauth-Scope:
      - global
      Oauth-Scope-Accepted:
      - global read read-protected write write-protected
      RateLimit-Remaining:
      - '2257'
      Request-Id:
      - 80677ab2-ce7a-4a57-a6ce-f32104c3b710
      Server:
      - nginx/1.4.6 (Ubuntu)
      Status:
      - 200 OK
      Vary:
      - Accept-Encoding
      X-Content-Type-Options:
      - nosniff
      X-Runtime:
      - '0.055306146'
      Content-Length:
      - '165'
      Connection:
      - keep-alive
    body:
      encoding: UTF-8
      string: '[{"command":"node server.js","created_at":"2015-04-02T13:39:42Z","id":"ca6212c1-981e-4c37-a073-15e324332d98","type":"web","quantity":1,"size":"1X","updated_at":"2015-04-02T13:41:18Z"}]'
    http_version: 
  recorded_at: Thu, 02 Apr 2015 13:41:26 GMT
- request:
    method: get
    uri: https://api.heroku.com/apps/cba033bc-7ca1-4e30-a1ca-4921fd3c59e1/buildpack-installations
    body:
      encoding: US-ASCII
      string: ''
    headers:
      User-Agent:
      - excon/0.45.1
      Authorization:
      - __AUTHORIZATION__
      Accept:
      - application/vnd.heroku+json; version=3
      Content-Type:
      - application/json
      Accept-Encoding:
      - gzip
  response:
    status:
      code: 200
      message: 
    headers:
      Accept-Ranges:
      - id, ordinal
      Content-Encoding:
      - ''
      Content-Range:
      - ordinal 0..0
      Content-Type:
      - application/json
      Date:
      - Thu, 02 Apr 2015 13:41:27 GMT
      ETag:
      - '"87d7b85882f94ae872184eafce30ccd8"'
      Oauth-Scope:
      - global
      Oauth-Scope-Accepted:
      - global read read-protected write write-protected
      RateLimit-Remaining:
      - '2256'
      Request-Id:
      - 7d75e4d2-51c6-48ed-bf37-0733715293cd
      Server:
      - nginx/1.4.6 (Ubuntu)
      Status:
      - 200 OK
      Vary:
      - Accept-Encoding
      X-Content-Type-Options:
      - nosniff
      X-Runtime:
      - '0.044419016'
      Content-Length:
      - '100'
      Connection:
      - keep-alive
    body:
      encoding: UTF-8
      string: '[{"buildpack":{"url":"https://github.com/heroku/heroku-buildpack-nodejs"},"ordinal":0}]'
    http_version: 
  recorded_at: Thu, 02 Apr 2015 13:41:27 GMT
recorded_with: VCR 2.9.3
