---
http_interactions:
- request:
    method: post
    uri: https://api.heroku.com/login?username=__heroku:user__&password=__heroku:password__
    body:
      encoding: US-ASCII
      string: ''
    headers:
      User-Agent:
      - excon/0.45.1
  response:
    status:
      code: 200
      message: 
    headers:
      Content-Type:
      - application/json
      Date:
      - Mon, 06 Apr 2015 20:39:34 GMT
      Request-Id:
      - e009111b-2d6a-4753-8331-b5c25bc59e74
      Server:
      - nginx/1.4.6 (Ubuntu)
      Status:
      - 200 OK
      Vary:
      - Accept-Encoding
      X-Content-Type-Options:
      - nosniff
      X-Runtime:
      - '0.141565705'
      Content-Length:
      - '378'
      Connection:
      - keep-alive
    body:
      encoding: UTF-8
      string: '{"allow_tracking":true,"api_key":"__API_KEY__","beta":null,"confirmed":true,"confirmed_at":"2014/11/18
        01:37:21 -0800","created_at":"2014/11/18 01:37:21 -0800","id":"__USER_ID__@users.heroku.com","email":"__heroku:user__","last_login":"2014/11/25
        00:52:59 -0800","name":" ","updated_at":"2015/04/06 13:38:50 -0700","verified":false,"verified_at":null}'
    http_version: 
  recorded_at: Mon, 06 Apr 2015 20:39:35 GMT
- request:
    method: get
    uri: https://api.heroku.com/apps/paasal-test-app-all-updated
    body:
      encoding: US-ASCII
      string: ''
    headers:
      User-Agent:
      - excon/0.45.1
      Authorization:
      - __AUTHORIZATION__
      Accept:
      - application/vnd.heroku+json; version=3
      Content-Type:
      - application/json
      Accept-Encoding:
      - gzip
  response:
    status:
      code: 200
      message: 
    headers:
      Content-Encoding:
      - ''
      Content-Type:
      - application/json
      Date:
      - Mon, 06 Apr 2015 20:39:34 GMT
      ETag:
      - '"30073a49b5cfc390beb33a855bfc61c9"'
      Last-Modified:
      - Mon, 06 Apr 2015 20:39:28 GMT
      Oauth-Scope:
      - global
      Oauth-Scope-Accepted:
      - global read read-protected write write-protected
      RateLimit-Remaining:
      - '2122'
      Request-Id:
      - d46a2ada-a595-4d69-99e7-fd469954bea0
      Server:
      - nginx/1.4.6 (Ubuntu)
      Status:
      - 200 OK
      Vary:
      - Accept-Encoding
      X-Content-Type-Options:
      - nosniff
      X-Runtime:
      - '0.034295745'
      Content-Length:
      - '413'
      Connection:
      - keep-alive
    body:
      encoding: UTF-8
      string: '{"archived_at":null,"buildpack_provided_description":"Node.js","build_stack":{"id":"f9f9cbd7-2970-41ef-8db5-3df7123b041f","name":"cedar-14"},"created_at":"2015-04-06T20:34:46Z","id":"5b811f57-85dd-40bc-b95c-cb80903f88ee","git_url":"git@heroku.com:paasal-test-app-all-updated.git","maintenance":true,"name":"paasal-test-app-all-updated","owner":{"email":"__heroku:user__","id":"__heroku:id__"},"region":{"id":"59accabd-516d-4f0e-83e6-6e3757701145","name":"us"},"released_at":"2015-04-06T20:38:00Z","repo_size":2703855,"slug_size":12565235,"stack":{"id":"f9f9cbd7-2970-41ef-8db5-3df7123b041f","name":"cedar-14"},"updated_at":"2015-04-06T20:39:28Z","web_url":"https://paasal-test-app-all-updated.herokuapp.com/"}'
    http_version: 
  recorded_at: Mon, 06 Apr 2015 20:39:35 GMT
- request:
    method: get
    uri: https://api.heroku.com/apps/5b811f57-85dd-40bc-b95c-cb80903f88ee/dynos
    body:
      encoding: US-ASCII
      string: ''
    headers:
      User-Agent:
      - excon/0.45.1
      Authorization:
      - __AUTHORIZATION__
      Accept:
      - application/vnd.heroku+json; version=3
      Content-Type:
      - application/json
      Accept-Encoding:
      - gzip
  response:
    status:
      code: 200
      message: 
    headers:
      Content-Encoding:
      - ''
      Content-Type:
      - application/json
      Date:
      - Mon, 06 Apr 2015 20:39:35 GMT
      ETag:
      - '"0ac7567df723af0f273d6a4898bccc17"'
      Last-Modified:
      - Mon, 06 Apr 2015 20:39:10 GMT
      Oauth-Scope:
      - global
      Oauth-Scope-Accepted:
      - global read read-protected write write-protected
      RateLimit-Remaining:
      - '2121'
      Request-Id:
      - 6ca4810c-24c6-4a5f-8fca-83e1bfc96ce3
      Server:
      - nginx/1.4.6 (Ubuntu)
      Status:
      - 200 OK
      Vary:
      - Accept-Encoding
      X-Content-Type-Options:
      - nosniff
      X-Runtime:
      - '0.084770939'
      Content-Length:
      - '224'
      Connection:
      - keep-alive
    body:
      encoding: UTF-8
      string: '[{"attach_url":null,"command":"node server.js","created_at":"2015-04-06T20:39:10Z","id":"eb7a6aa8-c2a7-441c-a7b9-6f4cefa511a8","name":"web.1","release":{"id":"91159089-bd0e-48d5-940b-c59437f3c25a","version":6},"size":"1X","state":"up","type":"web","updated_at":"2015-04-06T20:39:10Z"}]'
    http_version: 
  recorded_at: Mon, 06 Apr 2015 20:39:36 GMT
- request:
    method: get
    uri: https://api.heroku.com/apps/5b811f57-85dd-40bc-b95c-cb80903f88ee/formation
    body:
      encoding: US-ASCII
      string: ''
    headers:
      User-Agent:
      - excon/0.45.1
      Authorization:
      - __AUTHORIZATION__
      Accept:
      - application/vnd.heroku+json; version=3
      Content-Type:
      - application/json
      Accept-Encoding:
      - gzip
  response:
    status:
      code: 200
      message: 
    headers:
      Content-Encoding:
      - ''
      Content-Type:
      - application/json
      Date:
      - Mon, 06 Apr 2015 20:39:35 GMT
      ETag:
      - '"30073a49b5cfc390beb33a855bfc61c9"'
      Last-Modified:
      - Mon, 06 Apr 2015 20:39:28 GMT
      Oauth-Scope:
      - global
      Oauth-Scope-Accepted:
      - global read read-protected write write-protected
      RateLimit-Remaining:
      - '2120'
      Request-Id:
      - 37ec08b1-73eb-4851-b5a1-b0186d252e82
      Server:
      - nginx/1.4.6 (Ubuntu)
      Status:
      - 200 OK
      Vary:
      - Accept-Encoding
      X-Content-Type-Options:
      - nosniff
      X-Runtime:
      - '0.049544365'
      Content-Length:
      - '164'
      Connection:
      - keep-alive
    body:
      encoding: UTF-8
      string: '[{"command":"node server.js","created_at":"2015-04-06T20:38:00Z","id":"11f8b3ac-ea32-4af4-8d8e-da2c7234dc05","type":"web","quantity":1,"size":"1X","updated_at":"2015-04-06T20:39:04Z"}]'
    http_version: 
  recorded_at: Mon, 06 Apr 2015 20:39:37 GMT
- request:
    method: get
    uri: https://api.heroku.com/apps/5b811f57-85dd-40bc-b95c-cb80903f88ee/buildpack-installations
    body:
      encoding: US-ASCII
      string: ''
    headers:
      User-Agent:
      - excon/0.45.1
      Authorization:
      - __AUTHORIZATION__
      Accept:
      - application/vnd.heroku+json; version=3
      Content-Type:
      - application/json
      Accept-Encoding:
      - gzip
  response:
    status:
      code: 200
      message: 
    headers:
      Accept-Ranges:
      - id, ordinal
      Content-Encoding:
      - ''
      Content-Range:
      - ordinal 0..0
      Content-Type:
      - application/json
      Date:
      - Mon, 06 Apr 2015 20:39:36 GMT
      ETag:
      - '"87d7b85882f94ae872184eafce30ccd8"'
      Oauth-Scope:
      - global
      Oauth-Scope-Accepted:
      - global read read-protected write write-protected
      RateLimit-Remaining:
      - '2119'
      Request-Id:
      - 263fb483-4ae3-415e-af3b-76a9e0d301c1
      Server:
      - nginx/1.4.6 (Ubuntu)
      Status:
      - 200 OK
      Vary:
      - Accept-Encoding
      X-Content-Type-Options:
      - nosniff
      X-Runtime:
      - '0.046906559'
      Content-Length:
      - '100'
      Connection:
      - keep-alive
    body:
      encoding: UTF-8
      string: '[{"buildpack":{"url":"https://github.com/heroku/heroku-buildpack-nodejs"},"ordinal":0}]'
    http_version: 
  recorded_at: Mon, 06 Apr 2015 20:39:37 GMT
- request:
    method: patch
    uri: https://api.heroku.com/apps/paasal-test-app-all-updated/formation
    body:
      encoding: UTF-8
      string: '{"updates":[{"process":"worker","quantity":0}]}'
    headers:
      User-Agent:
      - excon/0.45.1
      Authorization:
      - __AUTHORIZATION__
      Accept:
      - application/vnd.heroku+json; version=3
      Content-Type:
      - application/json
      Accept-Encoding:
      - gzip
  response:
    status:
      code: 404
      message: 
    headers:
      Content-Encoding:
      - ''
      Content-Type:
      - application/json
      Date:
      - Mon, 06 Apr 2015 20:39:37 GMT
      Oauth-Scope:
      - global
      Oauth-Scope-Accepted:
      - global write write-protected
      RateLimit-Remaining:
      - '2118'
      Request-Id:
      - 1f9ab98f-743f-4f63-8388-b87f85b6f6f2
      Server:
      - nginx/1.4.6 (Ubuntu)
      Status:
      - 404 Not Found
      Vary:
      - Accept-Encoding
      X-Content-Type-Options:
      - nosniff
      X-Runtime:
      - '0.028521592'
      Content-Length:
      - '114'
      Connection:
      - keep-alive
    body:
      encoding: UTF-8
      string: '{"resource":"dyno_type","id":"not_found","message":"No such process
        type worker defined in Procfile."}'
    http_version: 
  recorded_at: Mon, 06 Apr 2015 20:39:38 GMT
- request:
    method: patch
    uri: https://api.heroku.com/apps/paasal-test-app-all-updated
    body:
      encoding: UTF-8
      string: '{"maintenance":true}'
    headers:
      User-Agent:
      - excon/0.45.1
      Authorization:
      - __AUTHORIZATION__
      Accept:
      - application/vnd.heroku+json; version=3
      Content-Type:
      - application/json
      Accept-Encoding:
      - gzip
  response:
    status:
      code: 200
      message: 
    headers:
      Content-Encoding:
      - ''
      Content-Type:
      - application/json
      Date:
      - Mon, 06 Apr 2015 20:39:37 GMT
      ETag:
      - '"30073a49b5cfc390beb33a855bfc61c9"'
      Last-Modified:
      - Mon, 06 Apr 2015 20:39:28 GMT
      Oauth-Scope:
      - global
      Oauth-Scope-Accepted:
      - global write write-protected
      RateLimit-Remaining:
      - '2117'
      Request-Id:
      - b8dd9cb8-e95c-4141-8447-9ec1a990c021
      Server:
      - nginx/1.4.6 (Ubuntu)
      Status:
      - 200 OK
      Vary:
      - Accept-Encoding
      X-Content-Type-Options:
      - nosniff
      X-Runtime:
      - '0.041522836'
      Content-Length:
      - '413'
      Connection:
      - keep-alive
    body:
      encoding: UTF-8
      string: '{"archived_at":null,"buildpack_provided_description":"Node.js","build_stack":{"id":"f9f9cbd7-2970-41ef-8db5-3df7123b041f","name":"cedar-14"},"created_at":"2015-04-06T20:34:46Z","id":"5b811f57-85dd-40bc-b95c-cb80903f88ee","git_url":"git@heroku.com:paasal-test-app-all-updated.git","maintenance":true,"name":"paasal-test-app-all-updated","owner":{"email":"__heroku:user__","id":"__heroku:id__"},"region":{"id":"59accabd-516d-4f0e-83e6-6e3757701145","name":"us"},"released_at":"2015-04-06T20:38:00Z","repo_size":2703855,"slug_size":12565235,"stack":{"id":"f9f9cbd7-2970-41ef-8db5-3df7123b041f","name":"cedar-14"},"updated_at":"2015-04-06T20:39:28Z","web_url":"https://paasal-test-app-all-updated.herokuapp.com/"}'
    http_version: 
  recorded_at: Mon, 06 Apr 2015 20:39:39 GMT
- request:
    method: get
    uri: https://api.heroku.com/apps/5b811f57-85dd-40bc-b95c-cb80903f88ee/dynos
    body:
      encoding: US-ASCII
      string: ''
    headers:
      User-Agent:
      - excon/0.45.1
      Authorization:
      - __AUTHORIZATION__
      Accept:
      - application/vnd.heroku+json; version=3
      Content-Type:
      - application/json
      Accept-Encoding:
      - gzip
  response:
    status:
      code: 200
      message: 
    headers:
      Content-Encoding:
      - ''
      Content-Type:
      - application/json
      Date:
      - Mon, 06 Apr 2015 20:39:38 GMT
      ETag:
      - '"0ac7567df723af0f273d6a4898bccc17"'
      Last-Modified:
      - Mon, 06 Apr 2015 20:39:10 GMT
      Oauth-Scope:
      - global
      Oauth-Scope-Accepted:
      - global read read-protected write write-protected
      RateLimit-Remaining:
      - '2116'
      Request-Id:
      - 15b8811b-1d51-474f-bda1-e914de5b3cc3
      Server:
      - nginx/1.4.6 (Ubuntu)
      Status:
      - 200 OK
      Vary:
      - Accept-Encoding
      X-Content-Type-Options:
      - nosniff
      X-Runtime:
      - '0.110740453'
      Content-Length:
      - '224'
      Connection:
      - keep-alive
    body:
      encoding: UTF-8
      string: '[{"attach_url":null,"command":"node server.js","created_at":"2015-04-06T20:39:10Z","id":"eb7a6aa8-c2a7-441c-a7b9-6f4cefa511a8","name":"web.1","release":{"id":"91159089-bd0e-48d5-940b-c59437f3c25a","version":6},"size":"1X","state":"up","type":"web","updated_at":"2015-04-06T20:39:10Z"}]'
    http_version: 
  recorded_at: Mon, 06 Apr 2015 20:39:39 GMT
- request:
    method: get
    uri: https://api.heroku.com/apps/5b811f57-85dd-40bc-b95c-cb80903f88ee/formation
    body:
      encoding: US-ASCII
      string: ''
    headers:
      User-Agent:
      - excon/0.45.1
      Authorization:
      - __AUTHORIZATION__
      Accept:
      - application/vnd.heroku+json; version=3
      Content-Type:
      - application/json
      Accept-Encoding:
      - gzip
  response:
    status:
      code: 200
      message: 
    headers:
      Content-Encoding:
      - ''
      Content-Type:
      - application/json
      Date:
      - Mon, 06 Apr 2015 20:39:39 GMT
      ETag:
      - '"30073a49b5cfc390beb33a855bfc61c9"'
      Last-Modified:
      - Mon, 06 Apr 2015 20:39:28 GMT
      Oauth-Scope:
      - global
      Oauth-Scope-Accepted:
      - global read read-protected write write-protected
      RateLimit-Remaining:
      - '2115'
      Request-Id:
      - 024750e6-dbf7-484b-8459-2c10016018f2
      Server:
      - nginx/1.4.6 (Ubuntu)
      Status:
      - 200 OK
      Vary:
      - Accept-Encoding
      X-Content-Type-Options:
      - nosniff
      X-Runtime:
      - '0.027201168'
      Content-Length:
      - '164'
      Connection:
      - keep-alive
    body:
      encoding: UTF-8
      string: '[{"command":"node server.js","created_at":"2015-04-06T20:38:00Z","id":"11f8b3ac-ea32-4af4-8d8e-da2c7234dc05","type":"web","quantity":1,"size":"1X","updated_at":"2015-04-06T20:39:04Z"}]'
    http_version: 
  recorded_at: Mon, 06 Apr 2015 20:39:40 GMT
- request:
    method: get
    uri: https://api.heroku.com/apps/5b811f57-85dd-40bc-b95c-cb80903f88ee/buildpack-installations
    body:
      encoding: US-ASCII
      string: ''
    headers:
      User-Agent:
      - excon/0.45.1
      Authorization:
      - __AUTHORIZATION__
      Accept:
      - application/vnd.heroku+json; version=3
      Content-Type:
      - application/json
      Accept-Encoding:
      - gzip
  response:
    status:
      code: 200
      message: 
    headers:
      Accept-Ranges:
      - id, ordinal
      Content-Encoding:
      - ''
      Content-Range:
      - ordinal 0..0
      Content-Type:
      - application/json
      Date:
      - Mon, 06 Apr 2015 20:39:39 GMT
      ETag:
      - '"87d7b85882f94ae872184eafce30ccd8"'
      Oauth-Scope:
      - global
      Oauth-Scope-Accepted:
      - global read read-protected write write-protected
      RateLimit-Remaining:
      - '2114'
      Request-Id:
      - aea2d4c0-771d-496a-a444-79961244630f
      Server:
      - nginx/1.4.6 (Ubuntu)
      Status:
      - 200 OK
      Vary:
      - Accept-Encoding
      X-Content-Type-Options:
      - nosniff
      X-Runtime:
      - '0.041121584'
      Content-Length:
      - '100'
      Connection:
      - keep-alive
    body:
      encoding: UTF-8
      string: '[{"buildpack":{"url":"https://github.com/heroku/heroku-buildpack-nodejs"},"ordinal":0}]'
    http_version: 
  recorded_at: Mon, 06 Apr 2015 20:39:40 GMT
- request:
    method: get
    uri: https://api.heroku.com/apps/paasal-test-app-all-updated
    body:
      encoding: US-ASCII
      string: ''
    headers:
      User-Agent:
      - excon/0.45.1
      Authorization:
      - __AUTHORIZATION__
      Accept:
      - application/vnd.heroku+json; version=3
      Content-Type:
      - application/json
      Accept-Encoding:
      - gzip
  response:
    status:
      code: 200
      message: 
    headers:
      Content-Encoding:
      - ''
      Content-Type:
      - application/json
      Date:
      - Mon, 06 Apr 2015 20:39:40 GMT
      ETag:
      - '"30073a49b5cfc390beb33a855bfc61c9"'
      Last-Modified:
      - Mon, 06 Apr 2015 20:39:28 GMT
      Oauth-Scope:
      - global
      Oauth-Scope-Accepted:
      - global read read-protected write write-protected
      RateLimit-Remaining:
      - '2113'
      Request-Id:
      - b5e5aca1-2071-4119-ac4b-5ddfa69fda15
      Server:
      - nginx/1.4.6 (Ubuntu)
      Status:
      - 200 OK
      Vary:
      - Accept-Encoding
      X-Content-Type-Options:
      - nosniff
      X-Runtime:
      - '0.029069231'
      Content-Length:
      - '413'
      Connection:
      - keep-alive
    body:
      encoding: UTF-8
      string: '{"archived_at":null,"buildpack_provided_description":"Node.js","build_stack":{"id":"f9f9cbd7-2970-41ef-8db5-3df7123b041f","name":"cedar-14"},"created_at":"2015-04-06T20:34:46Z","id":"5b811f57-85dd-40bc-b95c-cb80903f88ee","git_url":"git@heroku.com:paasal-test-app-all-updated.git","maintenance":true,"name":"paasal-test-app-all-updated","owner":{"email":"__heroku:user__","id":"__heroku:id__"},"region":{"id":"59accabd-516d-4f0e-83e6-6e3757701145","name":"us"},"released_at":"2015-04-06T20:38:00Z","repo_size":2703855,"slug_size":12565235,"stack":{"id":"f9f9cbd7-2970-41ef-8db5-3df7123b041f","name":"cedar-14"},"updated_at":"2015-04-06T20:39:28Z","web_url":"https://paasal-test-app-all-updated.herokuapp.com/"}'
    http_version: 
  recorded_at: Mon, 06 Apr 2015 20:39:41 GMT
- request:
    method: get
    uri: https://api.heroku.com/apps/5b811f57-85dd-40bc-b95c-cb80903f88ee/dynos
    body:
      encoding: US-ASCII
      string: ''
    headers:
      User-Agent:
      - excon/0.45.1
      Authorization:
      - __AUTHORIZATION__
      Accept:
      - application/vnd.heroku+json; version=3
      Content-Type:
      - application/json
      Accept-Encoding:
      - gzip
  response:
    status:
      code: 200
      message: 
    headers:
      Content-Encoding:
      - ''
      Content-Type:
      - application/json
      Date:
      - Mon, 06 Apr 2015 20:39:40 GMT
      ETag:
      - '"0ac7567df723af0f273d6a4898bccc17"'
      Last-Modified:
      - Mon, 06 Apr 2015 20:39:10 GMT
      Oauth-Scope:
      - global
      Oauth-Scope-Accepted:
      - global read read-protected write write-protected
      RateLimit-Remaining:
      - '2112'
      Request-Id:
      - b4581488-812b-4e46-b043-833a72d3a988
      Server:
      - nginx/1.4.6 (Ubuntu)
      Status:
      - 200 OK
      Vary:
      - Accept-Encoding
      X-Content-Type-Options:
      - nosniff
      X-Runtime:
      - '0.100239754'
      Content-Length:
      - '224'
      Connection:
      - keep-alive
    body:
      encoding: UTF-8
      string: '[{"attach_url":null,"command":"node server.js","created_at":"2015-04-06T20:39:10Z","id":"eb7a6aa8-c2a7-441c-a7b9-6f4cefa511a8","name":"web.1","release":{"id":"91159089-bd0e-48d5-940b-c59437f3c25a","version":6},"size":"1X","state":"up","type":"web","updated_at":"2015-04-06T20:39:10Z"}]'
    http_version: 
  recorded_at: Mon, 06 Apr 2015 20:39:42 GMT
- request:
    method: get
    uri: https://api.heroku.com/apps/5b811f57-85dd-40bc-b95c-cb80903f88ee/formation
    body:
      encoding: US-ASCII
      string: ''
    headers:
      User-Agent:
      - excon/0.45.1
      Authorization:
      - __AUTHORIZATION__
      Accept:
      - application/vnd.heroku+json; version=3
      Content-Type:
      - application/json
      Accept-Encoding:
      - gzip
  response:
    status:
      code: 200
      message: 
    headers:
      Content-Encoding:
      - ''
      Content-Type:
      - application/json
      Date:
      - Mon, 06 Apr 2015 20:39:41 GMT
      ETag:
      - '"30073a49b5cfc390beb33a855bfc61c9"'
      Last-Modified:
      - Mon, 06 Apr 2015 20:39:28 GMT
      Oauth-Scope:
      - global
      Oauth-Scope-Accepted:
      - global read read-protected write write-protected
      RateLimit-Remaining:
      - '2111'
      Request-Id:
      - e7a808f0-7688-4953-8744-520789d449aa
      Server:
      - nginx/1.4.6 (Ubuntu)
      Status:
      - 200 OK
      Vary:
      - Accept-Encoding
      X-Content-Type-Options:
      - nosniff
      X-Runtime:
      - '0.02896568'
      Content-Length:
      - '164'
      Connection:
      - keep-alive
    body:
      encoding: UTF-8
      string: '[{"command":"node server.js","created_at":"2015-04-06T20:38:00Z","id":"11f8b3ac-ea32-4af4-8d8e-da2c7234dc05","type":"web","quantity":1,"size":"1X","updated_at":"2015-04-06T20:39:04Z"}]'
    http_version: 
  recorded_at: Mon, 06 Apr 2015 20:39:42 GMT
- request:
    method: get
    uri: https://api.heroku.com/apps/5b811f57-85dd-40bc-b95c-cb80903f88ee/buildpack-installations
    body:
      encoding: US-ASCII
      string: ''
    headers:
      User-Agent:
      - excon/0.45.1
      Authorization:
      - __AUTHORIZATION__
      Accept:
      - application/vnd.heroku+json; version=3
      Content-Type:
      - application/json
      Accept-Encoding:
      - gzip
  response:
    status:
      code: 200
      message: 
    headers:
      Accept-Ranges:
      - id, ordinal
      Content-Encoding:
      - ''
      Content-Range:
      - ordinal 0..0
      Content-Type:
      - application/json
      Date:
      - Mon, 06 Apr 2015 20:39:42 GMT
      ETag:
      - '"87d7b85882f94ae872184eafce30ccd8"'
      Oauth-Scope:
      - global
      Oauth-Scope-Accepted:
      - global read read-protected write write-protected
      RateLimit-Remaining:
      - '2110'
      Request-Id:
      - bd59c2a6-2226-4bcb-afbc-85221b3e9c2b
      Server:
      - nginx/1.4.6 (Ubuntu)
      Status:
      - 200 OK
      Vary:
      - Accept-Encoding
      X-Content-Type-Options:
      - nosniff
      X-Runtime:
      - '0.025810574'
      Content-Length:
      - '100'
      Connection:
      - keep-alive
    body:
      encoding: UTF-8
      string: '[{"buildpack":{"url":"https://github.com/heroku/heroku-buildpack-nodejs"},"ordinal":0}]'
    http_version: 
  recorded_at: Mon, 06 Apr 2015 20:39:43 GMT
recorded_with: VCR 2.9.3
