---
http_interactions:
- request:
    method: post
    uri: https://api.heroku.com/login?username=__heroku:user__&password=__heroku:password__
    body:
      encoding: US-ASCII
      string: ''
    headers:
      User-Agent:
      - excon/0.44.4
  response:
    status:
      code: 200
      message: 
    headers:
      Content-Type:
      - application/json
      Date:
      - Thu, 19 Mar 2015 16:32:52 GMT
      Request-Id:
      - 45638f04-3a68-490b-b0ac-c493f2f1c774
      Server:
      - nginx/1.4.6 (Ubuntu)
      Status:
      - 200 OK
      Vary:
      - Accept-Encoding
      X-Content-Type-Options:
      - nosniff
      X-Runtime:
      - '0.138208501'
      Content-Length:
      - '378'
      Connection:
      - keep-alive
    body:
      encoding: UTF-8
      string: '{"allow_tracking":true,"api_key":"__API_KEY__","beta":null,"confirmed":true,"confirmed_at":"2014/11/18
        01:37:21 -0800","created_at":"2014/11/18 01:37:21 -0800","id":"__USER_ID__@users.heroku.com","email":"__heroku:user__","last_login":"2014/11/25
        00:52:59 -0800","name":" ","updated_at":"2015/03/19 09:32:17 -0700","verified":false,"verified_at":null}'
    http_version: 
  recorded_at: Thu, 19 Mar 2015 16:32:52 GMT
- request:
    method: get
    uri: https://api.heroku.com/apps/paasal-test-app-all-updated
    body:
      encoding: US-ASCII
      string: ''
    headers:
      User-Agent:
      - excon/0.44.4
      Authorization:
      - __AUTHORIZATION__
      Accept:
      - application/vnd.heroku+json; version=3
      Content-Type:
      - application/json
      Accept-Encoding:
      - gzip
  response:
    status:
      code: 200
      message: 
    headers:
      Content-Encoding:
      - ''
      Content-Type:
      - application/json
      Date:
      - Thu, 19 Mar 2015 16:32:52 GMT
      ETag:
      - '"2e7365b08593b06330c2d84eb9d74b47"'
      Last-Modified:
      - Thu, 19 Mar 2015 16:32:28 GMT
      Oauth-Scope:
      - global
      Oauth-Scope-Accepted:
      - global read read-protected write write-protected
      RateLimit-Remaining:
      - '1971'
      Request-Id:
      - beab1500-f335-4b56-b4a9-3cd36dba92f1
      Server:
      - nginx/1.4.6 (Ubuntu)
      Status:
      - 200 OK
      Vary:
      - Accept-Encoding
      X-Content-Type-Options:
      - nosniff
      X-Runtime:
      - '0.032572224'
      Content-Length:
      - '414'
      Connection:
      - keep-alive
    body:
      encoding: UTF-8
      string: '{"archived_at":null,"buildpack_provided_description":"Node.js","build_stack":{"id":"f9f9cbd7-2970-41ef-8db5-3df7123b041f","name":"cedar-14"},"created_at":"2015-03-19T16:28:10Z","id":"2b04388f-0b2a-48e1-b7d6-3301afb77c4d","git_url":"git@heroku.com:paasal-test-app-all-updated.git","maintenance":false,"name":"paasal-test-app-all-updated","owner":{"email":"__heroku:user__","id":"__heroku:id__"},"region":{"id":"59accabd-516d-4f0e-83e6-6e3757701145","name":"us"},"released_at":"2015-03-19T16:31:18Z","repo_size":2703559,"slug_size":12393061,"stack":{"id":"f9f9cbd7-2970-41ef-8db5-3df7123b041f","name":"cedar-14"},"updated_at":"2015-03-19T16:32:28Z","web_url":"https://paasal-test-app-all-updated.herokuapp.com/"}'
    http_version: 
  recorded_at: Thu, 19 Mar 2015 16:32:52 GMT
- request:
    method: get
    uri: https://api.heroku.com/apps/2b04388f-0b2a-48e1-b7d6-3301afb77c4d/dynos
    body:
      encoding: US-ASCII
      string: ''
    headers:
      User-Agent:
      - excon/0.44.4
      Authorization:
      - __AUTHORIZATION__
      Accept:
      - application/vnd.heroku+json; version=3
      Content-Type:
      - application/json
      Accept-Encoding:
      - gzip
  response:
    status:
      code: 200
      message: 
    headers:
      Content-Encoding:
      - ''
      Content-Type:
      - application/json
      Date:
      - Thu, 19 Mar 2015 16:32:53 GMT
      ETag:
      - '"01fc6338ad682184b2ff168393e32910"'
      Last-Modified:
      - Thu, 19 Mar 2015 16:32:33 GMT
      Oauth-Scope:
      - global
      Oauth-Scope-Accepted:
      - global read read-protected write write-protected
      RateLimit-Remaining:
      - '1970'
      Request-Id:
      - df43fb1c-fade-46fe-b3a7-9a7ec37d990c
      Server:
      - nginx/1.4.6 (Ubuntu)
      Status:
      - 200 OK
      Vary:
      - Accept-Encoding
      X-Content-Type-Options:
      - nosniff
      X-Runtime:
      - '0.087941825'
      Content-Length:
      - '223'
      Connection:
      - keep-alive
    body:
      encoding: UTF-8
      string: '[{"attach_url":null,"command":"node server.js","created_at":"2015-03-19T16:32:33Z","id":"eb776dae-2361-4390-8b40-823339716e2f","name":"web.1","release":{"id":"5256c2f7-c540-4f41-9a24-45339a098b32","version":6},"size":"1X","state":"up","type":"web","updated_at":"2015-03-19T16:32:33Z"}]'
    http_version: 
  recorded_at: Thu, 19 Mar 2015 16:32:53 GMT
- request:
    method: get
    uri: https://api.heroku.com/apps/2b04388f-0b2a-48e1-b7d6-3301afb77c4d/formation
    body:
      encoding: US-ASCII
      string: ''
    headers:
      User-Agent:
      - excon/0.44.4
      Authorization:
      - __AUTHORIZATION__
      Accept:
      - application/vnd.heroku+json; version=3
      Content-Type:
      - application/json
      Accept-Encoding:
      - gzip
  response:
    status:
      code: 200
      message: 
    headers:
      Content-Encoding:
      - ''
      Content-Type:
      - application/json
      Date:
      - Thu, 19 Mar 2015 16:32:53 GMT
      ETag:
      - '"2e7365b08593b06330c2d84eb9d74b47"'
      Last-Modified:
      - Thu, 19 Mar 2015 16:32:28 GMT
      Oauth-Scope:
      - global
      Oauth-Scope-Accepted:
      - global read read-protected write write-protected
      RateLimit-Remaining:
      - '1969'
      Request-Id:
      - 6ce3a82b-e681-4aef-9ab0-65b2422eb2f5
      Server:
      - nginx/1.4.6 (Ubuntu)
      Status:
      - 200 OK
      Vary:
      - Accept-Encoding
      X-Content-Type-Options:
      - nosniff
      X-Runtime:
      - '0.0492493'
      Content-Length:
      - '164'
      Connection:
      - keep-alive
    body:
      encoding: UTF-8
      string: '[{"command":"node server.js","created_at":"2015-03-19T16:31:18Z","id":"1a9ea996-bb3d-4c65-a248-d3f2ea4b0c5e","type":"web","quantity":1,"size":"1X","updated_at":"2015-03-19T16:32:28Z"}]'
    http_version: 
  recorded_at: Thu, 19 Mar 2015 16:32:53 GMT
- request:
    method: get
    uri: https://api.heroku.com/apps/2b04388f-0b2a-48e1-b7d6-3301afb77c4d/buildpack-installations
    body:
      encoding: US-ASCII
      string: ''
    headers:
      User-Agent:
      - excon/0.44.4
      Authorization:
      - __AUTHORIZATION__
      Accept:
      - application/vnd.heroku+json; version=3
      Content-Type:
      - application/json
      Accept-Encoding:
      - gzip
  response:
    status:
      code: 200
      message: 
    headers:
      Accept-Ranges:
      - id, ordinal
      Content-Encoding:
      - ''
      Content-Range:
      - ordinal 0..0
      Content-Type:
      - application/json
      Date:
      - Thu, 19 Mar 2015 16:32:54 GMT
      ETag:
      - '"87d7b85882f94ae872184eafce30ccd8"'
      Oauth-Scope:
      - global
      Oauth-Scope-Accepted:
      - global read read-protected write write-protected
      RateLimit-Remaining:
      - '1968'
      Request-Id:
      - 15a3ebe2-9bcd-4069-88cf-11be5ede3e02
      Server:
      - nginx/1.4.6 (Ubuntu)
      Status:
      - 200 OK
      Vary:
      - Accept-Encoding
      X-Content-Type-Options:
      - nosniff
      X-Runtime:
      - '0.046503704'
      Content-Length:
      - '100'
      Connection:
      - keep-alive
    body:
      encoding: UTF-8
      string: '[{"buildpack":{"url":"https://github.com/heroku/heroku-buildpack-nodejs"},"ordinal":0}]'
    http_version: 
  recorded_at: Thu, 19 Mar 2015 16:32:54 GMT
- request:
    method: get
    uri: https://api.heroku.com/apps/2b04388f-0b2a-48e1-b7d6-3301afb77c4d/dynos
    body:
      encoding: US-ASCII
      string: ''
    headers:
      User-Agent:
      - excon/0.44.4
      Authorization:
      - __AUTHORIZATION__
      Accept:
      - application/vnd.heroku+json; version=3
      Content-Type:
      - application/json
      Accept-Encoding:
      - gzip
  response:
    status:
      code: 200
      message: 
    headers:
      Content-Encoding:
      - ''
      Content-Type:
      - application/json
      Date:
      - Thu, 19 Mar 2015 16:32:55 GMT
      ETag:
      - '"01fc6338ad682184b2ff168393e32910"'
      Last-Modified:
      - Thu, 19 Mar 2015 16:32:33 GMT
      Oauth-Scope:
      - global
      Oauth-Scope-Accepted:
      - global read read-protected write write-protected
      RateLimit-Remaining:
      - '1967'
      Request-Id:
      - 57582081-dc71-43c7-ae90-8aed34c98308
      Server:
      - nginx/1.4.6 (Ubuntu)
      Status:
      - 200 OK
      Vary:
      - Accept-Encoding
      X-Content-Type-Options:
      - nosniff
      X-Runtime:
      - '0.11481457'
      Content-Length:
      - '223'
      Connection:
      - keep-alive
    body:
      encoding: UTF-8
      string: '[{"attach_url":null,"command":"node server.js","created_at":"2015-03-19T16:32:33Z","id":"eb776dae-2361-4390-8b40-823339716e2f","name":"web.1","release":{"id":"5256c2f7-c540-4f41-9a24-45339a098b32","version":6},"size":"1X","state":"up","type":"web","updated_at":"2015-03-19T16:32:33Z"}]'
    http_version: 
  recorded_at: Thu, 19 Mar 2015 16:32:55 GMT
- request:
    method: patch
    uri: https://api.heroku.com/apps/paasal-test-app-all-updated/formation
    body:
      encoding: UTF-8
      string: '{"updates":[{"process":"worker","quantity":0}]}'
    headers:
      User-Agent:
      - excon/0.44.4
      Authorization:
      - __AUTHORIZATION__
      Accept:
      - application/vnd.heroku+json; version=3
      Content-Type:
      - application/json
      Accept-Encoding:
      - gzip
  response:
    status:
      code: 404
      message: 
    headers:
      Content-Encoding:
      - ''
      Content-Type:
      - application/json
      Date:
      - Thu, 19 Mar 2015 16:32:55 GMT
      Oauth-Scope:
      - global
      Oauth-Scope-Accepted:
      - global write write-protected
      RateLimit-Remaining:
      - '1966'
      Request-Id:
      - b5d7a91c-5906-454b-a58b-c4ae07e9a103
      Server:
      - nginx/1.4.6 (Ubuntu)
      Status:
      - 404 Not Found
      Vary:
      - Accept-Encoding
      X-Content-Type-Options:
      - nosniff
      X-Runtime:
      - '0.025276509'
      Content-Length:
      - '114'
      Connection:
      - keep-alive
    body:
      encoding: UTF-8
      string: '{"resource":"dyno_type","id":"not_found","message":"No such process
        type worker defined in Procfile."}'
    http_version: 
  recorded_at: Thu, 19 Mar 2015 16:32:55 GMT
- request:
    method: patch
    uri: https://api.heroku.com/apps/paasal-test-app-all-updated
    body:
      encoding: UTF-8
      string: '{"maintenance":true}'
    headers:
      User-Agent:
      - excon/0.44.4
      Authorization:
      - __AUTHORIZATION__
      Accept:
      - application/vnd.heroku+json; version=3
      Content-Type:
      - application/json
      Accept-Encoding:
      - gzip
  response:
    status:
      code: 200
      message: 
    headers:
      Content-Encoding:
      - ''
      Content-Type:
      - application/json
      Date:
      - Thu, 19 Mar 2015 16:32:56 GMT
      ETag:
      - '"2e7365b08593b06330c2d84eb9d74b47"'
      Last-Modified:
      - Thu, 19 Mar 2015 16:32:28 GMT
      Oauth-Scope:
      - global
      Oauth-Scope-Accepted:
      - global write write-protected
      RateLimit-Remaining:
      - '1965'
      Request-Id:
      - a1452006-aa51-4509-bf47-b52d02712dff
      Server:
      - nginx/1.4.6 (Ubuntu)
      Status:
      - 200 OK
      Vary:
      - Accept-Encoding
      X-Content-Type-Options:
      - nosniff
      X-Runtime:
      - '0.074035118'
      Content-Length:
      - '413'
      Connection:
      - keep-alive
    body:
      encoding: UTF-8
      string: '{"archived_at":null,"buildpack_provided_description":"Node.js","build_stack":{"id":"f9f9cbd7-2970-41ef-8db5-3df7123b041f","name":"cedar-14"},"created_at":"2015-03-19T16:28:10Z","id":"2b04388f-0b2a-48e1-b7d6-3301afb77c4d","git_url":"git@heroku.com:paasal-test-app-all-updated.git","maintenance":true,"name":"paasal-test-app-all-updated","owner":{"email":"__heroku:user__","id":"__heroku:id__"},"region":{"id":"59accabd-516d-4f0e-83e6-6e3757701145","name":"us"},"released_at":"2015-03-19T16:31:18Z","repo_size":2703559,"slug_size":12393061,"stack":{"id":"f9f9cbd7-2970-41ef-8db5-3df7123b041f","name":"cedar-14"},"updated_at":"2015-03-19T16:32:56Z","web_url":"https://paasal-test-app-all-updated.herokuapp.com/"}'
    http_version: 
  recorded_at: Thu, 19 Mar 2015 16:32:56 GMT
- request:
    method: get
    uri: https://api.heroku.com/apps/2b04388f-0b2a-48e1-b7d6-3301afb77c4d/dynos
    body:
      encoding: US-ASCII
      string: ''
    headers:
      User-Agent:
      - excon/0.44.4
      Authorization:
      - __AUTHORIZATION__
      Accept:
      - application/vnd.heroku+json; version=3
      Content-Type:
      - application/json
      Accept-Encoding:
      - gzip
  response:
    status:
      code: 200
      message: 
    headers:
      Content-Encoding:
      - ''
      Content-Type:
      - application/json
      Date:
      - Thu, 19 Mar 2015 16:32:57 GMT
      ETag:
      - '"01fc6338ad682184b2ff168393e32910"'
      Last-Modified:
      - Thu, 19 Mar 2015 16:32:33 GMT
      Oauth-Scope:
      - global
      Oauth-Scope-Accepted:
      - global read read-protected write write-protected
      RateLimit-Remaining:
      - '1964'
      Request-Id:
      - 3e998ddd-8bf0-4bdf-a317-6c11206582b9
      Server:
      - nginx/1.4.6 (Ubuntu)
      Status:
      - 200 OK
      Vary:
      - Accept-Encoding
      X-Content-Type-Options:
      - nosniff
      X-Runtime:
      - '0.094615167'
      Content-Length:
      - '223'
      Connection:
      - keep-alive
    body:
      encoding: UTF-8
      string: '[{"attach_url":null,"command":"node server.js","created_at":"2015-03-19T16:32:33Z","id":"eb776dae-2361-4390-8b40-823339716e2f","name":"web.1","release":{"id":"5256c2f7-c540-4f41-9a24-45339a098b32","version":6},"size":"1X","state":"up","type":"web","updated_at":"2015-03-19T16:32:33Z"}]'
    http_version: 
  recorded_at: Thu, 19 Mar 2015 16:32:57 GMT
- request:
    method: get
    uri: https://api.heroku.com/apps/2b04388f-0b2a-48e1-b7d6-3301afb77c4d/formation
    body:
      encoding: US-ASCII
      string: ''
    headers:
      User-Agent:
      - excon/0.44.4
      Authorization:
      - __AUTHORIZATION__
      Accept:
      - application/vnd.heroku+json; version=3
      Content-Type:
      - application/json
      Accept-Encoding:
      - gzip
  response:
    status:
      code: 200
      message: 
    headers:
      Content-Encoding:
      - ''
      Content-Type:
      - application/json
      Date:
      - Thu, 19 Mar 2015 16:32:57 GMT
      ETag:
      - '"38f583ecaf2ddcbc5f9b53536cefed01"'
      Last-Modified:
      - Thu, 19 Mar 2015 16:32:56 GMT
      Oauth-Scope:
      - global
      Oauth-Scope-Accepted:
      - global read read-protected write write-protected
      RateLimit-Remaining:
      - '1963'
      Request-Id:
      - bbe78821-1b85-4a34-806e-0537e9372ce5
      Server:
      - nginx/1.4.6 (Ubuntu)
      Status:
      - 200 OK
      Vary:
      - Accept-Encoding
      X-Content-Type-Options:
      - nosniff
      X-Runtime:
      - '0.025897369'
      Content-Length:
      - '164'
      Connection:
      - keep-alive
    body:
      encoding: UTF-8
      string: '[{"command":"node server.js","created_at":"2015-03-19T16:31:18Z","id":"1a9ea996-bb3d-4c65-a248-d3f2ea4b0c5e","type":"web","quantity":1,"size":"1X","updated_at":"2015-03-19T16:32:28Z"}]'
    http_version: 
  recorded_at: Thu, 19 Mar 2015 16:32:57 GMT
- request:
    method: get
    uri: https://api.heroku.com/apps/2b04388f-0b2a-48e1-b7d6-3301afb77c4d/buildpack-installations
    body:
      encoding: US-ASCII
      string: ''
    headers:
      User-Agent:
      - excon/0.44.4
      Authorization:
      - __AUTHORIZATION__
      Accept:
      - application/vnd.heroku+json; version=3
      Content-Type:
      - application/json
      Accept-Encoding:
      - gzip
  response:
    status:
      code: 200
      message: 
    headers:
      Accept-Ranges:
      - id, ordinal
      Content-Encoding:
      - ''
      Content-Range:
      - ordinal 0..0
      Content-Type:
      - application/json
      Date:
      - Thu, 19 Mar 2015 16:32:58 GMT
      ETag:
      - '"87d7b85882f94ae872184eafce30ccd8"'
      Oauth-Scope:
      - global
      Oauth-Scope-Accepted:
      - global read read-protected write write-protected
      RateLimit-Remaining:
      - '1962'
      Request-Id:
      - 0a8de73b-9775-4ce9-a38b-d6e56658ad93
      Server:
      - nginx/1.4.6 (Ubuntu)
      Status:
      - 200 OK
      Vary:
      - Accept-Encoding
      X-Content-Type-Options:
      - nosniff
      X-Runtime:
      - '0.041387438'
      Content-Length:
      - '100'
      Connection:
      - keep-alive
    body:
      encoding: UTF-8
      string: '[{"buildpack":{"url":"https://github.com/heroku/heroku-buildpack-nodejs"},"ordinal":0}]'
    http_version: 
  recorded_at: Thu, 19 Mar 2015 16:32:58 GMT
- request:
    method: get
    uri: https://api.heroku.com/apps/2b04388f-0b2a-48e1-b7d6-3301afb77c4d/dynos
    body:
      encoding: US-ASCII
      string: ''
    headers:
      User-Agent:
      - excon/0.44.4
      Authorization:
      - __AUTHORIZATION__
      Accept:
      - application/vnd.heroku+json; version=3
      Content-Type:
      - application/json
      Accept-Encoding:
      - gzip
  response:
    status:
      code: 200
      message: 
    headers:
      Content-Encoding:
      - ''
      Content-Type:
      - application/json
      Date:
      - Thu, 19 Mar 2015 16:32:58 GMT
      ETag:
      - '"01fc6338ad682184b2ff168393e32910"'
      Last-Modified:
      - Thu, 19 Mar 2015 16:32:33 GMT
      Oauth-Scope:
      - global
      Oauth-Scope-Accepted:
      - global read read-protected write write-protected
      RateLimit-Remaining:
      - '1961'
      Request-Id:
      - 40ffbf9d-d260-45df-bfdc-b613fc5e6c60
      Server:
      - nginx/1.4.6 (Ubuntu)
      Status:
      - 200 OK
      Vary:
      - Accept-Encoding
      X-Content-Type-Options:
      - nosniff
      X-Runtime:
      - '0.115098724'
      Content-Length:
      - '223'
      Connection:
      - keep-alive
    body:
      encoding: UTF-8
      string: '[{"attach_url":null,"command":"node server.js","created_at":"2015-03-19T16:32:33Z","id":"eb776dae-2361-4390-8b40-823339716e2f","name":"web.1","release":{"id":"5256c2f7-c540-4f41-9a24-45339a098b32","version":6},"size":"1X","state":"up","type":"web","updated_at":"2015-03-19T16:32:33Z"}]'
    http_version: 
  recorded_at: Thu, 19 Mar 2015 16:32:58 GMT
- request:
    method: get
    uri: https://api.heroku.com/apps/paasal-test-app-all-updated
    body:
      encoding: US-ASCII
      string: ''
    headers:
      User-Agent:
      - excon/0.44.4
      Authorization:
      - __AUTHORIZATION__
      Accept:
      - application/vnd.heroku+json; version=3
      Content-Type:
      - application/json
      Accept-Encoding:
      - gzip
  response:
    status:
      code: 200
      message: 
    headers:
      Content-Encoding:
      - ''
      Content-Type:
      - application/json
      Date:
      - Thu, 19 Mar 2015 16:32:59 GMT
      ETag:
      - '"38f583ecaf2ddcbc5f9b53536cefed01"'
      Last-Modified:
      - Thu, 19 Mar 2015 16:32:56 GMT
      Oauth-Scope:
      - global
      Oauth-Scope-Accepted:
      - global read read-protected write write-protected
      RateLimit-Remaining:
      - '1960'
      Request-Id:
      - 25c1dc1b-d5af-4c2a-97ea-a30ba6257528
      Server:
      - nginx/1.4.6 (Ubuntu)
      Status:
      - 200 OK
      Vary:
      - Accept-Encoding
      X-Content-Type-Options:
      - nosniff
      X-Runtime:
      - '0.046518434'
      Content-Length:
      - '413'
      Connection:
      - keep-alive
    body:
      encoding: UTF-8
      string: '{"archived_at":null,"buildpack_provided_description":"Node.js","build_stack":{"id":"f9f9cbd7-2970-41ef-8db5-3df7123b041f","name":"cedar-14"},"created_at":"2015-03-19T16:28:10Z","id":"2b04388f-0b2a-48e1-b7d6-3301afb77c4d","git_url":"git@heroku.com:paasal-test-app-all-updated.git","maintenance":true,"name":"paasal-test-app-all-updated","owner":{"email":"__heroku:user__","id":"__heroku:id__"},"region":{"id":"59accabd-516d-4f0e-83e6-6e3757701145","name":"us"},"released_at":"2015-03-19T16:31:18Z","repo_size":2703559,"slug_size":12393061,"stack":{"id":"f9f9cbd7-2970-41ef-8db5-3df7123b041f","name":"cedar-14"},"updated_at":"2015-03-19T16:32:56Z","web_url":"https://paasal-test-app-all-updated.herokuapp.com/"}'
    http_version: 
  recorded_at: Thu, 19 Mar 2015 16:32:59 GMT
- request:
    method: get
    uri: https://api.heroku.com/apps/2b04388f-0b2a-48e1-b7d6-3301afb77c4d/dynos
    body:
      encoding: US-ASCII
      string: ''
    headers:
      User-Agent:
      - excon/0.44.4
      Authorization:
      - __AUTHORIZATION__
      Accept:
      - application/vnd.heroku+json; version=3
      Content-Type:
      - application/json
      Accept-Encoding:
      - gzip
  response:
    status:
      code: 200
      message: 
    headers:
      Content-Encoding:
      - ''
      Content-Type:
      - application/json
      Date:
      - Thu, 19 Mar 2015 16:33:00 GMT
      ETag:
      - '"01fc6338ad682184b2ff168393e32910"'
      Last-Modified:
      - Thu, 19 Mar 2015 16:32:33 GMT
      Oauth-Scope:
      - global
      Oauth-Scope-Accepted:
      - global read read-protected write write-protected
      RateLimit-Remaining:
      - '1959'
      Request-Id:
      - 6a38ccb5-123b-4dae-9aac-5bd20c02f35f
      Server:
      - nginx/1.4.6 (Ubuntu)
      Status:
      - 200 OK
      Vary:
      - Accept-Encoding
      X-Content-Type-Options:
      - nosniff
      X-Runtime:
      - '0.108906282'
      Content-Length:
      - '223'
      Connection:
      - keep-alive
    body:
      encoding: UTF-8
      string: '[{"attach_url":null,"command":"node server.js","created_at":"2015-03-19T16:32:33Z","id":"eb776dae-2361-4390-8b40-823339716e2f","name":"web.1","release":{"id":"5256c2f7-c540-4f41-9a24-45339a098b32","version":6},"size":"1X","state":"up","type":"web","updated_at":"2015-03-19T16:32:33Z"}]'
    http_version: 
  recorded_at: Thu, 19 Mar 2015 16:33:00 GMT
- request:
    method: get
    uri: https://api.heroku.com/apps/2b04388f-0b2a-48e1-b7d6-3301afb77c4d/formation
    body:
      encoding: US-ASCII
      string: ''
    headers:
      User-Agent:
      - excon/0.44.4
      Authorization:
      - __AUTHORIZATION__
      Accept:
      - application/vnd.heroku+json; version=3
      Content-Type:
      - application/json
      Accept-Encoding:
      - gzip
  response:
    status:
      code: 200
      message: 
    headers:
      Content-Encoding:
      - ''
      Content-Type:
      - application/json
      Date:
      - Thu, 19 Mar 2015 16:33:00 GMT
      ETag:
      - '"38f583ecaf2ddcbc5f9b53536cefed01"'
      Last-Modified:
      - Thu, 19 Mar 2015 16:32:56 GMT
      Oauth-Scope:
      - global
      Oauth-Scope-Accepted:
      - global read read-protected write write-protected
      RateLimit-Remaining:
      - '1958'
      Request-Id:
      - a9168f79-dcc3-4f4d-a364-5f8721ab7782
      Server:
      - nginx/1.4.6 (Ubuntu)
      Status:
      - 200 OK
      Vary:
      - Accept-Encoding
      X-Content-Type-Options:
      - nosniff
      X-Runtime:
      - '0.053321425'
      Content-Length:
      - '164'
      Connection:
      - keep-alive
    body:
      encoding: UTF-8
      string: '[{"command":"node server.js","created_at":"2015-03-19T16:31:18Z","id":"1a9ea996-bb3d-4c65-a248-d3f2ea4b0c5e","type":"web","quantity":1,"size":"1X","updated_at":"2015-03-19T16:32:28Z"}]'
    http_version: 
  recorded_at: Thu, 19 Mar 2015 16:33:00 GMT
- request:
    method: get
    uri: https://api.heroku.com/apps/2b04388f-0b2a-48e1-b7d6-3301afb77c4d/buildpack-installations
    body:
      encoding: US-ASCII
      string: ''
    headers:
      User-Agent:
      - excon/0.44.4
      Authorization:
      - __AUTHORIZATION__
      Accept:
      - application/vnd.heroku+json; version=3
      Content-Type:
      - application/json
      Accept-Encoding:
      - gzip
  response:
    status:
      code: 200
      message: 
    headers:
      Accept-Ranges:
      - id, ordinal
      Content-Encoding:
      - ''
      Content-Range:
      - ordinal 0..0
      Content-Type:
      - application/json
      Date:
      - Thu, 19 Mar 2015 16:33:01 GMT
      ETag:
      - '"87d7b85882f94ae872184eafce30ccd8"'
      Oauth-Scope:
      - global
      Oauth-Scope-Accepted:
      - global read read-protected write write-protected
      RateLimit-Remaining:
      - '1957'
      Request-Id:
      - b034ae99-37b7-4787-a02c-b0bf6b38ecce
      Server:
      - nginx/1.4.6 (Ubuntu)
      Status:
      - 200 OK
      Vary:
      - Accept-Encoding
      X-Content-Type-Options:
      - nosniff
      X-Runtime:
      - '0.025709395'
      Content-Length:
      - '100'
      Connection:
      - keep-alive
    body:
      encoding: UTF-8
      string: '[{"buildpack":{"url":"https://github.com/heroku/heroku-buildpack-nodejs"},"ordinal":0}]'
    http_version: 
  recorded_at: Thu, 19 Mar 2015 16:33:01 GMT
- request:
    method: get
    uri: https://api.heroku.com/apps/2b04388f-0b2a-48e1-b7d6-3301afb77c4d/dynos
    body:
      encoding: US-ASCII
      string: ''
    headers:
      User-Agent:
      - excon/0.44.4
      Authorization:
      - __AUTHORIZATION__
      Accept:
      - application/vnd.heroku+json; version=3
      Content-Type:
      - application/json
      Accept-Encoding:
      - gzip
  response:
    status:
      code: 200
      message: 
    headers:
      Content-Encoding:
      - ''
      Content-Type:
      - application/json
      Date:
      - Thu, 19 Mar 2015 16:33:01 GMT
      ETag:
      - '"01fc6338ad682184b2ff168393e32910"'
      Last-Modified:
      - Thu, 19 Mar 2015 16:32:33 GMT
      Oauth-Scope:
      - global
      Oauth-Scope-Accepted:
      - global read read-protected write write-protected
      RateLimit-Remaining:
      - '1956'
      Request-Id:
      - e1eb1fb1-f725-4fce-af67-688c212b2d5b
      Server:
      - nginx/1.4.6 (Ubuntu)
      Status:
      - 200 OK
      Vary:
      - Accept-Encoding
      X-Content-Type-Options:
      - nosniff
      X-Runtime:
      - '0.093737465'
      Content-Length:
      - '223'
      Connection:
      - keep-alive
    body:
      encoding: UTF-8
      string: '[{"attach_url":null,"command":"node server.js","created_at":"2015-03-19T16:32:33Z","id":"eb776dae-2361-4390-8b40-823339716e2f","name":"web.1","release":{"id":"5256c2f7-c540-4f41-9a24-45339a098b32","version":6},"size":"1X","state":"up","type":"web","updated_at":"2015-03-19T16:32:33Z"}]'
    http_version: 
  recorded_at: Thu, 19 Mar 2015 16:33:01 GMT
recorded_with: VCR 2.9.3
