---
http_interactions:
- request:
    method: get
    uri: https://api.10.244.0.34.xip.io/v2/info
    body:
      encoding: US-ASCII
      string: ''
    headers:
      User-Agent:
      - excon/0.45.1
      Accept-Encoding:
      - gzip
  response:
    status:
      code: 200
      message: 
    headers:
      Content-Length:
      - '331'
      Content-Type:
      - application/json;charset=utf-8
      Date:
      - Thu, 02 Apr 2015 12:33:35 GMT
      Server:
      - nginx
      X-Cf-Requestid:
      - 19c4e090-f7ee-42c9-6c9f-65966ff89a73
      X-Content-Type-Options:
      - nosniff
      X-Vcap-Request-Id:
      - 2ee70f1c-123e-46d5-4117-094604c548c1::e582cd11-3d9f-4cd4-8b63-762048f5849a
    body:
      encoding: UTF-8
      string: '{"name":"vcap","build":"2222","support":"http://support.cloudfoundry.com","version":2,"description":"Cloud
        Foundry sponsored by Pivotal","authorization_endpoint":"http://login.10.244.0.34.xip.io","token_endpoint":"https://uaa.10.244.0.34.xip.io","api_version":"2.18.0","logging_endpoint":"wss://loggregator.10.244.0.34.xip.io:443"}'
    http_version: 
  recorded_at: Thu, 02 Apr 2015 12:41:26 GMT
- request:
    method: post
    uri: http://login.10.244.0.34.xip.io/oauth/token?grant_type=password&password=__cf-bosh-local:user__&username=__cf-bosh-local:user__
    body:
      encoding: US-ASCII
      string: ''
    headers:
      User-Agent:
      - excon/0.45.1
      Authorization:
      - __AUTHORIZATION__
      Content-Type:
      - application/x-www-form-urlencoded
      Accept:
      - application/json
  response:
    status:
      code: 200
      message: 
    headers:
      Cache-Control:
      - no-cache, no-store, no-store
      Connection:
      - close
      Content-Length:
      - '1856'
      Content-Type:
      - application/json;charset=UTF-8
      Date:
      - Thu, 02 Apr 2015 12:33:34 GMT
      Expires:
      - Thu, 01 Jan 1970 00:00:00 GMT
      Pragma:
      - no-cache, no-cache
      Server:
      - Apache-Coyote/1.1
      X-Cf-Requestid:
      - 6c5530a5-0f90-4f42-7c0f-a54356a13262, 3a322156-e817-4d6b-5856-0671c12624dc
      X-Frame-Options:
      - DENY
    body:
      encoding: UTF-8
      string: '{"access_token":"__ACCESS_TOKEN__","token_type":"bearer","refresh_token":"__REFRESH_TOKEN__","expires_in":599,"scope":"scim.userids
        cloud_controller.write password.write openid cloud_controller.read","jti":"fd017c82-3fbf-461e-9e5e-9c9f0fd099f8"}'
    http_version: 
  recorded_at: Thu, 02 Apr 2015 12:41:27 GMT
- request:
    method: get
    uri: https://api.10.244.0.34.xip.io/v2/apps?q=name%3Apaasal-test-app-all-updated
    body:
      encoding: US-ASCII
      string: ''
    headers:
      User-Agent:
      - excon/0.45.1
      Authorization:
      - __AUTHORIZATION__
      Basic:
      - Y2Y6
      Content-Type:
      - application/json
      Accept-Encoding:
      - gzip
  response:
    status:
      code: 200
      message: 
    headers:
      Content-Length:
      - '1774'
      Content-Type:
      - application/json;charset=utf-8
      Date:
      - Thu, 02 Apr 2015 12:33:35 GMT
      Server:
      - nginx
      X-Cf-Requestid:
      - e798a1ca-4e35-4830-6827-c27cc7d370fa
      X-Content-Type-Options:
      - nosniff
      X-Vcap-Request-Id:
      - 6dc006f3-0c2c-4e86-4921-f4b8eb56a553::265bb7c0-0565-4233-bb67-70baf1523b81
    body:
      encoding: UTF-8
      string: |-
        {
          "total_results": 1,
          "total_pages": 1,
          "prev_url": null,
          "next_url": null,
          "resources": [
            {
              "metadata": {
                "guid": "f0295428-234e-4eb6-9d42-a4167c9f990c",
                "url": "/v2/apps/f0295428-234e-4eb6-9d42-a4167c9f990c",
                "created_at": "2015-04-02T12:32:48+00:00",
                "updated_at": "2015-04-02T12:33:34+00:00"
              },
              "entity": {
                "name": "paasal-test-app-all-updated",
                "production": false,
                "space_guid": "d3483f4f-6706-4fe1-ad90-1bd45d50e940",
                "stack_guid": "b4d24013-b385-4db1-a171-b4e151a87c46",
                "buildpack": "nodejs_buildpack",
                "detected_buildpack": null,
                "environment_json": {
                  "our_test_var_key": "our_updated_test_var_value",
                  "our_test_var_key2": "our_test_var_value2"
                },
                "memory": 256,
                "instances": 1,
                "disk_quota": 1024,
                "state": "STARTED",
                "version": "eab2d41c-83ce-4d07-8423-a10001ba6b63",
                "command": null,
                "console": false,
                "debug": null,
                "staging_task_id": "e143565f94694f03a29bfe2d052ce0c8",
                "package_state": "STAGED",
                "health_check_timeout": null,
                "staging_failed_reason": null,
                "docker_image": null,
                "package_updated_at": "2015-04-02T12:33:15+00:00",
                "detected_start_command": "node server.js",
                "space_url": "/v2/spaces/d3483f4f-6706-4fe1-ad90-1bd45d50e940",
                "stack_url": "/v2/stacks/b4d24013-b385-4db1-a171-b4e151a87c46",
                "events_url": "/v2/apps/f0295428-234e-4eb6-9d42-a4167c9f990c/events",
                "service_bindings_url": "/v2/apps/f0295428-234e-4eb6-9d42-a4167c9f990c/service_bindings",
                "routes_url": "/v2/apps/f0295428-234e-4eb6-9d42-a4167c9f990c/routes"
              }
            }
          ]
        }
    http_version: 
  recorded_at: Thu, 02 Apr 2015 12:41:27 GMT
- request:
    method: head
    uri: https://api.10.244.0.34.xip.io/v2/apps/f0295428-234e-4eb6-9d42-a4167c9f990c/download
    body:
      encoding: US-ASCII
      string: ''
    headers:
      User-Agent:
      - excon/0.45.1
      Authorization:
      - __AUTHORIZATION__
      Basic:
      - Y2Y6
      Content-Type:
      - application/json
      Accept-Encoding:
      - gzip
  response:
    status:
      code: 200
      message: 
    headers:
      Accept-Ranges:
      - bytes
      Content-Length:
      - '2156448'
      Content-Type:
      - application/json;charset=utf-8
      Date:
      - Thu, 02 Apr 2015 12:33:35 GMT
      Etag:
      - '"551d370b-20e7a0"'
      Last-Modified:
      - Thu, 02 Apr 2015 12:33:15 GMT
      Server:
      - nginx
      X-Cf-Requestid:
      - 3ecce2dc-cdf9-419a-5ea2-703fc307c42c
    body:
      encoding: UTF-8
      string: ''
    http_version: 
  recorded_at: Thu, 02 Apr 2015 12:41:27 GMT
- request:
    method: put
    uri: https://api.10.244.0.34.xip.io/v2/apps/f0295428-234e-4eb6-9d42-a4167c9f990c
    body:
      encoding: UTF-8
      string: '{"state":"STOPPED"}'
    headers:
      User-Agent:
      - excon/0.45.1
      Authorization:
      - __AUTHORIZATION__
      Basic:
      - Y2Y6
      Content-Type:
      - application/json
      Accept-Encoding:
      - gzip
  response:
    status:
      code: 201
      message: 
    headers:
      Content-Length:
      - '1507'
      Content-Type:
      - application/json;charset=utf-8
      Date:
      - Thu, 02 Apr 2015 12:33:35 GMT
      Server:
      - nginx
      X-Cf-Requestid:
      - f0b2b259-9ccd-462e-6333-f16fda18af8d
      X-Content-Type-Options:
      - nosniff
      X-Vcap-Request-Id:
      - 7495bfd1-2a63-476a-5210-5426796c7b60::7250b63e-4925-474e-8499-0687bd2af658
    body:
      encoding: UTF-8
      string: |-
        {
          "metadata": {
            "guid": "f0295428-234e-4eb6-9d42-a4167c9f990c",
            "url": "/v2/apps/f0295428-234e-4eb6-9d42-a4167c9f990c",
            "created_at": "2015-04-02T12:32:48+00:00",
            "updated_at": "2015-04-02T12:33:35+00:00"
          },
          "entity": {
            "name": "paasal-test-app-all-updated",
            "production": false,
            "space_guid": "d3483f4f-6706-4fe1-ad90-1bd45d50e940",
            "stack_guid": "b4d24013-b385-4db1-a171-b4e151a87c46",
            "buildpack": "nodejs_buildpack",
            "detected_buildpack": null,
            "environment_json": {
              "our_test_var_key": "our_updated_test_var_value",
              "our_test_var_key2": "our_test_var_value2"
            },
            "memory": 256,
            "instances": 1,
            "disk_quota": 1024,
            "state": "STOPPED",
            "version": "eab2d41c-83ce-4d07-8423-a10001ba6b63",
            "command": null,
            "console": false,
            "debug": null,
            "staging_task_id": "e143565f94694f03a29bfe2d052ce0c8",
            "package_state": "STAGED",
            "health_check_timeout": null,
            "staging_failed_reason": null,
            "docker_image": null,
            "package_updated_at": "2015-04-02T12:33:15+00:00",
            "detected_start_command": "node server.js",
            "space_url": "/v2/spaces/d3483f4f-6706-4fe1-ad90-1bd45d50e940",
            "stack_url": "/v2/stacks/b4d24013-b385-4db1-a171-b4e151a87c46",
            "events_url": "/v2/apps/f0295428-234e-4eb6-9d42-a4167c9f990c/events",
            "service_bindings_url": "/v2/apps/f0295428-234e-4eb6-9d42-a4167c9f990c/service_bindings",
            "routes_url": "/v2/apps/f0295428-234e-4eb6-9d42-a4167c9f990c/routes"
          }
        }
    http_version: 
  recorded_at: Thu, 02 Apr 2015 12:41:27 GMT
- request:
    method: get
    uri: https://api.10.244.0.34.xip.io/v2/apps/f0295428-234e-4eb6-9d42-a4167c9f990c/routes
    body:
      encoding: US-ASCII
      string: ''
    headers:
      User-Agent:
      - excon/0.45.1
      Authorization:
      - __AUTHORIZATION__
      Basic:
      - Y2Y6
      Content-Type:
      - application/json
      Accept-Encoding:
      - gzip
  response:
    status:
      code: 200
      message: 
    headers:
      Content-Length:
      - '2056'
      Content-Type:
      - application/json;charset=utf-8
      Date:
      - Thu, 02 Apr 2015 12:33:35 GMT
      Server:
      - nginx
      X-Cf-Requestid:
      - 815db3e5-8a80-45b9-65e6-f3bb33f8e3c2
      X-Content-Type-Options:
      - nosniff
      X-Vcap-Request-Id:
      - 71d61136-803e-4bf2-6e44-6560a0d803ed::b7c01a41-beee-4f91-b0af-37e3cf033a8e
    body:
      encoding: UTF-8
      string: |-
        {
          "total_results": 3,
          "total_pages": 1,
          "prev_url": null,
          "next_url": null,
          "resources": [
            {
              "metadata": {
                "guid": "579461f3-b818-412c-9bab-03793203f64f",
                "url": "/v2/routes/579461f3-b818-412c-9bab-03793203f64f",
                "created_at": "2015-04-02T12:32:49+00:00",
                "updated_at": null
              },
              "entity": {
                "host": "f0295428-234e-4eb6-9d42-a4167c9f990c",
                "domain_guid": "0a7ac015-b059-47d3-b1a2-873a6e370f36",
                "space_guid": "d3483f4f-6706-4fe1-ad90-1bd45d50e940",
                "domain_url": "/v2/domains/0a7ac015-b059-47d3-b1a2-873a6e370f36",
                "space_url": "/v2/spaces/d3483f4f-6706-4fe1-ad90-1bd45d50e940",
                "apps_url": "/v2/routes/579461f3-b818-412c-9bab-03793203f64f/apps"
              }
            },
            {
              "metadata": {
                "guid": "1514ad6f-a35c-4fd9-8c9b-b7eb0e8ce3a1",
                "url": "/v2/routes/1514ad6f-a35c-4fd9-8c9b-b7eb0e8ce3a1",
                "created_at": "2015-04-02T12:33:06+00:00",
                "updated_at": null
              },
              "entity": {
                "host": "cf-bosh-local",
                "domain_guid": "a055ee95-7d64-4352-9e5e-7eea55ecf706",
                "space_guid": "d3483f4f-6706-4fe1-ad90-1bd45d50e940",
                "domain_url": "/v2/domains/a055ee95-7d64-4352-9e5e-7eea55ecf706",
                "space_url": "/v2/spaces/d3483f4f-6706-4fe1-ad90-1bd45d50e940",
                "apps_url": "/v2/routes/1514ad6f-a35c-4fd9-8c9b-b7eb0e8ce3a1/apps"
              }
            },
            {
              "metadata": {
                "guid": "afbe1d4a-21ed-4202-813f-b2ae65e37a9a",
                "url": "/v2/routes/afbe1d4a-21ed-4202-813f-b2ae65e37a9a",
                "created_at": "2015-04-02T12:33:07+00:00",
                "updated_at": null
              },
              "entity": {
                "host": "",
                "domain_guid": "a055ee95-7d64-4352-9e5e-7eea55ecf706",
                "space_guid": "d3483f4f-6706-4fe1-ad90-1bd45d50e940",
                "domain_url": "/v2/domains/a055ee95-7d64-4352-9e5e-7eea55ecf706",
                "space_url": "/v2/spaces/d3483f4f-6706-4fe1-ad90-1bd45d50e940",
                "apps_url": "/v2/routes/afbe1d4a-21ed-4202-813f-b2ae65e37a9a/apps"
              }
            }
          ]
        }
    http_version: 
  recorded_at: Thu, 02 Apr 2015 12:41:27 GMT
- request:
    method: get
    uri: https://api.10.244.0.34.xip.io/v2/domains/0a7ac015-b059-47d3-b1a2-873a6e370f36
    body:
      encoding: US-ASCII
      string: ''
    headers:
      User-Agent:
      - excon/0.45.1
      Authorization:
      - __AUTHORIZATION__
      Basic:
      - Y2Y6
      Content-Type:
      - application/json
      Accept-Encoding:
      - gzip
  response:
    status:
      code: 200
      message: 
    headers:
      Content-Length:
      - '283'
      Content-Type:
      - application/json;charset=utf-8
      Date:
      - Thu, 02 Apr 2015 12:33:35 GMT
      Server:
      - nginx
      X-Cf-Requestid:
      - f9de4a47-e287-4e96-6eee-bd687459e9f6
      X-Cf-Warnings:
      - Endpoint+deprecated
      X-Content-Type-Options:
      - nosniff
      X-Vcap-Request-Id:
      - 9dd1ec96-587f-433d-5f48-520c868aa9d3::6dc8c16d-5f37-421d-887e-1b8cdb3f2954
    body:
      encoding: UTF-8
      string: |-
        {
          "metadata": {
            "guid": "0a7ac015-b059-47d3-b1a2-873a6e370f36",
            "url": "/v2/domains/0a7ac015-b059-47d3-b1a2-873a6e370f36",
            "created_at": "2014-12-05T16:23:46+00:00",
            "updated_at": "2015-03-19T07:07:29+00:00"
          },
          "entity": {
            "name": "10.244.0.34.xip.io"
          }
        }
    http_version: 
  recorded_at: Thu, 02 Apr 2015 12:41:27 GMT
- request:
    method: get
    uri: https://api.10.244.0.34.xip.io/v2/apps?q=name%3Apaasal-test-app-all-updated
    body:
      encoding: US-ASCII
      string: ''
    headers:
      User-Agent:
      - excon/0.45.1
      Authorization:
      - __AUTHORIZATION__
      Basic:
      - Y2Y6
      Content-Type:
      - application/json
      Accept-Encoding:
      - gzip
  response:
    status:
      code: 200
      message: 
    headers:
      Content-Length:
      - '1774'
      Content-Type:
      - application/json;charset=utf-8
      Date:
      - Thu, 02 Apr 2015 12:33:35 GMT
      Server:
      - nginx
      X-Cf-Requestid:
      - 87ad9917-f7f8-4e19-745e-bf1f95219c05
      X-Content-Type-Options:
      - nosniff
      X-Vcap-Request-Id:
      - 9030180d-7607-4bdb-7a14-ab3434550740::fb06fe35-e97b-42e7-a2e8-e4092cf6391c
    body:
      encoding: UTF-8
      string: |-
        {
          "total_results": 1,
          "total_pages": 1,
          "prev_url": null,
          "next_url": null,
          "resources": [
            {
              "metadata": {
                "guid": "f0295428-234e-4eb6-9d42-a4167c9f990c",
                "url": "/v2/apps/f0295428-234e-4eb6-9d42-a4167c9f990c",
                "created_at": "2015-04-02T12:32:48+00:00",
                "updated_at": "2015-04-02T12:33:35+00:00"
              },
              "entity": {
                "name": "paasal-test-app-all-updated",
                "production": false,
                "space_guid": "d3483f4f-6706-4fe1-ad90-1bd45d50e940",
                "stack_guid": "b4d24013-b385-4db1-a171-b4e151a87c46",
                "buildpack": "nodejs_buildpack",
                "detected_buildpack": null,
                "environment_json": {
                  "our_test_var_key": "our_updated_test_var_value",
                  "our_test_var_key2": "our_test_var_value2"
                },
                "memory": 256,
                "instances": 1,
                "disk_quota": 1024,
                "state": "STOPPED",
                "version": "eab2d41c-83ce-4d07-8423-a10001ba6b63",
                "command": null,
                "console": false,
                "debug": null,
                "staging_task_id": "e143565f94694f03a29bfe2d052ce0c8",
                "package_state": "STAGED",
                "health_check_timeout": null,
                "staging_failed_reason": null,
                "docker_image": null,
                "package_updated_at": "2015-04-02T12:33:15+00:00",
                "detected_start_command": "node server.js",
                "space_url": "/v2/spaces/d3483f4f-6706-4fe1-ad90-1bd45d50e940",
                "stack_url": "/v2/stacks/b4d24013-b385-4db1-a171-b4e151a87c46",
                "events_url": "/v2/apps/f0295428-234e-4eb6-9d42-a4167c9f990c/events",
                "service_bindings_url": "/v2/apps/f0295428-234e-4eb6-9d42-a4167c9f990c/service_bindings",
                "routes_url": "/v2/apps/f0295428-234e-4eb6-9d42-a4167c9f990c/routes"
              }
            }
          ]
        }
    http_version: 
  recorded_at: Thu, 02 Apr 2015 12:41:27 GMT
- request:
    method: get
    uri: https://api.10.244.0.34.xip.io/v2/apps/f0295428-234e-4eb6-9d42-a4167c9f990c
    body:
      encoding: US-ASCII
      string: ''
    headers:
      User-Agent:
      - excon/0.45.1
      Authorization:
      - __AUTHORIZATION__
      Basic:
      - Y2Y6
      Content-Type:
      - application/json
      Accept-Encoding:
      - gzip
  response:
    status:
      code: 200
      message: 
    headers:
      Content-Length:
      - '1507'
      Content-Type:
      - application/json;charset=utf-8
      Date:
      - Thu, 02 Apr 2015 12:33:35 GMT
      Server:
      - nginx
      X-Cf-Requestid:
      - 08506d47-5522-4ce1-75bb-b4493956ceea
      X-Content-Type-Options:
      - nosniff
      X-Vcap-Request-Id:
      - c566bd13-cc52-4e40-5b8f-039615145754::a4ac4831-c039-4348-a482-d7b7df53ac7a
    body:
      encoding: UTF-8
      string: |-
        {
          "metadata": {
            "guid": "f0295428-234e-4eb6-9d42-a4167c9f990c",
            "url": "/v2/apps/f0295428-234e-4eb6-9d42-a4167c9f990c",
            "created_at": "2015-04-02T12:32:48+00:00",
            "updated_at": "2015-04-02T12:33:35+00:00"
          },
          "entity": {
            "name": "paasal-test-app-all-updated",
            "production": false,
            "space_guid": "d3483f4f-6706-4fe1-ad90-1bd45d50e940",
            "stack_guid": "b4d24013-b385-4db1-a171-b4e151a87c46",
            "buildpack": "nodejs_buildpack",
            "detected_buildpack": null,
            "environment_json": {
              "our_test_var_key": "our_updated_test_var_value",
              "our_test_var_key2": "our_test_var_value2"
            },
            "memory": 256,
            "instances": 1,
            "disk_quota": 1024,
            "state": "STOPPED",
            "version": "eab2d41c-83ce-4d07-8423-a10001ba6b63",
            "command": null,
            "console": false,
            "debug": null,
            "staging_task_id": "e143565f94694f03a29bfe2d052ce0c8",
            "package_state": "STAGED",
            "health_check_timeout": null,
            "staging_failed_reason": null,
            "docker_image": null,
            "package_updated_at": "2015-04-02T12:33:15+00:00",
            "detected_start_command": "node server.js",
            "space_url": "/v2/spaces/d3483f4f-6706-4fe1-ad90-1bd45d50e940",
            "stack_url": "/v2/stacks/b4d24013-b385-4db1-a171-b4e151a87c46",
            "events_url": "/v2/apps/f0295428-234e-4eb6-9d42-a4167c9f990c/events",
            "service_bindings_url": "/v2/apps/f0295428-234e-4eb6-9d42-a4167c9f990c/service_bindings",
            "routes_url": "/v2/apps/f0295428-234e-4eb6-9d42-a4167c9f990c/routes"
          }
        }
    http_version: 
  recorded_at: Thu, 02 Apr 2015 12:41:27 GMT
- request:
    method: get
    uri: https://api.10.244.0.34.xip.io/v2/apps/f0295428-234e-4eb6-9d42-a4167c9f990c/routes
    body:
      encoding: US-ASCII
      string: ''
    headers:
      User-Agent:
      - excon/0.45.1
      Authorization:
      - __AUTHORIZATION__
      Basic:
      - Y2Y6
      Content-Type:
      - application/json
      Accept-Encoding:
      - gzip
  response:
    status:
      code: 200
      message: 
    headers:
      Content-Length:
      - '2056'
      Content-Type:
      - application/json;charset=utf-8
      Date:
      - Thu, 02 Apr 2015 12:33:35 GMT
      Server:
      - nginx
      X-Cf-Requestid:
      - 8c21b7c9-1d00-4581-4ea3-ed1208565891
      X-Content-Type-Options:
      - nosniff
      X-Vcap-Request-Id:
      - 1c0430d8-87ac-4cf6-5113-a2e55d93050a::e257887a-7bd6-41fc-9ee4-064fd2e0f4fa
    body:
      encoding: UTF-8
      string: |-
        {
          "total_results": 3,
          "total_pages": 1,
          "prev_url": null,
          "next_url": null,
          "resources": [
            {
              "metadata": {
                "guid": "579461f3-b818-412c-9bab-03793203f64f",
                "url": "/v2/routes/579461f3-b818-412c-9bab-03793203f64f",
                "created_at": "2015-04-02T12:32:49+00:00",
                "updated_at": null
              },
              "entity": {
                "host": "f0295428-234e-4eb6-9d42-a4167c9f990c",
                "domain_guid": "0a7ac015-b059-47d3-b1a2-873a6e370f36",
                "space_guid": "d3483f4f-6706-4fe1-ad90-1bd45d50e940",
                "domain_url": "/v2/domains/0a7ac015-b059-47d3-b1a2-873a6e370f36",
                "space_url": "/v2/spaces/d3483f4f-6706-4fe1-ad90-1bd45d50e940",
                "apps_url": "/v2/routes/579461f3-b818-412c-9bab-03793203f64f/apps"
              }
            },
            {
              "metadata": {
                "guid": "1514ad6f-a35c-4fd9-8c9b-b7eb0e8ce3a1",
                "url": "/v2/routes/1514ad6f-a35c-4fd9-8c9b-b7eb0e8ce3a1",
                "created_at": "2015-04-02T12:33:06+00:00",
                "updated_at": null
              },
              "entity": {
                "host": "cf-bosh-local",
                "domain_guid": "a055ee95-7d64-4352-9e5e-7eea55ecf706",
                "space_guid": "d3483f4f-6706-4fe1-ad90-1bd45d50e940",
                "domain_url": "/v2/domains/a055ee95-7d64-4352-9e5e-7eea55ecf706",
                "space_url": "/v2/spaces/d3483f4f-6706-4fe1-ad90-1bd45d50e940",
                "apps_url": "/v2/routes/1514ad6f-a35c-4fd9-8c9b-b7eb0e8ce3a1/apps"
              }
            },
            {
              "metadata": {
                "guid": "afbe1d4a-21ed-4202-813f-b2ae65e37a9a",
                "url": "/v2/routes/afbe1d4a-21ed-4202-813f-b2ae65e37a9a",
                "created_at": "2015-04-02T12:33:07+00:00",
                "updated_at": null
              },
              "entity": {
                "host": "",
                "domain_guid": "a055ee95-7d64-4352-9e5e-7eea55ecf706",
                "space_guid": "d3483f4f-6706-4fe1-ad90-1bd45d50e940",
                "domain_url": "/v2/domains/a055ee95-7d64-4352-9e5e-7eea55ecf706",
                "space_url": "/v2/spaces/d3483f4f-6706-4fe1-ad90-1bd45d50e940",
                "apps_url": "/v2/routes/afbe1d4a-21ed-4202-813f-b2ae65e37a9a/apps"
              }
            }
          ]
        }
    http_version: 
  recorded_at: Thu, 02 Apr 2015 12:41:27 GMT
- request:
    method: get
    uri: https://api.10.244.0.34.xip.io/v2/domains/0a7ac015-b059-47d3-b1a2-873a6e370f36
    body:
      encoding: US-ASCII
      string: ''
    headers:
      User-Agent:
      - excon/0.45.1
      Authorization:
      - __AUTHORIZATION__
      Basic:
      - Y2Y6
      Content-Type:
      - application/json
      Accept-Encoding:
      - gzip
  response:
    status:
      code: 200
      message: 
    headers:
      Content-Length:
      - '283'
      Content-Type:
      - application/json;charset=utf-8
      Date:
      - Thu, 02 Apr 2015 12:33:35 GMT
      Server:
      - nginx
      X-Cf-Requestid:
      - 3c02a616-3956-47d1-5c07-ea76e9be871b
      X-Cf-Warnings:
      - Endpoint+deprecated
      X-Content-Type-Options:
      - nosniff
      X-Vcap-Request-Id:
      - 0b7b0e9f-0348-4565-4f91-966bb022a5f3::12cd69c6-c664-42d1-abba-8ad65f141eac
    body:
      encoding: UTF-8
      string: |-
        {
          "metadata": {
            "guid": "0a7ac015-b059-47d3-b1a2-873a6e370f36",
            "url": "/v2/domains/0a7ac015-b059-47d3-b1a2-873a6e370f36",
            "created_at": "2014-12-05T16:23:46+00:00",
            "updated_at": "2015-03-19T07:07:29+00:00"
          },
          "entity": {
            "name": "10.244.0.34.xip.io"
          }
        }
    http_version: 
  recorded_at: Thu, 02 Apr 2015 12:41:27 GMT
recorded_with: VCR 2.9.3
