---
http_interactions:
- request:
    method: post
    uri: https://api.heroku.com/login?username=__heroku:user__&password=__heroku:password__
    body:
      encoding: US-ASCII
      string: ''
    headers:
      User-Agent:
      - excon/0.45.1
  response:
    status:
      code: 200
      message: 
    headers:
      Content-Type:
      - application/json
      Date:
      - Mon, 06 Apr 2015 20:42:08 GMT
      Request-Id:
      - 173e1460-a36d-46b7-9675-a3bcb2727e81
      Server:
      - nginx/1.4.6 (Ubuntu)
      Status:
      - 200 OK
      Vary:
      - Accept-Encoding
      X-Content-Type-Options:
      - nosniff
      X-Runtime:
      - '0.123698828'
      Content-Length:
      - '378'
      Connection:
      - keep-alive
    body:
      encoding: UTF-8
      string: '{"allow_tracking":true,"api_key":"__API_KEY__","beta":null,"confirmed":true,"confirmed_at":"2014/11/18
        01:37:21 -0800","created_at":"2014/11/18 01:37:21 -0800","id":"__USER_ID__@users.heroku.com","email":"__heroku:user__","last_login":"2014/11/25
        00:52:59 -0800","name":" ","updated_at":"2015/04/06 13:38:50 -0700","verified":false,"verified_at":null}'
    http_version: 
  recorded_at: Mon, 06 Apr 2015 20:42:09 GMT
- request:
    method: get
    uri: https://api.heroku.com/apps/paasal-test-app-all-updated
    body:
      encoding: US-ASCII
      string: ''
    headers:
      User-Agent:
      - excon/0.45.1
      Authorization:
      - __AUTHORIZATION__
      Accept:
      - application/vnd.heroku+json; version=3
      Content-Type:
      - application/json
      Accept-Encoding:
      - gzip
  response:
    status:
      code: 200
      message: 
    headers:
      Content-Encoding:
      - ''
      Content-Type:
      - application/json
      Date:
      - Mon, 06 Apr 2015 20:42:08 GMT
      ETag:
      - '"b2ea66d4005998e9760524e60fd305fd"'
      Last-Modified:
      - Mon, 06 Apr 2015 20:40:10 GMT
      Oauth-Scope:
      - global
      Oauth-Scope-Accepted:
      - global read read-protected write write-protected
      RateLimit-Remaining:
      - '1976'
      Request-Id:
      - 7d58f1ca-aaac-4356-b170-61c14d72c97d
      Server:
      - nginx/1.4.6 (Ubuntu)
      Status:
      - 200 OK
      Vary:
      - Accept-Encoding
      X-Content-Type-Options:
      - nosniff
      X-Runtime:
      - '0.032555039'
      Content-Length:
      - '413'
      Connection:
      - keep-alive
    body:
      encoding: UTF-8
      string: '{"archived_at":null,"buildpack_provided_description":"Node.js","build_stack":{"id":"f9f9cbd7-2970-41ef-8db5-3df7123b041f","name":"cedar-14"},"created_at":"2015-04-06T20:34:46Z","id":"5b811f57-85dd-40bc-b95c-cb80903f88ee","git_url":"git@heroku.com:paasal-test-app-all-updated.git","maintenance":false,"name":"paasal-test-app-all-updated","owner":{"email":"__heroku:user__","id":"__heroku:id__"},"region":{"id":"59accabd-516d-4f0e-83e6-6e3757701145","name":"us"},"released_at":"2015-04-06T20:38:00Z","repo_size":2703855,"slug_size":12565235,"stack":{"id":"f9f9cbd7-2970-41ef-8db5-3df7123b041f","name":"cedar-14"},"updated_at":"2015-04-06T20:40:10Z","web_url":"https://paasal-test-app-all-updated.herokuapp.com/"}'
    http_version: 
  recorded_at: Mon, 06 Apr 2015 20:42:10 GMT
- request:
    method: get
    uri: https://api.heroku.com/apps/paasal-test-app-all-updated/builds
    body:
      encoding: US-ASCII
      string: ''
    headers:
      User-Agent:
      - excon/0.45.1
      Authorization:
      - __AUTHORIZATION__
      Accept:
      - application/vnd.heroku+json; version=3
      Content-Type:
      - application/json
      Accept-Encoding:
      - gzip
  response:
    status:
      code: 200
      message: 
    headers:
      Accept-Ranges:
      - created_at, id, updated_at
      Content-Encoding:
      - ''
      Content-Range:
      - created_at 2015-04-06T20:37:35.198150+00:00..2015-04-06T20:37:35.198150+00:00
      Content-Type:
      - application/json
      Date:
      - Mon, 06 Apr 2015 20:42:09 GMT
      Oauth-Scope:
      - global
      Oauth-Scope-Accepted:
      - global read read-protected write write-protected
      RateLimit-Remaining:
      - '1975'
      Request-Id:
      - 6c907de8-49e4-4f71-9a1d-9d36e7d9d5e2
      Server:
      - nginx/1.4.6 (Ubuntu)
      Status:
      - 200 OK
      Vary:
      - Accept-Encoding
      X-Content-Type-Options:
      - nosniff
      X-Runtime:
      - '0.154247401'
      Content-Length:
      - '285'
      Connection:
      - keep-alive
    body:
      encoding: UTF-8
      string: |-
        [
          {
            "created_at": "2015-04-06T20:37:35+00:00",
            "id": "74ae766e-a16b-4ee1-bac6-0853fdc93c14",
            "slug": {
              "id": "a335a53a-804e-4cee-a58f-39c53360aab8"
            },
            "source_blob": {
              "url": null,
              "version": null,
              "version_description": null
            },
            "status": "succeeded",
            "updated_at": "2015-04-06T20:38:01+00:00",
            "user": {
              "email": "__heroku:user__",
              "id": "__heroku:id__"
            }
          }
        ]
    http_version: 
  recorded_at: Mon, 06 Apr 2015 20:42:10 GMT
- request:
    method: get
    uri: https://api.heroku.com/apps/paasal-test-app-all-updated/builds/74ae766e-a16b-4ee1-bac6-0853fdc93c14/result
    body:
      encoding: US-ASCII
      string: ''
    headers:
      User-Agent:
      - excon/0.45.1
      Authorization:
      - __AUTHORIZATION__
      Accept:
      - application/vnd.heroku+json; version=3
      Content-Type:
      - application/json
      Accept-Encoding:
      - gzip
  response:
    status:
      code: 200
      message: 
    headers:
      Content-Encoding:
      - ''
      Content-Type:
      - application/json
      Date:
      - Mon, 06 Apr 2015 20:42:10 GMT
      Oauth-Scope:
      - global
      Oauth-Scope-Accepted:
      - global read read-protected write write-protected
      RateLimit-Remaining:
      - '1973'
      Request-Id:
      - 33c80033-79a2-4460-97e2-19d6daeaccc2
      Server:
      - nginx/1.4.6 (Ubuntu)
      Status:
      - 200 OK
      Vary:
      - Accept-Encoding
      X-Content-Type-Options:
      - nosniff
      X-Runtime:
      - '0.224495247'
      Content-Length:
      - '1239'
      Connection:
      - keep-alive
    body:
      encoding: UTF-8
      string: |-
        {
          "build": {
            "id": "74ae766e-a16b-4ee1-bac6-0853fdc93c14",
            "status": "succeeded"
          },
          "exit_code": null,
          "lines": [
            {
              "stream": "STDOUT",
              "line": "\n"
            },
            {
              "stream": "STDOUT",
              "line": "-----> Fetching custom git buildpack... done\n"
            },
            {
              "stream": "STDOUT",
              "line": "-----> Node.js app detected\n"
            },
            {
              "stream": "STDOUT",
              "line": "\n"
            },
            {
              "stream": "STDOUT",
              "line": "-----> Reading application state\n"
            },
            {
              "stream": "STDOUT",
              "line": "       package.json...\n"
            },
            {
              "stream": "STDOUT",
              "line": "       build directory...\n"
            },
            {
              "stream": "STDOUT",
              "line": "       cache directory...\n"
            },
            {
              "stream": "STDOUT",
              "line": "       environment variables...\n"
            },
            {
              "stream": "STDOUT",
              "line": "\n"
            },
            {
              "stream": "STDOUT",
              "line": "       Node engine:         >=0.8.x\n"
            },
            {
              "stream": "STDOUT",
              "line": "       Npm engine:          unspecified\n"
            },
            {
              "stream": "STDOUT",
              "line": "       Start mechanism:     Procfile\n"
            },
            {
              "stream": "STDOUT",
              "line": "       node_modules source: package.json\n"
            },
            {
              "stream": "STDOUT",
              "line": "       node_modules cached: false\n"
            },
            {
              "stream": "STDOUT",
              "line": "\n"
            },
            {
              "stream": "STDOUT",
              "line": "       NPM_CONFIG_PRODUCTION=true\n"
            },
            {
              "stream": "STDOUT",
              "line": "       NODE_MODULES_CACHE=true\n"
            },
            {
              "stream": "STDOUT",
              "line": "\n"
            },
            {
              "stream": "STDOUT",
              "line": "-----> Installing binaries\n"
            },
            {
              "stream": "STDOUT",
              "line": "       Resolving node version >=0.8.x via semver.io...\n"
            },
            {
              "stream": "STDOUT",
              "line": "       Downloading and installing node 0.12.2...\n"
            },
            {
              "stream": "STDOUT",
              "line": "       Using default npm version: 2.7.4\n"
            },
            {
              "stream": "STDOUT",
              "line": "\n"
            },
            {
              "stream": "STDOUT",
              "line": "-----> Building dependencies\n"
            },
            {
              "stream": "STDOUT",
              "line": "       Installing node modules\n"
            },
            {
              "stream": "STDOUT",
              "line": "       underscore@1.4.4 node_modules/underscore\n"
            },
            {
              "stream": "STDOUT",
              "line": "       \n"
            },
            {
              "stream": "STDOUT",
              "line": "       ejs@0.8.8 node_modules/ejs\n"
            },
            {
              "stream": "STDOUT",
              "line": "       \n"
            },
            {
              "stream": "STDOUT",
              "line": "       jasmine-node@1.0.28 node_modules/jasmine-node\n"
            },
            {
              "stream": "STDOUT",
              "line": "       ????????? walkdir@0.0.7\n"
            },
            {
              "stream": "STDOUT",
              "line": "       ????????? coffee-script@1.9.1\n"
            },
            {
              "stream": "STDOUT",
              "line": "       ????????? jasmine-reporters@2.0.5 (mkdirp@0.3.5)\n"
            },
            {
              "stream": "STDOUT",
              "line": "       ????????? requirejs@2.1.17\n"
            },
            {
              "stream": "STDOUT",
              "line": "       \n"
            },
            {
              "stream": "STDOUT",
              "line": "       express@3.0.6 node_modules/express\n"
            },
            {
              "stream": "STDOUT",
              "line": "       ????????? methods@0.0.1\n"
            },
            {
              "stream": "STDOUT",
              "line": "       ????????? fresh@0.1.0\n"
            },
            {
              "stream": "STDOUT",
              "line": "       ????????? cookie-signature@0.0.1\n"
            },
            {
              "stream": "STDOUT",
              "line": "       ????????? range-parser@0.0.4\n"
            },
            {
              "stream": "STDOUT",
              "line": "       ????????? buffer-crc32@0.1.1\n"
            },
            {
              "stream": "STDOUT",
              "line": "       ????????? cookie@0.0.5\n"
            },
            {
              "stream": "STDOUT",
              "line": "       ????????? commander@0.6.1\n"
            },
            {
              "stream": "STDOUT",
              "line": "       ????????? mkdirp@0.3.3\n"
            },
            {
              "stream": "STDOUT",
              "line": "       ????????? debug@2.1.3 (ms@0.7.0)\n"
            },
            {
              "stream": "STDOUT",
              "line": "       ????????? send@0.1.0 (mime@1.2.6)\n"
            },
            {
              "stream": "STDOUT",
              "line": "       ????????? connect@2.7.2 (pause@0.0.1, bytes@0.1.0, formidable@1.0.11, qs@0.5.1)\n"
            },
            {
              "stream": "STDOUT",
              "line": "\n"
            },
            {
              "stream": "STDOUT",
              "line": "-----> Checking startup method\n"
            },
            {
              "stream": "STDOUT",
              "line": "       Found Procfile\n"
            },
            {
              "stream": "STDOUT",
              "line": "\n"
            },
            {
              "stream": "STDOUT",
              "line": "-----> Finalizing build\n"
            },
            {
              "stream": "STDOUT",
              "line": "       Creating runtime environment\n"
            },
            {
              "stream": "STDOUT",
              "line": "       Exporting binary paths\n"
            },
            {
              "stream": "STDOUT",
              "line": "       Cleaning npm artifacts\n"
            },
            {
              "stream": "STDOUT",
              "line": "       Cleaning previous cache\n"
            },
            {
              "stream": "STDOUT",
              "line": "       Caching results for future builds\n"
            },
            {
              "stream": "STDOUT",
              "line": "\n"
            },
            {
              "stream": "STDOUT",
              "line": "-----> Build succeeded!\n"
            },
            {
              "stream": "STDOUT",
              "line": "\n"
            },
            {
              "stream": "STDOUT",
              "line": "       word-finder@0.0.4-28 /tmp/build_0ce4c3b74975324a1f75df85e716d8bc\n"
            },
            {
              "stream": "STDOUT",
              "line": "       ????????? ejs@0.8.8\n"
            },
            {
              "stream": "STDOUT",
              "line": "       ????????? express@3.0.6\n"
            },
            {
              "stream": "STDOUT",
              "line": "       ????????? jasmine-node@1.0.28\n"
            },
            {
              "stream": "STDOUT",
              "line": "       ????????? underscore@1.4.4\n"
            },
            {
              "stream": "STDOUT",
              "line": "       \n"
            },
            {
              "stream": "STDOUT",
              "line": "       WARNING: Avoid semver ranges starting with '>' in engines.node\n"
            },
            {
              "stream": "STDOUT",
              "line": "       https://devcenter.heroku.com/articles/nodejs-support#specifying-a-node-js-version\n"
            },
            {
              "stream": "STDOUT",
              "line": "       \n"
            },
            {
              "stream": "STDOUT",
              "line": "-----> Discovering process types\n"
            },
            {
              "stream": "STDOUT",
              "line": "       Procfile declares types -> web\n"
            },
            {
              "stream": "STDOUT",
              "line": "\n"
            },
            {
              "stream": "STDOUT",
              "line": "-----> Compressing... done, 12.0MB\n"
            },
            {
              "stream": "STDOUT",
              "line": "-----> Launching... done, v6\n"
            },
            {
              "stream": "STDOUT",
              "line": "       https://paasal-test-app-all-updated.herokuapp.com/ deployed to Heroku\n"
            },
            {
              "stream": "STDOUT",
              "line": "\n"
            }
          ]
        }
    http_version: 
  recorded_at: Mon, 06 Apr 2015 20:42:11 GMT
- request:
    method: get
    uri: https://api.heroku.com/apps/paasal-test-app-all-updated
    body:
      encoding: US-ASCII
      string: ''
    headers:
      User-Agent:
      - excon/0.45.1
      Authorization:
      - __AUTHORIZATION__
      Accept:
      - application/vnd.heroku+json; version=3
      Content-Type:
      - application/json
      Accept-Encoding:
      - gzip
  response:
    status:
      code: 200
      message: 
    headers:
      Content-Encoding:
      - ''
      Content-Type:
      - application/json
      Date:
      - Mon, 06 Apr 2015 20:42:10 GMT
      ETag:
      - '"b2ea66d4005998e9760524e60fd305fd"'
      Last-Modified:
      - Mon, 06 Apr 2015 20:40:10 GMT
      Oauth-Scope:
      - global
      Oauth-Scope-Accepted:
      - global read read-protected write write-protected
      RateLimit-Remaining:
      - '1971'
      Request-Id:
      - 3b736a4f-7ae9-4a8a-91d4-82eda4995da6
      Server:
      - nginx/1.4.6 (Ubuntu)
      Status:
      - 200 OK
      Vary:
      - Accept-Encoding
      X-Content-Type-Options:
      - nosniff
      X-Runtime:
      - '0.03059398'
      Content-Length:
      - '413'
      Connection:
      - keep-alive
    body:
      encoding: UTF-8
      string: '{"archived_at":null,"buildpack_provided_description":"Node.js","build_stack":{"id":"f9f9cbd7-2970-41ef-8db5-3df7123b041f","name":"cedar-14"},"created_at":"2015-04-06T20:34:46Z","id":"5b811f57-85dd-40bc-b95c-cb80903f88ee","git_url":"git@heroku.com:paasal-test-app-all-updated.git","maintenance":false,"name":"paasal-test-app-all-updated","owner":{"email":"__heroku:user__","id":"__heroku:id__"},"region":{"id":"59accabd-516d-4f0e-83e6-6e3757701145","name":"us"},"released_at":"2015-04-06T20:38:00Z","repo_size":2703855,"slug_size":12565235,"stack":{"id":"f9f9cbd7-2970-41ef-8db5-3df7123b041f","name":"cedar-14"},"updated_at":"2015-04-06T20:40:10Z","web_url":"https://paasal-test-app-all-updated.herokuapp.com/"}'
    http_version: 
  recorded_at: Mon, 06 Apr 2015 20:42:12 GMT
- request:
    method: get
    uri: https://api.heroku.com/apps/paasal-test-app-all-updated/builds
    body:
      encoding: US-ASCII
      string: ''
    headers:
      User-Agent:
      - excon/0.45.1
      Authorization:
      - __AUTHORIZATION__
      Accept:
      - application/vnd.heroku+json; version=3
      Content-Type:
      - application/json
      Accept-Encoding:
      - gzip
  response:
    status:
      code: 200
      message: 
    headers:
      Accept-Ranges:
      - created_at, id, updated_at
      Content-Encoding:
      - ''
      Content-Range:
      - created_at 2015-04-06T20:37:35.198150+00:00..2015-04-06T20:37:35.198150+00:00
      Content-Type:
      - application/json
      Date:
      - Mon, 06 Apr 2015 20:42:11 GMT
      Oauth-Scope:
      - global
      Oauth-Scope-Accepted:
      - global read read-protected write write-protected
      RateLimit-Remaining:
      - '1970'
      Request-Id:
      - acf0cbcd-b97e-488e-b66a-9e83cdc61942
      Server:
      - nginx/1.4.6 (Ubuntu)
      Status:
      - 200 OK
      Vary:
      - Accept-Encoding
      X-Content-Type-Options:
      - nosniff
      X-Runtime:
      - '0.185976521'
      Content-Length:
      - '285'
      Connection:
      - keep-alive
    body:
      encoding: UTF-8
      string: |-
        [
          {
            "created_at": "2015-04-06T20:37:35+00:00",
            "id": "74ae766e-a16b-4ee1-bac6-0853fdc93c14",
            "slug": {
              "id": "a335a53a-804e-4cee-a58f-39c53360aab8"
            },
            "source_blob": {
              "url": null,
              "version": null,
              "version_description": null
            },
            "status": "succeeded",
            "updated_at": "2015-04-06T20:38:01+00:00",
            "user": {
              "email": "__heroku:user__",
              "id": "__heroku:id__"
            }
          }
        ]
    http_version: 
  recorded_at: Mon, 06 Apr 2015 20:42:12 GMT
- request:
    method: get
    uri: https://api.heroku.com/apps/paasal-test-app-all-updated/builds/74ae766e-a16b-4ee1-bac6-0853fdc93c14/result
    body:
      encoding: US-ASCII
      string: ''
    headers:
      User-Agent:
      - excon/0.45.1
      Authorization:
      - __AUTHORIZATION__
      Accept:
      - application/vnd.heroku+json; version=3
      Content-Type:
      - application/json
      Accept-Encoding:
      - gzip
  response:
    status:
      code: 200
      message: 
    headers:
      Content-Encoding:
      - ''
      Content-Type:
      - application/json
      Date:
      - Mon, 06 Apr 2015 20:42:12 GMT
      Oauth-Scope:
      - global
      Oauth-Scope-Accepted:
      - global read read-protected write write-protected
      RateLimit-Remaining:
      - '1968'
      Request-Id:
      - f19edeaf-025a-444c-a80b-5cc0d2e6f4e6
      Server:
      - nginx/1.4.6 (Ubuntu)
      Status:
      - 200 OK
      Vary:
      - Accept-Encoding
      X-Content-Type-Options:
      - nosniff
      X-Runtime:
      - '0.234475729'
      Connection:
      - keep-alive
    body:
      encoding: UTF-8
      string: |-
        {
          "build": {
            "id": "74ae766e-a16b-4ee1-bac6-0853fdc93c14",
            "status": "succeeded"
          },
          "exit_code": null,
          "lines": [
            {
              "stream": "STDOUT",
              "line": "\n"
            },
            {
              "stream": "STDOUT",
              "line": "-----> Fetching custom git buildpack... done\n"
            },
            {
              "stream": "STDOUT",
              "line": "-----> Node.js app detected\n"
            },
            {
              "stream": "STDOUT",
              "line": "\n"
            },
            {
              "stream": "STDOUT",
              "line": "-----> Reading application state\n"
            },
            {
              "stream": "STDOUT",
              "line": "       package.json...\n"
            },
            {
              "stream": "STDOUT",
              "line": "       build directory...\n"
            },
            {
              "stream": "STDOUT",
              "line": "       cache directory...\n"
            },
            {
              "stream": "STDOUT",
              "line": "       environment variables...\n"
            },
            {
              "stream": "STDOUT",
              "line": "\n"
            },
            {
              "stream": "STDOUT",
              "line": "       Node engine:         >=0.8.x\n"
            },
            {
              "stream": "STDOUT",
              "line": "       Npm engine:          unspecified\n"
            },
            {
              "stream": "STDOUT",
              "line": "       Start mechanism:     Procfile\n"
            },
            {
              "stream": "STDOUT",
              "line": "       node_modules source: package.json\n"
            },
            {
              "stream": "STDOUT",
              "line": "       node_modules cached: false\n"
            },
            {
              "stream": "STDOUT",
              "line": "\n"
            },
            {
              "stream": "STDOUT",
              "line": "       NPM_CONFIG_PRODUCTION=true\n"
            },
            {
              "stream": "STDOUT",
              "line": "       NODE_MODULES_CACHE=true\n"
            },
            {
              "stream": "STDOUT",
              "line": "\n"
            },
            {
              "stream": "STDOUT",
              "line": "-----> Installing binaries\n"
            },
            {
              "stream": "STDOUT",
              "line": "       Resolving node version >=0.8.x via semver.io...\n"
            },
            {
              "stream": "STDOUT",
              "line": "       Downloading and installing node 0.12.2...\n"
            },
            {
              "stream": "STDOUT",
              "line": "       Using default npm version: 2.7.4\n"
            },
            {
              "stream": "STDOUT",
              "line": "\n"
            },
            {
              "stream": "STDOUT",
              "line": "-----> Building dependencies\n"
            },
            {
              "stream": "STDOUT",
              "line": "       Installing node modules\n"
            },
            {
              "stream": "STDOUT",
              "line": "       underscore@1.4.4 node_modules/underscore\n"
            },
            {
              "stream": "STDOUT",
              "line": "       \n"
            },
            {
              "stream": "STDOUT",
              "line": "       ejs@0.8.8 node_modules/ejs\n"
            },
            {
              "stream": "STDOUT",
              "line": "       \n"
            },
            {
              "stream": "STDOUT",
              "line": "       jasmine-node@1.0.28 node_modules/jasmine-node\n"
            },
            {
              "stream": "STDOUT",
              "line": "       ????????? walkdir@0.0.7\n"
            },
            {
              "stream": "STDOUT",
              "line": "       ????????? coffee-script@1.9.1\n"
            },
            {
              "stream": "STDOUT",
              "line": "       ????????? jasmine-reporters@2.0.5 (mkdirp@0.3.5)\n"
            },
            {
              "stream": "STDOUT",
              "line": "       ????????? requirejs@2.1.17\n"
            },
            {
              "stream": "STDOUT",
              "line": "       \n"
            },
            {
              "stream": "STDOUT",
              "line": "       express@3.0.6 node_modules/express\n"
            },
            {
              "stream": "STDOUT",
              "line": "       ????????? methods@0.0.1\n"
            },
            {
              "stream": "STDOUT",
              "line": "       ????????? fresh@0.1.0\n"
            },
            {
              "stream": "STDOUT",
              "line": "       ????????? cookie-signature@0.0.1\n"
            },
            {
              "stream": "STDOUT",
              "line": "       ????????? range-parser@0.0.4\n"
            },
            {
              "stream": "STDOUT",
              "line": "       ????????? buffer-crc32@0.1.1\n"
            },
            {
              "stream": "STDOUT",
              "line": "       ????????? cookie@0.0.5\n"
            },
            {
              "stream": "STDOUT",
              "line": "       ????????? commander@0.6.1\n"
            },
            {
              "stream": "STDOUT",
              "line": "       ????????? mkdirp@0.3.3\n"
            },
            {
              "stream": "STDOUT",
              "line": "       ????????? debug@2.1.3 (ms@0.7.0)\n"
            },
            {
              "stream": "STDOUT",
              "line": "       ????????? send@0.1.0 (mime@1.2.6)\n"
            },
            {
              "stream": "STDOUT",
              "line": "       ????????? connect@2.7.2 (pause@0.0.1, bytes@0.1.0, formidable@1.0.11, qs@0.5.1)\n"
            },
            {
              "stream": "STDOUT",
              "line": "\n"
            },
            {
              "stream": "STDOUT",
              "line": "-----> Checking startup method\n"
            },
            {
              "stream": "STDOUT",
              "line": "       Found Procfile\n"
            },
            {
              "stream": "STDOUT",
              "line": "\n"
            },
            {
              "stream": "STDOUT",
              "line": "-----> Finalizing build\n"
            },
            {
              "stream": "STDOUT",
              "line": "       Creating runtime environment\n"
            },
            {
              "stream": "STDOUT",
              "line": "       Exporting binary paths\n"
            },
            {
              "stream": "STDOUT",
              "line": "       Cleaning npm artifacts\n"
            },
            {
              "stream": "STDOUT",
              "line": "       Cleaning previous cache\n"
            },
            {
              "stream": "STDOUT",
              "line": "       Caching results for future builds\n"
            },
            {
              "stream": "STDOUT",
              "line": "\n"
            },
            {
              "stream": "STDOUT",
              "line": "-----> Build succeeded!\n"
            },
            {
              "stream": "STDOUT",
              "line": "\n"
            },
            {
              "stream": "STDOUT",
              "line": "       word-finder@0.0.4-28 /tmp/build_0ce4c3b74975324a1f75df85e716d8bc\n"
            },
            {
              "stream": "STDOUT",
              "line": "       ????????? ejs@0.8.8\n"
            },
            {
              "stream": "STDOUT",
              "line": "       ????????? express@3.0.6\n"
            },
            {
              "stream": "STDOUT",
              "line": "       ????????? jasmine-node@1.0.28\n"
            },
            {
              "stream": "STDOUT",
              "line": "       ????????? underscore@1.4.4\n"
            },
            {
              "stream": "STDOUT",
              "line": "       \n"
            },
            {
              "stream": "STDOUT",
              "line": "       WARNING: Avoid semver ranges starting with '>' in engines.node\n"
            },
            {
              "stream": "STDOUT",
              "line": "       https://devcenter.heroku.com/articles/nodejs-support#specifying-a-node-js-version\n"
            },
            {
              "stream": "STDOUT",
              "line": "       \n"
            },
            {
              "stream": "STDOUT",
              "line": "-----> Discovering process types\n"
            },
            {
              "stream": "STDOUT",
              "line": "       Procfile declares types -> web\n"
            },
            {
              "stream": "STDOUT",
              "line": "\n"
            },
            {
              "stream": "STDOUT",
              "line": "-----> Compressing... done, 12.0MB\n"
            },
            {
              "stream": "STDOUT",
              "line": "-----> Launching... done, v6\n"
            },
            {
              "stream": "STDOUT",
              "line": "       https://paasal-test-app-all-updated.herokuapp.com/ deployed to Heroku\n"
            },
            {
              "stream": "STDOUT",
              "line": "\n"
            }
          ]
        }
    http_version: 
  recorded_at: Mon, 06 Apr 2015 20:42:13 GMT
recorded_with: VCR 2.9.3
