---
http_interactions:
- request:
    method: post
    uri: https://api.heroku.com/login?username=__heroku:user__&password=__heroku:password__
    body:
      encoding: US-ASCII
      string: ''
    headers:
      User-Agent:
      - excon/0.45.1
  response:
    status:
      code: 200
      message: 
    headers:
      Content-Type:
      - application/json
      Date:
      - Mon, 06 Apr 2015 20:35:02 GMT
      Request-Id:
      - d8e5cefc-0401-4cbe-9a31-ed40696d986d
      Server:
      - nginx/1.4.6 (Ubuntu)
      Status:
      - 200 OK
      Vary:
      - Accept-Encoding
      X-Content-Type-Options:
      - nosniff
      X-Runtime:
      - '0.126393554'
      Content-Length:
      - '378'
      Connection:
      - keep-alive
    body:
      encoding: UTF-8
      string: '{"allow_tracking":true,"api_key":"__API_KEY__","beta":null,"confirmed":true,"confirmed_at":"2014/11/18
        01:37:21 -0800","created_at":"2014/11/18 01:37:21 -0800","id":"__USER_ID__@users.heroku.com","email":"__heroku:user__","last_login":"2014/11/25
        00:52:59 -0800","name":" ","updated_at":"2015/04/06 13:31:08 -0700","verified":false,"verified_at":null}'
    http_version: 
  recorded_at: Mon, 06 Apr 2015 20:35:03 GMT
- request:
    method: get
    uri: https://api.heroku.com/apps
    body:
      encoding: US-ASCII
      string: ''
    headers:
      User-Agent:
      - excon/0.45.1
      Authorization:
      - __AUTHORIZATION__
      Accept:
      - application/vnd.heroku+json; version=3
      Content-Type:
      - application/json
      Accept-Encoding:
      - gzip
  response:
    status:
      code: 200
      message: 
    headers:
      Accept-Ranges:
      - id, name, updated_at
      Content-Encoding:
      - ''
      Content-Range:
      - name dummyname..paasal-test-app-min-properties
      Content-Type:
      - application/json
      Date:
      - Mon, 06 Apr 2015 20:35:03 GMT
      ETag:
      - '"1b96317b43e3820713a99b766a284456"'
      Last-Modified:
      - Mon, 06 Apr 2015 20:34:52 GMT
      Oauth-Scope:
      - global
      Oauth-Scope-Accepted:
      - global read read-protected write write-protected
      RateLimit-Remaining:
      - '2189'
      Request-Id:
      - e396fcc7-96f8-4e3a-a27c-c3bf6abddb98
      Server:
      - nginx/1.4.6 (Ubuntu)
      Status:
      - 200 OK
      Vary:
      - Accept-Encoding
      X-Content-Type-Options:
      - nosniff
      X-Runtime:
      - '0.23953281'
      Content-Length:
      - '657'
      Connection:
      - keep-alive
    body:
      encoding: UTF-8
      string: '[{"archived_at":null,"buildpack_provided_description":"Node.js","build_stack":{"id":"f9f9cbd7-2970-41ef-8db5-3df7123b041f","name":"cedar-14"},"created_at":"2015-04-02T10:48:52Z","id":"a8de3c80-3688-4f43-bdc9-ada9df6189ba","git_url":"git@heroku.com:dummyname.git","maintenance":false,"name":"dummyname","owner":{"email":"__heroku:user__","id":"__heroku:id__"},"region":{"id":"ed30241c-ed8c-4bb6-9714-61953675d0b4","name":"eu"},"released_at":"2015-04-02T10:49:32Z","repo_size":null,"slug_size":12382227,"stack":{"id":"f9f9cbd7-2970-41ef-8db5-3df7123b041f","name":"cedar-14"},"updated_at":"2015-04-02T10:49:32Z","web_url":"https://dummyname.herokuapp.com/"},{"archived_at":null,"buildpack_provided_description":"Ruby","build_stack":{"id":"f9f9cbd7-2970-41ef-8db5-3df7123b041f","name":"cedar-14"},"created_at":"2015-03-19T18:11:52Z","id":"e0946358-8ab4-45c5-ab5a-9ee67e937318","git_url":"git@heroku.com:paasal.git","maintenance":false,"name":"paasal","owner":{"email":"__heroku:user__","id":"__heroku:id__"},"region":{"id":"ed30241c-ed8c-4bb6-9714-61953675d0b4","name":"eu"},"released_at":"2015-03-19T19:48:08Z","repo_size":null,"slug_size":54274495,"stack":{"id":"f9f9cbd7-2970-41ef-8db5-3df7123b041f","name":"cedar-14"},"updated_at":"2015-03-19T19:49:08Z","web_url":"https://paasal.herokuapp.com/"},{"archived_at":null,"buildpack_provided_description":null,"build_stack":{"id":"f9f9cbd7-2970-41ef-8db5-3df7123b041f","name":"cedar-14"},"created_at":"2015-04-06T20:34:46Z","id":"5b811f57-85dd-40bc-b95c-cb80903f88ee","git_url":"git@heroku.com:paasal-test-app-all-properties.git","maintenance":false,"name":"paasal-test-app-all-properties","owner":{"email":"__heroku:user__","id":"__heroku:id__"},"region":{"id":"59accabd-516d-4f0e-83e6-6e3757701145","name":"us"},"released_at":"2015-04-06T20:34:47Z","repo_size":null,"slug_size":null,"stack":{"id":"f9f9cbd7-2970-41ef-8db5-3df7123b041f","name":"cedar-14"},"updated_at":"2015-04-06T20:34:47Z","web_url":"https://paasal-test-app-all-properties.herokuapp.com/"},{"archived_at":null,"buildpack_provided_description":null,"build_stack":{"id":"f9f9cbd7-2970-41ef-8db5-3df7123b041f","name":"cedar-14"},"created_at":"2015-04-06T20:34:51Z","id":"787598df-fb3a-44aa-abb2-2326ecbbda1d","git_url":"git@heroku.com:paasal-test-app-min-properties.git","maintenance":false,"name":"paasal-test-app-min-properties","owner":{"email":"__heroku:user__","id":"__heroku:id__"},"region":{"id":"59accabd-516d-4f0e-83e6-6e3757701145","name":"us"},"released_at":"2015-04-06T20:34:52Z","repo_size":null,"slug_size":null,"stack":{"id":"f9f9cbd7-2970-41ef-8db5-3df7123b041f","name":"cedar-14"},"updated_at":"2015-04-06T20:34:52Z","web_url":"https://paasal-test-app-min-properties.herokuapp.com/"}]'
    http_version: 
  recorded_at: Mon, 06 Apr 2015 20:35:04 GMT
- request:
    method: get
    uri: https://api.heroku.com/apps/a8de3c80-3688-4f43-bdc9-ada9df6189ba/dynos
    body:
      encoding: US-ASCII
      string: ''
    headers:
      User-Agent:
      - excon/0.45.1
      Authorization:
      - __AUTHORIZATION__
      Accept:
      - application/vnd.heroku+json; version=3
      Content-Type:
      - application/json
      Accept-Encoding:
      - gzip
  response:
    status:
      code: 200
      message: 
    headers:
      Content-Encoding:
      - ''
      Content-Type:
      - application/json
      Date:
      - Mon, 06 Apr 2015 20:35:04 GMT
      ETag:
      - '"ac37b2b16bff48ad444257dd411074b3"'
      Last-Modified:
      - Thu, 02 Apr 2015 11:55:15 GMT
      Oauth-Scope:
      - global
      Oauth-Scope-Accepted:
      - global read read-protected write write-protected
      RateLimit-Remaining:
      - '2188'
      Request-Id:
      - 2917e0e1-2d36-4be2-bcbe-98be556313e9
      Server:
      - nginx/1.4.6 (Ubuntu)
      Status:
      - 200 OK
      Vary:
      - Accept-Encoding
      X-Content-Type-Options:
      - nosniff
      X-Runtime:
      - '0.530080928'
      Content-Length:
      - '225'
      Connection:
      - keep-alive
    body:
      encoding: UTF-8
      string: '[{"attach_url":null,"command":"node server.js","created_at":"2015-04-02T11:55:15Z","id":"b2bed28a-9ae0-469f-89c0-980f21a7e93d","name":"web.1","release":{"id":"6969b098-d90d-48fc-8207-ac6a633ccded","version":4},"size":"1X","state":"idle","type":"web","updated_at":"2015-04-02T11:55:15Z"}]'
    http_version: 
  recorded_at: Mon, 06 Apr 2015 20:35:05 GMT
- request:
    method: get
    uri: https://api.heroku.com/apps/a8de3c80-3688-4f43-bdc9-ada9df6189ba/formation
    body:
      encoding: US-ASCII
      string: ''
    headers:
      User-Agent:
      - excon/0.45.1
      Authorization:
      - __AUTHORIZATION__
      Accept:
      - application/vnd.heroku+json; version=3
      Content-Type:
      - application/json
      Accept-Encoding:
      - gzip
  response:
    status:
      code: 200
      message: 
    headers:
      Content-Encoding:
      - ''
      Content-Type:
      - application/json
      Date:
      - Mon, 06 Apr 2015 20:35:04 GMT
      ETag:
      - '"e353d0922017e737186e3fe7f366ca3b"'
      Last-Modified:
      - Thu, 02 Apr 2015 10:49:32 GMT
      Oauth-Scope:
      - global
      Oauth-Scope-Accepted:
      - global read read-protected write write-protected
      RateLimit-Remaining:
      - '2187'
      Request-Id:
      - 9dd94cf3-e4e6-4fb5-b230-a3f45e447079
      Server:
      - nginx/1.4.6 (Ubuntu)
      Status:
      - 200 OK
      Vary:
      - Accept-Encoding
      X-Content-Type-Options:
      - nosniff
      X-Runtime:
      - '0.048686522'
      Content-Length:
      - '161'
      Connection:
      - keep-alive
    body:
      encoding: UTF-8
      string: '[{"command":"node server.js","created_at":"2015-04-02T10:49:32Z","id":"2a703ef5-5560-4da2-92db-1417e7a72cc4","type":"web","quantity":1,"size":"1X","updated_at":"2015-04-02T10:49:32Z"}]'
    http_version: 
  recorded_at: Mon, 06 Apr 2015 20:35:06 GMT
- request:
    method: get
    uri: https://api.heroku.com/apps/a8de3c80-3688-4f43-bdc9-ada9df6189ba/buildpack-installations
    body:
      encoding: US-ASCII
      string: ''
    headers:
      User-Agent:
      - excon/0.45.1
      Authorization:
      - __AUTHORIZATION__
      Accept:
      - application/vnd.heroku+json; version=3
      Content-Type:
      - application/json
      Accept-Encoding:
      - gzip
  response:
    status:
      code: 200
      message: 
    headers:
      Accept-Ranges:
      - id, ordinal
      Content-Encoding:
      - ''
      Content-Range:
      - ordinal 0..0
      Content-Type:
      - application/json
      Date:
      - Mon, 06 Apr 2015 20:35:05 GMT
      ETag:
      - '"87d7b85882f94ae872184eafce30ccd8"'
      Oauth-Scope:
      - global
      Oauth-Scope-Accepted:
      - global read read-protected write write-protected
      RateLimit-Remaining:
      - '2186'
      Request-Id:
      - a3537313-f4f7-4d11-8cdf-10407b1fd06b
      Server:
      - nginx/1.4.6 (Ubuntu)
      Status:
      - 200 OK
      Vary:
      - Accept-Encoding
      X-Content-Type-Options:
      - nosniff
      X-Runtime:
      - '0.027074062'
      Content-Length:
      - '104'
      Connection:
      - keep-alive
    body:
      encoding: UTF-8
      string: '[{"buildpack":{"url":"https://github.com/heroku/heroku-buildpack-nodejs#v63"},"ordinal":0}]'
    http_version: 
  recorded_at: Mon, 06 Apr 2015 20:35:06 GMT
- request:
    method: get
    uri: https://api.heroku.com/apps/e0946358-8ab4-45c5-ab5a-9ee67e937318/dynos
    body:
      encoding: US-ASCII
      string: ''
    headers:
      User-Agent:
      - excon/0.45.1
      Authorization:
      - __AUTHORIZATION__
      Accept:
      - application/vnd.heroku+json; version=3
      Content-Type:
      - application/json
      Accept-Encoding:
      - gzip
  response:
    status:
      code: 200
      message: 
    headers:
      Content-Encoding:
      - ''
      Content-Type:
      - application/json
      Date:
      - Mon, 06 Apr 2015 20:35:06 GMT
      ETag:
      - '"ec5c5ae13434766108b9afb9a42e6364"'
      Oauth-Scope:
      - global
      Oauth-Scope-Accepted:
      - global read read-protected write write-protected
      RateLimit-Remaining:
      - '2185'
      Request-Id:
      - c2b1116a-90e4-443c-a94c-d82f1c665bc9
      Server:
      - nginx/1.4.6 (Ubuntu)
      Status:
      - 200 OK
      Vary:
      - Accept-Encoding
      X-Content-Type-Options:
      - nosniff
      X-Runtime:
      - '0.498850885'
      Content-Length:
      - '28'
      Connection:
      - keep-alive
    body:
      encoding: UTF-8
      string: "[]"
    http_version: 
  recorded_at: Mon, 06 Apr 2015 20:35:07 GMT
- request:
    method: get
    uri: https://api.heroku.com/apps/e0946358-8ab4-45c5-ab5a-9ee67e937318/formation
    body:
      encoding: US-ASCII
      string: ''
    headers:
      User-Agent:
      - excon/0.45.1
      Authorization:
      - __AUTHORIZATION__
      Accept:
      - application/vnd.heroku+json; version=3
      Content-Type:
      - application/json
      Accept-Encoding:
      - gzip
  response:
    status:
      code: 200
      message: 
    headers:
      Content-Encoding:
      - ''
      Content-Type:
      - application/json
      Date:
      - Mon, 06 Apr 2015 20:35:07 GMT
      ETag:
      - '"819a2a5fa0166fefcb651fb9e48985d4"'
      Last-Modified:
      - Thu, 19 Mar 2015 19:49:08 GMT
      Oauth-Scope:
      - global
      Oauth-Scope-Accepted:
      - global read read-protected write write-protected
      RateLimit-Remaining:
      - '2184'
      Request-Id:
      - 55894d80-ee81-4bba-bcc0-303589c7c558
      Server:
      - nginx/1.4.6 (Ubuntu)
      Status:
      - 200 OK
      Vary:
      - Accept-Encoding
      X-Content-Type-Options:
      - nosniff
      X-Runtime:
      - '0.038123844'
      Content-Length:
      - '279'
      Connection:
      - keep-alive
    body:
      encoding: UTF-8
      string: '[{"command":"bundle exec rackup -s thin -p $PORT config.ru","created_at":"2015-03-19T18:44:14Z","id":"93c51887-9c75-4623-83f4-d84bafe07fd9","type":"web","quantity":0,"size":"1X","updated_at":"2015-03-19T19:49:08Z"},{"command":"bundle
        exec irb","created_at":"2015-03-19T18:44:14Z","id":"e48db900-d203-4f1f-886f-c7ffae1ae73f","type":"console","quantity":0,"size":"1X","updated_at":"2015-03-19T18:44:14Z"},{"command":"bundle
        exec rake","created_at":"2015-03-19T18:44:14Z","id":"9ae7daeb-13fe-41a9-9625-867effaec2c4","type":"rake","quantity":0,"size":"1X","updated_at":"2015-03-19T18:44:14Z"}]'
    http_version: 
  recorded_at: Mon, 06 Apr 2015 20:35:08 GMT
- request:
    method: get
    uri: https://api.heroku.com/apps/e0946358-8ab4-45c5-ab5a-9ee67e937318/buildpack-installations
    body:
      encoding: US-ASCII
      string: ''
    headers:
      User-Agent:
      - excon/0.45.1
      Authorization:
      - __AUTHORIZATION__
      Accept:
      - application/vnd.heroku+json; version=3
      Content-Type:
      - application/json
      Accept-Encoding:
      - gzip
  response:
    status:
      code: 200
      message: 
    headers:
      Content-Encoding:
      - ''
      Content-Type:
      - application/json
      Date:
      - Mon, 06 Apr 2015 20:35:07 GMT
      Oauth-Scope:
      - global
      Oauth-Scope-Accepted:
      - global read read-protected write write-protected
      RateLimit-Remaining:
      - '2183'
      Request-Id:
      - f361cbdc-76bd-4bfc-8b0d-3ccf7f58029e
      Server:
      - nginx/1.4.6 (Ubuntu)
      Status:
      - 200 OK
      Vary:
      - Accept-Encoding
      X-Content-Type-Options:
      - nosniff
      X-Runtime:
      - '0.031649091'
      Content-Length:
      - '28'
      Connection:
      - keep-alive
    body:
      encoding: UTF-8
      string: "[]"
    http_version: 
  recorded_at: Mon, 06 Apr 2015 20:35:09 GMT
- request:
    method: get
    uri: https://api.heroku.com/apps/e0946358-8ab4-45c5-ab5a-9ee67e937318/releases
    body:
      encoding: US-ASCII
      string: ''
    headers:
      User-Agent:
      - excon/0.45.1
      Authorization:
      - __AUTHORIZATION__
      Accept:
      - application/vnd.heroku+json; version=3
      Content-Type:
      - application/json
      Accept-Encoding:
      - gzip
  response:
    status:
      code: 200
      message: 
    headers:
      Accept-Ranges:
      - id, version
      Content-Encoding:
      - ''
      Content-Range:
      - version 1..7
      Content-Type:
      - application/json
      Date:
      - Mon, 06 Apr 2015 20:35:08 GMT
      ETag:
      - '"6ea353d7b68384f84709109056cb853a"'
      Last-Modified:
      - Thu, 19 Mar 2015 12:48:08 GMT
      Oauth-Scope:
      - global
      Oauth-Scope-Accepted:
      - global read-protected write-protected
      RateLimit-Remaining:
      - '2182'
      Request-Id:
      - 77080413-8275-41c1-b73c-0d549e1b180d
      Server:
      - nginx/1.4.6 (Ubuntu)
      Status:
      - 200 OK
      Vary:
      - Accept-Encoding
      X-Content-Type-Options:
      - nosniff
      X-Runtime:
      - '0.076924526'
      Content-Length:
      - '661'
      Connection:
      - keep-alive
    body:
      encoding: UTF-8
      string: '[{"app":{"id":"e0946358-8ab4-45c5-ab5a-9ee67e937318","name":"paasal"},"created_at":"2015-03-19T18:11:52Z","description":"Initial
        release","id":"f4303f02-ab74-4dcc-bdd5-34ecd1c691ca","slug":null,"updated_at":"2015-03-19T18:11:52Z","user":{"email":"__heroku:user__","id":"__heroku:id__"},"version":1},{"app":{"id":"e0946358-8ab4-45c5-ab5a-9ee67e937318","name":"paasal"},"created_at":"2015-03-19T18:11:53Z","description":"Enable
        Logplex","id":"0999f0e3-2420-49ef-92c6-3b7983dc1027","slug":null,"updated_at":"2015-03-19T18:11:53Z","user":{"email":"__heroku:user__","id":"__heroku:id__"},"version":2},{"app":{"id":"e0946358-8ab4-45c5-ab5a-9ee67e937318","name":"paasal"},"created_at":"2015-03-19T18:44:13Z","description":"Set
        LANG, RACK_ENV config vars","id":"2828e655-e7a1-4186-a814-e21df0a635ad","slug":null,"updated_at":"2015-03-19T18:44:13Z","user":{"email":"__heroku:user__","id":"__heroku:id__"},"version":3},{"app":{"id":"e0946358-8ab4-45c5-ab5a-9ee67e937318","name":"paasal"},"created_at":"2015-03-19T18:44:14Z","description":"Deploy
        82aaa14","id":"bfc4c444-6100-481e-84ad-e3632e50af33","slug":{"id":"b55568be-b463-4f56-b552-47fc292526cc"},"updated_at":"2015-03-19T18:44:14Z","user":{"email":"__heroku:user__","id":"__heroku:id__"},"version":4},{"app":{"id":"e0946358-8ab4-45c5-ab5a-9ee67e937318","name":"paasal"},"created_at":"2015-03-19T19:04:25Z","description":"Deploy
        edb2864","id":"172bfb50-934b-45dc-b86e-b2e47a81ab11","slug":{"id":"1b7c0b09-2654-43fd-92dc-dc1d85ddd2a7"},"updated_at":"2015-03-19T19:04:25Z","user":{"email":"__heroku:user__","id":"__heroku:id__"},"version":5},{"app":{"id":"e0946358-8ab4-45c5-ab5a-9ee67e937318","name":"paasal"},"created_at":"2015-03-19T19:40:08Z","description":"Deploy
        0f19f93","id":"f21762a2-55c0-4699-a318-929b00935970","slug":{"id":"8d598273-b2ab-4098-81cc-1eeb5b7b9ecb"},"updated_at":"2015-03-19T19:40:08Z","user":{"email":"__heroku:user__","id":"__heroku:id__"},"version":6},{"app":{"id":"e0946358-8ab4-45c5-ab5a-9ee67e937318","name":"paasal"},"created_at":"2015-03-19T19:48:08Z","description":"Deploy
        ca7c62e","id":"d6785120-b544-4078-bc57-cfa4f3ae3bab","slug":{"id":"3aa22a68-754e-4cae-958c-aa9535262bfb"},"updated_at":"2015-03-19T19:48:08Z","user":{"email":"__heroku:user__","id":"__heroku:id__"},"version":7}]'
    http_version: 
  recorded_at: Mon, 06 Apr 2015 20:35:09 GMT
- request:
    method: get
    uri: https://api.heroku.com/apps/5b811f57-85dd-40bc-b95c-cb80903f88ee/dynos
    body:
      encoding: US-ASCII
      string: ''
    headers:
      User-Agent:
      - excon/0.45.1
      Authorization:
      - __AUTHORIZATION__
      Accept:
      - application/vnd.heroku+json; version=3
      Content-Type:
      - application/json
      Accept-Encoding:
      - gzip
  response:
    status:
      code: 200
      message: 
    headers:
      Content-Encoding:
      - ''
      Content-Type:
      - application/json
      Date:
      - Mon, 06 Apr 2015 20:35:09 GMT
      ETag:
      - '"ec5c5ae13434766108b9afb9a42e6364"'
      Oauth-Scope:
      - global
      Oauth-Scope-Accepted:
      - global read read-protected write write-protected
      RateLimit-Remaining:
      - '2181'
      Request-Id:
      - 2b64401c-6606-483f-bddf-a06e2dc6ee4a
      Server:
      - nginx/1.4.6 (Ubuntu)
      Status:
      - 200 OK
      Vary:
      - Accept-Encoding
      X-Content-Type-Options:
      - nosniff
      X-Runtime:
      - '0.13827259'
      Content-Length:
      - '28'
      Connection:
      - keep-alive
    body:
      encoding: UTF-8
      string: "[]"
    http_version: 
  recorded_at: Mon, 06 Apr 2015 20:35:10 GMT
- request:
    method: get
    uri: https://api.heroku.com/apps/5b811f57-85dd-40bc-b95c-cb80903f88ee/formation
    body:
      encoding: US-ASCII
      string: ''
    headers:
      User-Agent:
      - excon/0.45.1
      Authorization:
      - __AUTHORIZATION__
      Accept:
      - application/vnd.heroku+json; version=3
      Content-Type:
      - application/json
      Accept-Encoding:
      - gzip
  response:
    status:
      code: 200
      message: 
    headers:
      Content-Encoding:
      - ''
      Content-Type:
      - application/json
      Date:
      - Mon, 06 Apr 2015 20:35:09 GMT
      ETag:
      - '"fc4494b023a346e0d5de0fd3bf2f238b"'
      Last-Modified:
      - Mon, 06 Apr 2015 20:34:47 GMT
      Oauth-Scope:
      - global
      Oauth-Scope-Accepted:
      - global read read-protected write write-protected
      RateLimit-Remaining:
      - '2180'
      Request-Id:
      - 7ad1ac26-a868-4ef7-8471-8152de631dbd
      Server:
      - nginx/1.4.6 (Ubuntu)
      Status:
      - 200 OK
      Vary:
      - Accept-Encoding
      X-Content-Type-Options:
      - nosniff
      X-Runtime:
      - '0.02633507'
      Content-Length:
      - '28'
      Connection:
      - keep-alive
    body:
      encoding: UTF-8
      string: "[]"
    http_version: 
  recorded_at: Mon, 06 Apr 2015 20:35:10 GMT
- request:
    method: get
    uri: https://api.heroku.com/apps/5b811f57-85dd-40bc-b95c-cb80903f88ee/buildpack-installations
    body:
      encoding: US-ASCII
      string: ''
    headers:
      User-Agent:
      - excon/0.45.1
      Authorization:
      - __AUTHORIZATION__
      Accept:
      - application/vnd.heroku+json; version=3
      Content-Type:
      - application/json
      Accept-Encoding:
      - gzip
  response:
    status:
      code: 200
      message: 
    headers:
      Accept-Ranges:
      - id, ordinal
      Content-Encoding:
      - ''
      Content-Range:
      - ordinal 0..0
      Content-Type:
      - application/json
      Date:
      - Mon, 06 Apr 2015 20:35:10 GMT
      ETag:
      - '"87d7b85882f94ae872184eafce30ccd8"'
      Oauth-Scope:
      - global
      Oauth-Scope-Accepted:
      - global read read-protected write write-protected
      RateLimit-Remaining:
      - '2179'
      Request-Id:
      - 4f84f170-d534-493d-a335-74f245a76d33
      Server:
      - nginx/1.4.6 (Ubuntu)
      Status:
      - 200 OK
      Vary:
      - Accept-Encoding
      X-Content-Type-Options:
      - nosniff
      X-Runtime:
      - '0.024227297'
      Content-Length:
      - '98'
      Connection:
      - keep-alive
    body:
      encoding: UTF-8
      string: '[{"buildpack":{"url":"https://github.com/heroku/heroku-buildpack-ruby"},"ordinal":0}]'
    http_version: 
  recorded_at: Mon, 06 Apr 2015 20:35:11 GMT
- request:
    method: get
    uri: https://api.heroku.com/apps/5b811f57-85dd-40bc-b95c-cb80903f88ee/releases
    body:
      encoding: US-ASCII
      string: ''
    headers:
      User-Agent:
      - excon/0.45.1
      Authorization:
      - __AUTHORIZATION__
      Accept:
      - application/vnd.heroku+json; version=3
      Content-Type:
      - application/json
      Accept-Encoding:
      - gzip
  response:
    status:
      code: 200
      message: 
    headers:
      Accept-Ranges:
      - id, version
      Content-Encoding:
      - ''
      Content-Range:
      - version 1..2
      Content-Type:
      - application/json
      Date:
      - Mon, 06 Apr 2015 20:35:10 GMT
      ETag:
      - '"5eb4aaa8dbc07ba312b4759bd4e70931"'
      Last-Modified:
      - Mon, 06 Apr 2015 13:34:47 GMT
      Oauth-Scope:
      - global
      Oauth-Scope-Accepted:
      - global read-protected write-protected
      RateLimit-Remaining:
      - '2178'
      Request-Id:
      - 3e6153a1-4138-4ff6-8b65-0efe95196850
      Server:
      - nginx/1.4.6 (Ubuntu)
      Status:
      - 200 OK
      Vary:
      - Accept-Encoding
      X-Content-Type-Options:
      - nosniff
      X-Runtime:
      - '0.058864793'
      Content-Length:
      - '322'
      Connection:
      - keep-alive
    body:
      encoding: UTF-8
      string: '[{"app":{"id":"5b811f57-85dd-40bc-b95c-cb80903f88ee","name":"paasal-test-app-all-properties"},"created_at":"2015-04-06T20:34:46Z","description":"Initial
        release","id":"d07fe512-f94b-46e8-948e-bec155745725","slug":null,"updated_at":"2015-04-06T20:34:46Z","user":{"email":"__heroku:user__","id":"__heroku:id__"},"version":1},{"app":{"id":"5b811f57-85dd-40bc-b95c-cb80903f88ee","name":"paasal-test-app-all-properties"},"created_at":"2015-04-06T20:34:47Z","description":"Enable
        Logplex","id":"dff6c310-5c2f-45b2-856c-ffef987ae966","slug":null,"updated_at":"2015-04-06T20:34:47Z","user":{"email":"__heroku:user__","id":"__heroku:id__"},"version":2}]'
    http_version: 
  recorded_at: Mon, 06 Apr 2015 20:35:12 GMT
- request:
    method: get
    uri: https://api.heroku.com/apps/787598df-fb3a-44aa-abb2-2326ecbbda1d/dynos
    body:
      encoding: US-ASCII
      string: ''
    headers:
      User-Agent:
      - excon/0.45.1
      Authorization:
      - __AUTHORIZATION__
      Accept:
      - application/vnd.heroku+json; version=3
      Content-Type:
      - application/json
      Accept-Encoding:
      - gzip
  response:
    status:
      code: 200
      message: 
    headers:
      Content-Encoding:
      - ''
      Content-Type:
      - application/json
      Date:
      - Mon, 06 Apr 2015 20:35:11 GMT
      ETag:
      - '"ec5c5ae13434766108b9afb9a42e6364"'
      Oauth-Scope:
      - global
      Oauth-Scope-Accepted:
      - global read read-protected write write-protected
      RateLimit-Remaining:
      - '2177'
      Request-Id:
      - 4d250c50-0870-4aa0-91d6-fc2abc0700c5
      Server:
      - nginx/1.4.6 (Ubuntu)
      Status:
      - 200 OK
      Vary:
      - Accept-Encoding
      X-Content-Type-Options:
      - nosniff
      X-Runtime:
      - '0.086032342'
      Content-Length:
      - '28'
      Connection:
      - keep-alive
    body:
      encoding: UTF-8
      string: "[]"
    http_version: 
  recorded_at: Mon, 06 Apr 2015 20:35:12 GMT
- request:
    method: get
    uri: https://api.heroku.com/apps/787598df-fb3a-44aa-abb2-2326ecbbda1d/formation
    body:
      encoding: US-ASCII
      string: ''
    headers:
      User-Agent:
      - excon/0.45.1
      Authorization:
      - __AUTHORIZATION__
      Accept:
      - application/vnd.heroku+json; version=3
      Content-Type:
      - application/json
      Accept-Encoding:
      - gzip
  response:
    status:
      code: 200
      message: 
    headers:
      Content-Encoding:
      - ''
      Content-Type:
      - application/json
      Date:
      - Mon, 06 Apr 2015 20:35:12 GMT
      ETag:
      - '"9cbe85c7e10dd852a6365ae8e9c89a98"'
      Last-Modified:
      - Mon, 06 Apr 2015 20:34:52 GMT
      Oauth-Scope:
      - global
      Oauth-Scope-Accepted:
      - global read read-protected write write-protected
      RateLimit-Remaining:
      - '2176'
      Request-Id:
      - 44fc28a7-e72f-4071-ab8e-516bb453cf5c
      Server:
      - nginx/1.4.6 (Ubuntu)
      Status:
      - 200 OK
      Vary:
      - Accept-Encoding
      X-Content-Type-Options:
      - nosniff
      X-Runtime:
      - '0.02677605'
      Content-Length:
      - '28'
      Connection:
      - keep-alive
    body:
      encoding: UTF-8
      string: "[]"
    http_version: 
  recorded_at: Mon, 06 Apr 2015 20:35:13 GMT
- request:
    method: get
    uri: https://api.heroku.com/apps/787598df-fb3a-44aa-abb2-2326ecbbda1d/buildpack-installations
    body:
      encoding: US-ASCII
      string: ''
    headers:
      User-Agent:
      - excon/0.45.1
      Authorization:
      - __AUTHORIZATION__
      Accept:
      - application/vnd.heroku+json; version=3
      Content-Type:
      - application/json
      Accept-Encoding:
      - gzip
  response:
    status:
      code: 200
      message: 
    headers:
      Accept-Ranges:
      - id, ordinal
      Content-Encoding:
      - ''
      Content-Range:
      - ordinal 0..0
      Content-Type:
      - application/json
      Date:
      - Mon, 06 Apr 2015 20:35:12 GMT
      ETag:
      - '"87d7b85882f94ae872184eafce30ccd8"'
      Oauth-Scope:
      - global
      Oauth-Scope-Accepted:
      - global read read-protected write write-protected
      RateLimit-Remaining:
      - '2175'
      Request-Id:
      - a675772a-abf8-48da-b5ff-0e1460d15e9d
      Server:
      - nginx/1.4.6 (Ubuntu)
      Status:
      - 200 OK
      Vary:
      - Accept-Encoding
      X-Content-Type-Options:
      - nosniff
      X-Runtime:
      - '0.02168356'
      Content-Length:
      - '98'
      Connection:
      - keep-alive
    body:
      encoding: UTF-8
      string: '[{"buildpack":{"url":"https://github.com/heroku/heroku-buildpack-java"},"ordinal":0}]'
    http_version: 
  recorded_at: Mon, 06 Apr 2015 20:35:13 GMT
- request:
    method: get
    uri: https://api.heroku.com/apps/787598df-fb3a-44aa-abb2-2326ecbbda1d/releases
    body:
      encoding: US-ASCII
      string: ''
    headers:
      User-Agent:
      - excon/0.45.1
      Authorization:
      - __AUTHORIZATION__
      Accept:
      - application/vnd.heroku+json; version=3
      Content-Type:
      - application/json
      Accept-Encoding:
      - gzip
  response:
    status:
      code: 200
      message: 
    headers:
      Accept-Ranges:
      - id, version
      Content-Encoding:
      - ''
      Content-Range:
      - version 1..2
      Content-Type:
      - application/json
      Date:
      - Mon, 06 Apr 2015 20:35:13 GMT
      ETag:
      - '"5eb4aaa8dbc07ba312b4759bd4e70931"'
      Last-Modified:
      - Mon, 06 Apr 2015 13:34:52 GMT
      Oauth-Scope:
      - global
      Oauth-Scope-Accepted:
      - global read-protected write-protected
      RateLimit-Remaining:
      - '2174'
      Request-Id:
      - accd2b17-6533-4602-bd0a-e816054e080e
      Server:
      - nginx/1.4.6 (Ubuntu)
      Status:
      - 200 OK
      Vary:
      - Accept-Encoding
      X-Content-Type-Options:
      - nosniff
      X-Runtime:
      - '0.034816048'
      Content-Length:
      - '325'
      Connection:
      - keep-alive
    body:
      encoding: UTF-8
      string: '[{"app":{"id":"787598df-fb3a-44aa-abb2-2326ecbbda1d","name":"paasal-test-app-min-properties"},"created_at":"2015-04-06T20:34:51Z","description":"Initial
        release","id":"3e9a5f76-373e-41b9-9299-9e9a4b9aaa54","slug":null,"updated_at":"2015-04-06T20:34:51Z","user":{"email":"__heroku:user__","id":"__heroku:id__"},"version":1},{"app":{"id":"787598df-fb3a-44aa-abb2-2326ecbbda1d","name":"paasal-test-app-min-properties"},"created_at":"2015-04-06T20:34:52Z","description":"Enable
        Logplex","id":"c9e9b3df-8918-400f-8bd8-860616561d65","slug":null,"updated_at":"2015-04-06T20:34:52Z","user":{"email":"__heroku:user__","id":"__heroku:id__"},"version":2}]'
    http_version: 
  recorded_at: Mon, 06 Apr 2015 20:35:14 GMT
recorded_with: VCR 2.9.3
