---
http_interactions:
- request:
    method: get
    uri: https://api.10.244.0.34.xip.io/v2/info
    body:
      encoding: US-ASCII
      string: ''
    headers:
      User-Agent:
      - excon/0.45.1
      Accept-Encoding:
      - gzip
  response:
    status:
      code: 200
      message: 
    headers:
      Content-Length:
      - '331'
      Content-Type:
      - application/json;charset=utf-8
      Date:
      - Sat, 04 Apr 2015 12:53:51 GMT
      Server:
      - nginx
      X-Cf-Requestid:
      - 794d961c-c5dd-43aa-5b26-31c00e048d66
      X-Content-Type-Options:
      - nosniff
      X-Vcap-Request-Id:
      - 500fd07e-9370-42b8-450a-a4c1260f9882::5bb33274-8d54-44ab-992b-a6f9f6c64f80
    body:
      encoding: UTF-8
      string: '{"name":"vcap","build":"2222","support":"http://support.cloudfoundry.com","version":2,"description":"Cloud
        Foundry sponsored by Pivotal","authorization_endpoint":"http://login.10.244.0.34.xip.io","token_endpoint":"https://uaa.10.244.0.34.xip.io","api_version":"2.18.0","logging_endpoint":"wss://loggregator.10.244.0.34.xip.io:443"}'
    http_version: 
  recorded_at: Sat, 04 Apr 2015 12:53:51 GMT
- request:
    method: post
    uri: http://login.10.244.0.34.xip.io/oauth/token?grant_type=password&password=__cf-bosh-local:user__&username=__cf-bosh-local:user__
    body:
      encoding: US-ASCII
      string: ''
    headers:
      User-Agent:
      - excon/0.45.1
      Authorization:
      - __AUTHORIZATION__
      Content-Type:
      - application/x-www-form-urlencoded
      Accept:
      - application/json
  response:
    status:
      code: 200
      message: 
    headers:
      Cache-Control:
      - no-cache, no-store, no-store
      Connection:
      - close
      Content-Length:
      - '1856'
      Content-Type:
      - application/json;charset=UTF-8
      Date:
      - Sat, 04 Apr 2015 12:53:51 GMT
      Expires:
      - Thu, 01 Jan 1970 00:00:00 GMT
      Pragma:
      - no-cache, no-cache
      Server:
      - Apache-Coyote/1.1
      X-Cf-Requestid:
      - 31e8fd75-6e15-4356-6fc2-522a9621c5cb, 561c1a65-f08d-48f1-627f-3e50e02cab8b
      X-Frame-Options:
      - DENY
    body:
      encoding: UTF-8
      string: '{"access_token":"__ACCESS_TOKEN__","token_type":"bearer","refresh_token":"__REFRESH_TOKEN__","expires_in":599,"scope":"scim.userids
        cloud_controller.write password.write openid cloud_controller.read","jti":"70fac587-7a07-46c8-ad8f-41535080c488"}'
    http_version: 
  recorded_at: Sat, 04 Apr 2015 12:53:51 GMT
- request:
    method: get
    uri: https://api.10.244.0.34.xip.io/v2/apps?q=name%3Apaasal-test-app-all-updated
    body:
      encoding: US-ASCII
      string: ''
    headers:
      User-Agent:
      - excon/0.45.1
      Authorization:
      - __AUTHORIZATION__
      Basic:
      - Y2Y6
      Content-Type:
      - application/json
      Accept-Encoding:
      - gzip
  response:
    status:
      code: 200
      message: 
    headers:
      Content-Length:
      - '1715'
      Content-Type:
      - application/json;charset=utf-8
      Date:
      - Sat, 04 Apr 2015 12:53:52 GMT
      Server:
      - nginx
      X-Cf-Requestid:
      - d1b466ef-d394-41c9-517c-a8871400b182
      X-Content-Type-Options:
      - nosniff
      X-Vcap-Request-Id:
      - 8222373c-5280-4e74-55f5-2ac5e3d48a7a::febba748-1ade-4155-b05c-4d6d45d22973
    body:
      encoding: UTF-8
      string: |-
        {
          "total_results": 1,
          "total_pages": 1,
          "prev_url": null,
          "next_url": null,
          "resources": [
            {
              "metadata": {
                "guid": "b81d8252-71f0-474c-a005-632338336c01",
                "url": "/v2/apps/b81d8252-71f0-474c-a005-632338336c01",
                "created_at": "2015-04-04T12:51:35+00:00",
                "updated_at": "2015-04-04T12:53:51+00:00"
              },
              "entity": {
                "name": "paasal-test-app-all-updated",
                "production": false,
                "space_guid": "d3483f4f-6706-4fe1-ad90-1bd45d50e940",
                "stack_guid": "b4d24013-b385-4db1-a171-b4e151a87c46",
                "buildpack": "nodejs_buildpack",
                "detected_buildpack": null,
                "environment_json": {
                  "our_test_var_key2": "our_test_var_value2"
                },
                "memory": 256,
                "instances": 1,
                "disk_quota": 1024,
                "state": "STARTED",
                "version": "3106b660-8339-487a-b5c0-c4acc268b07e",
                "command": null,
                "console": false,
                "debug": null,
                "staging_task_id": "3d68a610e4544b959829f7913bfaf8c9",
                "package_state": "PENDING",
                "health_check_timeout": null,
                "staging_failed_reason": null,
                "docker_image": null,
                "package_updated_at": "2015-04-04T12:51:58+00:00",
                "detected_start_command": "node server.js",
                "space_url": "/v2/spaces/d3483f4f-6706-4fe1-ad90-1bd45d50e940",
                "stack_url": "/v2/stacks/b4d24013-b385-4db1-a171-b4e151a87c46",
                "events_url": "/v2/apps/b81d8252-71f0-474c-a005-632338336c01/events",
                "service_bindings_url": "/v2/apps/b81d8252-71f0-474c-a005-632338336c01/service_bindings",
                "routes_url": "/v2/apps/b81d8252-71f0-474c-a005-632338336c01/routes"
              }
            }
          ]
        }
    http_version: 
  recorded_at: Sat, 04 Apr 2015 12:53:51 GMT
- request:
    method: get
    uri: https://api.10.244.0.34.xip.io/v2/apps/b81d8252-71f0-474c-a005-632338336c01/env
    body:
      encoding: US-ASCII
      string: ''
    headers:
      User-Agent:
      - excon/0.45.1
      Authorization:
      - __AUTHORIZATION__
      Basic:
      - Y2Y6
      Content-Type:
      - application/json
      Accept-Encoding:
      - gzip
  response:
    status:
      code: 200
      message: 
    headers:
      Content-Length:
      - '886'
      Content-Type:
      - application/json;charset=utf-8
      Date:
      - Sat, 04 Apr 2015 12:53:52 GMT
      Server:
      - nginx
      X-Cf-Requestid:
      - 8d8abf41-dbc3-4bbc-45f2-293dcd749a12
      X-Content-Type-Options:
      - nosniff
      X-Vcap-Request-Id:
      - e5507a2f-0a95-4d0b-5ef6-9461af418f90::ff8c1929-215d-4360-a34f-b6a9be4aaec5
    body:
      encoding: UTF-8
      string: |-
        {
          "staging_env_json": {

          },
          "running_env_json": {

          },
          "environment_json": {
            "our_test_var_key2": "our_test_var_value2"
          },
          "system_env_json": {
            "VCAP_SERVICES": {

            }
          },
          "application_env_json": {
            "VCAP_APPLICATION": {
              "limits": {
                "mem": 256,
                "disk": 1024,
                "fds": 16384
              },
              "application_version": "3106b660-8339-487a-b5c0-c4acc268b07e",
              "application_name": "paasal-test-app-all-updated",
              "application_uris": [
                "b81d8252-71f0-474c-a005-632338336c01.10.244.0.34.xip.io"
              ],
              "version": "3106b660-8339-487a-b5c0-c4acc268b07e",
              "name": "paasal-test-app-all-updated",
              "space_name": "development",
              "space_id": "d3483f4f-6706-4fe1-ad90-1bd45d50e940",
              "uris": [
                "b81d8252-71f0-474c-a005-632338336c01.10.244.0.34.xip.io"
              ],
              "users": null
            }
          }
        }
    http_version: 
  recorded_at: Sat, 04 Apr 2015 12:53:51 GMT
recorded_with: VCR 2.9.3
