---
http_interactions:
- request:
    method: get
    uri: https://api.10.244.0.34.xip.io/v2/info
    body:
      encoding: US-ASCII
      string: ''
    headers:
      User-Agent:
      - excon/0.45.1
      Accept-Encoding:
      - gzip
  response:
    status:
      code: 200
      message: 
    headers:
      Content-Length:
      - '331'
      Content-Type:
      - application/json;charset=utf-8
      Date:
      - Thu, 02 Apr 2015 12:33:07 GMT
      Server:
      - nginx
      X-Cf-Requestid:
      - b343b96f-e8ba-4493-4ab4-9008f8d02602
      X-Content-Type-Options:
      - nosniff
      X-Vcap-Request-Id:
      - 136f1f69-f5a1-44a8-4c9e-29005f31c7e5::b665fc59-c3bb-4ea0-a07e-d5035121cf0c
    body:
      encoding: UTF-8
      string: '{"name":"vcap","build":"2222","support":"http://support.cloudfoundry.com","version":2,"description":"Cloud
        Foundry sponsored by Pivotal","authorization_endpoint":"http://login.10.244.0.34.xip.io","token_endpoint":"https://uaa.10.244.0.34.xip.io","api_version":"2.18.0","logging_endpoint":"wss://loggregator.10.244.0.34.xip.io:443"}'
    http_version: 
  recorded_at: Thu, 02 Apr 2015 12:40:59 GMT
- request:
    method: post
    uri: http://login.10.244.0.34.xip.io/oauth/token?grant_type=password&password=__cf-bosh-local:user__&username=__cf-bosh-local:user__
    body:
      encoding: US-ASCII
      string: ''
    headers:
      User-Agent:
      - excon/0.45.1
      Authorization:
      - __AUTHORIZATION__
      Content-Type:
      - application/x-www-form-urlencoded
      Accept:
      - application/json
  response:
    status:
      code: 200
      message: 
    headers:
      Cache-Control:
      - no-cache, no-store, no-store
      Connection:
      - close
      Content-Length:
      - '1856'
      Content-Type:
      - application/json;charset=UTF-8
      Date:
      - Thu, 02 Apr 2015 12:33:07 GMT
      Expires:
      - Thu, 01 Jan 1970 00:00:00 GMT
      Pragma:
      - no-cache, no-cache
      Server:
      - Apache-Coyote/1.1
      X-Cf-Requestid:
      - 301fb94a-5598-4c3c-5596-a95cd7f43390, d1fb90f9-cf25-4ceb-67c6-6b50a6006571
      X-Frame-Options:
      - DENY
    body:
      encoding: UTF-8
      string: '{"access_token":"__ACCESS_TOKEN__","token_type":"bearer","refresh_token":"__REFRESH_TOKEN__","expires_in":599,"scope":"scim.userids
        cloud_controller.write password.write openid cloud_controller.read","jti":"d3d9f44e-71c1-4bed-946d-4dc951781d76"}'
    http_version: 
  recorded_at: Thu, 02 Apr 2015 12:40:59 GMT
- request:
    method: get
    uri: https://api.10.244.0.34.xip.io/v2/apps?q=name%3Apaasal-test-app-all-updated
    body:
      encoding: US-ASCII
      string: ''
    headers:
      User-Agent:
      - excon/0.45.1
      Authorization:
      - __AUTHORIZATION__
      Basic:
      - Y2Y6
      Content-Type:
      - application/json
      Accept-Encoding:
      - gzip
  response:
    status:
      code: 200
      message: 
    headers:
      Content-Length:
      - '1708'
      Content-Type:
      - application/json;charset=utf-8
      Date:
      - Thu, 02 Apr 2015 12:33:07 GMT
      Server:
      - nginx
      X-Cf-Requestid:
      - 93836518-c44c-41fb-7e72-40a4fff58589
      X-Content-Type-Options:
      - nosniff
      X-Vcap-Request-Id:
      - 90951b53-d52d-434f-67c9-29f5f70ee9e4::0b050e9b-836f-4c05-89e1-01fe77addad1
    body:
      encoding: UTF-8
      string: |-
        {
          "total_results": 1,
          "total_pages": 1,
          "prev_url": null,
          "next_url": null,
          "resources": [
            {
              "metadata": {
                "guid": "f0295428-234e-4eb6-9d42-a4167c9f990c",
                "url": "/v2/apps/f0295428-234e-4eb6-9d42-a4167c9f990c",
                "created_at": "2015-04-02T12:32:48+00:00",
                "updated_at": "2015-04-02T12:33:07+00:00"
              },
              "entity": {
                "name": "paasal-test-app-all-updated",
                "production": false,
                "space_guid": "d3483f4f-6706-4fe1-ad90-1bd45d50e940",
                "stack_guid": "b4d24013-b385-4db1-a171-b4e151a87c46",
                "buildpack": "nodejs_buildpack",
                "detected_buildpack": null,
                "environment_json": {
                  "our_test_var_key": "our_updated_test_var_value",
                  "our_test_var_key2": "our_test_var_value2"
                },
                "memory": 256,
                "instances": 1,
                "disk_quota": 1024,
                "state": "STOPPED",
                "version": "f453049e-2cda-4df9-af3b-b706c75996ea",
                "command": null,
                "console": false,
                "debug": null,
                "staging_task_id": null,
                "package_state": "PENDING",
                "health_check_timeout": null,
                "staging_failed_reason": null,
                "docker_image": null,
                "package_updated_at": null,
                "detected_start_command": "",
                "space_url": "/v2/spaces/d3483f4f-6706-4fe1-ad90-1bd45d50e940",
                "stack_url": "/v2/stacks/b4d24013-b385-4db1-a171-b4e151a87c46",
                "events_url": "/v2/apps/f0295428-234e-4eb6-9d42-a4167c9f990c/events",
                "service_bindings_url": "/v2/apps/f0295428-234e-4eb6-9d42-a4167c9f990c/service_bindings",
                "routes_url": "/v2/apps/f0295428-234e-4eb6-9d42-a4167c9f990c/routes"
              }
            }
          ]
        }
    http_version: 
  recorded_at: Thu, 02 Apr 2015 12:40:59 GMT
- request:
    method: get
    uri: https://api.10.244.0.34.xip.io/v2/apps/f0295428-234e-4eb6-9d42-a4167c9f990c/routes
    body:
      encoding: US-ASCII
      string: ''
    headers:
      User-Agent:
      - excon/0.45.1
      Authorization:
      - __AUTHORIZATION__
      Basic:
      - Y2Y6
      Content-Type:
      - application/json
      Accept-Encoding:
      - gzip
  response:
    status:
      code: 200
      message: 
    headers:
      Content-Length:
      - '2056'
      Content-Type:
      - application/json;charset=utf-8
      Date:
      - Thu, 02 Apr 2015 12:33:07 GMT
      Server:
      - nginx
      X-Cf-Requestid:
      - 4dd835d5-754a-42ab-7a0c-1211ad25b9ab
      X-Content-Type-Options:
      - nosniff
      X-Vcap-Request-Id:
      - 75909658-063e-48d7-48f1-0553db3fd874::de14b56f-b767-40d0-baf8-cbdc6d88af1c
    body:
      encoding: UTF-8
      string: |-
        {
          "total_results": 3,
          "total_pages": 1,
          "prev_url": null,
          "next_url": null,
          "resources": [
            {
              "metadata": {
                "guid": "579461f3-b818-412c-9bab-03793203f64f",
                "url": "/v2/routes/579461f3-b818-412c-9bab-03793203f64f",
                "created_at": "2015-04-02T12:32:49+00:00",
                "updated_at": null
              },
              "entity": {
                "host": "f0295428-234e-4eb6-9d42-a4167c9f990c",
                "domain_guid": "0a7ac015-b059-47d3-b1a2-873a6e370f36",
                "space_guid": "d3483f4f-6706-4fe1-ad90-1bd45d50e940",
                "domain_url": "/v2/domains/0a7ac015-b059-47d3-b1a2-873a6e370f36",
                "space_url": "/v2/spaces/d3483f4f-6706-4fe1-ad90-1bd45d50e940",
                "apps_url": "/v2/routes/579461f3-b818-412c-9bab-03793203f64f/apps"
              }
            },
            {
              "metadata": {
                "guid": "1514ad6f-a35c-4fd9-8c9b-b7eb0e8ce3a1",
                "url": "/v2/routes/1514ad6f-a35c-4fd9-8c9b-b7eb0e8ce3a1",
                "created_at": "2015-04-02T12:33:06+00:00",
                "updated_at": null
              },
              "entity": {
                "host": "cf-bosh-local",
                "domain_guid": "a055ee95-7d64-4352-9e5e-7eea55ecf706",
                "space_guid": "d3483f4f-6706-4fe1-ad90-1bd45d50e940",
                "domain_url": "/v2/domains/a055ee95-7d64-4352-9e5e-7eea55ecf706",
                "space_url": "/v2/spaces/d3483f4f-6706-4fe1-ad90-1bd45d50e940",
                "apps_url": "/v2/routes/1514ad6f-a35c-4fd9-8c9b-b7eb0e8ce3a1/apps"
              }
            },
            {
              "metadata": {
                "guid": "afbe1d4a-21ed-4202-813f-b2ae65e37a9a",
                "url": "/v2/routes/afbe1d4a-21ed-4202-813f-b2ae65e37a9a",
                "created_at": "2015-04-02T12:33:07+00:00",
                "updated_at": null
              },
              "entity": {
                "host": "",
                "domain_guid": "a055ee95-7d64-4352-9e5e-7eea55ecf706",
                "space_guid": "d3483f4f-6706-4fe1-ad90-1bd45d50e940",
                "domain_url": "/v2/domains/a055ee95-7d64-4352-9e5e-7eea55ecf706",
                "space_url": "/v2/spaces/d3483f4f-6706-4fe1-ad90-1bd45d50e940",
                "apps_url": "/v2/routes/afbe1d4a-21ed-4202-813f-b2ae65e37a9a/apps"
              }
            }
          ]
        }
    http_version: 
  recorded_at: Thu, 02 Apr 2015 12:40:59 GMT
- request:
    method: get
    uri: https://api.10.244.0.34.xip.io/v2/domains/0a7ac015-b059-47d3-b1a2-873a6e370f36
    body:
      encoding: US-ASCII
      string: ''
    headers:
      User-Agent:
      - excon/0.45.1
      Authorization:
      - __AUTHORIZATION__
      Basic:
      - Y2Y6
      Content-Type:
      - application/json
      Accept-Encoding:
      - gzip
  response:
    status:
      code: 200
      message: 
    headers:
      Content-Length:
      - '283'
      Content-Type:
      - application/json;charset=utf-8
      Date:
      - Thu, 02 Apr 2015 12:33:07 GMT
      Server:
      - nginx
      X-Cf-Requestid:
      - 1bd52c62-315a-4a6b-6625-5e35325aa344
      X-Cf-Warnings:
      - Endpoint+deprecated
      X-Content-Type-Options:
      - nosniff
      X-Vcap-Request-Id:
      - 9db0f193-9e0e-4b68-50f8-4d00c5b0e161::cd476942-4d54-4a6b-bf78-c24367444beb
    body:
      encoding: UTF-8
      string: |-
        {
          "metadata": {
            "guid": "0a7ac015-b059-47d3-b1a2-873a6e370f36",
            "url": "/v2/domains/0a7ac015-b059-47d3-b1a2-873a6e370f36",
            "created_at": "2014-12-05T16:23:46+00:00",
            "updated_at": "2015-03-19T07:07:29+00:00"
          },
          "entity": {
            "name": "10.244.0.34.xip.io"
          }
        }
    http_version: 
  recorded_at: Thu, 02 Apr 2015 12:40:59 GMT
- request:
    method: get
    uri: https://api.10.244.0.34.xip.io/v2/domains/a055ee95-7d64-4352-9e5e-7eea55ecf706
    body:
      encoding: US-ASCII
      string: ''
    headers:
      User-Agent:
      - excon/0.45.1
      Authorization:
      - __AUTHORIZATION__
      Basic:
      - Y2Y6
      Content-Type:
      - application/json
      Accept-Encoding:
      - gzip
  response:
    status:
      code: 200
      message: 
    headers:
      Content-Length:
      - '525'
      Content-Type:
      - application/json;charset=utf-8
      Date:
      - Thu, 02 Apr 2015 12:33:07 GMT
      Server:
      - nginx
      X-Cf-Requestid:
      - a6d18fb9-a7ef-46fa-5420-8ffecc8a23b3
      X-Cf-Warnings:
      - Endpoint+deprecated
      X-Content-Type-Options:
      - nosniff
      X-Vcap-Request-Id:
      - 356bf9f1-9413-483d-5f9b-4b180243ae13::d7153568-24aa-4b45-8cdc-cc28fe80c99b
    body:
      encoding: UTF-8
      string: |-
        {
          "metadata": {
            "guid": "a055ee95-7d64-4352-9e5e-7eea55ecf706",
            "url": "/v2/domains/a055ee95-7d64-4352-9e5e-7eea55ecf706",
            "created_at": "2015-03-25T16:22:57+00:00",
            "updated_at": null
          },
          "entity": {
            "name": "adomainthatishopefullynotusedontheplatform.de",
            "owning_organization_guid": "d94caddf-45be-4c92-bb2d-62d3a65cbec0",
            "owning_organization_url": "/v2/organizations/d94caddf-45be-4c92-bb2d-62d3a65cbec0",
            "spaces_url": "/v2/domains/a055ee95-7d64-4352-9e5e-7eea55ecf706/spaces"
          }
        }
    http_version: 
  recorded_at: Thu, 02 Apr 2015 12:40:59 GMT
- request:
    method: get
    uri: https://api.10.244.0.34.xip.io/v2/domains/a055ee95-7d64-4352-9e5e-7eea55ecf706
    body:
      encoding: US-ASCII
      string: ''
    headers:
      User-Agent:
      - excon/0.45.1
      Authorization:
      - __AUTHORIZATION__
      Basic:
      - Y2Y6
      Content-Type:
      - application/json
      Accept-Encoding:
      - gzip
  response:
    status:
      code: 200
      message: 
    headers:
      Content-Length:
      - '525'
      Content-Type:
      - application/json;charset=utf-8
      Date:
      - Thu, 02 Apr 2015 12:33:07 GMT
      Server:
      - nginx
      X-Cf-Requestid:
      - 79454fa2-4588-46d1-7463-622c5b8e3267
      X-Cf-Warnings:
      - Endpoint+deprecated
      X-Content-Type-Options:
      - nosniff
      X-Vcap-Request-Id:
      - 53135f68-86ed-4a6c-5989-78436e11ef02::f94e66ed-5540-40b5-99b9-e0c15c7f9eda
    body:
      encoding: UTF-8
      string: |-
        {
          "metadata": {
            "guid": "a055ee95-7d64-4352-9e5e-7eea55ecf706",
            "url": "/v2/domains/a055ee95-7d64-4352-9e5e-7eea55ecf706",
            "created_at": "2015-03-25T16:22:57+00:00",
            "updated_at": null
          },
          "entity": {
            "name": "adomainthatishopefullynotusedontheplatform.de",
            "owning_organization_guid": "d94caddf-45be-4c92-bb2d-62d3a65cbec0",
            "owning_organization_url": "/v2/organizations/d94caddf-45be-4c92-bb2d-62d3a65cbec0",
            "spaces_url": "/v2/domains/a055ee95-7d64-4352-9e5e-7eea55ecf706/spaces"
          }
        }
    http_version: 
  recorded_at: Thu, 02 Apr 2015 12:40:59 GMT
recorded_with: VCR 2.9.3
