---
http_interactions:
- request:
    method: get
    uri: https://api.10.244.0.34.xip.io/v2/info
    body:
      encoding: US-ASCII
      string: ''
    headers:
      User-Agent:
      - excon/0.45.1
      Accept-Encoding:
      - gzip
  response:
    status:
      code: 200
      message: 
    headers:
      Content-Length:
      - '331'
      Content-Type:
      - application/json;charset=utf-8
      Date:
      - Thu, 02 Apr 2015 12:32:53 GMT
      Server:
      - nginx
      X-Cf-Requestid:
      - beddffd0-c68c-4f4d-7e08-b6f70dbc8fe6
      X-Content-Type-Options:
      - nosniff
      X-Vcap-Request-Id:
      - e0d21cbe-b528-4154-76a8-e822bf56bbad::4b0c13ce-19cf-4467-953e-d1075b25f3b1
    body:
      encoding: UTF-8
      string: '{"name":"vcap","build":"2222","support":"http://support.cloudfoundry.com","version":2,"description":"Cloud
        Foundry sponsored by Pivotal","authorization_endpoint":"http://login.10.244.0.34.xip.io","token_endpoint":"https://uaa.10.244.0.34.xip.io","api_version":"2.18.0","logging_endpoint":"wss://loggregator.10.244.0.34.xip.io:443"}'
    http_version: 
  recorded_at: Thu, 02 Apr 2015 12:40:45 GMT
- request:
    method: post
    uri: http://login.10.244.0.34.xip.io/oauth/token?grant_type=password&password=__cf-bosh-local:user__&username=__cf-bosh-local:user__
    body:
      encoding: US-ASCII
      string: ''
    headers:
      User-Agent:
      - excon/0.45.1
      Authorization:
      - __AUTHORIZATION__
      Content-Type:
      - application/x-www-form-urlencoded
      Accept:
      - application/json
  response:
    status:
      code: 200
      message: 
    headers:
      Cache-Control:
      - no-cache, no-store, no-store
      Connection:
      - close
      Content-Length:
      - '1856'
      Content-Type:
      - application/json;charset=UTF-8
      Date:
      - Thu, 02 Apr 2015 12:32:54 GMT
      Expires:
      - Thu, 01 Jan 1970 00:00:00 GMT
      Pragma:
      - no-cache, no-cache
      Server:
      - Apache-Coyote/1.1
      X-Cf-Requestid:
      - da2ec86f-4a15-43c2-74bc-1e2c390d5ec4, 135ef892-f264-4a82-6c24-176b44fa3536
      X-Frame-Options:
      - DENY
    body:
      encoding: UTF-8
      string: '{"access_token":"__ACCESS_TOKEN__","token_type":"bearer","refresh_token":"__REFRESH_TOKEN__","expires_in":599,"scope":"scim.userids
        cloud_controller.write password.write openid cloud_controller.read","jti":"7c4b3da3-7052-4d0c-8024-c896970f3684"}'
    http_version: 
  recorded_at: Thu, 02 Apr 2015 12:40:45 GMT
- request:
    method: get
    uri: https://api.10.244.0.34.xip.io/v2/apps?q=name%3Apaasal-test-app-all-updated
    body:
      encoding: US-ASCII
      string: ''
    headers:
      User-Agent:
      - excon/0.45.1
      Authorization:
      - __AUTHORIZATION__
      Basic:
      - Y2Y6
      Content-Type:
      - application/json
      Accept-Encoding:
      - gzip
  response:
    status:
      code: 200
      message: 
    headers:
      Content-Length:
      - '1596'
      Content-Type:
      - application/json;charset=utf-8
      Date:
      - Thu, 02 Apr 2015 12:32:54 GMT
      Server:
      - nginx
      X-Cf-Requestid:
      - e0c172f1-0611-4642-5e21-b4cd198c3f72
      X-Content-Type-Options:
      - nosniff
      X-Vcap-Request-Id:
      - 0c74ffa7-6e03-46b2-59bc-0b9765caaf88::48f6d6e4-cbde-4bd9-aea6-1b32a354e6b0
    body:
      encoding: UTF-8
      string: |-
        {
          "total_results": 1,
          "total_pages": 1,
          "prev_url": null,
          "next_url": null,
          "resources": [
            {
              "metadata": {
                "guid": "f0295428-234e-4eb6-9d42-a4167c9f990c",
                "url": "/v2/apps/f0295428-234e-4eb6-9d42-a4167c9f990c",
                "created_at": "2015-04-02T12:32:48+00:00",
                "updated_at": "2015-04-02T12:32:52+00:00"
              },
              "entity": {
                "name": "paasal-test-app-all-updated",
                "production": false,
                "space_guid": "d3483f4f-6706-4fe1-ad90-1bd45d50e940",
                "stack_guid": "b4d24013-b385-4db1-a171-b4e151a87c46",
                "buildpack": "nodejs_buildpack",
                "detected_buildpack": null,
                "environment_json": {

                },
                "memory": 256,
                "instances": 1,
                "disk_quota": 1024,
                "state": "STOPPED",
                "version": "44738c02-08df-4ede-995f-e9cd9b99bf7a",
                "command": null,
                "console": false,
                "debug": null,
                "staging_task_id": null,
                "package_state": "PENDING",
                "health_check_timeout": null,
                "staging_failed_reason": null,
                "docker_image": null,
                "package_updated_at": null,
                "detected_start_command": "",
                "space_url": "/v2/spaces/d3483f4f-6706-4fe1-ad90-1bd45d50e940",
                "stack_url": "/v2/stacks/b4d24013-b385-4db1-a171-b4e151a87c46",
                "events_url": "/v2/apps/f0295428-234e-4eb6-9d42-a4167c9f990c/events",
                "service_bindings_url": "/v2/apps/f0295428-234e-4eb6-9d42-a4167c9f990c/service_bindings",
                "routes_url": "/v2/apps/f0295428-234e-4eb6-9d42-a4167c9f990c/routes"
              }
            }
          ]
        }
    http_version: 
  recorded_at: Thu, 02 Apr 2015 12:40:45 GMT
- request:
    method: get
    uri: https://api.10.244.0.34.xip.io/v2/apps/f0295428-234e-4eb6-9d42-a4167c9f990c
    body:
      encoding: US-ASCII
      string: ''
    headers:
      User-Agent:
      - excon/0.45.1
      Authorization:
      - __AUTHORIZATION__
      Basic:
      - Y2Y6
      Content-Type:
      - application/json
      Accept-Encoding:
      - gzip
  response:
    status:
      code: 200
      message: 
    headers:
      Content-Length:
      - '1337'
      Content-Type:
      - application/json;charset=utf-8
      Date:
      - Thu, 02 Apr 2015 12:32:54 GMT
      Server:
      - nginx
      X-Cf-Requestid:
      - 5e68164a-7fb0-45a5-6927-649fee90b430
      X-Content-Type-Options:
      - nosniff
      X-Vcap-Request-Id:
      - 376c3e6f-8853-4b1a-56d1-0d8c4aa0caf1::73f51b1a-c7f8-4860-9ed6-6191b475d2e4
    body:
      encoding: UTF-8
      string: |-
        {
          "metadata": {
            "guid": "f0295428-234e-4eb6-9d42-a4167c9f990c",
            "url": "/v2/apps/f0295428-234e-4eb6-9d42-a4167c9f990c",
            "created_at": "2015-04-02T12:32:48+00:00",
            "updated_at": "2015-04-02T12:32:52+00:00"
          },
          "entity": {
            "name": "paasal-test-app-all-updated",
            "production": false,
            "space_guid": "d3483f4f-6706-4fe1-ad90-1bd45d50e940",
            "stack_guid": "b4d24013-b385-4db1-a171-b4e151a87c46",
            "buildpack": "nodejs_buildpack",
            "detected_buildpack": null,
            "environment_json": {

            },
            "memory": 256,
            "instances": 1,
            "disk_quota": 1024,
            "state": "STOPPED",
            "version": "44738c02-08df-4ede-995f-e9cd9b99bf7a",
            "command": null,
            "console": false,
            "debug": null,
            "staging_task_id": null,
            "package_state": "PENDING",
            "health_check_timeout": null,
            "staging_failed_reason": null,
            "docker_image": null,
            "package_updated_at": null,
            "detected_start_command": "",
            "space_url": "/v2/spaces/d3483f4f-6706-4fe1-ad90-1bd45d50e940",
            "stack_url": "/v2/stacks/b4d24013-b385-4db1-a171-b4e151a87c46",
            "events_url": "/v2/apps/f0295428-234e-4eb6-9d42-a4167c9f990c/events",
            "service_bindings_url": "/v2/apps/f0295428-234e-4eb6-9d42-a4167c9f990c/service_bindings",
            "routes_url": "/v2/apps/f0295428-234e-4eb6-9d42-a4167c9f990c/routes"
          }
        }
    http_version: 
  recorded_at: Thu, 02 Apr 2015 12:40:45 GMT
- request:
    method: head
    uri: https://api.10.244.0.34.xip.io/v2/apps/f0295428-234e-4eb6-9d42-a4167c9f990c/download
    body:
      encoding: US-ASCII
      string: ''
    headers:
      User-Agent:
      - excon/0.45.1
      Authorization:
      - __AUTHORIZATION__
      Basic:
      - Y2Y6
      Content-Type:
      - application/json
      Accept-Encoding:
      - gzip
  response:
    status:
      code: 404
      message: 
    headers:
      Content-Length:
      - '155'
      Content-Type:
      - application/json;charset=utf-8
      Date:
      - Thu, 02 Apr 2015 12:32:54 GMT
      Server:
      - nginx
      X-Cf-Requestid:
      - c0727654-bc78-410b-7e6d-c08b8c3f627f
      X-Content-Type-Options:
      - nosniff
      X-Vcap-Request-Id:
      - ed72dcbc-67d4-488d-503f-57fd4d2f8c1b::13242584-68e4-46ac-95db-8692bcf68d7e
    body:
      encoding: UTF-8
      string: ''
    http_version: 
  recorded_at: Thu, 02 Apr 2015 12:40:45 GMT
- request:
    method: get
    uri: https://api.10.244.0.34.xip.io/v2/apps/f0295428-234e-4eb6-9d42-a4167c9f990c/routes
    body:
      encoding: US-ASCII
      string: ''
    headers:
      User-Agent:
      - excon/0.45.1
      Authorization:
      - __AUTHORIZATION__
      Basic:
      - Y2Y6
      Content-Type:
      - application/json
      Accept-Encoding:
      - gzip
  response:
    status:
      code: 200
      message: 
    headers:
      Content-Length:
      - '775'
      Content-Type:
      - application/json;charset=utf-8
      Date:
      - Thu, 02 Apr 2015 12:32:54 GMT
      Server:
      - nginx
      X-Cf-Requestid:
      - 3ff76af2-9eb2-4786-710c-3a3b46b67517
      X-Content-Type-Options:
      - nosniff
      X-Vcap-Request-Id:
      - c6a8edad-34b1-4f84-618a-bb86ede98176::86dfe352-eb41-4a60-b4c8-5c60cf8d24e3
    body:
      encoding: UTF-8
      string: |-
        {
          "total_results": 1,
          "total_pages": 1,
          "prev_url": null,
          "next_url": null,
          "resources": [
            {
              "metadata": {
                "guid": "579461f3-b818-412c-9bab-03793203f64f",
                "url": "/v2/routes/579461f3-b818-412c-9bab-03793203f64f",
                "created_at": "2015-04-02T12:32:49+00:00",
                "updated_at": null
              },
              "entity": {
                "host": "f0295428-234e-4eb6-9d42-a4167c9f990c",
                "domain_guid": "0a7ac015-b059-47d3-b1a2-873a6e370f36",
                "space_guid": "d3483f4f-6706-4fe1-ad90-1bd45d50e940",
                "domain_url": "/v2/domains/0a7ac015-b059-47d3-b1a2-873a6e370f36",
                "space_url": "/v2/spaces/d3483f4f-6706-4fe1-ad90-1bd45d50e940",
                "apps_url": "/v2/routes/579461f3-b818-412c-9bab-03793203f64f/apps"
              }
            }
          ]
        }
    http_version: 
  recorded_at: Thu, 02 Apr 2015 12:40:45 GMT
- request:
    method: get
    uri: https://api.10.244.0.34.xip.io/v2/domains/0a7ac015-b059-47d3-b1a2-873a6e370f36
    body:
      encoding: US-ASCII
      string: ''
    headers:
      User-Agent:
      - excon/0.45.1
      Authorization:
      - __AUTHORIZATION__
      Basic:
      - Y2Y6
      Content-Type:
      - application/json
      Accept-Encoding:
      - gzip
  response:
    status:
      code: 200
      message: 
    headers:
      Content-Length:
      - '283'
      Content-Type:
      - application/json;charset=utf-8
      Date:
      - Thu, 02 Apr 2015 12:32:54 GMT
      Server:
      - nginx
      X-Cf-Requestid:
      - 76ad580e-91c0-44a8-74f2-60d0347ce838
      X-Cf-Warnings:
      - Endpoint+deprecated
      X-Content-Type-Options:
      - nosniff
      X-Vcap-Request-Id:
      - fbb2bf08-cbdb-405c-4e4e-de07d8ed8bc0::18e7d5d1-d884-48b1-9b11-bdfebd2103c5
    body:
      encoding: UTF-8
      string: |-
        {
          "metadata": {
            "guid": "0a7ac015-b059-47d3-b1a2-873a6e370f36",
            "url": "/v2/domains/0a7ac015-b059-47d3-b1a2-873a6e370f36",
            "created_at": "2014-12-05T16:23:46+00:00",
            "updated_at": "2015-03-19T07:07:29+00:00"
          },
          "entity": {
            "name": "10.244.0.34.xip.io"
          }
        }
    http_version: 
  recorded_at: Thu, 02 Apr 2015 12:40:46 GMT
recorded_with: VCR 2.9.3
