---
http_interactions:
- request:
    method: get
    uri: https://api.10.244.0.34.xip.io/v2/info
    body:
      encoding: US-ASCII
      string: ''
    headers:
      User-Agent:
      - excon/0.45.1
      Accept-Encoding:
      - gzip
  response:
    status:
      code: 200
      message: 
    headers:
      Content-Length:
      - '331'
      Content-Type:
      - application/json;charset=utf-8
      Date:
      - Thu, 02 Apr 2015 12:35:12 GMT
      Server:
      - nginx
      X-Cf-Requestid:
      - 8403a15f-6b81-4a49-5125-a0fb1874ff73
      X-Content-Type-Options:
      - nosniff
      X-Vcap-Request-Id:
      - 991800db-0e46-4978-77ea-0c2e00372781::1f2ba6b1-c5f5-4c59-9088-f3fe1fcd3cd6
    body:
      encoding: UTF-8
      string: '{"name":"vcap","build":"2222","support":"http://support.cloudfoundry.com","version":2,"description":"Cloud
        Foundry sponsored by Pivotal","authorization_endpoint":"http://login.10.244.0.34.xip.io","token_endpoint":"https://uaa.10.244.0.34.xip.io","api_version":"2.18.0","logging_endpoint":"wss://loggregator.10.244.0.34.xip.io:443"}'
    http_version: 
  recorded_at: Thu, 02 Apr 2015 12:43:03 GMT
- request:
    method: post
    uri: http://login.10.244.0.34.xip.io/oauth/token?grant_type=password&password=__cf-bosh-local:user__&username=__cf-bosh-local:user__
    body:
      encoding: US-ASCII
      string: ''
    headers:
      User-Agent:
      - excon/0.45.1
      Authorization:
      - __AUTHORIZATION__
      Content-Type:
      - application/x-www-form-urlencoded
      Accept:
      - application/json
  response:
    status:
      code: 200
      message: 
    headers:
      Cache-Control:
      - no-cache, no-store, no-store
      Connection:
      - close
      Content-Length:
      - '1856'
      Content-Type:
      - application/json;charset=UTF-8
      Date:
      - Thu, 02 Apr 2015 12:35:11 GMT
      Expires:
      - Thu, 01 Jan 1970 00:00:00 GMT
      Pragma:
      - no-cache, no-cache
      Server:
      - Apache-Coyote/1.1
      X-Cf-Requestid:
      - a8aa8e71-db45-494e-4268-f3a7970e5d31, 5de15165-b66f-409f-64ff-64749b4c2c40
      X-Frame-Options:
      - DENY
    body:
      encoding: UTF-8
      string: '{"access_token":"__ACCESS_TOKEN__","token_type":"bearer","refresh_token":"__REFRESH_TOKEN__","expires_in":599,"scope":"scim.userids
        cloud_controller.write password.write openid cloud_controller.read","jti":"16868dd5-3f3f-4d90-9456-a278cd2f6432"}'
    http_version: 
  recorded_at: Thu, 02 Apr 2015 12:43:04 GMT
- request:
    method: get
    uri: https://api.10.244.0.34.xip.io/v2/apps?q=name%3Apaasal-test-app-all-updated
    body:
      encoding: US-ASCII
      string: ''
    headers:
      User-Agent:
      - excon/0.45.1
      Authorization:
      - __AUTHORIZATION__
      Basic:
      - Y2Y6
      Content-Type:
      - application/json
      Accept-Encoding:
      - gzip
  response:
    status:
      code: 200
      message: 
    headers:
      Content-Length:
      - '1775'
      Content-Type:
      - application/json;charset=utf-8
      Date:
      - Thu, 02 Apr 2015 12:35:12 GMT
      Server:
      - nginx
      X-Cf-Requestid:
      - e539fc83-a7fb-47fe-42f3-dacbdd432b63
      X-Content-Type-Options:
      - nosniff
      X-Vcap-Request-Id:
      - d7d318c6-ae1f-48a2-4617-a9f21487534b::780ebe65-3bc5-4a3c-8da0-88098416ad00
    body:
      encoding: UTF-8
      string: |-
        {
          "total_results": 1,
          "total_pages": 1,
          "prev_url": null,
          "next_url": null,
          "resources": [
            {
              "metadata": {
                "guid": "f0295428-234e-4eb6-9d42-a4167c9f990c",
                "url": "/v2/apps/f0295428-234e-4eb6-9d42-a4167c9f990c",
                "created_at": "2015-04-02T12:32:48+00:00",
                "updated_at": "2015-04-02T12:35:11+00:00"
              },
              "entity": {
                "name": "paasal-test-app-all-updated",
                "production": false,
                "space_guid": "d3483f4f-6706-4fe1-ad90-1bd45d50e940",
                "stack_guid": "b4d24013-b385-4db1-a171-b4e151a87c46",
                "buildpack": "nodejs_buildpack",
                "detected_buildpack": null,
                "environment_json": {
                  "our_test_var_key": "our_updated_test_var_value",
                  "our_test_var_key2": "our_test_var_value2"
                },
                "memory": 256,
                "instances": 1,
                "disk_quota": 1024,
                "state": "STARTED",
                "version": "5aeaa02b-1c06-442a-8324-5948d95f1dfd",
                "command": null,
                "console": false,
                "debug": null,
                "staging_task_id": "12e80993eba2431891a574f6f66360e5",
                "package_state": "PENDING",
                "health_check_timeout": null,
                "staging_failed_reason": null,
                "docker_image": null,
                "package_updated_at": "2015-04-02T12:33:15+00:00",
                "detected_start_command": "node server.js",
                "space_url": "/v2/spaces/d3483f4f-6706-4fe1-ad90-1bd45d50e940",
                "stack_url": "/v2/stacks/b4d24013-b385-4db1-a171-b4e151a87c46",
                "events_url": "/v2/apps/f0295428-234e-4eb6-9d42-a4167c9f990c/events",
                "service_bindings_url": "/v2/apps/f0295428-234e-4eb6-9d42-a4167c9f990c/service_bindings",
                "routes_url": "/v2/apps/f0295428-234e-4eb6-9d42-a4167c9f990c/routes"
              }
            }
          ]
        }
    http_version: 
  recorded_at: Thu, 02 Apr 2015 12:43:04 GMT
- request:
    method: get
    uri: https://api.10.244.0.34.xip.io/v2/apps/f0295428-234e-4eb6-9d42-a4167c9f990c/env
    body:
      encoding: US-ASCII
      string: ''
    headers:
      User-Agent:
      - excon/0.45.1
      Authorization:
      - __AUTHORIZATION__
      Basic:
      - Y2Y6
      Content-Type:
      - application/json
      Accept-Encoding:
      - gzip
  response:
    status:
      code: 200
      message: 
    headers:
      Content-Length:
      - '940'
      Content-Type:
      - application/json;charset=utf-8
      Date:
      - Thu, 02 Apr 2015 12:35:12 GMT
      Server:
      - nginx
      X-Cf-Requestid:
      - 1f9a4457-1940-4eac-60e8-ccb90ab7c80b
      X-Content-Type-Options:
      - nosniff
      X-Vcap-Request-Id:
      - be34bf52-ca0a-4333-4a5c-0c6f7d12ec69::03179c0d-ae8e-458e-a2b7-e504b15b8dfa
    body:
      encoding: UTF-8
      string: |-
        {
          "staging_env_json": {

          },
          "running_env_json": {

          },
          "environment_json": {
            "our_test_var_key": "our_updated_test_var_value",
            "our_test_var_key2": "our_test_var_value2"
          },
          "system_env_json": {
            "VCAP_SERVICES": {

            }
          },
          "application_env_json": {
            "VCAP_APPLICATION": {
              "limits": {
                "mem": 256,
                "disk": 1024,
                "fds": 16384
              },
              "application_version": "5aeaa02b-1c06-442a-8324-5948d95f1dfd",
              "application_name": "paasal-test-app-all-updated",
              "application_uris": [
                "f0295428-234e-4eb6-9d42-a4167c9f990c.10.244.0.34.xip.io"
              ],
              "version": "5aeaa02b-1c06-442a-8324-5948d95f1dfd",
              "name": "paasal-test-app-all-updated",
              "space_name": "development",
              "space_id": "d3483f4f-6706-4fe1-ad90-1bd45d50e940",
              "uris": [
                "f0295428-234e-4eb6-9d42-a4167c9f990c.10.244.0.34.xip.io"
              ],
              "users": null
            }
          }
        }
    http_version: 
  recorded_at: Thu, 02 Apr 2015 12:43:04 GMT
- request:
    method: get
    uri: https://api.10.244.0.34.xip.io/v2/apps/f0295428-234e-4eb6-9d42-a4167c9f990c/env
    body:
      encoding: US-ASCII
      string: ''
    headers:
      User-Agent:
      - excon/0.45.1
      Authorization:
      - __AUTHORIZATION__
      Basic:
      - Y2Y6
      Content-Type:
      - application/json
      Accept-Encoding:
      - gzip
  response:
    status:
      code: 200
      message: 
    headers:
      Content-Length:
      - '940'
      Content-Type:
      - application/json;charset=utf-8
      Date:
      - Thu, 02 Apr 2015 12:35:12 GMT
      Server:
      - nginx
      X-Cf-Requestid:
      - 4614e465-b957-4b5f-52c3-43b1071d2e5a
      X-Content-Type-Options:
      - nosniff
      X-Vcap-Request-Id:
      - c2dfe069-0506-45d9-6ad7-2f9569f44d3f::ee2943f1-158e-411b-9337-0a9217e31804
    body:
      encoding: UTF-8
      string: |-
        {
          "staging_env_json": {

          },
          "running_env_json": {

          },
          "environment_json": {
            "our_test_var_key": "our_updated_test_var_value",
            "our_test_var_key2": "our_test_var_value2"
          },
          "system_env_json": {
            "VCAP_SERVICES": {

            }
          },
          "application_env_json": {
            "VCAP_APPLICATION": {
              "limits": {
                "mem": 256,
                "disk": 1024,
                "fds": 16384
              },
              "application_version": "5aeaa02b-1c06-442a-8324-5948d95f1dfd",
              "application_name": "paasal-test-app-all-updated",
              "application_uris": [
                "f0295428-234e-4eb6-9d42-a4167c9f990c.10.244.0.34.xip.io"
              ],
              "version": "5aeaa02b-1c06-442a-8324-5948d95f1dfd",
              "name": "paasal-test-app-all-updated",
              "space_name": "development",
              "space_id": "d3483f4f-6706-4fe1-ad90-1bd45d50e940",
              "uris": [
                "f0295428-234e-4eb6-9d42-a4167c9f990c.10.244.0.34.xip.io"
              ],
              "users": null
            }
          }
        }
    http_version: 
  recorded_at: Thu, 02 Apr 2015 12:43:04 GMT
- request:
    method: put
    uri: https://api.10.244.0.34.xip.io/v2/apps/f0295428-234e-4eb6-9d42-a4167c9f990c
    body:
      encoding: UTF-8
      string: '{"environment_json":{"our_test_var_key2":"our_test_var_value2"}}'
    headers:
      User-Agent:
      - excon/0.45.1
      Authorization:
      - __AUTHORIZATION__
      Basic:
      - Y2Y6
      Content-Type:
      - application/json
      Accept-Encoding:
      - gzip
  response:
    status:
      code: 201
      message: 
    headers:
      Content-Length:
      - '1452'
      Content-Type:
      - application/json;charset=utf-8
      Date:
      - Thu, 02 Apr 2015 12:35:12 GMT
      Server:
      - nginx
      X-Cf-Requestid:
      - 079969c0-d264-4109-41d8-e021939305fa
      X-Content-Type-Options:
      - nosniff
      X-Vcap-Request-Id:
      - 29c5c581-6e58-404a-48fa-be2f11ce80ee::26cebf57-461b-402f-9231-76aa2e07d8b9
    body:
      encoding: UTF-8
      string: |-
        {
          "metadata": {
            "guid": "f0295428-234e-4eb6-9d42-a4167c9f990c",
            "url": "/v2/apps/f0295428-234e-4eb6-9d42-a4167c9f990c",
            "created_at": "2015-04-02T12:32:48+00:00",
            "updated_at": "2015-04-02T12:35:12+00:00"
          },
          "entity": {
            "name": "paasal-test-app-all-updated",
            "production": false,
            "space_guid": "d3483f4f-6706-4fe1-ad90-1bd45d50e940",
            "stack_guid": "b4d24013-b385-4db1-a171-b4e151a87c46",
            "buildpack": "nodejs_buildpack",
            "detected_buildpack": null,
            "environment_json": {
              "our_test_var_key2": "our_test_var_value2"
            },
            "memory": 256,
            "instances": 1,
            "disk_quota": 1024,
            "state": "STARTED",
            "version": "5aeaa02b-1c06-442a-8324-5948d95f1dfd",
            "command": null,
            "console": false,
            "debug": null,
            "staging_task_id": "12e80993eba2431891a574f6f66360e5",
            "package_state": "PENDING",
            "health_check_timeout": null,
            "staging_failed_reason": null,
            "docker_image": null,
            "package_updated_at": "2015-04-02T12:33:15+00:00",
            "detected_start_command": "node server.js",
            "space_url": "/v2/spaces/d3483f4f-6706-4fe1-ad90-1bd45d50e940",
            "stack_url": "/v2/stacks/b4d24013-b385-4db1-a171-b4e151a87c46",
            "events_url": "/v2/apps/f0295428-234e-4eb6-9d42-a4167c9f990c/events",
            "service_bindings_url": "/v2/apps/f0295428-234e-4eb6-9d42-a4167c9f990c/service_bindings",
            "routes_url": "/v2/apps/f0295428-234e-4eb6-9d42-a4167c9f990c/routes"
          }
        }
    http_version: 
  recorded_at: Thu, 02 Apr 2015 12:43:04 GMT
recorded_with: VCR 2.9.3
