---
http_interactions:
- request:
    method: get
    uri: https://api.10.244.0.34.xip.io/v2/info
    body:
      encoding: US-ASCII
      string: ''
    headers:
      User-Agent:
      - excon/0.45.1
      Accept-Encoding:
      - gzip
  response:
    status:
      code: 200
      message: 
    headers:
      Content-Length:
      - '331'
      Content-Type:
      - application/json;charset=utf-8
      Date:
      - Thu, 02 Apr 2015 12:33:55 GMT
      Server:
      - nginx
      X-Cf-Requestid:
      - 809063af-17ae-40ad-5487-1e8c080a5f92
      X-Content-Type-Options:
      - nosniff
      X-Vcap-Request-Id:
      - 25eff27b-d177-425c-6fb8-73c694638c3c::c2e427da-0013-42d3-8b10-9e49dba60b72
    body:
      encoding: UTF-8
      string: '{"name":"vcap","build":"2222","support":"http://support.cloudfoundry.com","version":2,"description":"Cloud
        Foundry sponsored by Pivotal","authorization_endpoint":"http://login.10.244.0.34.xip.io","token_endpoint":"https://uaa.10.244.0.34.xip.io","api_version":"2.18.0","logging_endpoint":"wss://loggregator.10.244.0.34.xip.io:443"}'
    http_version: 
  recorded_at: Thu, 02 Apr 2015 12:41:47 GMT
- request:
    method: post
    uri: http://login.10.244.0.34.xip.io/oauth/token?grant_type=password&password=__cf-bosh-local:user__&username=__cf-bosh-local:user__
    body:
      encoding: US-ASCII
      string: ''
    headers:
      User-Agent:
      - excon/0.45.1
      Authorization:
      - __AUTHORIZATION__
      Content-Type:
      - application/x-www-form-urlencoded
      Accept:
      - application/json
  response:
    status:
      code: 200
      message: 
    headers:
      Cache-Control:
      - no-cache, no-store, no-store
      Connection:
      - close
      Content-Length:
      - '1856'
      Content-Type:
      - application/json;charset=UTF-8
      Date:
      - Thu, 02 Apr 2015 12:33:56 GMT
      Expires:
      - Thu, 01 Jan 1970 00:00:00 GMT
      Pragma:
      - no-cache, no-cache
      Server:
      - Apache-Coyote/1.1
      X-Cf-Requestid:
      - 67a20581-9b4c-494d-7ad6-7f09c323a48c, d8e963ce-526d-402a-56d9-5acbc7a5cbc1
      X-Frame-Options:
      - DENY
    body:
      encoding: UTF-8
      string: '{"access_token":"__ACCESS_TOKEN__","token_type":"bearer","refresh_token":"__REFRESH_TOKEN__","expires_in":599,"scope":"scim.userids
        cloud_controller.write password.write openid cloud_controller.read","jti":"df40da12-679c-46bb-8d97-1c8abfec3827"}'
    http_version: 
  recorded_at: Thu, 02 Apr 2015 12:41:47 GMT
- request:
    method: get
    uri: https://api.10.244.0.34.xip.io/v2/apps?q=name%3Apaasal-test-app-min-updated
    body:
      encoding: US-ASCII
      string: ''
    headers:
      User-Agent:
      - excon/0.45.1
      Authorization:
      - __AUTHORIZATION__
      Basic:
      - Y2Y6
      Content-Type:
      - application/json
      Accept-Encoding:
      - gzip
  response:
    status:
      code: 200
      message: 
    headers:
      Content-Length:
      - '1712'
      Content-Type:
      - application/json;charset=utf-8
      Date:
      - Thu, 02 Apr 2015 12:33:56 GMT
      Server:
      - nginx
      X-Cf-Requestid:
      - 2784bdd7-b983-4a5f-648a-71b15347e1a7
      X-Content-Type-Options:
      - nosniff
      X-Vcap-Request-Id:
      - c5101209-c628-4af0-485e-571b6a251396::4fab0483-557a-4c64-b404-36582040b5f0
    body:
      encoding: UTF-8
      string: |-
        {
          "total_results": 1,
          "total_pages": 1,
          "prev_url": null,
          "next_url": null,
          "resources": [
            {
              "metadata": {
                "guid": "3397450b-e73a-48cb-a94d-4e7cc4341763",
                "url": "/v2/apps/3397450b-e73a-48cb-a94d-4e7cc4341763",
                "created_at": "2015-04-02T12:32:49+00:00",
                "updated_at": "2015-04-02T12:33:55+00:00"
              },
              "entity": {
                "name": "paasal-test-app-min-updated",
                "production": false,
                "space_guid": "d3483f4f-6706-4fe1-ad90-1bd45d50e940",
                "stack_guid": "b4d24013-b385-4db1-a171-b4e151a87c46",
                "buildpack": "nodejs_buildpack",
                "detected_buildpack": null,
                "environment_json": {
                  "our_test_var_key": "our_test_var_value"
                },
                "memory": 256,
                "instances": 1,
                "disk_quota": 1024,
                "state": "STOPPED",
                "version": "96f12add-6cad-4a6a-94b2-9abb32fc3201",
                "command": null,
                "console": false,
                "debug": null,
                "staging_task_id": "1f0189ef90fd4312b1b5c01bdfd6108a",
                "package_state": "STAGED",
                "health_check_timeout": null,
                "staging_failed_reason": null,
                "docker_image": null,
                "package_updated_at": "2015-04-02T12:33:18+00:00",
                "detected_start_command": "node server.js",
                "space_url": "/v2/spaces/d3483f4f-6706-4fe1-ad90-1bd45d50e940",
                "stack_url": "/v2/stacks/b4d24013-b385-4db1-a171-b4e151a87c46",
                "events_url": "/v2/apps/3397450b-e73a-48cb-a94d-4e7cc4341763/events",
                "service_bindings_url": "/v2/apps/3397450b-e73a-48cb-a94d-4e7cc4341763/service_bindings",
                "routes_url": "/v2/apps/3397450b-e73a-48cb-a94d-4e7cc4341763/routes"
              }
            }
          ]
        }
    http_version: 
  recorded_at: Thu, 02 Apr 2015 12:41:47 GMT
- request:
    method: head
    uri: https://api.10.244.0.34.xip.io/v2/apps/3397450b-e73a-48cb-a94d-4e7cc4341763/download
    body:
      encoding: US-ASCII
      string: ''
    headers:
      User-Agent:
      - excon/0.45.1
      Authorization:
      - __AUTHORIZATION__
      Basic:
      - Y2Y6
      Content-Type:
      - application/json
      Accept-Encoding:
      - gzip
  response:
    status:
      code: 200
      message: 
    headers:
      Accept-Ranges:
      - bytes
      Content-Length:
      - '2156448'
      Content-Type:
      - application/json;charset=utf-8
      Date:
      - Thu, 02 Apr 2015 12:33:56 GMT
      Etag:
      - '"551d370e-20e7a0"'
      Last-Modified:
      - Thu, 02 Apr 2015 12:33:18 GMT
      Server:
      - nginx
      X-Cf-Requestid:
      - 276a78f3-16b2-4433-6b5a-b8b8167694c6
    body:
      encoding: UTF-8
      string: ''
    http_version: 
  recorded_at: Thu, 02 Apr 2015 12:41:47 GMT
- request:
    method: put
    uri: https://api.10.244.0.34.xip.io/v2/apps/3397450b-e73a-48cb-a94d-4e7cc4341763
    body:
      encoding: UTF-8
      string: '{"state":"STOPPED"}'
    headers:
      User-Agent:
      - excon/0.45.1
      Authorization:
      - __AUTHORIZATION__
      Basic:
      - Y2Y6
      Content-Type:
      - application/json
      Accept-Encoding:
      - gzip
  response:
    status:
      code: 201
      message: 
    headers:
      Content-Length:
      - '1449'
      Content-Type:
      - application/json;charset=utf-8
      Date:
      - Thu, 02 Apr 2015 12:33:56 GMT
      Server:
      - nginx
      X-Cf-Requestid:
      - 6880d17e-46e1-4d08-68cb-b13b7cbab102
      X-Content-Type-Options:
      - nosniff
      X-Vcap-Request-Id:
      - b61ef96d-7550-4b3d-680c-4f1996c34aae::06424e7b-b0d8-4ce1-90f1-67f9e4cb81cd
    body:
      encoding: UTF-8
      string: |-
        {
          "metadata": {
            "guid": "3397450b-e73a-48cb-a94d-4e7cc4341763",
            "url": "/v2/apps/3397450b-e73a-48cb-a94d-4e7cc4341763",
            "created_at": "2015-04-02T12:32:49+00:00",
            "updated_at": "2015-04-02T12:33:56+00:00"
          },
          "entity": {
            "name": "paasal-test-app-min-updated",
            "production": false,
            "space_guid": "d3483f4f-6706-4fe1-ad90-1bd45d50e940",
            "stack_guid": "b4d24013-b385-4db1-a171-b4e151a87c46",
            "buildpack": "nodejs_buildpack",
            "detected_buildpack": null,
            "environment_json": {
              "our_test_var_key": "our_test_var_value"
            },
            "memory": 256,
            "instances": 1,
            "disk_quota": 1024,
            "state": "STOPPED",
            "version": "96f12add-6cad-4a6a-94b2-9abb32fc3201",
            "command": null,
            "console": false,
            "debug": null,
            "staging_task_id": "1f0189ef90fd4312b1b5c01bdfd6108a",
            "package_state": "STAGED",
            "health_check_timeout": null,
            "staging_failed_reason": null,
            "docker_image": null,
            "package_updated_at": "2015-04-02T12:33:18+00:00",
            "detected_start_command": "node server.js",
            "space_url": "/v2/spaces/d3483f4f-6706-4fe1-ad90-1bd45d50e940",
            "stack_url": "/v2/stacks/b4d24013-b385-4db1-a171-b4e151a87c46",
            "events_url": "/v2/apps/3397450b-e73a-48cb-a94d-4e7cc4341763/events",
            "service_bindings_url": "/v2/apps/3397450b-e73a-48cb-a94d-4e7cc4341763/service_bindings",
            "routes_url": "/v2/apps/3397450b-e73a-48cb-a94d-4e7cc4341763/routes"
          }
        }
    http_version: 
  recorded_at: Thu, 02 Apr 2015 12:41:48 GMT
- request:
    method: get
    uri: https://api.10.244.0.34.xip.io/v2/apps/3397450b-e73a-48cb-a94d-4e7cc4341763/routes
    body:
      encoding: US-ASCII
      string: ''
    headers:
      User-Agent:
      - excon/0.45.1
      Authorization:
      - __AUTHORIZATION__
      Basic:
      - Y2Y6
      Content-Type:
      - application/json
      Accept-Encoding:
      - gzip
  response:
    status:
      code: 200
      message: 
    headers:
      Content-Length:
      - '775'
      Content-Type:
      - application/json;charset=utf-8
      Date:
      - Thu, 02 Apr 2015 12:33:56 GMT
      Server:
      - nginx
      X-Cf-Requestid:
      - 31116434-8879-471a-6307-89598ca811cc
      X-Content-Type-Options:
      - nosniff
      X-Vcap-Request-Id:
      - 47d73588-a444-4ee7-6702-8a4449e5fbf8::4ce0579a-2040-4e2d-8c40-26ad0ab71433
    body:
      encoding: UTF-8
      string: |-
        {
          "total_results": 1,
          "total_pages": 1,
          "prev_url": null,
          "next_url": null,
          "resources": [
            {
              "metadata": {
                "guid": "19808d13-e553-4a36-b050-e8d554848350",
                "url": "/v2/routes/19808d13-e553-4a36-b050-e8d554848350",
                "created_at": "2015-04-02T12:32:50+00:00",
                "updated_at": null
              },
              "entity": {
                "host": "3397450b-e73a-48cb-a94d-4e7cc4341763",
                "domain_guid": "0a7ac015-b059-47d3-b1a2-873a6e370f36",
                "space_guid": "d3483f4f-6706-4fe1-ad90-1bd45d50e940",
                "domain_url": "/v2/domains/0a7ac015-b059-47d3-b1a2-873a6e370f36",
                "space_url": "/v2/spaces/d3483f4f-6706-4fe1-ad90-1bd45d50e940",
                "apps_url": "/v2/routes/19808d13-e553-4a36-b050-e8d554848350/apps"
              }
            }
          ]
        }
    http_version: 
  recorded_at: Thu, 02 Apr 2015 12:41:48 GMT
- request:
    method: get
    uri: https://api.10.244.0.34.xip.io/v2/domains/0a7ac015-b059-47d3-b1a2-873a6e370f36
    body:
      encoding: US-ASCII
      string: ''
    headers:
      User-Agent:
      - excon/0.45.1
      Authorization:
      - __AUTHORIZATION__
      Basic:
      - Y2Y6
      Content-Type:
      - application/json
      Accept-Encoding:
      - gzip
  response:
    status:
      code: 200
      message: 
    headers:
      Content-Length:
      - '283'
      Content-Type:
      - application/json;charset=utf-8
      Date:
      - Thu, 02 Apr 2015 12:33:56 GMT
      Server:
      - nginx
      X-Cf-Requestid:
      - 0f6dc342-48f1-4941-4b9b-009a39a204a3
      X-Cf-Warnings:
      - Endpoint+deprecated
      X-Content-Type-Options:
      - nosniff
      X-Vcap-Request-Id:
      - 6709ec7e-b1e0-4f6f-6b6e-cbad2f2c8338::7b993cd2-9437-4c99-ba41-52ec3fe56f4a
    body:
      encoding: UTF-8
      string: |-
        {
          "metadata": {
            "guid": "0a7ac015-b059-47d3-b1a2-873a6e370f36",
            "url": "/v2/domains/0a7ac015-b059-47d3-b1a2-873a6e370f36",
            "created_at": "2014-12-05T16:23:46+00:00",
            "updated_at": "2015-03-19T07:07:29+00:00"
          },
          "entity": {
            "name": "10.244.0.34.xip.io"
          }
        }
    http_version: 
  recorded_at: Thu, 02 Apr 2015 12:41:48 GMT
- request:
    method: get
    uri: https://api.10.244.0.34.xip.io/v2/apps?q=name%3Apaasal-test-app-min-updated
    body:
      encoding: US-ASCII
      string: ''
    headers:
      User-Agent:
      - excon/0.45.1
      Authorization:
      - __AUTHORIZATION__
      Basic:
      - Y2Y6
      Content-Type:
      - application/json
      Accept-Encoding:
      - gzip
  response:
    status:
      code: 200
      message: 
    headers:
      Content-Length:
      - '1712'
      Content-Type:
      - application/json;charset=utf-8
      Date:
      - Thu, 02 Apr 2015 12:33:56 GMT
      Server:
      - nginx
      X-Cf-Requestid:
      - 0c4a73b1-8652-4c07-6a5b-295effe3b79b
      X-Content-Type-Options:
      - nosniff
      X-Vcap-Request-Id:
      - 39254d2d-75dd-4a73-557c-305b92df1756::1d3f5d93-590a-4356-9fc7-725cc7874742
    body:
      encoding: UTF-8
      string: |-
        {
          "total_results": 1,
          "total_pages": 1,
          "prev_url": null,
          "next_url": null,
          "resources": [
            {
              "metadata": {
                "guid": "3397450b-e73a-48cb-a94d-4e7cc4341763",
                "url": "/v2/apps/3397450b-e73a-48cb-a94d-4e7cc4341763",
                "created_at": "2015-04-02T12:32:49+00:00",
                "updated_at": "2015-04-02T12:33:56+00:00"
              },
              "entity": {
                "name": "paasal-test-app-min-updated",
                "production": false,
                "space_guid": "d3483f4f-6706-4fe1-ad90-1bd45d50e940",
                "stack_guid": "b4d24013-b385-4db1-a171-b4e151a87c46",
                "buildpack": "nodejs_buildpack",
                "detected_buildpack": null,
                "environment_json": {
                  "our_test_var_key": "our_test_var_value"
                },
                "memory": 256,
                "instances": 1,
                "disk_quota": 1024,
                "state": "STOPPED",
                "version": "96f12add-6cad-4a6a-94b2-9abb32fc3201",
                "command": null,
                "console": false,
                "debug": null,
                "staging_task_id": "1f0189ef90fd4312b1b5c01bdfd6108a",
                "package_state": "STAGED",
                "health_check_timeout": null,
                "staging_failed_reason": null,
                "docker_image": null,
                "package_updated_at": "2015-04-02T12:33:18+00:00",
                "detected_start_command": "node server.js",
                "space_url": "/v2/spaces/d3483f4f-6706-4fe1-ad90-1bd45d50e940",
                "stack_url": "/v2/stacks/b4d24013-b385-4db1-a171-b4e151a87c46",
                "events_url": "/v2/apps/3397450b-e73a-48cb-a94d-4e7cc4341763/events",
                "service_bindings_url": "/v2/apps/3397450b-e73a-48cb-a94d-4e7cc4341763/service_bindings",
                "routes_url": "/v2/apps/3397450b-e73a-48cb-a94d-4e7cc4341763/routes"
              }
            }
          ]
        }
    http_version: 
  recorded_at: Thu, 02 Apr 2015 12:41:48 GMT
- request:
    method: get
    uri: https://api.10.244.0.34.xip.io/v2/apps/3397450b-e73a-48cb-a94d-4e7cc4341763
    body:
      encoding: US-ASCII
      string: ''
    headers:
      User-Agent:
      - excon/0.45.1
      Authorization:
      - __AUTHORIZATION__
      Basic:
      - Y2Y6
      Content-Type:
      - application/json
      Accept-Encoding:
      - gzip
  response:
    status:
      code: 200
      message: 
    headers:
      Content-Length:
      - '1449'
      Content-Type:
      - application/json;charset=utf-8
      Date:
      - Thu, 02 Apr 2015 12:33:56 GMT
      Server:
      - nginx
      X-Cf-Requestid:
      - 06346457-0a85-470e-5d76-927ffe9900f8
      X-Content-Type-Options:
      - nosniff
      X-Vcap-Request-Id:
      - 5bf2d075-6240-4b22-6cf7-f4e714e996ff::557135c1-2489-4b8f-92a9-b014dc1fc0e7
    body:
      encoding: UTF-8
      string: |-
        {
          "metadata": {
            "guid": "3397450b-e73a-48cb-a94d-4e7cc4341763",
            "url": "/v2/apps/3397450b-e73a-48cb-a94d-4e7cc4341763",
            "created_at": "2015-04-02T12:32:49+00:00",
            "updated_at": "2015-04-02T12:33:56+00:00"
          },
          "entity": {
            "name": "paasal-test-app-min-updated",
            "production": false,
            "space_guid": "d3483f4f-6706-4fe1-ad90-1bd45d50e940",
            "stack_guid": "b4d24013-b385-4db1-a171-b4e151a87c46",
            "buildpack": "nodejs_buildpack",
            "detected_buildpack": null,
            "environment_json": {
              "our_test_var_key": "our_test_var_value"
            },
            "memory": 256,
            "instances": 1,
            "disk_quota": 1024,
            "state": "STOPPED",
            "version": "96f12add-6cad-4a6a-94b2-9abb32fc3201",
            "command": null,
            "console": false,
            "debug": null,
            "staging_task_id": "1f0189ef90fd4312b1b5c01bdfd6108a",
            "package_state": "STAGED",
            "health_check_timeout": null,
            "staging_failed_reason": null,
            "docker_image": null,
            "package_updated_at": "2015-04-02T12:33:18+00:00",
            "detected_start_command": "node server.js",
            "space_url": "/v2/spaces/d3483f4f-6706-4fe1-ad90-1bd45d50e940",
            "stack_url": "/v2/stacks/b4d24013-b385-4db1-a171-b4e151a87c46",
            "events_url": "/v2/apps/3397450b-e73a-48cb-a94d-4e7cc4341763/events",
            "service_bindings_url": "/v2/apps/3397450b-e73a-48cb-a94d-4e7cc4341763/service_bindings",
            "routes_url": "/v2/apps/3397450b-e73a-48cb-a94d-4e7cc4341763/routes"
          }
        }
    http_version: 
  recorded_at: Thu, 02 Apr 2015 12:41:48 GMT
- request:
    method: get
    uri: https://api.10.244.0.34.xip.io/v2/apps/3397450b-e73a-48cb-a94d-4e7cc4341763/routes
    body:
      encoding: US-ASCII
      string: ''
    headers:
      User-Agent:
      - excon/0.45.1
      Authorization:
      - __AUTHORIZATION__
      Basic:
      - Y2Y6
      Content-Type:
      - application/json
      Accept-Encoding:
      - gzip
  response:
    status:
      code: 200
      message: 
    headers:
      Content-Length:
      - '775'
      Content-Type:
      - application/json;charset=utf-8
      Date:
      - Thu, 02 Apr 2015 12:33:56 GMT
      Server:
      - nginx
      X-Cf-Requestid:
      - 80e467e1-b990-49e4-7eb4-a2a114257f8b
      X-Content-Type-Options:
      - nosniff
      X-Vcap-Request-Id:
      - eef325c9-f77d-4389-511a-8160c6eb8e01::3b9837c3-8bfc-4b71-9482-31e6aae11e8f
    body:
      encoding: UTF-8
      string: |-
        {
          "total_results": 1,
          "total_pages": 1,
          "prev_url": null,
          "next_url": null,
          "resources": [
            {
              "metadata": {
                "guid": "19808d13-e553-4a36-b050-e8d554848350",
                "url": "/v2/routes/19808d13-e553-4a36-b050-e8d554848350",
                "created_at": "2015-04-02T12:32:50+00:00",
                "updated_at": null
              },
              "entity": {
                "host": "3397450b-e73a-48cb-a94d-4e7cc4341763",
                "domain_guid": "0a7ac015-b059-47d3-b1a2-873a6e370f36",
                "space_guid": "d3483f4f-6706-4fe1-ad90-1bd45d50e940",
                "domain_url": "/v2/domains/0a7ac015-b059-47d3-b1a2-873a6e370f36",
                "space_url": "/v2/spaces/d3483f4f-6706-4fe1-ad90-1bd45d50e940",
                "apps_url": "/v2/routes/19808d13-e553-4a36-b050-e8d554848350/apps"
              }
            }
          ]
        }
    http_version: 
  recorded_at: Thu, 02 Apr 2015 12:41:48 GMT
- request:
    method: get
    uri: https://api.10.244.0.34.xip.io/v2/domains/0a7ac015-b059-47d3-b1a2-873a6e370f36
    body:
      encoding: US-ASCII
      string: ''
    headers:
      User-Agent:
      - excon/0.45.1
      Authorization:
      - __AUTHORIZATION__
      Basic:
      - Y2Y6
      Content-Type:
      - application/json
      Accept-Encoding:
      - gzip
  response:
    status:
      code: 200
      message: 
    headers:
      Content-Length:
      - '283'
      Content-Type:
      - application/json;charset=utf-8
      Date:
      - Thu, 02 Apr 2015 12:33:56 GMT
      Server:
      - nginx
      X-Cf-Requestid:
      - fd447257-664f-492c-4fd2-8c6d4d4bbd18
      X-Cf-Warnings:
      - Endpoint+deprecated
      X-Content-Type-Options:
      - nosniff
      X-Vcap-Request-Id:
      - 879d7314-77a4-450d-4b03-90043b05ce62::a1539a20-d736-4607-94ed-3174d2f4dbf0
    body:
      encoding: UTF-8
      string: |-
        {
          "metadata": {
            "guid": "0a7ac015-b059-47d3-b1a2-873a6e370f36",
            "url": "/v2/domains/0a7ac015-b059-47d3-b1a2-873a6e370f36",
            "created_at": "2014-12-05T16:23:46+00:00",
            "updated_at": "2015-03-19T07:07:29+00:00"
          },
          "entity": {
            "name": "10.244.0.34.xip.io"
          }
        }
    http_version: 
  recorded_at: Thu, 02 Apr 2015 12:41:48 GMT
recorded_with: VCR 2.9.3
