---
http_interactions:
- request:
    method: get
    uri: https://api.10.244.0.34.xip.io/v2/info
    body:
      encoding: US-ASCII
      string: ''
    headers:
      User-Agent:
      - excon/0.45.1
      Accept-Encoding:
      - gzip
  response:
    status:
      code: 200
      message: 
    headers:
      Content-Length:
      - '331'
      Content-Type:
      - application/json;charset=utf-8
      Date:
      - Sat, 04 Apr 2015 12:51:51 GMT
      Server:
      - nginx
      X-Cf-Requestid:
      - 6a2f04c2-18ad-4323-4db6-a5f90fd9bf8f
      X-Content-Type-Options:
      - nosniff
      X-Vcap-Request-Id:
      - 16317bef-a215-46cb-45ce-8eee5d177cd3::a2214698-359b-4d10-9f3b-b1d549d97fb4
    body:
      encoding: UTF-8
      string: '{"name":"vcap","build":"2222","support":"http://support.cloudfoundry.com","version":2,"description":"Cloud
        Foundry sponsored by Pivotal","authorization_endpoint":"http://login.10.244.0.34.xip.io","token_endpoint":"https://uaa.10.244.0.34.xip.io","api_version":"2.18.0","logging_endpoint":"wss://loggregator.10.244.0.34.xip.io:443"}'
    http_version: 
  recorded_at: Sat, 04 Apr 2015 12:51:51 GMT
- request:
    method: post
    uri: http://login.10.244.0.34.xip.io/oauth/token?grant_type=password&password=__cf-bosh-local:user__&username=__cf-bosh-local:user__
    body:
      encoding: US-ASCII
      string: ''
    headers:
      User-Agent:
      - excon/0.45.1
      Authorization:
      - __AUTHORIZATION__
      Content-Type:
      - application/x-www-form-urlencoded
      Accept:
      - application/json
  response:
    status:
      code: 200
      message: 
    headers:
      Cache-Control:
      - no-cache, no-store, no-store
      Connection:
      - close
      Content-Length:
      - '1856'
      Content-Type:
      - application/json;charset=UTF-8
      Date:
      - Sat, 04 Apr 2015 12:51:51 GMT
      Expires:
      - Thu, 01 Jan 1970 00:00:00 GMT
      Pragma:
      - no-cache, no-cache
      Server:
      - Apache-Coyote/1.1
      X-Cf-Requestid:
      - 23fef369-46b2-4496-7f0d-c2286e7b6061, 745836b1-d03c-4333-663a-9377e03a819b
      X-Frame-Options:
      - DENY
    body:
      encoding: UTF-8
      string: '{"access_token":"__ACCESS_TOKEN__","token_type":"bearer","refresh_token":"__REFRESH_TOKEN__","expires_in":599,"scope":"scim.userids
        cloud_controller.write password.write openid cloud_controller.read","jti":"9cf4e805-fb37-4f64-bfd1-1ec384ae074d"}'
    http_version: 
  recorded_at: Sat, 04 Apr 2015 12:51:51 GMT
- request:
    method: get
    uri: https://api.10.244.0.34.xip.io/v2/apps?q=name%3Apaasal-test-app-all-updated
    body:
      encoding: US-ASCII
      string: ''
    headers:
      User-Agent:
      - excon/0.45.1
      Authorization:
      - __AUTHORIZATION__
      Basic:
      - Y2Y6
      Content-Type:
      - application/json
      Accept-Encoding:
      - gzip
  response:
    status:
      code: 200
      message: 
    headers:
      Content-Length:
      - '1708'
      Content-Type:
      - application/json;charset=utf-8
      Date:
      - Sat, 04 Apr 2015 12:51:51 GMT
      Server:
      - nginx
      X-Cf-Requestid:
      - 887d327b-1f25-4d7e-4bd9-93705d536c63
      X-Content-Type-Options:
      - nosniff
      X-Vcap-Request-Id:
      - 1419bd41-0648-4ad0-64f4-a5911e60f0fb::b84100d0-2c70-42c6-88f7-4654b0d00a49
    body:
      encoding: UTF-8
      string: |-
        {
          "total_results": 1,
          "total_pages": 1,
          "prev_url": null,
          "next_url": null,
          "resources": [
            {
              "metadata": {
                "guid": "b81d8252-71f0-474c-a005-632338336c01",
                "url": "/v2/apps/b81d8252-71f0-474c-a005-632338336c01",
                "created_at": "2015-04-04T12:51:35+00:00",
                "updated_at": "2015-04-04T12:51:51+00:00"
              },
              "entity": {
                "name": "paasal-test-app-all-updated",
                "production": false,
                "space_guid": "d3483f4f-6706-4fe1-ad90-1bd45d50e940",
                "stack_guid": "b4d24013-b385-4db1-a171-b4e151a87c46",
                "buildpack": "nodejs_buildpack",
                "detected_buildpack": null,
                "environment_json": {
                  "our_test_var_key": "our_updated_test_var_value",
                  "our_test_var_key2": "our_test_var_value2"
                },
                "memory": 256,
                "instances": 1,
                "disk_quota": 1024,
                "state": "STOPPED",
                "version": "1c825bc2-be72-44ac-9214-e8a0356fc922",
                "command": null,
                "console": false,
                "debug": null,
                "staging_task_id": null,
                "package_state": "PENDING",
                "health_check_timeout": null,
                "staging_failed_reason": null,
                "docker_image": null,
                "package_updated_at": null,
                "detected_start_command": "",
                "space_url": "/v2/spaces/d3483f4f-6706-4fe1-ad90-1bd45d50e940",
                "stack_url": "/v2/stacks/b4d24013-b385-4db1-a171-b4e151a87c46",
                "events_url": "/v2/apps/b81d8252-71f0-474c-a005-632338336c01/events",
                "service_bindings_url": "/v2/apps/b81d8252-71f0-474c-a005-632338336c01/service_bindings",
                "routes_url": "/v2/apps/b81d8252-71f0-474c-a005-632338336c01/routes"
              }
            }
          ]
        }
    http_version: 
  recorded_at: Sat, 04 Apr 2015 12:51:51 GMT
- request:
    method: get
    uri: https://api.10.244.0.34.xip.io/v2/apps/b81d8252-71f0-474c-a005-632338336c01/routes
    body:
      encoding: US-ASCII
      string: ''
    headers:
      User-Agent:
      - excon/0.45.1
      Authorization:
      - __AUTHORIZATION__
      Basic:
      - Y2Y6
      Content-Type:
      - application/json
      Accept-Encoding:
      - gzip
  response:
    status:
      code: 200
      message: 
    headers:
      Content-Length:
      - '1422'
      Content-Type:
      - application/json;charset=utf-8
      Date:
      - Sat, 04 Apr 2015 12:51:51 GMT
      Server:
      - nginx
      X-Cf-Requestid:
      - adb549a8-0c21-4657-517a-7383c223a919
      X-Content-Type-Options:
      - nosniff
      X-Vcap-Request-Id:
      - 84d529b3-8b20-46ed-6c33-5b8d8d8f2276::2ad3df24-e20e-4b2c-b52e-9c4133d382b8
    body:
      encoding: UTF-8
      string: |-
        {
          "total_results": 2,
          "total_pages": 1,
          "prev_url": null,
          "next_url": null,
          "resources": [
            {
              "metadata": {
                "guid": "17e45bd4-5255-47b8-94a8-c7d7fc247c5d",
                "url": "/v2/routes/17e45bd4-5255-47b8-94a8-c7d7fc247c5d",
                "created_at": "2015-04-04T12:51:35+00:00",
                "updated_at": null
              },
              "entity": {
                "host": "b81d8252-71f0-474c-a005-632338336c01",
                "domain_guid": "0a7ac015-b059-47d3-b1a2-873a6e370f36",
                "space_guid": "d3483f4f-6706-4fe1-ad90-1bd45d50e940",
                "domain_url": "/v2/domains/0a7ac015-b059-47d3-b1a2-873a6e370f36",
                "space_url": "/v2/spaces/d3483f4f-6706-4fe1-ad90-1bd45d50e940",
                "apps_url": "/v2/routes/17e45bd4-5255-47b8-94a8-c7d7fc247c5d/apps"
              }
            },
            {
              "metadata": {
                "guid": "df3c1312-cb7e-4714-8c7a-926af45b82b3",
                "url": "/v2/routes/df3c1312-cb7e-4714-8c7a-926af45b82b3",
                "created_at": "2015-04-04T12:51:51+00:00",
                "updated_at": null
              },
              "entity": {
                "host": "cf-bosh-local",
                "domain_guid": "a055ee95-7d64-4352-9e5e-7eea55ecf706",
                "space_guid": "d3483f4f-6706-4fe1-ad90-1bd45d50e940",
                "domain_url": "/v2/domains/a055ee95-7d64-4352-9e5e-7eea55ecf706",
                "space_url": "/v2/spaces/d3483f4f-6706-4fe1-ad90-1bd45d50e940",
                "apps_url": "/v2/routes/df3c1312-cb7e-4714-8c7a-926af45b82b3/apps"
              }
            }
          ]
        }
    http_version: 
  recorded_at: Sat, 04 Apr 2015 12:51:51 GMT
- request:
    method: get
    uri: https://api.10.244.0.34.xip.io/v2/domains/0a7ac015-b059-47d3-b1a2-873a6e370f36
    body:
      encoding: US-ASCII
      string: ''
    headers:
      User-Agent:
      - excon/0.45.1
      Authorization:
      - __AUTHORIZATION__
      Basic:
      - Y2Y6
      Content-Type:
      - application/json
      Accept-Encoding:
      - gzip
  response:
    status:
      code: 200
      message: 
    headers:
      Content-Length:
      - '283'
      Content-Type:
      - application/json;charset=utf-8
      Date:
      - Sat, 04 Apr 2015 12:51:51 GMT
      Server:
      - nginx
      X-Cf-Requestid:
      - 868abe9f-c2ea-46cd-78e2-5347722bda03
      X-Cf-Warnings:
      - Endpoint+deprecated
      X-Content-Type-Options:
      - nosniff
      X-Vcap-Request-Id:
      - 2a5f16e6-0e98-4bb6-41b8-ca10a298d40c::5efaf4cc-92d4-4515-a499-cb9b24d009dc
    body:
      encoding: UTF-8
      string: |-
        {
          "metadata": {
            "guid": "0a7ac015-b059-47d3-b1a2-873a6e370f36",
            "url": "/v2/domains/0a7ac015-b059-47d3-b1a2-873a6e370f36",
            "created_at": "2014-12-05T16:23:46+00:00",
            "updated_at": "2015-03-19T07:07:29+00:00"
          },
          "entity": {
            "name": "10.244.0.34.xip.io"
          }
        }
    http_version: 
  recorded_at: Sat, 04 Apr 2015 12:51:51 GMT
- request:
    method: get
    uri: https://api.10.244.0.34.xip.io/v2/domains/a055ee95-7d64-4352-9e5e-7eea55ecf706
    body:
      encoding: US-ASCII
      string: ''
    headers:
      User-Agent:
      - excon/0.45.1
      Authorization:
      - __AUTHORIZATION__
      Basic:
      - Y2Y6
      Content-Type:
      - application/json
      Accept-Encoding:
      - gzip
  response:
    status:
      code: 200
      message: 
    headers:
      Content-Length:
      - '525'
      Content-Type:
      - application/json;charset=utf-8
      Date:
      - Sat, 04 Apr 2015 12:51:51 GMT
      Server:
      - nginx
      X-Cf-Requestid:
      - a4fc8c6d-ff77-422d-5032-aa02b94b75be
      X-Cf-Warnings:
      - Endpoint+deprecated
      X-Content-Type-Options:
      - nosniff
      X-Vcap-Request-Id:
      - ba6419b6-3ee7-45d8-52be-57307c1d8932::9b6206b2-48cf-469c-883a-ff45b5c4944f
    body:
      encoding: UTF-8
      string: |-
        {
          "metadata": {
            "guid": "a055ee95-7d64-4352-9e5e-7eea55ecf706",
            "url": "/v2/domains/a055ee95-7d64-4352-9e5e-7eea55ecf706",
            "created_at": "2015-03-25T16:22:57+00:00",
            "updated_at": null
          },
          "entity": {
            "name": "adomainthatishopefullynotusedontheplatform.de",
            "owning_organization_guid": "d94caddf-45be-4c92-bb2d-62d3a65cbec0",
            "owning_organization_url": "/v2/organizations/d94caddf-45be-4c92-bb2d-62d3a65cbec0",
            "spaces_url": "/v2/domains/a055ee95-7d64-4352-9e5e-7eea55ecf706/spaces"
          }
        }
    http_version: 
  recorded_at: Sat, 04 Apr 2015 12:51:51 GMT
- request:
    method: get
    uri: https://api.10.244.0.34.xip.io/v2/apps?q=name%3Apaasal-test-app-all-updated
    body:
      encoding: US-ASCII
      string: ''
    headers:
      User-Agent:
      - excon/0.45.1
      Authorization:
      - __AUTHORIZATION__
      Basic:
      - Y2Y6
      Content-Type:
      - application/json
      Accept-Encoding:
      - gzip
  response:
    status:
      code: 200
      message: 
    headers:
      Content-Length:
      - '1708'
      Content-Type:
      - application/json;charset=utf-8
      Date:
      - Sat, 04 Apr 2015 12:51:51 GMT
      Server:
      - nginx
      X-Cf-Requestid:
      - f0034f07-ccde-45e7-43b0-e670b4797117
      X-Content-Type-Options:
      - nosniff
      X-Vcap-Request-Id:
      - 65e34478-9a0e-4bfd-7a82-7c5b96534e3d::5bb0e887-e016-47cb-a0e8-9f59403d73d2
    body:
      encoding: UTF-8
      string: |-
        {
          "total_results": 1,
          "total_pages": 1,
          "prev_url": null,
          "next_url": null,
          "resources": [
            {
              "metadata": {
                "guid": "b81d8252-71f0-474c-a005-632338336c01",
                "url": "/v2/apps/b81d8252-71f0-474c-a005-632338336c01",
                "created_at": "2015-04-04T12:51:35+00:00",
                "updated_at": "2015-04-04T12:51:51+00:00"
              },
              "entity": {
                "name": "paasal-test-app-all-updated",
                "production": false,
                "space_guid": "d3483f4f-6706-4fe1-ad90-1bd45d50e940",
                "stack_guid": "b4d24013-b385-4db1-a171-b4e151a87c46",
                "buildpack": "nodejs_buildpack",
                "detected_buildpack": null,
                "environment_json": {
                  "our_test_var_key": "our_updated_test_var_value",
                  "our_test_var_key2": "our_test_var_value2"
                },
                "memory": 256,
                "instances": 1,
                "disk_quota": 1024,
                "state": "STOPPED",
                "version": "1c825bc2-be72-44ac-9214-e8a0356fc922",
                "command": null,
                "console": false,
                "debug": null,
                "staging_task_id": null,
                "package_state": "PENDING",
                "health_check_timeout": null,
                "staging_failed_reason": null,
                "docker_image": null,
                "package_updated_at": null,
                "detected_start_command": "",
                "space_url": "/v2/spaces/d3483f4f-6706-4fe1-ad90-1bd45d50e940",
                "stack_url": "/v2/stacks/b4d24013-b385-4db1-a171-b4e151a87c46",
                "events_url": "/v2/apps/b81d8252-71f0-474c-a005-632338336c01/events",
                "service_bindings_url": "/v2/apps/b81d8252-71f0-474c-a005-632338336c01/service_bindings",
                "routes_url": "/v2/apps/b81d8252-71f0-474c-a005-632338336c01/routes"
              }
            }
          ]
        }
    http_version: 
  recorded_at: Sat, 04 Apr 2015 12:51:51 GMT
- request:
    method: get
    uri: https://api.10.244.0.34.xip.io/v2/private_domains
    body:
      encoding: US-ASCII
      string: ''
    headers:
      User-Agent:
      - excon/0.45.1
      Authorization:
      - __AUTHORIZATION__
      Basic:
      - Y2Y6
      Content-Type:
      - application/json
      Accept-Encoding:
      - gzip
  response:
    status:
      code: 200
      message: 
    headers:
      Content-Length:
      - '615'
      Content-Type:
      - application/json;charset=utf-8
      Date:
      - Sat, 04 Apr 2015 12:51:51 GMT
      Server:
      - nginx
      X-Cf-Requestid:
      - a476f540-74e3-4393-7347-4b71e3a5f828
      X-Content-Type-Options:
      - nosniff
      X-Vcap-Request-Id:
      - c813073a-ab4f-41f7-675c-8c353ac78881::3f7afca2-b0b4-48c0-9f56-73611c0c3762
    body:
      encoding: UTF-8
      string: |-
        {
          "total_results": 1,
          "total_pages": 1,
          "prev_url": null,
          "next_url": null,
          "resources": [
            {
              "metadata": {
                "guid": "a055ee95-7d64-4352-9e5e-7eea55ecf706",
                "url": "/v2/private_domains/a055ee95-7d64-4352-9e5e-7eea55ecf706",
                "created_at": "2015-03-25T16:22:57+00:00",
                "updated_at": null
              },
              "entity": {
                "name": "adomainthatishopefullynotusedontheplatform.de",
                "owning_organization_guid": "d94caddf-45be-4c92-bb2d-62d3a65cbec0",
                "owning_organization_url": "/v2/organizations/d94caddf-45be-4c92-bb2d-62d3a65cbec0"
              }
            }
          ]
        }
    http_version: 
  recorded_at: Sat, 04 Apr 2015 12:51:51 GMT
- request:
    method: get
    uri: https://api.10.244.0.34.xip.io/v2/routes
    body:
      encoding: US-ASCII
      string: ''
    headers:
      User-Agent:
      - excon/0.45.1
      Authorization:
      - __AUTHORIZATION__
      Basic:
      - Y2Y6
      Content-Type:
      - application/json
      Accept-Encoding:
      - gzip
  response:
    status:
      code: 200
      message: 
    headers:
      Content-Length:
      - '33662'
      Content-Type:
      - application/json;charset=utf-8
      Date:
      - Sat, 04 Apr 2015 12:51:51 GMT
      Server:
      - nginx
      X-Cf-Requestid:
      - 855b6213-ccaa-4391-4eb2-2cf7abe74eb7
      X-Content-Type-Options:
      - nosniff
      X-Vcap-Request-Id:
      - 3396b81b-1f93-4ed8-6e0e-e05d42309a69::53e19761-ae98-41c0-8752-a218af12d1f2
    body:
      encoding: UTF-8
      string: |-
        {
          "total_results": 303,
          "total_pages": 7,
          "prev_url": null,
          "next_url": "/v2/routes?order-direction=asc&page=2&results-per-page=50",
          "resources": [
            {
              "metadata": {
                "guid": "4ee1f0e2-eb11-4baf-83bb-9101a29aed92",
                "url": "/v2/routes/4ee1f0e2-eb11-4baf-83bb-9101a29aed92",
                "created_at": "2015-03-25T14:01:48+00:00",
                "updated_at": null
              },
              "entity": {
                "host": "e1589864-81d4-4e53-9864-8a88446c718a",
                "domain_guid": "0a7ac015-b059-47d3-b1a2-873a6e370f36",
                "space_guid": "d3483f4f-6706-4fe1-ad90-1bd45d50e940",
                "domain_url": "/v2/domains/0a7ac015-b059-47d3-b1a2-873a6e370f36",
                "space_url": "/v2/spaces/d3483f4f-6706-4fe1-ad90-1bd45d50e940",
                "apps_url": "/v2/routes/4ee1f0e2-eb11-4baf-83bb-9101a29aed92/apps"
              }
            },
            {
              "metadata": {
                "guid": "a8280d16-c5a4-445e-9f37-e2a8a721f773",
                "url": "/v2/routes/a8280d16-c5a4-445e-9f37-e2a8a721f773",
                "created_at": "2015-03-25T14:01:49+00:00",
                "updated_at": null
              },
              "entity": {
                "host": "84761d3f-30cb-4f62-8e6d-4f2393dc9407",
                "domain_guid": "0a7ac015-b059-47d3-b1a2-873a6e370f36",
                "space_guid": "d3483f4f-6706-4fe1-ad90-1bd45d50e940",
                "domain_url": "/v2/domains/0a7ac015-b059-47d3-b1a2-873a6e370f36",
                "space_url": "/v2/spaces/d3483f4f-6706-4fe1-ad90-1bd45d50e940",
                "apps_url": "/v2/routes/a8280d16-c5a4-445e-9f37-e2a8a721f773/apps"
              }
            },
            {
              "metadata": {
                "guid": "f8273a4e-f409-48be-964a-71adb892bfdf",
                "url": "/v2/routes/f8273a4e-f409-48be-964a-71adb892bfdf",
                "created_at": "2015-03-25T14:05:54+00:00",
                "updated_at": null
              },
              "entity": {
                "host": "fb8d79a8-248a-4a5c-ba88-ace8d2258a3c",
                "domain_guid": "0a7ac015-b059-47d3-b1a2-873a6e370f36",
                "space_guid": "d3483f4f-6706-4fe1-ad90-1bd45d50e940",
                "domain_url": "/v2/domains/0a7ac015-b059-47d3-b1a2-873a6e370f36",
                "space_url": "/v2/spaces/d3483f4f-6706-4fe1-ad90-1bd45d50e940",
                "apps_url": "/v2/routes/f8273a4e-f409-48be-964a-71adb892bfdf/apps"
              }
            },
            {
              "metadata": {
                "guid": "8e8431d7-9f0d-49c6-b828-695521e37bda",
                "url": "/v2/routes/8e8431d7-9f0d-49c6-b828-695521e37bda",
                "created_at": "2015-03-25T14:05:57+00:00",
                "updated_at": null
              },
              "entity": {
                "host": "116411dd-0b37-401d-9808-42505f111e11",
                "domain_guid": "0a7ac015-b059-47d3-b1a2-873a6e370f36",
                "space_guid": "d3483f4f-6706-4fe1-ad90-1bd45d50e940",
                "domain_url": "/v2/domains/0a7ac015-b059-47d3-b1a2-873a6e370f36",
                "space_url": "/v2/spaces/d3483f4f-6706-4fe1-ad90-1bd45d50e940",
                "apps_url": "/v2/routes/8e8431d7-9f0d-49c6-b828-695521e37bda/apps"
              }
            },
            {
              "metadata": {
                "guid": "7efa9d57-cb58-4787-86a5-c29830b5c071",
                "url": "/v2/routes/7efa9d57-cb58-4787-86a5-c29830b5c071",
                "created_at": "2015-03-25T14:11:48+00:00",
                "updated_at": null
              },
              "entity": {
                "host": "3c02272a-f1b4-4e9a-9fac-79f64c58dde0",
                "domain_guid": "0a7ac015-b059-47d3-b1a2-873a6e370f36",
                "space_guid": "d3483f4f-6706-4fe1-ad90-1bd45d50e940",
                "domain_url": "/v2/domains/0a7ac015-b059-47d3-b1a2-873a6e370f36",
                "space_url": "/v2/spaces/d3483f4f-6706-4fe1-ad90-1bd45d50e940",
                "apps_url": "/v2/routes/7efa9d57-cb58-4787-86a5-c29830b5c071/apps"
              }
            },
            {
              "metadata": {
                "guid": "d88b17a3-7c86-448f-9e54-e24ba56b9847",
                "url": "/v2/routes/d88b17a3-7c86-448f-9e54-e24ba56b9847",
                "created_at": "2015-03-25T14:11:51+00:00",
                "updated_at": null
              },
              "entity": {
                "host": "7d7b386b-a08a-41ac-8239-c7d45fea1e80",
                "domain_guid": "0a7ac015-b059-47d3-b1a2-873a6e370f36",
                "space_guid": "d3483f4f-6706-4fe1-ad90-1bd45d50e940",
                "domain_url": "/v2/domains/0a7ac015-b059-47d3-b1a2-873a6e370f36",
                "space_url": "/v2/spaces/d3483f4f-6706-4fe1-ad90-1bd45d50e940",
                "apps_url": "/v2/routes/d88b17a3-7c86-448f-9e54-e24ba56b9847/apps"
              }
            },
            {
              "metadata": {
                "guid": "3d182e39-7233-48e1-a134-9f767bd10fde",
                "url": "/v2/routes/3d182e39-7233-48e1-a134-9f767bd10fde",
                "created_at": "2015-03-25T14:27:02+00:00",
                "updated_at": null
              },
              "entity": {
                "host": "5d6c4f4d-cfa4-4e8a-b0da-15469c03659d",
                "domain_guid": "0a7ac015-b059-47d3-b1a2-873a6e370f36",
                "space_guid": "d3483f4f-6706-4fe1-ad90-1bd45d50e940",
                "domain_url": "/v2/domains/0a7ac015-b059-47d3-b1a2-873a6e370f36",
                "space_url": "/v2/spaces/d3483f4f-6706-4fe1-ad90-1bd45d50e940",
                "apps_url": "/v2/routes/3d182e39-7233-48e1-a134-9f767bd10fde/apps"
              }
            },
            {
              "metadata": {
                "guid": "233ef48f-60c4-4ef9-ad73-4ff8e6c12e14",
                "url": "/v2/routes/233ef48f-60c4-4ef9-ad73-4ff8e6c12e14",
                "created_at": "2015-03-25T14:27:03+00:00",
                "updated_at": null
              },
              "entity": {
                "host": "f0a1e3e6-1dba-451d-b1bc-143a677be72b",
                "domain_guid": "0a7ac015-b059-47d3-b1a2-873a6e370f36",
                "space_guid": "d3483f4f-6706-4fe1-ad90-1bd45d50e940",
                "domain_url": "/v2/domains/0a7ac015-b059-47d3-b1a2-873a6e370f36",
                "space_url": "/v2/spaces/d3483f4f-6706-4fe1-ad90-1bd45d50e940",
                "apps_url": "/v2/routes/233ef48f-60c4-4ef9-ad73-4ff8e6c12e14/apps"
              }
            },
            {
              "metadata": {
                "guid": "06c8ffa4-c090-42aa-a484-e9d3e7bec43f",
                "url": "/v2/routes/06c8ffa4-c090-42aa-a484-e9d3e7bec43f",
                "created_at": "2015-03-25T14:33:11+00:00",
                "updated_at": null
              },
              "entity": {
                "host": "97c8eb16-2b71-4895-8041-7a946e702bd7",
                "domain_guid": "0a7ac015-b059-47d3-b1a2-873a6e370f36",
                "space_guid": "d3483f4f-6706-4fe1-ad90-1bd45d50e940",
                "domain_url": "/v2/domains/0a7ac015-b059-47d3-b1a2-873a6e370f36",
                "space_url": "/v2/spaces/d3483f4f-6706-4fe1-ad90-1bd45d50e940",
                "apps_url": "/v2/routes/06c8ffa4-c090-42aa-a484-e9d3e7bec43f/apps"
              }
            },
            {
              "metadata": {
                "guid": "deec8f19-6af0-4f0b-b9af-9d39668eefc1",
                "url": "/v2/routes/deec8f19-6af0-4f0b-b9af-9d39668eefc1",
                "created_at": "2015-03-25T14:33:14+00:00",
                "updated_at": null
              },
              "entity": {
                "host": "1f0e92a3-983d-4f3e-8689-b868a47d4583",
                "domain_guid": "0a7ac015-b059-47d3-b1a2-873a6e370f36",
                "space_guid": "d3483f4f-6706-4fe1-ad90-1bd45d50e940",
                "domain_url": "/v2/domains/0a7ac015-b059-47d3-b1a2-873a6e370f36",
                "space_url": "/v2/spaces/d3483f4f-6706-4fe1-ad90-1bd45d50e940",
                "apps_url": "/v2/routes/deec8f19-6af0-4f0b-b9af-9d39668eefc1/apps"
              }
            },
            {
              "metadata": {
                "guid": "909e8834-1e02-4c33-b6eb-e244b940462e",
                "url": "/v2/routes/909e8834-1e02-4c33-b6eb-e244b940462e",
                "created_at": "2015-03-25T14:36:17+00:00",
                "updated_at": null
              },
              "entity": {
                "host": "c8ad55c8-6907-45a7-8a91-b38387b8e4a5",
                "domain_guid": "0a7ac015-b059-47d3-b1a2-873a6e370f36",
                "space_guid": "d3483f4f-6706-4fe1-ad90-1bd45d50e940",
                "domain_url": "/v2/domains/0a7ac015-b059-47d3-b1a2-873a6e370f36",
                "space_url": "/v2/spaces/d3483f4f-6706-4fe1-ad90-1bd45d50e940",
                "apps_url": "/v2/routes/909e8834-1e02-4c33-b6eb-e244b940462e/apps"
              }
            },
            {
              "metadata": {
                "guid": "8673de10-32fd-47a7-afb4-4d05474e0be2",
                "url": "/v2/routes/8673de10-32fd-47a7-afb4-4d05474e0be2",
                "created_at": "2015-03-25T14:36:20+00:00",
                "updated_at": null
              },
              "entity": {
                "host": "e0376cb5-4301-40ef-8664-3e80adf4c285",
                "domain_guid": "0a7ac015-b059-47d3-b1a2-873a6e370f36",
                "space_guid": "d3483f4f-6706-4fe1-ad90-1bd45d50e940",
                "domain_url": "/v2/domains/0a7ac015-b059-47d3-b1a2-873a6e370f36",
                "space_url": "/v2/spaces/d3483f4f-6706-4fe1-ad90-1bd45d50e940",
                "apps_url": "/v2/routes/8673de10-32fd-47a7-afb4-4d05474e0be2/apps"
              }
            },
            {
              "metadata": {
                "guid": "cbeddfde-2bea-40ec-8a9d-274d83efba6c",
                "url": "/v2/routes/cbeddfde-2bea-40ec-8a9d-274d83efba6c",
                "created_at": "2015-03-25T14:40:24+00:00",
                "updated_at": null
              },
              "entity": {
                "host": "f015b85b-d679-4013-a9a5-6037d1553274",
                "domain_guid": "0a7ac015-b059-47d3-b1a2-873a6e370f36",
                "space_guid": "d3483f4f-6706-4fe1-ad90-1bd45d50e940",
                "domain_url": "/v2/domains/0a7ac015-b059-47d3-b1a2-873a6e370f36",
                "space_url": "/v2/spaces/d3483f4f-6706-4fe1-ad90-1bd45d50e940",
                "apps_url": "/v2/routes/cbeddfde-2bea-40ec-8a9d-274d83efba6c/apps"
              }
            },
            {
              "metadata": {
                "guid": "8a5a5e09-f383-40ba-8093-bc3f4c039674",
                "url": "/v2/routes/8a5a5e09-f383-40ba-8093-bc3f4c039674",
                "created_at": "2015-03-25T14:40:27+00:00",
                "updated_at": null
              },
              "entity": {
                "host": "308ce732-30bf-434b-ab07-593f3a7d9795",
                "domain_guid": "0a7ac015-b059-47d3-b1a2-873a6e370f36",
                "space_guid": "d3483f4f-6706-4fe1-ad90-1bd45d50e940",
                "domain_url": "/v2/domains/0a7ac015-b059-47d3-b1a2-873a6e370f36",
                "space_url": "/v2/spaces/d3483f4f-6706-4fe1-ad90-1bd45d50e940",
                "apps_url": "/v2/routes/8a5a5e09-f383-40ba-8093-bc3f4c039674/apps"
              }
            },
            {
              "metadata": {
                "guid": "c2462d25-9f27-4b54-aec6-1265f1a40de7",
                "url": "/v2/routes/c2462d25-9f27-4b54-aec6-1265f1a40de7",
                "created_at": "2015-03-25T14:42:57+00:00",
                "updated_at": null
              },
              "entity": {
                "host": "75b2ecc0-35d7-4fad-b8b6-d9d6df81fe82",
                "domain_guid": "0a7ac015-b059-47d3-b1a2-873a6e370f36",
                "space_guid": "d3483f4f-6706-4fe1-ad90-1bd45d50e940",
                "domain_url": "/v2/domains/0a7ac015-b059-47d3-b1a2-873a6e370f36",
                "space_url": "/v2/spaces/d3483f4f-6706-4fe1-ad90-1bd45d50e940",
                "apps_url": "/v2/routes/c2462d25-9f27-4b54-aec6-1265f1a40de7/apps"
              }
            },
            {
              "metadata": {
                "guid": "5050d494-0fcf-4cbf-863b-964c57d8df44",
                "url": "/v2/routes/5050d494-0fcf-4cbf-863b-964c57d8df44",
                "created_at": "2015-03-25T14:43:00+00:00",
                "updated_at": null
              },
              "entity": {
                "host": "7fd704c5-77b1-4999-85df-38dc4635c850",
                "domain_guid": "0a7ac015-b059-47d3-b1a2-873a6e370f36",
                "space_guid": "d3483f4f-6706-4fe1-ad90-1bd45d50e940",
                "domain_url": "/v2/domains/0a7ac015-b059-47d3-b1a2-873a6e370f36",
                "space_url": "/v2/spaces/d3483f4f-6706-4fe1-ad90-1bd45d50e940",
                "apps_url": "/v2/routes/5050d494-0fcf-4cbf-863b-964c57d8df44/apps"
              }
            },
            {
              "metadata": {
                "guid": "28a45dd6-d997-4063-82ed-b963b395e47d",
                "url": "/v2/routes/28a45dd6-d997-4063-82ed-b963b395e47d",
                "created_at": "2015-03-25T14:44:42+00:00",
                "updated_at": null
              },
              "entity": {
                "host": "4b1a16f1-9d5a-4604-9cb8-051a8c1d66b7",
                "domain_guid": "0a7ac015-b059-47d3-b1a2-873a6e370f36",
                "space_guid": "d3483f4f-6706-4fe1-ad90-1bd45d50e940",
                "domain_url": "/v2/domains/0a7ac015-b059-47d3-b1a2-873a6e370f36",
                "space_url": "/v2/spaces/d3483f4f-6706-4fe1-ad90-1bd45d50e940",
                "apps_url": "/v2/routes/28a45dd6-d997-4063-82ed-b963b395e47d/apps"
              }
            },
            {
              "metadata": {
                "guid": "07ea4ff7-85c6-4428-bdb8-20fa80494f07",
                "url": "/v2/routes/07ea4ff7-85c6-4428-bdb8-20fa80494f07",
                "created_at": "2015-03-25T14:44:43+00:00",
                "updated_at": null
              },
              "entity": {
                "host": "3976284f-ff0f-41b6-bc7c-1ece63b9b2e8",
                "domain_guid": "0a7ac015-b059-47d3-b1a2-873a6e370f36",
                "space_guid": "d3483f4f-6706-4fe1-ad90-1bd45d50e940",
                "domain_url": "/v2/domains/0a7ac015-b059-47d3-b1a2-873a6e370f36",
                "space_url": "/v2/spaces/d3483f4f-6706-4fe1-ad90-1bd45d50e940",
                "apps_url": "/v2/routes/07ea4ff7-85c6-4428-bdb8-20fa80494f07/apps"
              }
            },
            {
              "metadata": {
                "guid": "970bc6e2-9302-45c5-ae14-6c84b2d70ed9",
                "url": "/v2/routes/970bc6e2-9302-45c5-ae14-6c84b2d70ed9",
                "created_at": "2015-03-25T14:53:07+00:00",
                "updated_at": null
              },
              "entity": {
                "host": "dcc4fce8-a15e-43ff-977a-39f9f4aeda6d",
                "domain_guid": "0a7ac015-b059-47d3-b1a2-873a6e370f36",
                "space_guid": "d3483f4f-6706-4fe1-ad90-1bd45d50e940",
                "domain_url": "/v2/domains/0a7ac015-b059-47d3-b1a2-873a6e370f36",
                "space_url": "/v2/spaces/d3483f4f-6706-4fe1-ad90-1bd45d50e940",
                "apps_url": "/v2/routes/970bc6e2-9302-45c5-ae14-6c84b2d70ed9/apps"
              }
            },
            {
              "metadata": {
                "guid": "356197df-32eb-460f-910b-08db1a45db63",
                "url": "/v2/routes/356197df-32eb-460f-910b-08db1a45db63",
                "created_at": "2015-03-25T14:53:08+00:00",
                "updated_at": null
              },
              "entity": {
                "host": "402a7e37-8a61-4681-b0d1-c4bb263fb00d",
                "domain_guid": "0a7ac015-b059-47d3-b1a2-873a6e370f36",
                "space_guid": "d3483f4f-6706-4fe1-ad90-1bd45d50e940",
                "domain_url": "/v2/domains/0a7ac015-b059-47d3-b1a2-873a6e370f36",
                "space_url": "/v2/spaces/d3483f4f-6706-4fe1-ad90-1bd45d50e940",
                "apps_url": "/v2/routes/356197df-32eb-460f-910b-08db1a45db63/apps"
              }
            },
            {
              "metadata": {
                "guid": "4ddf5ed9-c18e-4301-8ada-f7be6e447cd8",
                "url": "/v2/routes/4ddf5ed9-c18e-4301-8ada-f7be6e447cd8",
                "created_at": "2015-03-25T14:55:28+00:00",
                "updated_at": null
              },
              "entity": {
                "host": "5aad21a5-c908-4f76-b724-ce106b7ff13d",
                "domain_guid": "0a7ac015-b059-47d3-b1a2-873a6e370f36",
                "space_guid": "d3483f4f-6706-4fe1-ad90-1bd45d50e940",
                "domain_url": "/v2/domains/0a7ac015-b059-47d3-b1a2-873a6e370f36",
                "space_url": "/v2/spaces/d3483f4f-6706-4fe1-ad90-1bd45d50e940",
                "apps_url": "/v2/routes/4ddf5ed9-c18e-4301-8ada-f7be6e447cd8/apps"
              }
            },
            {
              "metadata": {
                "guid": "c4444e48-93b4-4a21-989b-dbdc7323abbe",
                "url": "/v2/routes/c4444e48-93b4-4a21-989b-dbdc7323abbe",
                "created_at": "2015-03-25T14:55:29+00:00",
                "updated_at": null
              },
              "entity": {
                "host": "f55de752-dfb1-437c-a485-beb8ecbcc54a",
                "domain_guid": "0a7ac015-b059-47d3-b1a2-873a6e370f36",
                "space_guid": "d3483f4f-6706-4fe1-ad90-1bd45d50e940",
                "domain_url": "/v2/domains/0a7ac015-b059-47d3-b1a2-873a6e370f36",
                "space_url": "/v2/spaces/d3483f4f-6706-4fe1-ad90-1bd45d50e940",
                "apps_url": "/v2/routes/c4444e48-93b4-4a21-989b-dbdc7323abbe/apps"
              }
            },
            {
              "metadata": {
                "guid": "d9db1e8a-0efe-4ab1-9711-786ea8ab066b",
                "url": "/v2/routes/d9db1e8a-0efe-4ab1-9711-786ea8ab066b",
                "created_at": "2015-03-25T14:56:33+00:00",
                "updated_at": null
              },
              "entity": {
                "host": "df40c505-e6e7-4cd2-8f0e-f389e7bf897f",
                "domain_guid": "0a7ac015-b059-47d3-b1a2-873a6e370f36",
                "space_guid": "d3483f4f-6706-4fe1-ad90-1bd45d50e940",
                "domain_url": "/v2/domains/0a7ac015-b059-47d3-b1a2-873a6e370f36",
                "space_url": "/v2/spaces/d3483f4f-6706-4fe1-ad90-1bd45d50e940",
                "apps_url": "/v2/routes/d9db1e8a-0efe-4ab1-9711-786ea8ab066b/apps"
              }
            },
            {
              "metadata": {
                "guid": "130d711a-fefe-4395-b3dc-d64cbd2041bc",
                "url": "/v2/routes/130d711a-fefe-4395-b3dc-d64cbd2041bc",
                "created_at": "2015-03-25T14:56:34+00:00",
                "updated_at": null
              },
              "entity": {
                "host": "82cd3125-2ae0-43b2-a566-fe61e6e1a934",
                "domain_guid": "0a7ac015-b059-47d3-b1a2-873a6e370f36",
                "space_guid": "d3483f4f-6706-4fe1-ad90-1bd45d50e940",
                "domain_url": "/v2/domains/0a7ac015-b059-47d3-b1a2-873a6e370f36",
                "space_url": "/v2/spaces/d3483f4f-6706-4fe1-ad90-1bd45d50e940",
                "apps_url": "/v2/routes/130d711a-fefe-4395-b3dc-d64cbd2041bc/apps"
              }
            },
            {
              "metadata": {
                "guid": "28e8abd6-f24e-4d21-a0ee-b2500948db33",
                "url": "/v2/routes/28e8abd6-f24e-4d21-a0ee-b2500948db33",
                "created_at": "2015-03-25T15:01:10+00:00",
                "updated_at": null
              },
              "entity": {
                "host": "ef6584a0-8891-4733-bd78-1bffa95a47a2",
                "domain_guid": "0a7ac015-b059-47d3-b1a2-873a6e370f36",
                "space_guid": "d3483f4f-6706-4fe1-ad90-1bd45d50e940",
                "domain_url": "/v2/domains/0a7ac015-b059-47d3-b1a2-873a6e370f36",
                "space_url": "/v2/spaces/d3483f4f-6706-4fe1-ad90-1bd45d50e940",
                "apps_url": "/v2/routes/28e8abd6-f24e-4d21-a0ee-b2500948db33/apps"
              }
            },
            {
              "metadata": {
                "guid": "c0bcdc4a-a5a3-41bf-8ad2-891ba0bfe0e3",
                "url": "/v2/routes/c0bcdc4a-a5a3-41bf-8ad2-891ba0bfe0e3",
                "created_at": "2015-03-25T15:01:11+00:00",
                "updated_at": null
              },
              "entity": {
                "host": "62ee9bda-1002-41a3-be0f-0c86f560d329",
                "domain_guid": "0a7ac015-b059-47d3-b1a2-873a6e370f36",
                "space_guid": "d3483f4f-6706-4fe1-ad90-1bd45d50e940",
                "domain_url": "/v2/domains/0a7ac015-b059-47d3-b1a2-873a6e370f36",
                "space_url": "/v2/spaces/d3483f4f-6706-4fe1-ad90-1bd45d50e940",
                "apps_url": "/v2/routes/c0bcdc4a-a5a3-41bf-8ad2-891ba0bfe0e3/apps"
              }
            },
            {
              "metadata": {
                "guid": "6b145017-23d6-49a4-890f-251d022a150e",
                "url": "/v2/routes/6b145017-23d6-49a4-890f-251d022a150e",
                "created_at": "2015-03-25T15:02:41+00:00",
                "updated_at": null
              },
              "entity": {
                "host": "204a2cd4-6e37-4890-8fdb-3215c0abc224",
                "domain_guid": "0a7ac015-b059-47d3-b1a2-873a6e370f36",
                "space_guid": "d3483f4f-6706-4fe1-ad90-1bd45d50e940",
                "domain_url": "/v2/domains/0a7ac015-b059-47d3-b1a2-873a6e370f36",
                "space_url": "/v2/spaces/d3483f4f-6706-4fe1-ad90-1bd45d50e940",
                "apps_url": "/v2/routes/6b145017-23d6-49a4-890f-251d022a150e/apps"
              }
            },
            {
              "metadata": {
                "guid": "627ee8dc-77a9-4cff-9a7b-24dcd85cbe6a",
                "url": "/v2/routes/627ee8dc-77a9-4cff-9a7b-24dcd85cbe6a",
                "created_at": "2015-03-25T15:02:41+00:00",
                "updated_at": null
              },
              "entity": {
                "host": "333bd02e-a2f5-44bf-a2ec-af70faf843fb",
                "domain_guid": "0a7ac015-b059-47d3-b1a2-873a6e370f36",
                "space_guid": "d3483f4f-6706-4fe1-ad90-1bd45d50e940",
                "domain_url": "/v2/domains/0a7ac015-b059-47d3-b1a2-873a6e370f36",
                "space_url": "/v2/spaces/d3483f4f-6706-4fe1-ad90-1bd45d50e940",
                "apps_url": "/v2/routes/627ee8dc-77a9-4cff-9a7b-24dcd85cbe6a/apps"
              }
            },
            {
              "metadata": {
                "guid": "21d9732e-5ab0-428b-b026-a8132227a263",
                "url": "/v2/routes/21d9732e-5ab0-428b-b026-a8132227a263",
                "created_at": "2015-03-25T15:05:25+00:00",
                "updated_at": null
              },
              "entity": {
                "host": "e2cce31f-e6b0-447c-80db-be7f841465a3",
                "domain_guid": "0a7ac015-b059-47d3-b1a2-873a6e370f36",
                "space_guid": "d3483f4f-6706-4fe1-ad90-1bd45d50e940",
                "domain_url": "/v2/domains/0a7ac015-b059-47d3-b1a2-873a6e370f36",
                "space_url": "/v2/spaces/d3483f4f-6706-4fe1-ad90-1bd45d50e940",
                "apps_url": "/v2/routes/21d9732e-5ab0-428b-b026-a8132227a263/apps"
              }
            },
            {
              "metadata": {
                "guid": "8511fa8c-57da-4fcd-9dd9-3f1d2c284226",
                "url": "/v2/routes/8511fa8c-57da-4fcd-9dd9-3f1d2c284226",
                "created_at": "2015-03-25T15:05:26+00:00",
                "updated_at": null
              },
              "entity": {
                "host": "005f083b-e57a-4ed6-902a-6af96209132b",
                "domain_guid": "0a7ac015-b059-47d3-b1a2-873a6e370f36",
                "space_guid": "d3483f4f-6706-4fe1-ad90-1bd45d50e940",
                "domain_url": "/v2/domains/0a7ac015-b059-47d3-b1a2-873a6e370f36",
                "space_url": "/v2/spaces/d3483f4f-6706-4fe1-ad90-1bd45d50e940",
                "apps_url": "/v2/routes/8511fa8c-57da-4fcd-9dd9-3f1d2c284226/apps"
              }
            },
            {
              "metadata": {
                "guid": "b48a8cb0-be8d-448e-86d1-567102a5f774",
                "url": "/v2/routes/b48a8cb0-be8d-448e-86d1-567102a5f774",
                "created_at": "2015-03-25T15:11:14+00:00",
                "updated_at": null
              },
              "entity": {
                "host": "75879274-453e-4d20-8a56-b676d755a2e1",
                "domain_guid": "0a7ac015-b059-47d3-b1a2-873a6e370f36",
                "space_guid": "d3483f4f-6706-4fe1-ad90-1bd45d50e940",
                "domain_url": "/v2/domains/0a7ac015-b059-47d3-b1a2-873a6e370f36",
                "space_url": "/v2/spaces/d3483f4f-6706-4fe1-ad90-1bd45d50e940",
                "apps_url": "/v2/routes/b48a8cb0-be8d-448e-86d1-567102a5f774/apps"
              }
            },
            {
              "metadata": {
                "guid": "e3973561-0019-47cf-9ced-6587f454862f",
                "url": "/v2/routes/e3973561-0019-47cf-9ced-6587f454862f",
                "created_at": "2015-03-25T15:11:15+00:00",
                "updated_at": null
              },
              "entity": {
                "host": "ae88864e-b89d-403f-80dc-6a8ddb9d36b8",
                "domain_guid": "0a7ac015-b059-47d3-b1a2-873a6e370f36",
                "space_guid": "d3483f4f-6706-4fe1-ad90-1bd45d50e940",
                "domain_url": "/v2/domains/0a7ac015-b059-47d3-b1a2-873a6e370f36",
                "space_url": "/v2/spaces/d3483f4f-6706-4fe1-ad90-1bd45d50e940",
                "apps_url": "/v2/routes/e3973561-0019-47cf-9ced-6587f454862f/apps"
              }
            },
            {
              "metadata": {
                "guid": "df9f9f52-5f7b-41af-9a66-a0b26953ee43",
                "url": "/v2/routes/df9f9f52-5f7b-41af-9a66-a0b26953ee43",
                "created_at": "2015-03-25T15:15:02+00:00",
                "updated_at": null
              },
              "entity": {
                "host": "b399cd45-6265-472a-9226-504e457d23ee",
                "domain_guid": "0a7ac015-b059-47d3-b1a2-873a6e370f36",
                "space_guid": "d3483f4f-6706-4fe1-ad90-1bd45d50e940",
                "domain_url": "/v2/domains/0a7ac015-b059-47d3-b1a2-873a6e370f36",
                "space_url": "/v2/spaces/d3483f4f-6706-4fe1-ad90-1bd45d50e940",
                "apps_url": "/v2/routes/df9f9f52-5f7b-41af-9a66-a0b26953ee43/apps"
              }
            },
            {
              "metadata": {
                "guid": "056d3c95-cf95-4fd8-95c1-5a419a407cff",
                "url": "/v2/routes/056d3c95-cf95-4fd8-95c1-5a419a407cff",
                "created_at": "2015-03-25T15:15:03+00:00",
                "updated_at": null
              },
              "entity": {
                "host": "3871381c-d064-4c14-a7c2-19532b218344",
                "domain_guid": "0a7ac015-b059-47d3-b1a2-873a6e370f36",
                "space_guid": "d3483f4f-6706-4fe1-ad90-1bd45d50e940",
                "domain_url": "/v2/domains/0a7ac015-b059-47d3-b1a2-873a6e370f36",
                "space_url": "/v2/spaces/d3483f4f-6706-4fe1-ad90-1bd45d50e940",
                "apps_url": "/v2/routes/056d3c95-cf95-4fd8-95c1-5a419a407cff/apps"
              }
            },
            {
              "metadata": {
                "guid": "fd87dfe6-2ab1-45d1-b8d4-b5f84f257110",
                "url": "/v2/routes/fd87dfe6-2ab1-45d1-b8d4-b5f84f257110",
                "created_at": "2015-03-25T15:18:22+00:00",
                "updated_at": null
              },
              "entity": {
                "host": "7ef33da9-78fe-41e9-bce8-5aa778bcd039",
                "domain_guid": "0a7ac015-b059-47d3-b1a2-873a6e370f36",
                "space_guid": "d3483f4f-6706-4fe1-ad90-1bd45d50e940",
                "domain_url": "/v2/domains/0a7ac015-b059-47d3-b1a2-873a6e370f36",
                "space_url": "/v2/spaces/d3483f4f-6706-4fe1-ad90-1bd45d50e940",
                "apps_url": "/v2/routes/fd87dfe6-2ab1-45d1-b8d4-b5f84f257110/apps"
              }
            },
            {
              "metadata": {
                "guid": "7ed5c5ed-f52b-45d4-878b-54df1cfd62b5",
                "url": "/v2/routes/7ed5c5ed-f52b-45d4-878b-54df1cfd62b5",
                "created_at": "2015-03-25T15:18:23+00:00",
                "updated_at": null
              },
              "entity": {
                "host": "653c2418-ae56-4004-a15d-6fed135ff5db",
                "domain_guid": "0a7ac015-b059-47d3-b1a2-873a6e370f36",
                "space_guid": "d3483f4f-6706-4fe1-ad90-1bd45d50e940",
                "domain_url": "/v2/domains/0a7ac015-b059-47d3-b1a2-873a6e370f36",
                "space_url": "/v2/spaces/d3483f4f-6706-4fe1-ad90-1bd45d50e940",
                "apps_url": "/v2/routes/7ed5c5ed-f52b-45d4-878b-54df1cfd62b5/apps"
              }
            },
            {
              "metadata": {
                "guid": "768608b4-83c2-4425-b5dd-8a0d936294be",
                "url": "/v2/routes/768608b4-83c2-4425-b5dd-8a0d936294be",
                "created_at": "2015-03-25T15:19:12+00:00",
                "updated_at": null
              },
              "entity": {
                "host": "6ccc07f6-4e1b-450b-b8f3-4079d161f904",
                "domain_guid": "0a7ac015-b059-47d3-b1a2-873a6e370f36",
                "space_guid": "d3483f4f-6706-4fe1-ad90-1bd45d50e940",
                "domain_url": "/v2/domains/0a7ac015-b059-47d3-b1a2-873a6e370f36",
                "space_url": "/v2/spaces/d3483f4f-6706-4fe1-ad90-1bd45d50e940",
                "apps_url": "/v2/routes/768608b4-83c2-4425-b5dd-8a0d936294be/apps"
              }
            },
            {
              "metadata": {
                "guid": "308cd795-c92c-4061-8459-1349cba99212",
                "url": "/v2/routes/308cd795-c92c-4061-8459-1349cba99212",
                "created_at": "2015-03-25T15:19:13+00:00",
                "updated_at": null
              },
              "entity": {
                "host": "d259c1d7-8128-4d1b-8193-49e67874cabf",
                "domain_guid": "0a7ac015-b059-47d3-b1a2-873a6e370f36",
                "space_guid": "d3483f4f-6706-4fe1-ad90-1bd45d50e940",
                "domain_url": "/v2/domains/0a7ac015-b059-47d3-b1a2-873a6e370f36",
                "space_url": "/v2/spaces/d3483f4f-6706-4fe1-ad90-1bd45d50e940",
                "apps_url": "/v2/routes/308cd795-c92c-4061-8459-1349cba99212/apps"
              }
            },
            {
              "metadata": {
                "guid": "7b6075b9-2024-44ba-9827-d9fd1376b577",
                "url": "/v2/routes/7b6075b9-2024-44ba-9827-d9fd1376b577",
                "created_at": "2015-03-25T15:21:53+00:00",
                "updated_at": null
              },
              "entity": {
                "host": "ea607dca-2756-47f8-bf8e-463af2e0d761",
                "domain_guid": "0a7ac015-b059-47d3-b1a2-873a6e370f36",
                "space_guid": "d3483f4f-6706-4fe1-ad90-1bd45d50e940",
                "domain_url": "/v2/domains/0a7ac015-b059-47d3-b1a2-873a6e370f36",
                "space_url": "/v2/spaces/d3483f4f-6706-4fe1-ad90-1bd45d50e940",
                "apps_url": "/v2/routes/7b6075b9-2024-44ba-9827-d9fd1376b577/apps"
              }
            },
            {
              "metadata": {
                "guid": "f6cb129c-3073-4dd2-8c5f-28aab7c65b7f",
                "url": "/v2/routes/f6cb129c-3073-4dd2-8c5f-28aab7c65b7f",
                "created_at": "2015-03-25T15:21:54+00:00",
                "updated_at": null
              },
              "entity": {
                "host": "b6b3041a-468c-4c4e-ad9e-ab6dc60850d0",
                "domain_guid": "0a7ac015-b059-47d3-b1a2-873a6e370f36",
                "space_guid": "d3483f4f-6706-4fe1-ad90-1bd45d50e940",
                "domain_url": "/v2/domains/0a7ac015-b059-47d3-b1a2-873a6e370f36",
                "space_url": "/v2/spaces/d3483f4f-6706-4fe1-ad90-1bd45d50e940",
                "apps_url": "/v2/routes/f6cb129c-3073-4dd2-8c5f-28aab7c65b7f/apps"
              }
            },
            {
              "metadata": {
                "guid": "285d57a3-3cad-429b-82df-08aa0b6ab0e1",
                "url": "/v2/routes/285d57a3-3cad-429b-82df-08aa0b6ab0e1",
                "created_at": "2015-03-25T15:23:30+00:00",
                "updated_at": null
              },
              "entity": {
                "host": "2e89287b-e388-48a0-9d34-21e5d19e7fea",
                "domain_guid": "0a7ac015-b059-47d3-b1a2-873a6e370f36",
                "space_guid": "d3483f4f-6706-4fe1-ad90-1bd45d50e940",
                "domain_url": "/v2/domains/0a7ac015-b059-47d3-b1a2-873a6e370f36",
                "space_url": "/v2/spaces/d3483f4f-6706-4fe1-ad90-1bd45d50e940",
                "apps_url": "/v2/routes/285d57a3-3cad-429b-82df-08aa0b6ab0e1/apps"
              }
            },
            {
              "metadata": {
                "guid": "0273033a-b2d2-4d95-8a3a-7b4aa8502939",
                "url": "/v2/routes/0273033a-b2d2-4d95-8a3a-7b4aa8502939",
                "created_at": "2015-03-25T15:23:31+00:00",
                "updated_at": null
              },
              "entity": {
                "host": "72f86ae1-3f30-476b-b74c-be9dfefe207c",
                "domain_guid": "0a7ac015-b059-47d3-b1a2-873a6e370f36",
                "space_guid": "d3483f4f-6706-4fe1-ad90-1bd45d50e940",
                "domain_url": "/v2/domains/0a7ac015-b059-47d3-b1a2-873a6e370f36",
                "space_url": "/v2/spaces/d3483f4f-6706-4fe1-ad90-1bd45d50e940",
                "apps_url": "/v2/routes/0273033a-b2d2-4d95-8a3a-7b4aa8502939/apps"
              }
            },
            {
              "metadata": {
                "guid": "49f9cfdc-384b-4231-a5f7-e61ed206e6c0",
                "url": "/v2/routes/49f9cfdc-384b-4231-a5f7-e61ed206e6c0",
                "created_at": "2015-03-25T15:24:28+00:00",
                "updated_at": null
              },
              "entity": {
                "host": "c2d0ed3a-6b3e-486a-a381-9bd8120dc025",
                "domain_guid": "0a7ac015-b059-47d3-b1a2-873a6e370f36",
                "space_guid": "d3483f4f-6706-4fe1-ad90-1bd45d50e940",
                "domain_url": "/v2/domains/0a7ac015-b059-47d3-b1a2-873a6e370f36",
                "space_url": "/v2/spaces/d3483f4f-6706-4fe1-ad90-1bd45d50e940",
                "apps_url": "/v2/routes/49f9cfdc-384b-4231-a5f7-e61ed206e6c0/apps"
              }
            },
            {
              "metadata": {
                "guid": "5fc92c9b-7b92-4de2-92a7-8cc16e6aac62",
                "url": "/v2/routes/5fc92c9b-7b92-4de2-92a7-8cc16e6aac62",
                "created_at": "2015-03-25T15:24:29+00:00",
                "updated_at": null
              },
              "entity": {
                "host": "8195707d-7168-4c93-8339-99d409e36669",
                "domain_guid": "0a7ac015-b059-47d3-b1a2-873a6e370f36",
                "space_guid": "d3483f4f-6706-4fe1-ad90-1bd45d50e940",
                "domain_url": "/v2/domains/0a7ac015-b059-47d3-b1a2-873a6e370f36",
                "space_url": "/v2/spaces/d3483f4f-6706-4fe1-ad90-1bd45d50e940",
                "apps_url": "/v2/routes/5fc92c9b-7b92-4de2-92a7-8cc16e6aac62/apps"
              }
            },
            {
              "metadata": {
                "guid": "a4a1d8f2-fffb-4a6e-90e0-b26d046466b7",
                "url": "/v2/routes/a4a1d8f2-fffb-4a6e-90e0-b26d046466b7",
                "created_at": "2015-03-25T15:26:29+00:00",
                "updated_at": null
              },
              "entity": {
                "host": "a73a1ffc-1b49-47af-a2ad-e15e21bdaf7e",
                "domain_guid": "0a7ac015-b059-47d3-b1a2-873a6e370f36",
                "space_guid": "d3483f4f-6706-4fe1-ad90-1bd45d50e940",
                "domain_url": "/v2/domains/0a7ac015-b059-47d3-b1a2-873a6e370f36",
                "space_url": "/v2/spaces/d3483f4f-6706-4fe1-ad90-1bd45d50e940",
                "apps_url": "/v2/routes/a4a1d8f2-fffb-4a6e-90e0-b26d046466b7/apps"
              }
            },
            {
              "metadata": {
                "guid": "693ff998-c9c8-4a44-b7df-e85a77d84eef",
                "url": "/v2/routes/693ff998-c9c8-4a44-b7df-e85a77d84eef",
                "created_at": "2015-03-25T15:26:30+00:00",
                "updated_at": null
              },
              "entity": {
                "host": "5198b912-cff1-41d2-a8c9-4f90c99bb600",
                "domain_guid": "0a7ac015-b059-47d3-b1a2-873a6e370f36",
                "space_guid": "d3483f4f-6706-4fe1-ad90-1bd45d50e940",
                "domain_url": "/v2/domains/0a7ac015-b059-47d3-b1a2-873a6e370f36",
                "space_url": "/v2/spaces/d3483f4f-6706-4fe1-ad90-1bd45d50e940",
                "apps_url": "/v2/routes/693ff998-c9c8-4a44-b7df-e85a77d84eef/apps"
              }
            },
            {
              "metadata": {
                "guid": "43b9abad-8958-4499-9572-6135fb24734f",
                "url": "/v2/routes/43b9abad-8958-4499-9572-6135fb24734f",
                "created_at": "2015-03-25T15:27:07+00:00",
                "updated_at": null
              },
              "entity": {
                "host": "d0c25fb6-8f2a-401b-bc0a-743d8efb657c",
                "domain_guid": "0a7ac015-b059-47d3-b1a2-873a6e370f36",
                "space_guid": "d3483f4f-6706-4fe1-ad90-1bd45d50e940",
                "domain_url": "/v2/domains/0a7ac015-b059-47d3-b1a2-873a6e370f36",
                "space_url": "/v2/spaces/d3483f4f-6706-4fe1-ad90-1bd45d50e940",
                "apps_url": "/v2/routes/43b9abad-8958-4499-9572-6135fb24734f/apps"
              }
            },
            {
              "metadata": {
                "guid": "fdc49525-11ac-4ac3-92a3-70c62308e651",
                "url": "/v2/routes/fdc49525-11ac-4ac3-92a3-70c62308e651",
                "created_at": "2015-03-25T15:27:08+00:00",
                "updated_at": null
              },
              "entity": {
                "host": "12b3f7c0-da2e-4ded-9d91-4d5085db83ac",
                "domain_guid": "0a7ac015-b059-47d3-b1a2-873a6e370f36",
                "space_guid": "d3483f4f-6706-4fe1-ad90-1bd45d50e940",
                "domain_url": "/v2/domains/0a7ac015-b059-47d3-b1a2-873a6e370f36",
                "space_url": "/v2/spaces/d3483f4f-6706-4fe1-ad90-1bd45d50e940",
                "apps_url": "/v2/routes/fdc49525-11ac-4ac3-92a3-70c62308e651/apps"
              }
            },
            {
              "metadata": {
                "guid": "39f07eae-7a98-4cc7-b76a-74c2e74ad3a5",
                "url": "/v2/routes/39f07eae-7a98-4cc7-b76a-74c2e74ad3a5",
                "created_at": "2015-03-25T15:39:23+00:00",
                "updated_at": null
              },
              "entity": {
                "host": "b1359262-120d-487f-b7cf-f99a8c0782b6",
                "domain_guid": "0a7ac015-b059-47d3-b1a2-873a6e370f36",
                "space_guid": "d3483f4f-6706-4fe1-ad90-1bd45d50e940",
                "domain_url": "/v2/domains/0a7ac015-b059-47d3-b1a2-873a6e370f36",
                "space_url": "/v2/spaces/d3483f4f-6706-4fe1-ad90-1bd45d50e940",
                "apps_url": "/v2/routes/39f07eae-7a98-4cc7-b76a-74c2e74ad3a5/apps"
              }
            },
            {
              "metadata": {
                "guid": "8dd84f5d-234e-4348-bff7-840ebef1080a",
                "url": "/v2/routes/8dd84f5d-234e-4348-bff7-840ebef1080a",
                "created_at": "2015-03-25T15:39:24+00:00",
                "updated_at": null
              },
              "entity": {
                "host": "9c4498b2-5fa3-41a1-ac77-90fdf1748a0b",
                "domain_guid": "0a7ac015-b059-47d3-b1a2-873a6e370f36",
                "space_guid": "d3483f4f-6706-4fe1-ad90-1bd45d50e940",
                "domain_url": "/v2/domains/0a7ac015-b059-47d3-b1a2-873a6e370f36",
                "space_url": "/v2/spaces/d3483f4f-6706-4fe1-ad90-1bd45d50e940",
                "apps_url": "/v2/routes/8dd84f5d-234e-4348-bff7-840ebef1080a/apps"
              }
            }
          ]
        }
    http_version: 
  recorded_at: Sat, 04 Apr 2015 12:51:51 GMT
- request:
    method: get
    uri: https://api.10.244.0.34.xip.io/v2/spaces
    body:
      encoding: US-ASCII
      string: ''
    headers:
      User-Agent:
      - excon/0.45.1
      Authorization:
      - __AUTHORIZATION__
      Basic:
      - Y2Y6
      Content-Type:
      - application/json
      Accept-Encoding:
      - gzip
  response:
    status:
      code: 200
      message: 
    headers:
      Content-Length:
      - '1465'
      Content-Type:
      - application/json;charset=utf-8
      Date:
      - Sat, 04 Apr 2015 12:51:51 GMT
      Server:
      - nginx
      X-Cf-Requestid:
      - 3cf93db6-dcfb-4144-45e3-92a936cfc4c3
      X-Content-Type-Options:
      - nosniff
      X-Vcap-Request-Id:
      - ae5c9e3a-39a1-4caf-4aaf-987e63da7667::437a5901-9557-4e9f-97cd-e2f8c101dfc6
    body:
      encoding: UTF-8
      string: |-
        {
          "total_results": 1,
          "total_pages": 1,
          "prev_url": null,
          "next_url": null,
          "resources": [
            {
              "metadata": {
                "guid": "d3483f4f-6706-4fe1-ad90-1bd45d50e940",
                "url": "/v2/spaces/d3483f4f-6706-4fe1-ad90-1bd45d50e940",
                "created_at": "2015-03-19T07:21:47+00:00",
                "updated_at": null
              },
              "entity": {
                "name": "development",
                "organization_guid": "d94caddf-45be-4c92-bb2d-62d3a65cbec0",
                "space_quota_definition_guid": null,
                "organization_url": "/v2/organizations/d94caddf-45be-4c92-bb2d-62d3a65cbec0",
                "developers_url": "/v2/spaces/d3483f4f-6706-4fe1-ad90-1bd45d50e940/developers",
                "managers_url": "/v2/spaces/d3483f4f-6706-4fe1-ad90-1bd45d50e940/managers",
                "auditors_url": "/v2/spaces/d3483f4f-6706-4fe1-ad90-1bd45d50e940/auditors",
                "apps_url": "/v2/spaces/d3483f4f-6706-4fe1-ad90-1bd45d50e940/apps",
                "routes_url": "/v2/spaces/d3483f4f-6706-4fe1-ad90-1bd45d50e940/routes",
                "domains_url": "/v2/spaces/d3483f4f-6706-4fe1-ad90-1bd45d50e940/domains",
                "service_instances_url": "/v2/spaces/d3483f4f-6706-4fe1-ad90-1bd45d50e940/service_instances",
                "app_events_url": "/v2/spaces/d3483f4f-6706-4fe1-ad90-1bd45d50e940/app_events",
                "events_url": "/v2/spaces/d3483f4f-6706-4fe1-ad90-1bd45d50e940/events",
                "security_groups_url": "/v2/spaces/d3483f4f-6706-4fe1-ad90-1bd45d50e940/security_groups"
              }
            }
          ]
        }
    http_version: 
  recorded_at: Sat, 04 Apr 2015 12:51:51 GMT
- request:
    method: post
    uri: https://api.10.244.0.34.xip.io/v2/routes
    body:
      encoding: UTF-8
      string: '{"domain_guid":"a055ee95-7d64-4352-9e5e-7eea55ecf706","host":"","space_guid":"d3483f4f-6706-4fe1-ad90-1bd45d50e940"}'
    headers:
      User-Agent:
      - excon/0.45.1
      Authorization:
      - __AUTHORIZATION__
      Basic:
      - Y2Y6
      Content-Type:
      - application/json
      Accept-Encoding:
      - gzip
  response:
    status:
      code: 201
      message: 
    headers:
      Content-Length:
      - '568'
      Content-Type:
      - application/json;charset=utf-8
      Date:
      - Sat, 04 Apr 2015 12:51:51 GMT
      Location:
      - "/v2/routes/2d342497-319a-44e5-810c-3e73b192e749"
      Server:
      - nginx
      X-Cf-Requestid:
      - 3c98955c-793d-454b-6bdd-72c6156a960a
      X-Content-Type-Options:
      - nosniff
      X-Vcap-Request-Id:
      - c0a4478b-95a0-47ab-77ba-03d64d8dbe66::fc4b5669-a6d4-4922-9846-2ef28b8ac184
    body:
      encoding: UTF-8
      string: |-
        {
          "metadata": {
            "guid": "2d342497-319a-44e5-810c-3e73b192e749",
            "url": "/v2/routes/2d342497-319a-44e5-810c-3e73b192e749",
            "created_at": "2015-04-04T12:51:51+00:00",
            "updated_at": null
          },
          "entity": {
            "host": "",
            "domain_guid": "a055ee95-7d64-4352-9e5e-7eea55ecf706",
            "space_guid": "d3483f4f-6706-4fe1-ad90-1bd45d50e940",
            "domain_url": "/v2/domains/a055ee95-7d64-4352-9e5e-7eea55ecf706",
            "space_url": "/v2/spaces/d3483f4f-6706-4fe1-ad90-1bd45d50e940",
            "apps_url": "/v2/routes/2d342497-319a-44e5-810c-3e73b192e749/apps"
          }
        }
    http_version: 
  recorded_at: Sat, 04 Apr 2015 12:51:51 GMT
- request:
    method: put
    uri: https://api.10.244.0.34.xip.io/v2/apps/b81d8252-71f0-474c-a005-632338336c01/routes/2d342497-319a-44e5-810c-3e73b192e749
    body:
      encoding: US-ASCII
      string: ''
    headers:
      User-Agent:
      - excon/0.45.1
      Authorization:
      - __AUTHORIZATION__
      Basic:
      - Y2Y6
      Content-Type:
      - application/json
      Accept-Encoding:
      - gzip
  response:
    status:
      code: 201
      message: 
    headers:
      Content-Length:
      - '1441'
      Content-Type:
      - application/json;charset=utf-8
      Date:
      - Sat, 04 Apr 2015 12:51:51 GMT
      Server:
      - nginx
      X-Cf-Requestid:
      - 5a143583-4639-40b7-7522-7388c51905b2
      X-Content-Type-Options:
      - nosniff
      X-Vcap-Request-Id:
      - cd876d3e-56ea-4346-6f78-45a592e4527b::06d79ad9-e253-43d9-9f41-5c74a81cec98
    body:
      encoding: UTF-8
      string: |-
        {
          "metadata": {
            "guid": "b81d8252-71f0-474c-a005-632338336c01",
            "url": "/v2/apps/b81d8252-71f0-474c-a005-632338336c01",
            "created_at": "2015-04-04T12:51:35+00:00",
            "updated_at": "2015-04-04T12:51:51+00:00"
          },
          "entity": {
            "name": "paasal-test-app-all-updated",
            "production": false,
            "space_guid": "d3483f4f-6706-4fe1-ad90-1bd45d50e940",
            "stack_guid": "b4d24013-b385-4db1-a171-b4e151a87c46",
            "buildpack": "nodejs_buildpack",
            "detected_buildpack": null,
            "environment_json": {
              "our_test_var_key": "our_updated_test_var_value",
              "our_test_var_key2": "our_test_var_value2"
            },
            "memory": 256,
            "instances": 1,
            "disk_quota": 1024,
            "state": "STOPPED",
            "version": "9772cb7e-1bbc-4ab6-a4da-c2b7c6f00e9f",
            "command": null,
            "console": false,
            "debug": null,
            "staging_task_id": null,
            "package_state": "PENDING",
            "health_check_timeout": null,
            "staging_failed_reason": null,
            "docker_image": null,
            "package_updated_at": null,
            "detected_start_command": "",
            "space_url": "/v2/spaces/d3483f4f-6706-4fe1-ad90-1bd45d50e940",
            "stack_url": "/v2/stacks/b4d24013-b385-4db1-a171-b4e151a87c46",
            "events_url": "/v2/apps/b81d8252-71f0-474c-a005-632338336c01/events",
            "service_bindings_url": "/v2/apps/b81d8252-71f0-474c-a005-632338336c01/service_bindings",
            "routes_url": "/v2/apps/b81d8252-71f0-474c-a005-632338336c01/routes"
          }
        }
    http_version: 
  recorded_at: Sat, 04 Apr 2015 12:51:51 GMT
- request:
    method: get
    uri: https://api.10.244.0.34.xip.io/v2/domains/a055ee95-7d64-4352-9e5e-7eea55ecf706
    body:
      encoding: US-ASCII
      string: ''
    headers:
      User-Agent:
      - excon/0.45.1
      Authorization:
      - __AUTHORIZATION__
      Basic:
      - Y2Y6
      Content-Type:
      - application/json
      Accept-Encoding:
      - gzip
  response:
    status:
      code: 200
      message: 
    headers:
      Content-Length:
      - '525'
      Content-Type:
      - application/json;charset=utf-8
      Date:
      - Sat, 04 Apr 2015 12:51:52 GMT
      Server:
      - nginx
      X-Cf-Requestid:
      - f2ea0aec-bac8-430c-59f0-0b6229189c4c
      X-Cf-Warnings:
      - Endpoint+deprecated
      X-Content-Type-Options:
      - nosniff
      X-Vcap-Request-Id:
      - 9686fc7d-0589-471d-69d9-db8b85ea0208::5a203eff-e1f5-42c7-bdff-62e6ea3540a8
    body:
      encoding: UTF-8
      string: |-
        {
          "metadata": {
            "guid": "a055ee95-7d64-4352-9e5e-7eea55ecf706",
            "url": "/v2/domains/a055ee95-7d64-4352-9e5e-7eea55ecf706",
            "created_at": "2015-03-25T16:22:57+00:00",
            "updated_at": null
          },
          "entity": {
            "name": "adomainthatishopefullynotusedontheplatform.de",
            "owning_organization_guid": "d94caddf-45be-4c92-bb2d-62d3a65cbec0",
            "owning_organization_url": "/v2/organizations/d94caddf-45be-4c92-bb2d-62d3a65cbec0",
            "spaces_url": "/v2/domains/a055ee95-7d64-4352-9e5e-7eea55ecf706/spaces"
          }
        }
    http_version: 
  recorded_at: Sat, 04 Apr 2015 12:51:51 GMT
recorded_with: VCR 2.9.3
