---
http_interactions:
- request:
    method: get
    uri: https://api.10.244.0.34.xip.io/v2/info
    body:
      encoding: US-ASCII
      string: ''
    headers:
      User-Agent:
      - excon/0.44.4
      Accept-Encoding:
      - gzip
  response:
    status:
      code: 200
      message: 
    headers:
      Content-Length:
      - '331'
      Content-Type:
      - application/json;charset=utf-8
      Date:
      - Thu, 19 Mar 2015 16:33:16 GMT
      Server:
      - nginx
      X-Cf-Requestid:
      - 12a5a7f6-ba58-4439-4378-12f17870447f
      X-Content-Type-Options:
      - nosniff
      X-Vcap-Request-Id:
      - e5815c68-259e-49af-6f99-10cb82f5943b::ae2d40e4-6efa-410c-90db-b069f1cbdc0e
    body:
      encoding: UTF-8
      string: '{"name":"vcap","build":"2222","support":"http://support.cloudfoundry.com","version":2,"description":"Cloud
        Foundry sponsored by Pivotal","authorization_endpoint":"http://login.10.244.0.34.xip.io","token_endpoint":"https://uaa.10.244.0.34.xip.io","api_version":"2.18.0","logging_endpoint":"wss://loggregator.10.244.0.34.xip.io:443"}'
    http_version: 
  recorded_at: Thu, 19 Mar 2015 16:33:16 GMT
- request:
    method: post
    uri: http://login.10.244.0.34.xip.io/oauth/token?grant_type=password&password=__cf-bosh-local:user__&username=__cf-bosh-local:user__
    body:
      encoding: US-ASCII
      string: ''
    headers:
      User-Agent:
      - excon/0.44.4
      Authorization:
      - __AUTHORIZATION__
      Content-Type:
      - application/x-www-form-urlencoded
      Accept:
      - application/json
  response:
    status:
      code: 200
      message: 
    headers:
      Cache-Control:
      - no-cache, no-store, no-store
      Connection:
      - close
      Content-Length:
      - '1856'
      Content-Type:
      - application/json;charset=UTF-8
      Date:
      - Thu, 19 Mar 2015 16:33:16 GMT
      Expires:
      - Thu, 01 Jan 1970 00:00:00 GMT
      Pragma:
      - no-cache, no-cache
      Server:
      - Apache-Coyote/1.1
      X-Cf-Requestid:
      - c24888ea-5352-4dfb-4c9d-a68704461e54, f7d24e49-c5b2-4852-75ff-a03ebe78251d
      X-Frame-Options:
      - DENY
    body:
      encoding: UTF-8
      string: '{"access_token":"__ACCESS_TOKEN__","token_type":"bearer","refresh_token":"__REFRESH_TOKEN__","expires_in":599,"scope":"scim.userids
        cloud_controller.write password.write openid cloud_controller.read","jti":"54962a26-93a1-40df-8d0f-04e57fc8fb1a"}'
    http_version: 
  recorded_at: Thu, 19 Mar 2015 16:33:16 GMT
- request:
    method: get
    uri: https://api.10.244.0.34.xip.io/v2/apps?q=name%3Apaasal-test-app-all-updated
    body:
      encoding: US-ASCII
      string: ''
    headers:
      User-Agent:
      - excon/0.44.4
      Authorization:
      - __AUTHORIZATION__
      Basic:
      - Y2Y6
      Content-Type:
      - application/json
      Accept-Encoding:
      - gzip
  response:
    status:
      code: 200
      message: 
    headers:
      Content-Length:
      - '1596'
      Content-Type:
      - application/json;charset=utf-8
      Date:
      - Thu, 19 Mar 2015 16:33:16 GMT
      Server:
      - nginx
      X-Cf-Requestid:
      - e40aa92e-6744-476c-4026-40b776cb299a
      X-Content-Type-Options:
      - nosniff
      X-Vcap-Request-Id:
      - 2568f36c-2310-4fb5-4f6e-a839f77b5757::6369465e-1159-4afa-baf7-10e3923c4836
    body:
      encoding: UTF-8
      string: |-
        {
          "total_results": 1,
          "total_pages": 1,
          "prev_url": null,
          "next_url": null,
          "resources": [
            {
              "metadata": {
                "guid": "2f12c8fe-19b7-4bc2-aeba-062177502ce3",
                "url": "/v2/apps/2f12c8fe-19b7-4bc2-aeba-062177502ce3",
                "created_at": "2015-03-19T16:33:05+00:00",
                "updated_at": "2015-03-19T16:33:12+00:00"
              },
              "entity": {
                "name": "paasal-test-app-all-updated",
                "production": false,
                "space_guid": "d3483f4f-6706-4fe1-ad90-1bd45d50e940",
                "stack_guid": "b4d24013-b385-4db1-a171-b4e151a87c46",
                "buildpack": "nodejs_buildpack",
                "detected_buildpack": null,
                "environment_json": {

                },
                "memory": 256,
                "instances": 1,
                "disk_quota": 1024,
                "state": "STOPPED",
                "version": "e2fe3400-b4cc-4913-9fca-5eadb6e76892",
                "command": null,
                "console": false,
                "debug": null,
                "staging_task_id": null,
                "package_state": "PENDING",
                "health_check_timeout": null,
                "staging_failed_reason": null,
                "docker_image": null,
                "package_updated_at": null,
                "detected_start_command": "",
                "space_url": "/v2/spaces/d3483f4f-6706-4fe1-ad90-1bd45d50e940",
                "stack_url": "/v2/stacks/b4d24013-b385-4db1-a171-b4e151a87c46",
                "events_url": "/v2/apps/2f12c8fe-19b7-4bc2-aeba-062177502ce3/events",
                "service_bindings_url": "/v2/apps/2f12c8fe-19b7-4bc2-aeba-062177502ce3/service_bindings",
                "routes_url": "/v2/apps/2f12c8fe-19b7-4bc2-aeba-062177502ce3/routes"
              }
            }
          ]
        }
    http_version: 
  recorded_at: Thu, 19 Mar 2015 16:33:16 GMT
- request:
    method: get
    uri: https://api.10.244.0.34.xip.io/v2/apps/2f12c8fe-19b7-4bc2-aeba-062177502ce3
    body:
      encoding: US-ASCII
      string: ''
    headers:
      User-Agent:
      - excon/0.44.4
      Authorization:
      - __AUTHORIZATION__
      Basic:
      - Y2Y6
      Content-Type:
      - application/json
      Accept-Encoding:
      - gzip
  response:
    status:
      code: 200
      message: 
    headers:
      Content-Length:
      - '1337'
      Content-Type:
      - application/json;charset=utf-8
      Date:
      - Thu, 19 Mar 2015 16:33:16 GMT
      Server:
      - nginx
      X-Cf-Requestid:
      - 5413016f-a881-43de-67e3-90d2932a5a22
      X-Content-Type-Options:
      - nosniff
      X-Vcap-Request-Id:
      - caba61f4-ef67-46e0-5568-482a6be4df70::50f2c6ef-1f25-42f4-8a78-ea40f60411f5
    body:
      encoding: UTF-8
      string: |-
        {
          "metadata": {
            "guid": "2f12c8fe-19b7-4bc2-aeba-062177502ce3",
            "url": "/v2/apps/2f12c8fe-19b7-4bc2-aeba-062177502ce3",
            "created_at": "2015-03-19T16:33:05+00:00",
            "updated_at": "2015-03-19T16:33:12+00:00"
          },
          "entity": {
            "name": "paasal-test-app-all-updated",
            "production": false,
            "space_guid": "d3483f4f-6706-4fe1-ad90-1bd45d50e940",
            "stack_guid": "b4d24013-b385-4db1-a171-b4e151a87c46",
            "buildpack": "nodejs_buildpack",
            "detected_buildpack": null,
            "environment_json": {

            },
            "memory": 256,
            "instances": 1,
            "disk_quota": 1024,
            "state": "STOPPED",
            "version": "e2fe3400-b4cc-4913-9fca-5eadb6e76892",
            "command": null,
            "console": false,
            "debug": null,
            "staging_task_id": null,
            "package_state": "PENDING",
            "health_check_timeout": null,
            "staging_failed_reason": null,
            "docker_image": null,
            "package_updated_at": null,
            "detected_start_command": "",
            "space_url": "/v2/spaces/d3483f4f-6706-4fe1-ad90-1bd45d50e940",
            "stack_url": "/v2/stacks/b4d24013-b385-4db1-a171-b4e151a87c46",
            "events_url": "/v2/apps/2f12c8fe-19b7-4bc2-aeba-062177502ce3/events",
            "service_bindings_url": "/v2/apps/2f12c8fe-19b7-4bc2-aeba-062177502ce3/service_bindings",
            "routes_url": "/v2/apps/2f12c8fe-19b7-4bc2-aeba-062177502ce3/routes"
          }
        }
    http_version: 
  recorded_at: Thu, 19 Mar 2015 16:33:16 GMT
- request:
    method: head
    uri: https://api.10.244.0.34.xip.io/v2/apps/2f12c8fe-19b7-4bc2-aeba-062177502ce3/download
    body:
      encoding: US-ASCII
      string: ''
    headers:
      User-Agent:
      - excon/0.44.4
      Authorization:
      - __AUTHORIZATION__
      Basic:
      - Y2Y6
      Content-Type:
      - application/json
      Accept-Encoding:
      - gzip
  response:
    status:
      code: 404
      message: 
    headers:
      Content-Length:
      - '155'
      Content-Type:
      - application/json;charset=utf-8
      Date:
      - Thu, 19 Mar 2015 16:33:16 GMT
      Server:
      - nginx
      X-Cf-Requestid:
      - 6dff0077-34f3-42c9-6be6-4911369769f4
      X-Content-Type-Options:
      - nosniff
      X-Vcap-Request-Id:
      - 631d2fa3-673e-46d0-6015-afb4ca32fc07::3559110b-50a1-4821-b000-636a64031b08
    body:
      encoding: UTF-8
      string: ''
    http_version: 
  recorded_at: Thu, 19 Mar 2015 16:33:16 GMT
- request:
    method: get
    uri: https://api.10.244.0.34.xip.io/v2/apps/2f12c8fe-19b7-4bc2-aeba-062177502ce3/routes
    body:
      encoding: US-ASCII
      string: ''
    headers:
      User-Agent:
      - excon/0.44.4
      Authorization:
      - __AUTHORIZATION__
      Basic:
      - Y2Y6
      Content-Type:
      - application/json
      Accept-Encoding:
      - gzip
  response:
    status:
      code: 200
      message: 
    headers:
      Content-Length:
      - '775'
      Content-Type:
      - application/json;charset=utf-8
      Date:
      - Thu, 19 Mar 2015 16:33:16 GMT
      Server:
      - nginx
      X-Cf-Requestid:
      - f8ad3700-8cf5-446b-484a-96156e4d9dc1
      X-Content-Type-Options:
      - nosniff
      X-Vcap-Request-Id:
      - 6829426e-cac8-4937-6267-4066cac022c2::c030fa35-fe36-4e07-8fb8-76cdfae64249
    body:
      encoding: UTF-8
      string: |-
        {
          "total_results": 1,
          "total_pages": 1,
          "prev_url": null,
          "next_url": null,
          "resources": [
            {
              "metadata": {
                "guid": "f054f24d-1eb1-40c6-ada4-71f373f401c1",
                "url": "/v2/routes/f054f24d-1eb1-40c6-ada4-71f373f401c1",
                "created_at": "2015-03-19T16:33:06+00:00",
                "updated_at": null
              },
              "entity": {
                "host": "2f12c8fe-19b7-4bc2-aeba-062177502ce3",
                "domain_guid": "0a7ac015-b059-47d3-b1a2-873a6e370f36",
                "space_guid": "d3483f4f-6706-4fe1-ad90-1bd45d50e940",
                "domain_url": "/v2/domains/0a7ac015-b059-47d3-b1a2-873a6e370f36",
                "space_url": "/v2/spaces/d3483f4f-6706-4fe1-ad90-1bd45d50e940",
                "apps_url": "/v2/routes/f054f24d-1eb1-40c6-ada4-71f373f401c1/apps"
              }
            }
          ]
        }
    http_version: 
  recorded_at: Thu, 19 Mar 2015 16:33:16 GMT
- request:
    method: get
    uri: https://api.10.244.0.34.xip.io/v2/domains/0a7ac015-b059-47d3-b1a2-873a6e370f36
    body:
      encoding: US-ASCII
      string: ''
    headers:
      User-Agent:
      - excon/0.44.4
      Authorization:
      - __AUTHORIZATION__
      Basic:
      - Y2Y6
      Content-Type:
      - application/json
      Accept-Encoding:
      - gzip
  response:
    status:
      code: 200
      message: 
    headers:
      Content-Length:
      - '283'
      Content-Type:
      - application/json;charset=utf-8
      Date:
      - Thu, 19 Mar 2015 16:33:17 GMT
      Server:
      - nginx
      X-Cf-Requestid:
      - c75ca621-e320-4d90-45c7-9126538450f3
      X-Cf-Warnings:
      - Endpoint+deprecated
      X-Content-Type-Options:
      - nosniff
      X-Vcap-Request-Id:
      - 6574260e-e43c-4369-60e7-8998e7a86e53::5bd55290-dcf8-46a2-82ca-67f579b49f33
    body:
      encoding: UTF-8
      string: |-
        {
          "metadata": {
            "guid": "0a7ac015-b059-47d3-b1a2-873a6e370f36",
            "url": "/v2/domains/0a7ac015-b059-47d3-b1a2-873a6e370f36",
            "created_at": "2014-12-05T16:23:46+00:00",
            "updated_at": "2015-03-19T07:07:29+00:00"
          },
          "entity": {
            "name": "10.244.0.34.xip.io"
          }
        }
    http_version: 
  recorded_at: Thu, 19 Mar 2015 16:33:16 GMT
recorded_with: VCR 2.9.3
