---
http_interactions:
- request:
    method: post
    uri: https://api.cloudcontrol.com/token
    body:
      encoding: US-ASCII
      string: ''
    headers:
      User-Agent:
      - excon/0.45.1
      Authorization:
      - __AUTHORIZATION__
      Accept-Encoding:
      - gzip
  response:
    status:
      code: 200
      message: 
    headers:
      Accept-Ranges:
      - bytes
      Access-Control-Allow-Headers:
      - X-Requested-With, Authorization, Content-Type, Content-Length, Accept
      Access-Control-Allow-Methods:
      - POST, GET, PUT, DELETE
      Access-Control-Allow-Origin:
      - "*"
      Age:
      - '0'
      Allow:
      - POST, OPTIONS
      Content-Type:
      - application/json
      Date:
      - Wed, 08 Apr 2015 18:04:39 GMT
      Server:
      - gunicorn/19.2.1
      Strict-Transport-Security:
      - max-age=15768000
      Vary:
      - Accept
      Via:
      - 1.1 varnish
      x-host:
      - api.cloudcontrol.com
      x-url:
      - "/token"
      X-Varnish:
      - '1146466875'
      X-varnish-cache:
      - MISS
      Content-Length:
      - '84'
      Connection:
      - keep-alive
    body:
      encoding: UTF-8
      string: '{"token": "__TOKEN__", "expires": "2015-04-08T18:19:39.252972"}'
    http_version: 
  recorded_at: Wed, 08 Apr 2015 18:04:39 GMT
- request:
    method: get
    uri: https://api.cloudcontrol.com/app/paasaltestappallproperties13/deployment
    body:
      encoding: US-ASCII
      string: ''
    headers:
      User-Agent:
      - excon/0.45.1
      Authorization:
      - __AUTHORIZATION__
      Content-Type:
      - application/json
      Accept-Encoding:
      - gzip
  response:
    status:
      code: 200
      message: 
    headers:
      Accept-Ranges:
      - bytes
      Access-Control-Allow-Headers:
      - X-Requested-With, Authorization, Content-Type, Content-Length, Accept
      Access-Control-Allow-Methods:
      - POST, GET, PUT, DELETE
      Access-Control-Allow-Origin:
      - "*"
      Age:
      - '0'
      Allow:
      - GET, POST, HEAD, OPTIONS
      Content-Type:
      - application/json
      Date:
      - Wed, 08 Apr 2015 18:04:39 GMT
      Server:
      - gunicorn/19.2.1
      Strict-Transport-Security:
      - max-age=15768000
      Vary:
      - Accept, Cookie
      Via:
      - 1.1 varnish
      x-host:
      - api.cloudcontrol.com
      x-url:
      - "/app/paasaltestappallproperties13/deployment"
      X-Varnish:
      - '2392515728'
      X-varnish-cache:
      - MISS
      Content-Length:
      - '74'
      Connection:
      - keep-alive
    body:
      encoding: UTF-8
      string: '[{"name": "paasaltestappallproperties13/paasal", "dep_id": "dep5r8zdn7j"}]'
    http_version: 
  recorded_at: Wed, 08 Apr 2015 18:04:39 GMT
- request:
    method: delete
    uri: https://api.cloudcontrol.com/app/paasaltestappallproperties13/deployment/paasal
    body:
      encoding: US-ASCII
      string: ''
    headers:
      User-Agent:
      - excon/0.45.1
      Authorization:
      - __AUTHORIZATION__
      Content-Type:
      - application/json
      Accept-Encoding:
      - gzip
  response:
    status:
      code: 204
      message: 
    headers:
      Accept-Ranges:
      - bytes
      Access-Control-Allow-Headers:
      - X-Requested-With, Authorization, Content-Type, Content-Length, Accept
      Access-Control-Allow-Methods:
      - POST, GET, PUT, DELETE
      Access-Control-Allow-Origin:
      - "*"
      Age:
      - '0'
      Allow:
      - GET, POST, PUT, DELETE, HEAD, OPTIONS
      Content-Length:
      - '0'
      Date:
      - Wed, 08 Apr 2015 18:04:41 GMT
      Server:
      - gunicorn/19.2.1
      Strict-Transport-Security:
      - max-age=15768000
      Vary:
      - Accept, Cookie
      Via:
      - 1.1 varnish
      x-host:
      - api.cloudcontrol.com
      x-url:
      - "/app/paasaltestappallproperties13/deployment/paasal"
      X-Varnish:
      - '1078431670'
      X-varnish-cache:
      - MISS
      Connection:
      - keep-alive
    body:
      encoding: UTF-8
      string: ''
    http_version: 
  recorded_at: Wed, 08 Apr 2015 18:04:41 GMT
- request:
    method: delete
    uri: https://api.cloudcontrol.com/app/paasaltestappallproperties13
    body:
      encoding: US-ASCII
      string: ''
    headers:
      User-Agent:
      - excon/0.45.1
      Authorization:
      - __AUTHORIZATION__
      Content-Type:
      - application/json
      Accept-Encoding:
      - gzip
  response:
    status:
      code: 204
      message: 
    headers:
      Accept-Ranges:
      - bytes
      Access-Control-Allow-Headers:
      - X-Requested-With, Authorization, Content-Type, Content-Length, Accept
      Access-Control-Allow-Methods:
      - POST, GET, PUT, DELETE
      Access-Control-Allow-Origin:
      - "*"
      Age:
      - '0'
      Allow:
      - GET, POST, DELETE, HEAD, OPTIONS
      Content-Length:
      - '0'
      Date:
      - Wed, 08 Apr 2015 18:04:42 GMT
      Server:
      - gunicorn/19.2.1
      Strict-Transport-Security:
      - max-age=15768000
      Vary:
      - Accept, Cookie
      Via:
      - 1.1 varnish
      x-host:
      - api.cloudcontrol.com
      x-url:
      - "/app/paasaltestappallproperties13"
      X-Varnish:
      - '1058884913'
      X-varnish-cache:
      - MISS
      Connection:
      - keep-alive
    body:
      encoding: UTF-8
      string: ''
    http_version: 
  recorded_at: Wed, 08 Apr 2015 18:04:42 GMT
recorded_with: VCR 2.9.3
