---
http_interactions:
- request:
    method: get
    uri: https://api.10.244.0.34.xip.io/v2/info
    body:
      encoding: US-ASCII
      string: ''
    headers:
      User-Agent:
      - excon/0.45.1
      Accept-Encoding:
      - gzip
  response:
    status:
      code: 200
      message: 
    headers:
      Content-Length:
      - '331'
      Content-Type:
      - application/json;charset=utf-8
      Date:
      - Wed, 08 Apr 2015 15:40:22 GMT
      Server:
      - nginx
      X-Cf-Requestid:
      - 59a77108-6cb6-4e83-6d8b-b98806661c82
      X-Content-Type-Options:
      - nosniff
      X-Vcap-Request-Id:
      - ea313f04-af01-4b0b-40d1-b3e461a89926::cd89618e-3c50-4202-8363-dc7ac80023cd
    body:
      encoding: UTF-8
      string: '{"name":"vcap","build":"2222","support":"http://support.cloudfoundry.com","version":2,"description":"Cloud
        Foundry sponsored by Pivotal","authorization_endpoint":"http://login.10.244.0.34.xip.io","token_endpoint":"https://uaa.10.244.0.34.xip.io","api_version":"2.18.0","logging_endpoint":"wss://loggregator.10.244.0.34.xip.io:443"}'
    http_version: 
  recorded_at: Wed, 08 Apr 2015 15:40:22 GMT
- request:
    method: post
    uri: http://login.10.244.0.34.xip.io/oauth/token?grant_type=password&password=__cf-bosh-local:user__&username=__cf-bosh-local:user__
    body:
      encoding: US-ASCII
      string: ''
    headers:
      User-Agent:
      - excon/0.45.1
      Authorization:
      - __AUTHORIZATION__
      Content-Type:
      - application/x-www-form-urlencoded
      Accept:
      - application/json
  response:
    status:
      code: 200
      message: 
    headers:
      Cache-Control:
      - no-cache, no-store, no-store
      Connection:
      - close
      Content-Length:
      - '1856'
      Content-Type:
      - application/json;charset=UTF-8
      Date:
      - Wed, 08 Apr 2015 15:40:22 GMT
      Expires:
      - Thu, 01 Jan 1970 00:00:00 GMT
      Pragma:
      - no-cache, no-cache
      Server:
      - Apache-Coyote/1.1
      X-Cf-Requestid:
      - 5ab79447-6233-484a-7570-4caa9fcffcc9, 4c7fcd9e-c170-47f4-62f5-59df1dee5e6a
      X-Frame-Options:
      - DENY
    body:
      encoding: UTF-8
      string: '{"access_token":"__ACCESS_TOKEN__","token_type":"bearer","refresh_token":"__REFRESH_TOKEN__","expires_in":599,"scope":"scim.userids
        cloud_controller.write password.write openid cloud_controller.read","jti":"5ae7f716-18ab-4c0c-a09b-c77f61c2586b"}'
    http_version: 
  recorded_at: Wed, 08 Apr 2015 15:40:22 GMT
- request:
    method: get
    uri: https://api.10.244.0.34.xip.io/v2/apps?q=name%3Apaasal-test-app-all-updated
    body:
      encoding: US-ASCII
      string: ''
    headers:
      User-Agent:
      - excon/0.45.1
      Authorization:
      - __AUTHORIZATION__
      Basic:
      - Y2Y6
      Content-Type:
      - application/json
      Accept-Encoding:
      - gzip
  response:
    status:
      code: 200
      message: 
    headers:
      Content-Length:
      - '1774'
      Content-Type:
      - application/json;charset=utf-8
      Date:
      - Wed, 08 Apr 2015 15:40:22 GMT
      Server:
      - nginx
      X-Cf-Requestid:
      - d1e11b7c-5899-4975-6259-1da848223e69
      X-Content-Type-Options:
      - nosniff
      X-Vcap-Request-Id:
      - 50bd4df7-3589-49a4-496a-ef5280bd632a::fe5d748b-95da-4945-a9c5-4e06f1342d76
    body:
      encoding: UTF-8
      string: |-
        {
          "total_results": 1,
          "total_pages": 1,
          "prev_url": null,
          "next_url": null,
          "resources": [
            {
              "metadata": {
                "guid": "277a3488-6b05-4331-83ff-45f182929977",
                "url": "/v2/apps/277a3488-6b05-4331-83ff-45f182929977",
                "created_at": "2015-04-08T15:37:26+00:00",
                "updated_at": "2015-04-08T15:38:13+00:00"
              },
              "entity": {
                "name": "paasal-test-app-all-updated",
                "production": false,
                "space_guid": "d3483f4f-6706-4fe1-ad90-1bd45d50e940",
                "stack_guid": "b4d24013-b385-4db1-a171-b4e151a87c46",
                "buildpack": "nodejs_buildpack",
                "detected_buildpack": null,
                "environment_json": {
                  "our_test_var_key": "our_updated_test_var_value",
                  "our_test_var_key2": "our_test_var_value2"
                },
                "memory": 256,
                "instances": 1,
                "disk_quota": 1024,
                "state": "STARTED",
                "version": "fa02549f-637e-4ba2-8e80-7adb077f6088",
                "command": null,
                "console": false,
                "debug": null,
                "staging_task_id": "2337cd1c6bd04422b2ad55911e008d55",
                "package_state": "STAGED",
                "health_check_timeout": null,
                "staging_failed_reason": null,
                "docker_image": null,
                "package_updated_at": "2015-04-08T15:37:53+00:00",
                "detected_start_command": "node server.js",
                "space_url": "/v2/spaces/d3483f4f-6706-4fe1-ad90-1bd45d50e940",
                "stack_url": "/v2/stacks/b4d24013-b385-4db1-a171-b4e151a87c46",
                "events_url": "/v2/apps/277a3488-6b05-4331-83ff-45f182929977/events",
                "service_bindings_url": "/v2/apps/277a3488-6b05-4331-83ff-45f182929977/service_bindings",
                "routes_url": "/v2/apps/277a3488-6b05-4331-83ff-45f182929977/routes"
              }
            }
          ]
        }
    http_version: 
  recorded_at: Wed, 08 Apr 2015 15:40:22 GMT
- request:
    method: get
    uri: https://api.10.244.0.34.xip.io/v2/apps/277a3488-6b05-4331-83ff-45f182929977
    body:
      encoding: US-ASCII
      string: ''
    headers:
      User-Agent:
      - excon/0.45.1
      Authorization:
      - __AUTHORIZATION__
      Basic:
      - Y2Y6
      Content-Type:
      - application/json
      Accept-Encoding:
      - gzip
  response:
    status:
      code: 200
      message: 
    headers:
      Content-Length:
      - '1507'
      Content-Type:
      - application/json;charset=utf-8
      Date:
      - Wed, 08 Apr 2015 15:40:22 GMT
      Server:
      - nginx
      X-Cf-Requestid:
      - 5dc456d9-dc30-4cca-5ac1-73502061d211
      X-Content-Type-Options:
      - nosniff
      X-Vcap-Request-Id:
      - ed7c1c7e-8d6d-472a-6152-3388137863d1::dd2af9e8-1672-456a-a4c0-12bffcdb1fd1
    body:
      encoding: UTF-8
      string: |-
        {
          "metadata": {
            "guid": "277a3488-6b05-4331-83ff-45f182929977",
            "url": "/v2/apps/277a3488-6b05-4331-83ff-45f182929977",
            "created_at": "2015-04-08T15:37:26+00:00",
            "updated_at": "2015-04-08T15:38:13+00:00"
          },
          "entity": {
            "name": "paasal-test-app-all-updated",
            "production": false,
            "space_guid": "d3483f4f-6706-4fe1-ad90-1bd45d50e940",
            "stack_guid": "b4d24013-b385-4db1-a171-b4e151a87c46",
            "buildpack": "nodejs_buildpack",
            "detected_buildpack": null,
            "environment_json": {
              "our_test_var_key": "our_updated_test_var_value",
              "our_test_var_key2": "our_test_var_value2"
            },
            "memory": 256,
            "instances": 1,
            "disk_quota": 1024,
            "state": "STARTED",
            "version": "fa02549f-637e-4ba2-8e80-7adb077f6088",
            "command": null,
            "console": false,
            "debug": null,
            "staging_task_id": "2337cd1c6bd04422b2ad55911e008d55",
            "package_state": "STAGED",
            "health_check_timeout": null,
            "staging_failed_reason": null,
            "docker_image": null,
            "package_updated_at": "2015-04-08T15:37:53+00:00",
            "detected_start_command": "node server.js",
            "space_url": "/v2/spaces/d3483f4f-6706-4fe1-ad90-1bd45d50e940",
            "stack_url": "/v2/stacks/b4d24013-b385-4db1-a171-b4e151a87c46",
            "events_url": "/v2/apps/277a3488-6b05-4331-83ff-45f182929977/events",
            "service_bindings_url": "/v2/apps/277a3488-6b05-4331-83ff-45f182929977/service_bindings",
            "routes_url": "/v2/apps/277a3488-6b05-4331-83ff-45f182929977/routes"
          }
        }
    http_version: 
  recorded_at: Wed, 08 Apr 2015 15:40:22 GMT
- request:
    method: get
    uri: https://api.10.244.0.34.xip.io/v2/apps/277a3488-6b05-4331-83ff-45f182929977/routes
    body:
      encoding: US-ASCII
      string: ''
    headers:
      User-Agent:
      - excon/0.45.1
      Authorization:
      - __AUTHORIZATION__
      Basic:
      - Y2Y6
      Content-Type:
      - application/json
      Accept-Encoding:
      - gzip
  response:
    status:
      code: 200
      message: 
    headers:
      Content-Length:
      - '2056'
      Content-Type:
      - application/json;charset=utf-8
      Date:
      - Wed, 08 Apr 2015 15:40:22 GMT
      Server:
      - nginx
      X-Cf-Requestid:
      - 6749ef9c-2e42-4077-4e1f-8f73ce9df846
      X-Content-Type-Options:
      - nosniff
      X-Vcap-Request-Id:
      - 48dfa3da-1fb7-4cb0-6649-6b75e19ac392::47667e81-e7ef-41b7-a00a-38f19d261b1a
    body:
      encoding: UTF-8
      string: |-
        {
          "total_results": 3,
          "total_pages": 1,
          "prev_url": null,
          "next_url": null,
          "resources": [
            {
              "metadata": {
                "guid": "1d2eed43-9771-4b03-9232-852a838fd9d7",
                "url": "/v2/routes/1d2eed43-9771-4b03-9232-852a838fd9d7",
                "created_at": "2015-04-08T15:37:26+00:00",
                "updated_at": null
              },
              "entity": {
                "host": "277a3488-6b05-4331-83ff-45f182929977",
                "domain_guid": "0a7ac015-b059-47d3-b1a2-873a6e370f36",
                "space_guid": "d3483f4f-6706-4fe1-ad90-1bd45d50e940",
                "domain_url": "/v2/domains/0a7ac015-b059-47d3-b1a2-873a6e370f36",
                "space_url": "/v2/spaces/d3483f4f-6706-4fe1-ad90-1bd45d50e940",
                "apps_url": "/v2/routes/1d2eed43-9771-4b03-9232-852a838fd9d7/apps"
              }
            },
            {
              "metadata": {
                "guid": "2333e444-16f3-49e4-920f-d3ba17eb8111",
                "url": "/v2/routes/2333e444-16f3-49e4-920f-d3ba17eb8111",
                "created_at": "2015-04-08T15:37:44+00:00",
                "updated_at": null
              },
              "entity": {
                "host": "cf-bosh-local",
                "domain_guid": "a055ee95-7d64-4352-9e5e-7eea55ecf706",
                "space_guid": "d3483f4f-6706-4fe1-ad90-1bd45d50e940",
                "domain_url": "/v2/domains/a055ee95-7d64-4352-9e5e-7eea55ecf706",
                "space_url": "/v2/spaces/d3483f4f-6706-4fe1-ad90-1bd45d50e940",
                "apps_url": "/v2/routes/2333e444-16f3-49e4-920f-d3ba17eb8111/apps"
              }
            },
            {
              "metadata": {
                "guid": "5feb3018-7787-4472-a66e-26fe4aaebc29",
                "url": "/v2/routes/5feb3018-7787-4472-a66e-26fe4aaebc29",
                "created_at": "2015-04-08T15:37:45+00:00",
                "updated_at": null
              },
              "entity": {
                "host": "",
                "domain_guid": "a055ee95-7d64-4352-9e5e-7eea55ecf706",
                "space_guid": "d3483f4f-6706-4fe1-ad90-1bd45d50e940",
                "domain_url": "/v2/domains/a055ee95-7d64-4352-9e5e-7eea55ecf706",
                "space_url": "/v2/spaces/d3483f4f-6706-4fe1-ad90-1bd45d50e940",
                "apps_url": "/v2/routes/5feb3018-7787-4472-a66e-26fe4aaebc29/apps"
              }
            }
          ]
        }
    http_version: 
  recorded_at: Wed, 08 Apr 2015 15:40:22 GMT
- request:
    method: get
    uri: https://api.10.244.0.34.xip.io/v2/domains/0a7ac015-b059-47d3-b1a2-873a6e370f36
    body:
      encoding: US-ASCII
      string: ''
    headers:
      User-Agent:
      - excon/0.45.1
      Authorization:
      - __AUTHORIZATION__
      Basic:
      - Y2Y6
      Content-Type:
      - application/json
      Accept-Encoding:
      - gzip
  response:
    status:
      code: 200
      message: 
    headers:
      Content-Length:
      - '283'
      Content-Type:
      - application/json;charset=utf-8
      Date:
      - Wed, 08 Apr 2015 15:40:22 GMT
      Server:
      - nginx
      X-Cf-Requestid:
      - 8e6d3604-8775-44ff-744e-ead6c2ed9489
      X-Cf-Warnings:
      - Endpoint+deprecated
      X-Content-Type-Options:
      - nosniff
      X-Vcap-Request-Id:
      - 75fa1f23-41c1-4775-7c54-df961396d5a5::72943cc1-c955-4612-8e6b-3dcf1dd1d258
    body:
      encoding: UTF-8
      string: |-
        {
          "metadata": {
            "guid": "0a7ac015-b059-47d3-b1a2-873a6e370f36",
            "url": "/v2/domains/0a7ac015-b059-47d3-b1a2-873a6e370f36",
            "created_at": "2014-12-05T16:23:46+00:00",
            "updated_at": "2015-03-19T07:07:29+00:00"
          },
          "entity": {
            "name": "10.244.0.34.xip.io"
          }
        }
    http_version: 
  recorded_at: Wed, 08 Apr 2015 15:40:22 GMT
- request:
    method: get
    uri: https://api.10.244.0.34.xip.io/v2/apps?q=name%3Apaasal-test-app-all-updated
    body:
      encoding: US-ASCII
      string: ''
    headers:
      User-Agent:
      - excon/0.45.1
      Authorization:
      - __AUTHORIZATION__
      Basic:
      - Y2Y6
      Content-Type:
      - application/json
      Accept-Encoding:
      - gzip
  response:
    status:
      code: 200
      message: 
    headers:
      Content-Length:
      - '1774'
      Content-Type:
      - application/json;charset=utf-8
      Date:
      - Wed, 08 Apr 2015 15:40:22 GMT
      Server:
      - nginx
      X-Cf-Requestid:
      - 7cf4c44e-201c-4e10-6b79-6c6b0e0601e9
      X-Content-Type-Options:
      - nosniff
      X-Vcap-Request-Id:
      - 2cd3f9ed-02e1-4310-4970-e5adf82287ef::4169c302-c2d0-4a96-b3ec-ee0f67215eb3
    body:
      encoding: UTF-8
      string: |-
        {
          "total_results": 1,
          "total_pages": 1,
          "prev_url": null,
          "next_url": null,
          "resources": [
            {
              "metadata": {
                "guid": "277a3488-6b05-4331-83ff-45f182929977",
                "url": "/v2/apps/277a3488-6b05-4331-83ff-45f182929977",
                "created_at": "2015-04-08T15:37:26+00:00",
                "updated_at": "2015-04-08T15:38:13+00:00"
              },
              "entity": {
                "name": "paasal-test-app-all-updated",
                "production": false,
                "space_guid": "d3483f4f-6706-4fe1-ad90-1bd45d50e940",
                "stack_guid": "b4d24013-b385-4db1-a171-b4e151a87c46",
                "buildpack": "nodejs_buildpack",
                "detected_buildpack": null,
                "environment_json": {
                  "our_test_var_key": "our_updated_test_var_value",
                  "our_test_var_key2": "our_test_var_value2"
                },
                "memory": 256,
                "instances": 1,
                "disk_quota": 1024,
                "state": "STARTED",
                "version": "fa02549f-637e-4ba2-8e80-7adb077f6088",
                "command": null,
                "console": false,
                "debug": null,
                "staging_task_id": "2337cd1c6bd04422b2ad55911e008d55",
                "package_state": "STAGED",
                "health_check_timeout": null,
                "staging_failed_reason": null,
                "docker_image": null,
                "package_updated_at": "2015-04-08T15:37:53+00:00",
                "detected_start_command": "node server.js",
                "space_url": "/v2/spaces/d3483f4f-6706-4fe1-ad90-1bd45d50e940",
                "stack_url": "/v2/stacks/b4d24013-b385-4db1-a171-b4e151a87c46",
                "events_url": "/v2/apps/277a3488-6b05-4331-83ff-45f182929977/events",
                "service_bindings_url": "/v2/apps/277a3488-6b05-4331-83ff-45f182929977/service_bindings",
                "routes_url": "/v2/apps/277a3488-6b05-4331-83ff-45f182929977/routes"
              }
            }
          ]
        }
    http_version: 
  recorded_at: Wed, 08 Apr 2015 15:40:22 GMT
- request:
    method: head
    uri: https://api.10.244.0.34.xip.io/v2/apps/277a3488-6b05-4331-83ff-45f182929977/download
    body:
      encoding: US-ASCII
      string: ''
    headers:
      User-Agent:
      - excon/0.45.1
      Authorization:
      - __AUTHORIZATION__
      Basic:
      - Y2Y6
      Content-Type:
      - application/json
      Accept-Encoding:
      - gzip
  response:
    status:
      code: 200
      message: 
    headers:
      Accept-Ranges:
      - bytes
      Content-Length:
      - '2156448'
      Content-Type:
      - application/json;charset=utf-8
      Date:
      - Wed, 08 Apr 2015 15:40:22 GMT
      Etag:
      - '"55254b51-20e7a0"'
      Last-Modified:
      - Wed, 08 Apr 2015 15:37:53 GMT
      Server:
      - nginx
      X-Cf-Requestid:
      - 8857f734-dde2-4813-4ded-73548c9c9619
    body:
      encoding: UTF-8
      string: ''
    http_version: 
  recorded_at: Wed, 08 Apr 2015 15:40:22 GMT
- request:
    method: post
    uri: https://api.10.244.0.34.xip.io/v2/apps/277a3488-6b05-4331-83ff-45f182929977/restage
    body:
      encoding: US-ASCII
      string: ''
    headers:
      User-Agent:
      - excon/0.45.1
      Authorization:
      - __AUTHORIZATION__
      Basic:
      - Y2Y6
      Content-Type:
      - application/json
      Accept-Encoding:
      - gzip
  response:
    status:
      code: 201
      message: 
    headers:
      Content-Length:
      - '1130'
      Content-Type:
      - application/json;charset=utf-8
      Date:
      - Wed, 08 Apr 2015 15:40:23 GMT
      Location:
      - "/v2/apps/277a3488-6b05-4331-83ff-45f182929977"
      Server:
      - nginx
      X-Cf-Requestid:
      - 9b8b080e-a24d-486e-6563-ef9c2d35859b
      X-Content-Type-Options:
      - nosniff
      X-Vcap-Request-Id:
      - 8c2618b3-9864-4ea5-6d6e-f278d843c72c::0100071f-ac5a-45c0-b244-ec4ae7712d07
    body:
      encoding: UTF-8
      string: |-
        {
          "metadata": {
            "guid": "277a3488-6b05-4331-83ff-45f182929977",
            "url": "/v2/apps/277a3488-6b05-4331-83ff-45f182929977",
            "created_at": "2015-04-08T15:37:26+00:00",
            "updated_at": "2015-04-08T15:40:22+00:00"
          },
          "entity": {
            "name": "paasal-test-app-all-updated",
            "production": false,
            "space_guid": "d3483f4f-6706-4fe1-ad90-1bd45d50e940",
            "stack_guid": "b4d24013-b385-4db1-a171-b4e151a87c46",
            "buildpack": "nodejs_buildpack",
            "detected_buildpack": null,
            "environment_json": {
              "our_test_var_key": "our_updated_test_var_value",
              "our_test_var_key2": "our_test_var_value2"
            },
            "memory": 256,
            "instances": 1,
            "disk_quota": 1024,
            "state": "STARTED",
            "version": "a66bda01-8c0d-4e8e-b0eb-29b7ef305a4c",
            "command": null,
            "console": false,
            "debug": null,
            "staging_task_id": "ec5e59b56c3d43dcbbab5f447d7f6422",
            "package_state": "PENDING",
            "health_check_timeout": null,
            "staging_failed_reason": null,
            "docker_image": null,
            "package_updated_at": "2015-04-08T15:37:53+00:00",
            "detected_start_command": "node server.js"
          }
        }
    http_version: 
  recorded_at: Wed, 08 Apr 2015 15:40:23 GMT
- request:
    method: get
    uri: https://api.10.244.0.34.xip.io/v2/apps/277a3488-6b05-4331-83ff-45f182929977/routes
    body:
      encoding: US-ASCII
      string: ''
    headers:
      User-Agent:
      - excon/0.45.1
      Authorization:
      - __AUTHORIZATION__
      Basic:
      - Y2Y6
      Content-Type:
      - application/json
      Accept-Encoding:
      - gzip
  response:
    status:
      code: 200
      message: 
    headers:
      Content-Length:
      - '2056'
      Content-Type:
      - application/json;charset=utf-8
      Date:
      - Wed, 08 Apr 2015 15:40:24 GMT
      Server:
      - nginx
      X-Cf-Requestid:
      - 09de01af-1b60-438b-611b-73fb8b600bc6
      X-Content-Type-Options:
      - nosniff
      X-Vcap-Request-Id:
      - e1b119ec-8941-498f-7de0-c126ecb4d77a::87239d58-12eb-4a3e-8f01-a8384ad71093
    body:
      encoding: UTF-8
      string: |-
        {
          "total_results": 3,
          "total_pages": 1,
          "prev_url": null,
          "next_url": null,
          "resources": [
            {
              "metadata": {
                "guid": "1d2eed43-9771-4b03-9232-852a838fd9d7",
                "url": "/v2/routes/1d2eed43-9771-4b03-9232-852a838fd9d7",
                "created_at": "2015-04-08T15:37:26+00:00",
                "updated_at": null
              },
              "entity": {
                "host": "277a3488-6b05-4331-83ff-45f182929977",
                "domain_guid": "0a7ac015-b059-47d3-b1a2-873a6e370f36",
                "space_guid": "d3483f4f-6706-4fe1-ad90-1bd45d50e940",
                "domain_url": "/v2/domains/0a7ac015-b059-47d3-b1a2-873a6e370f36",
                "space_url": "/v2/spaces/d3483f4f-6706-4fe1-ad90-1bd45d50e940",
                "apps_url": "/v2/routes/1d2eed43-9771-4b03-9232-852a838fd9d7/apps"
              }
            },
            {
              "metadata": {
                "guid": "2333e444-16f3-49e4-920f-d3ba17eb8111",
                "url": "/v2/routes/2333e444-16f3-49e4-920f-d3ba17eb8111",
                "created_at": "2015-04-08T15:37:44+00:00",
                "updated_at": null
              },
              "entity": {
                "host": "cf-bosh-local",
                "domain_guid": "a055ee95-7d64-4352-9e5e-7eea55ecf706",
                "space_guid": "d3483f4f-6706-4fe1-ad90-1bd45d50e940",
                "domain_url": "/v2/domains/a055ee95-7d64-4352-9e5e-7eea55ecf706",
                "space_url": "/v2/spaces/d3483f4f-6706-4fe1-ad90-1bd45d50e940",
                "apps_url": "/v2/routes/2333e444-16f3-49e4-920f-d3ba17eb8111/apps"
              }
            },
            {
              "metadata": {
                "guid": "5feb3018-7787-4472-a66e-26fe4aaebc29",
                "url": "/v2/routes/5feb3018-7787-4472-a66e-26fe4aaebc29",
                "created_at": "2015-04-08T15:37:45+00:00",
                "updated_at": null
              },
              "entity": {
                "host": "",
                "domain_guid": "a055ee95-7d64-4352-9e5e-7eea55ecf706",
                "space_guid": "d3483f4f-6706-4fe1-ad90-1bd45d50e940",
                "domain_url": "/v2/domains/a055ee95-7d64-4352-9e5e-7eea55ecf706",
                "space_url": "/v2/spaces/d3483f4f-6706-4fe1-ad90-1bd45d50e940",
                "apps_url": "/v2/routes/5feb3018-7787-4472-a66e-26fe4aaebc29/apps"
              }
            }
          ]
        }
    http_version: 
  recorded_at: Wed, 08 Apr 2015 15:40:23 GMT
- request:
    method: get
    uri: https://api.10.244.0.34.xip.io/v2/domains/0a7ac015-b059-47d3-b1a2-873a6e370f36
    body:
      encoding: US-ASCII
      string: ''
    headers:
      User-Agent:
      - excon/0.45.1
      Authorization:
      - __AUTHORIZATION__
      Basic:
      - Y2Y6
      Content-Type:
      - application/json
      Accept-Encoding:
      - gzip
  response:
    status:
      code: 200
      message: 
    headers:
      Content-Length:
      - '283'
      Content-Type:
      - application/json;charset=utf-8
      Date:
      - Wed, 08 Apr 2015 15:40:24 GMT
      Server:
      - nginx
      X-Cf-Requestid:
      - 2d821ffa-24a1-4a9b-6464-36fd56ec22dd
      X-Cf-Warnings:
      - Endpoint+deprecated
      X-Content-Type-Options:
      - nosniff
      X-Vcap-Request-Id:
      - db29db5a-2033-41b1-6e1a-102884c9b8d6::2552e33f-d5f7-4ee9-abb8-cf84bb4590dd
    body:
      encoding: UTF-8
      string: |-
        {
          "metadata": {
            "guid": "0a7ac015-b059-47d3-b1a2-873a6e370f36",
            "url": "/v2/domains/0a7ac015-b059-47d3-b1a2-873a6e370f36",
            "created_at": "2014-12-05T16:23:46+00:00",
            "updated_at": "2015-03-19T07:07:29+00:00"
          },
          "entity": {
            "name": "10.244.0.34.xip.io"
          }
        }
    http_version: 
  recorded_at: Wed, 08 Apr 2015 15:40:23 GMT
- request:
    method: get
    uri: https://api.10.244.0.34.xip.io/v2/apps?q=name%3Apaasal-test-app-all-updated
    body:
      encoding: US-ASCII
      string: ''
    headers:
      User-Agent:
      - excon/0.45.1
      Authorization:
      - __AUTHORIZATION__
      Basic:
      - Y2Y6
      Content-Type:
      - application/json
      Accept-Encoding:
      - gzip
  response:
    status:
      code: 200
      message: 
    headers:
      Content-Length:
      - '1775'
      Content-Type:
      - application/json;charset=utf-8
      Date:
      - Wed, 08 Apr 2015 15:40:24 GMT
      Server:
      - nginx
      X-Cf-Requestid:
      - 41ef3cf8-231f-462d-494c-642d31134b8e
      X-Content-Type-Options:
      - nosniff
      X-Vcap-Request-Id:
      - 19b55b92-b561-4976-40f8-30260d3461a2::6aaede6b-5c69-428f-9c1f-6274b5161182
    body:
      encoding: UTF-8
      string: |-
        {
          "total_results": 1,
          "total_pages": 1,
          "prev_url": null,
          "next_url": null,
          "resources": [
            {
              "metadata": {
                "guid": "277a3488-6b05-4331-83ff-45f182929977",
                "url": "/v2/apps/277a3488-6b05-4331-83ff-45f182929977",
                "created_at": "2015-04-08T15:37:26+00:00",
                "updated_at": "2015-04-08T15:40:22+00:00"
              },
              "entity": {
                "name": "paasal-test-app-all-updated",
                "production": false,
                "space_guid": "d3483f4f-6706-4fe1-ad90-1bd45d50e940",
                "stack_guid": "b4d24013-b385-4db1-a171-b4e151a87c46",
                "buildpack": "nodejs_buildpack",
                "detected_buildpack": null,
                "environment_json": {
                  "our_test_var_key": "our_updated_test_var_value",
                  "our_test_var_key2": "our_test_var_value2"
                },
                "memory": 256,
                "instances": 1,
                "disk_quota": 1024,
                "state": "STARTED",
                "version": "a66bda01-8c0d-4e8e-b0eb-29b7ef305a4c",
                "command": null,
                "console": false,
                "debug": null,
                "staging_task_id": "ec5e59b56c3d43dcbbab5f447d7f6422",
                "package_state": "PENDING",
                "health_check_timeout": null,
                "staging_failed_reason": null,
                "docker_image": null,
                "package_updated_at": "2015-04-08T15:37:53+00:00",
                "detected_start_command": "node server.js",
                "space_url": "/v2/spaces/d3483f4f-6706-4fe1-ad90-1bd45d50e940",
                "stack_url": "/v2/stacks/b4d24013-b385-4db1-a171-b4e151a87c46",
                "events_url": "/v2/apps/277a3488-6b05-4331-83ff-45f182929977/events",
                "service_bindings_url": "/v2/apps/277a3488-6b05-4331-83ff-45f182929977/service_bindings",
                "routes_url": "/v2/apps/277a3488-6b05-4331-83ff-45f182929977/routes"
              }
            }
          ]
        }
    http_version: 
  recorded_at: Wed, 08 Apr 2015 15:40:23 GMT
- request:
    method: get
    uri: https://api.10.244.0.34.xip.io/v2/apps/277a3488-6b05-4331-83ff-45f182929977
    body:
      encoding: US-ASCII
      string: ''
    headers:
      User-Agent:
      - excon/0.45.1
      Authorization:
      - __AUTHORIZATION__
      Basic:
      - Y2Y6
      Content-Type:
      - application/json
      Accept-Encoding:
      - gzip
  response:
    status:
      code: 200
      message: 
    headers:
      Content-Length:
      - '1508'
      Content-Type:
      - application/json;charset=utf-8
      Date:
      - Wed, 08 Apr 2015 15:40:24 GMT
      Server:
      - nginx
      X-Cf-Requestid:
      - ba70e805-4d90-4d5f-72f0-cc8035f7a0c8
      X-Content-Type-Options:
      - nosniff
      X-Vcap-Request-Id:
      - d4c194ba-a4cf-41e6-503a-f7053d7b1e0d::70420bc4-82ae-4a56-a12f-3b6ba1a10958
    body:
      encoding: UTF-8
      string: |-
        {
          "metadata": {
            "guid": "277a3488-6b05-4331-83ff-45f182929977",
            "url": "/v2/apps/277a3488-6b05-4331-83ff-45f182929977",
            "created_at": "2015-04-08T15:37:26+00:00",
            "updated_at": "2015-04-08T15:40:22+00:00"
          },
          "entity": {
            "name": "paasal-test-app-all-updated",
            "production": false,
            "space_guid": "d3483f4f-6706-4fe1-ad90-1bd45d50e940",
            "stack_guid": "b4d24013-b385-4db1-a171-b4e151a87c46",
            "buildpack": "nodejs_buildpack",
            "detected_buildpack": null,
            "environment_json": {
              "our_test_var_key": "our_updated_test_var_value",
              "our_test_var_key2": "our_test_var_value2"
            },
            "memory": 256,
            "instances": 1,
            "disk_quota": 1024,
            "state": "STARTED",
            "version": "a66bda01-8c0d-4e8e-b0eb-29b7ef305a4c",
            "command": null,
            "console": false,
            "debug": null,
            "staging_task_id": "ec5e59b56c3d43dcbbab5f447d7f6422",
            "package_state": "PENDING",
            "health_check_timeout": null,
            "staging_failed_reason": null,
            "docker_image": null,
            "package_updated_at": "2015-04-08T15:37:53+00:00",
            "detected_start_command": "node server.js",
            "space_url": "/v2/spaces/d3483f4f-6706-4fe1-ad90-1bd45d50e940",
            "stack_url": "/v2/stacks/b4d24013-b385-4db1-a171-b4e151a87c46",
            "events_url": "/v2/apps/277a3488-6b05-4331-83ff-45f182929977/events",
            "service_bindings_url": "/v2/apps/277a3488-6b05-4331-83ff-45f182929977/service_bindings",
            "routes_url": "/v2/apps/277a3488-6b05-4331-83ff-45f182929977/routes"
          }
        }
    http_version: 
  recorded_at: Wed, 08 Apr 2015 15:40:23 GMT
- request:
    method: get
    uri: https://api.10.244.0.34.xip.io/v2/apps/277a3488-6b05-4331-83ff-45f182929977/routes
    body:
      encoding: US-ASCII
      string: ''
    headers:
      User-Agent:
      - excon/0.45.1
      Authorization:
      - __AUTHORIZATION__
      Basic:
      - Y2Y6
      Content-Type:
      - application/json
      Accept-Encoding:
      - gzip
  response:
    status:
      code: 200
      message: 
    headers:
      Content-Length:
      - '2056'
      Content-Type:
      - application/json;charset=utf-8
      Date:
      - Wed, 08 Apr 2015 15:40:24 GMT
      Server:
      - nginx
      X-Cf-Requestid:
      - 34dbc4ff-f377-4f6e-4912-b8b09b83db88
      X-Content-Type-Options:
      - nosniff
      X-Vcap-Request-Id:
      - 2ec36ac7-8c92-43a5-69d6-5a3828b4a46b::952cde99-9c43-4a6b-9ccc-d362ed794f04
    body:
      encoding: UTF-8
      string: |-
        {
          "total_results": 3,
          "total_pages": 1,
          "prev_url": null,
          "next_url": null,
          "resources": [
            {
              "metadata": {
                "guid": "1d2eed43-9771-4b03-9232-852a838fd9d7",
                "url": "/v2/routes/1d2eed43-9771-4b03-9232-852a838fd9d7",
                "created_at": "2015-04-08T15:37:26+00:00",
                "updated_at": null
              },
              "entity": {
                "host": "277a3488-6b05-4331-83ff-45f182929977",
                "domain_guid": "0a7ac015-b059-47d3-b1a2-873a6e370f36",
                "space_guid": "d3483f4f-6706-4fe1-ad90-1bd45d50e940",
                "domain_url": "/v2/domains/0a7ac015-b059-47d3-b1a2-873a6e370f36",
                "space_url": "/v2/spaces/d3483f4f-6706-4fe1-ad90-1bd45d50e940",
                "apps_url": "/v2/routes/1d2eed43-9771-4b03-9232-852a838fd9d7/apps"
              }
            },
            {
              "metadata": {
                "guid": "2333e444-16f3-49e4-920f-d3ba17eb8111",
                "url": "/v2/routes/2333e444-16f3-49e4-920f-d3ba17eb8111",
                "created_at": "2015-04-08T15:37:44+00:00",
                "updated_at": null
              },
              "entity": {
                "host": "cf-bosh-local",
                "domain_guid": "a055ee95-7d64-4352-9e5e-7eea55ecf706",
                "space_guid": "d3483f4f-6706-4fe1-ad90-1bd45d50e940",
                "domain_url": "/v2/domains/a055ee95-7d64-4352-9e5e-7eea55ecf706",
                "space_url": "/v2/spaces/d3483f4f-6706-4fe1-ad90-1bd45d50e940",
                "apps_url": "/v2/routes/2333e444-16f3-49e4-920f-d3ba17eb8111/apps"
              }
            },
            {
              "metadata": {
                "guid": "5feb3018-7787-4472-a66e-26fe4aaebc29",
                "url": "/v2/routes/5feb3018-7787-4472-a66e-26fe4aaebc29",
                "created_at": "2015-04-08T15:37:45+00:00",
                "updated_at": null
              },
              "entity": {
                "host": "",
                "domain_guid": "a055ee95-7d64-4352-9e5e-7eea55ecf706",
                "space_guid": "d3483f4f-6706-4fe1-ad90-1bd45d50e940",
                "domain_url": "/v2/domains/a055ee95-7d64-4352-9e5e-7eea55ecf706",
                "space_url": "/v2/spaces/d3483f4f-6706-4fe1-ad90-1bd45d50e940",
                "apps_url": "/v2/routes/5feb3018-7787-4472-a66e-26fe4aaebc29/apps"
              }
            }
          ]
        }
    http_version: 
  recorded_at: Wed, 08 Apr 2015 15:40:24 GMT
- request:
    method: get
    uri: https://api.10.244.0.34.xip.io/v2/domains/0a7ac015-b059-47d3-b1a2-873a6e370f36
    body:
      encoding: US-ASCII
      string: ''
    headers:
      User-Agent:
      - excon/0.45.1
      Authorization:
      - __AUTHORIZATION__
      Basic:
      - Y2Y6
      Content-Type:
      - application/json
      Accept-Encoding:
      - gzip
  response:
    status:
      code: 200
      message: 
    headers:
      Content-Length:
      - '283'
      Content-Type:
      - application/json;charset=utf-8
      Date:
      - Wed, 08 Apr 2015 15:40:24 GMT
      Server:
      - nginx
      X-Cf-Requestid:
      - c2fb739f-1a95-42ba-6adc-6478bfed3a70
      X-Cf-Warnings:
      - Endpoint+deprecated
      X-Content-Type-Options:
      - nosniff
      X-Vcap-Request-Id:
      - 0e0751fd-70e1-4e31-4aa2-f61782ff8b19::8d9888b8-6e6a-49c5-9130-885b543c8305
    body:
      encoding: UTF-8
      string: |-
        {
          "metadata": {
            "guid": "0a7ac015-b059-47d3-b1a2-873a6e370f36",
            "url": "/v2/domains/0a7ac015-b059-47d3-b1a2-873a6e370f36",
            "created_at": "2014-12-05T16:23:46+00:00",
            "updated_at": "2015-03-19T07:07:29+00:00"
          },
          "entity": {
            "name": "10.244.0.34.xip.io"
          }
        }
    http_version: 
  recorded_at: Wed, 08 Apr 2015 15:40:24 GMT
recorded_with: VCR 2.9.3
