---
http_interactions:
- request:
    method: get
    uri: https://api.10.244.0.34.xip.io/v2/info
    body:
      encoding: US-ASCII
      string: ''
    headers:
      User-Agent:
      - excon/0.45.1
      Accept-Encoding:
      - gzip
  response:
    status:
      code: 200
      message: 
    headers:
      Content-Length:
      - '331'
      Content-Type:
      - application/json;charset=utf-8
      Date:
      - Mon, 06 Apr 2015 20:12:48 GMT
      Server:
      - nginx
      X-Cf-Requestid:
      - eeb50bbf-4c9b-45b2-5326-68c2832804ea
      X-Content-Type-Options:
      - nosniff
      X-Vcap-Request-Id:
      - 0b402f79-4ece-4e56-545e-518b8b9fd56a::5fe71c8e-f801-497c-9a51-a4c7af9a8908
    body:
      encoding: UTF-8
      string: '{"name":"vcap","build":"2222","support":"http://support.cloudfoundry.com","version":2,"description":"Cloud
        Foundry sponsored by Pivotal","authorization_endpoint":"http://login.10.244.0.34.xip.io","token_endpoint":"https://uaa.10.244.0.34.xip.io","api_version":"2.18.0","logging_endpoint":"wss://loggregator.10.244.0.34.xip.io:443"}'
    http_version: 
  recorded_at: Mon, 06 Apr 2015 20:12:48 GMT
- request:
    method: post
    uri: http://login.10.244.0.34.xip.io/oauth/token?grant_type=password&password=__cf-bosh-local:user__&username=__cf-bosh-local:user__
    body:
      encoding: US-ASCII
      string: ''
    headers:
      User-Agent:
      - excon/0.45.1
      Authorization:
      - __AUTHORIZATION__
      Content-Type:
      - application/x-www-form-urlencoded
      Accept:
      - application/json
  response:
    status:
      code: 200
      message: 
    headers:
      Cache-Control:
      - no-cache, no-store, no-store
      Connection:
      - close
      Content-Length:
      - '1856'
      Content-Type:
      - application/json;charset=UTF-8
      Date:
      - Mon, 06 Apr 2015 20:12:49 GMT
      Expires:
      - Thu, 01 Jan 1970 00:00:00 GMT
      Pragma:
      - no-cache, no-cache
      Server:
      - Apache-Coyote/1.1
      X-Cf-Requestid:
      - 7b5b506e-7f7b-46bf-59c6-0c740a717c47, e1989b00-1bf0-4f85-6363-fa00bf45058f
      X-Frame-Options:
      - DENY
    body:
      encoding: UTF-8
      string: '{"access_token":"__ACCESS_TOKEN__","token_type":"bearer","refresh_token":"__REFRESH_TOKEN__","expires_in":599,"scope":"scim.userids
        cloud_controller.write password.write openid cloud_controller.read","jti":"b91d59c7-3290-4938-818b-66fc0a45b0c7"}'
    http_version: 
  recorded_at: Mon, 06 Apr 2015 20:12:49 GMT
- request:
    method: get
    uri: https://api.10.244.0.34.xip.io/v2/apps?q=name%3Apaasal-test-app-all-updated
    body:
      encoding: US-ASCII
      string: ''
    headers:
      User-Agent:
      - excon/0.45.1
      Authorization:
      - __AUTHORIZATION__
      Basic:
      - Y2Y6
      Content-Type:
      - application/json
      Accept-Encoding:
      - gzip
  response:
    status:
      code: 200
      message: 
    headers:
      Content-Length:
      - '1774'
      Content-Type:
      - application/json;charset=utf-8
      Date:
      - Mon, 06 Apr 2015 20:12:49 GMT
      Server:
      - nginx
      X-Cf-Requestid:
      - bd3fd2ac-f6e0-4198-5624-aafcdd4505f7
      X-Content-Type-Options:
      - nosniff
      X-Vcap-Request-Id:
      - e8e27870-0a09-47ae-7275-29b1e84ba8d4::58508b11-7773-4520-95ca-28222cfdf601
    body:
      encoding: UTF-8
      string: |-
        {
          "total_results": 1,
          "total_pages": 1,
          "prev_url": null,
          "next_url": null,
          "resources": [
            {
              "metadata": {
                "guid": "4260186e-9e44-413e-994e-1897e6d28513",
                "url": "/v2/apps/4260186e-9e44-413e-994e-1897e6d28513",
                "created_at": "2015-04-06T20:10:26+00:00",
                "updated_at": "2015-04-06T20:11:10+00:00"
              },
              "entity": {
                "name": "paasal-test-app-all-updated",
                "production": false,
                "space_guid": "d3483f4f-6706-4fe1-ad90-1bd45d50e940",
                "stack_guid": "b4d24013-b385-4db1-a171-b4e151a87c46",
                "buildpack": "nodejs_buildpack",
                "detected_buildpack": null,
                "environment_json": {
                  "our_test_var_key": "our_updated_test_var_value",
                  "our_test_var_key2": "our_test_var_value2"
                },
                "memory": 256,
                "instances": 1,
                "disk_quota": 1024,
                "state": "STARTED",
                "version": "846b6757-bd7f-401e-9af3-2d0278b62053",
                "command": null,
                "console": false,
                "debug": null,
                "staging_task_id": "9bfd2faca6f948fd8ce149c4a8433ec5",
                "package_state": "STAGED",
                "health_check_timeout": null,
                "staging_failed_reason": null,
                "docker_image": null,
                "package_updated_at": "2015-04-06T20:10:49+00:00",
                "detected_start_command": "node server.js",
                "space_url": "/v2/spaces/d3483f4f-6706-4fe1-ad90-1bd45d50e940",
                "stack_url": "/v2/stacks/b4d24013-b385-4db1-a171-b4e151a87c46",
                "events_url": "/v2/apps/4260186e-9e44-413e-994e-1897e6d28513/events",
                "service_bindings_url": "/v2/apps/4260186e-9e44-413e-994e-1897e6d28513/service_bindings",
                "routes_url": "/v2/apps/4260186e-9e44-413e-994e-1897e6d28513/routes"
              }
            }
          ]
        }
    http_version: 
  recorded_at: Mon, 06 Apr 2015 20:12:49 GMT
- request:
    method: get
    uri: https://api.10.244.0.34.xip.io/v2/apps/4260186e-9e44-413e-994e-1897e6d28513
    body:
      encoding: US-ASCII
      string: ''
    headers:
      User-Agent:
      - excon/0.45.1
      Authorization:
      - __AUTHORIZATION__
      Basic:
      - Y2Y6
      Content-Type:
      - application/json
      Accept-Encoding:
      - gzip
  response:
    status:
      code: 200
      message: 
    headers:
      Content-Length:
      - '1507'
      Content-Type:
      - application/json;charset=utf-8
      Date:
      - Mon, 06 Apr 2015 20:12:49 GMT
      Server:
      - nginx
      X-Cf-Requestid:
      - 66c7203d-0f2c-42b3-6635-c36ecc2290fe
      X-Content-Type-Options:
      - nosniff
      X-Vcap-Request-Id:
      - fd07f79a-3108-4253-6028-effecadaa6a1::16605428-9505-4c55-8bb5-b918bffca791
    body:
      encoding: UTF-8
      string: |-
        {
          "metadata": {
            "guid": "4260186e-9e44-413e-994e-1897e6d28513",
            "url": "/v2/apps/4260186e-9e44-413e-994e-1897e6d28513",
            "created_at": "2015-04-06T20:10:26+00:00",
            "updated_at": "2015-04-06T20:11:10+00:00"
          },
          "entity": {
            "name": "paasal-test-app-all-updated",
            "production": false,
            "space_guid": "d3483f4f-6706-4fe1-ad90-1bd45d50e940",
            "stack_guid": "b4d24013-b385-4db1-a171-b4e151a87c46",
            "buildpack": "nodejs_buildpack",
            "detected_buildpack": null,
            "environment_json": {
              "our_test_var_key": "our_updated_test_var_value",
              "our_test_var_key2": "our_test_var_value2"
            },
            "memory": 256,
            "instances": 1,
            "disk_quota": 1024,
            "state": "STARTED",
            "version": "846b6757-bd7f-401e-9af3-2d0278b62053",
            "command": null,
            "console": false,
            "debug": null,
            "staging_task_id": "9bfd2faca6f948fd8ce149c4a8433ec5",
            "package_state": "STAGED",
            "health_check_timeout": null,
            "staging_failed_reason": null,
            "docker_image": null,
            "package_updated_at": "2015-04-06T20:10:49+00:00",
            "detected_start_command": "node server.js",
            "space_url": "/v2/spaces/d3483f4f-6706-4fe1-ad90-1bd45d50e940",
            "stack_url": "/v2/stacks/b4d24013-b385-4db1-a171-b4e151a87c46",
            "events_url": "/v2/apps/4260186e-9e44-413e-994e-1897e6d28513/events",
            "service_bindings_url": "/v2/apps/4260186e-9e44-413e-994e-1897e6d28513/service_bindings",
            "routes_url": "/v2/apps/4260186e-9e44-413e-994e-1897e6d28513/routes"
          }
        }
    http_version: 
  recorded_at: Mon, 06 Apr 2015 20:12:49 GMT
- request:
    method: get
    uri: https://api.10.244.0.34.xip.io/v2/apps/4260186e-9e44-413e-994e-1897e6d28513/routes
    body:
      encoding: US-ASCII
      string: ''
    headers:
      User-Agent:
      - excon/0.45.1
      Authorization:
      - __AUTHORIZATION__
      Basic:
      - Y2Y6
      Content-Type:
      - application/json
      Accept-Encoding:
      - gzip
  response:
    status:
      code: 200
      message: 
    headers:
      Content-Length:
      - '2056'
      Content-Type:
      - application/json;charset=utf-8
      Date:
      - Mon, 06 Apr 2015 20:12:49 GMT
      Server:
      - nginx
      X-Cf-Requestid:
      - 0815a516-9d80-407f-5b65-9a399884ed69
      X-Content-Type-Options:
      - nosniff
      X-Vcap-Request-Id:
      - fd804279-cf0a-4443-4c3a-64a7063011de::5593a2c4-7516-4df5-acf6-7bb95b38c41e
    body:
      encoding: UTF-8
      string: |-
        {
          "total_results": 3,
          "total_pages": 1,
          "prev_url": null,
          "next_url": null,
          "resources": [
            {
              "metadata": {
                "guid": "88627a1c-38e9-4304-8198-653c45230d00",
                "url": "/v2/routes/88627a1c-38e9-4304-8198-653c45230d00",
                "created_at": "2015-04-06T20:10:26+00:00",
                "updated_at": null
              },
              "entity": {
                "host": "4260186e-9e44-413e-994e-1897e6d28513",
                "domain_guid": "0a7ac015-b059-47d3-b1a2-873a6e370f36",
                "space_guid": "d3483f4f-6706-4fe1-ad90-1bd45d50e940",
                "domain_url": "/v2/domains/0a7ac015-b059-47d3-b1a2-873a6e370f36",
                "space_url": "/v2/spaces/d3483f4f-6706-4fe1-ad90-1bd45d50e940",
                "apps_url": "/v2/routes/88627a1c-38e9-4304-8198-653c45230d00/apps"
              }
            },
            {
              "metadata": {
                "guid": "3454cd3d-280b-436a-ab5b-6e0b773c3817",
                "url": "/v2/routes/3454cd3d-280b-436a-ab5b-6e0b773c3817",
                "created_at": "2015-04-06T20:10:42+00:00",
                "updated_at": null
              },
              "entity": {
                "host": "cf-bosh-local",
                "domain_guid": "a055ee95-7d64-4352-9e5e-7eea55ecf706",
                "space_guid": "d3483f4f-6706-4fe1-ad90-1bd45d50e940",
                "domain_url": "/v2/domains/a055ee95-7d64-4352-9e5e-7eea55ecf706",
                "space_url": "/v2/spaces/d3483f4f-6706-4fe1-ad90-1bd45d50e940",
                "apps_url": "/v2/routes/3454cd3d-280b-436a-ab5b-6e0b773c3817/apps"
              }
            },
            {
              "metadata": {
                "guid": "b3c8b2d4-44de-44ea-ba9c-bffa001c1809",
                "url": "/v2/routes/b3c8b2d4-44de-44ea-ba9c-bffa001c1809",
                "created_at": "2015-04-06T20:10:43+00:00",
                "updated_at": null
              },
              "entity": {
                "host": "",
                "domain_guid": "a055ee95-7d64-4352-9e5e-7eea55ecf706",
                "space_guid": "d3483f4f-6706-4fe1-ad90-1bd45d50e940",
                "domain_url": "/v2/domains/a055ee95-7d64-4352-9e5e-7eea55ecf706",
                "space_url": "/v2/spaces/d3483f4f-6706-4fe1-ad90-1bd45d50e940",
                "apps_url": "/v2/routes/b3c8b2d4-44de-44ea-ba9c-bffa001c1809/apps"
              }
            }
          ]
        }
    http_version: 
  recorded_at: Mon, 06 Apr 2015 20:12:49 GMT
- request:
    method: get
    uri: https://api.10.244.0.34.xip.io/v2/domains/0a7ac015-b059-47d3-b1a2-873a6e370f36
    body:
      encoding: US-ASCII
      string: ''
    headers:
      User-Agent:
      - excon/0.45.1
      Authorization:
      - __AUTHORIZATION__
      Basic:
      - Y2Y6
      Content-Type:
      - application/json
      Accept-Encoding:
      - gzip
  response:
    status:
      code: 200
      message: 
    headers:
      Content-Length:
      - '283'
      Content-Type:
      - application/json;charset=utf-8
      Date:
      - Mon, 06 Apr 2015 20:12:49 GMT
      Server:
      - nginx
      X-Cf-Requestid:
      - ce8b901f-79c0-495d-6a97-c0841ddf3968
      X-Cf-Warnings:
      - Endpoint+deprecated
      X-Content-Type-Options:
      - nosniff
      X-Vcap-Request-Id:
      - 736703f1-5d2f-48a3-696f-3d9d4013e1e5::eaf84a68-a41c-4eef-b443-cda088f3aa9a
    body:
      encoding: UTF-8
      string: |-
        {
          "metadata": {
            "guid": "0a7ac015-b059-47d3-b1a2-873a6e370f36",
            "url": "/v2/domains/0a7ac015-b059-47d3-b1a2-873a6e370f36",
            "created_at": "2014-12-05T16:23:46+00:00",
            "updated_at": "2015-03-19T07:07:29+00:00"
          },
          "entity": {
            "name": "10.244.0.34.xip.io"
          }
        }
    http_version: 
  recorded_at: Mon, 06 Apr 2015 20:12:49 GMT
- request:
    method: get
    uri: https://api.10.244.0.34.xip.io/v2/apps?q=name%3Apaasal-test-app-all-updated
    body:
      encoding: US-ASCII
      string: ''
    headers:
      User-Agent:
      - excon/0.45.1
      Authorization:
      - __AUTHORIZATION__
      Basic:
      - Y2Y6
      Content-Type:
      - application/json
      Accept-Encoding:
      - gzip
  response:
    status:
      code: 200
      message: 
    headers:
      Content-Length:
      - '1774'
      Content-Type:
      - application/json;charset=utf-8
      Date:
      - Mon, 06 Apr 2015 20:12:49 GMT
      Server:
      - nginx
      X-Cf-Requestid:
      - e3330299-257a-46cc-65e3-c9b3e12fb869
      X-Content-Type-Options:
      - nosniff
      X-Vcap-Request-Id:
      - cfc4defa-b103-4d81-693f-218bfa436aec::13426c52-4856-4181-b61b-2cf4d64fcdaf
    body:
      encoding: UTF-8
      string: |-
        {
          "total_results": 1,
          "total_pages": 1,
          "prev_url": null,
          "next_url": null,
          "resources": [
            {
              "metadata": {
                "guid": "4260186e-9e44-413e-994e-1897e6d28513",
                "url": "/v2/apps/4260186e-9e44-413e-994e-1897e6d28513",
                "created_at": "2015-04-06T20:10:26+00:00",
                "updated_at": "2015-04-06T20:11:10+00:00"
              },
              "entity": {
                "name": "paasal-test-app-all-updated",
                "production": false,
                "space_guid": "d3483f4f-6706-4fe1-ad90-1bd45d50e940",
                "stack_guid": "b4d24013-b385-4db1-a171-b4e151a87c46",
                "buildpack": "nodejs_buildpack",
                "detected_buildpack": null,
                "environment_json": {
                  "our_test_var_key": "our_updated_test_var_value",
                  "our_test_var_key2": "our_test_var_value2"
                },
                "memory": 256,
                "instances": 1,
                "disk_quota": 1024,
                "state": "STARTED",
                "version": "846b6757-bd7f-401e-9af3-2d0278b62053",
                "command": null,
                "console": false,
                "debug": null,
                "staging_task_id": "9bfd2faca6f948fd8ce149c4a8433ec5",
                "package_state": "STAGED",
                "health_check_timeout": null,
                "staging_failed_reason": null,
                "docker_image": null,
                "package_updated_at": "2015-04-06T20:10:49+00:00",
                "detected_start_command": "node server.js",
                "space_url": "/v2/spaces/d3483f4f-6706-4fe1-ad90-1bd45d50e940",
                "stack_url": "/v2/stacks/b4d24013-b385-4db1-a171-b4e151a87c46",
                "events_url": "/v2/apps/4260186e-9e44-413e-994e-1897e6d28513/events",
                "service_bindings_url": "/v2/apps/4260186e-9e44-413e-994e-1897e6d28513/service_bindings",
                "routes_url": "/v2/apps/4260186e-9e44-413e-994e-1897e6d28513/routes"
              }
            }
          ]
        }
    http_version: 
  recorded_at: Mon, 06 Apr 2015 20:12:49 GMT
- request:
    method: head
    uri: https://api.10.244.0.34.xip.io/v2/apps/4260186e-9e44-413e-994e-1897e6d28513/download
    body:
      encoding: US-ASCII
      string: ''
    headers:
      User-Agent:
      - excon/0.45.1
      Authorization:
      - __AUTHORIZATION__
      Basic:
      - Y2Y6
      Content-Type:
      - application/json
      Accept-Encoding:
      - gzip
  response:
    status:
      code: 200
      message: 
    headers:
      Accept-Ranges:
      - bytes
      Content-Length:
      - '2156448'
      Content-Type:
      - application/json;charset=utf-8
      Date:
      - Mon, 06 Apr 2015 20:12:49 GMT
      Etag:
      - '"5522e849-20e7a0"'
      Last-Modified:
      - Mon, 06 Apr 2015 20:10:49 GMT
      Server:
      - nginx
      X-Cf-Requestid:
      - 52af946b-c0f2-471f-7db1-719452e43e02
    body:
      encoding: UTF-8
      string: ''
    http_version: 
  recorded_at: Mon, 06 Apr 2015 20:12:49 GMT
- request:
    method: post
    uri: https://api.10.244.0.34.xip.io/v2/apps/4260186e-9e44-413e-994e-1897e6d28513/restage
    body:
      encoding: US-ASCII
      string: ''
    headers:
      User-Agent:
      - excon/0.45.1
      Authorization:
      - __AUTHORIZATION__
      Basic:
      - Y2Y6
      Content-Type:
      - application/json
      Accept-Encoding:
      - gzip
  response:
    status:
      code: 201
      message: 
    headers:
      Content-Length:
      - '1130'
      Content-Type:
      - application/json;charset=utf-8
      Date:
      - Mon, 06 Apr 2015 20:12:50 GMT
      Location:
      - "/v2/apps/4260186e-9e44-413e-994e-1897e6d28513"
      Server:
      - nginx
      X-Cf-Requestid:
      - 5708ed0e-06c2-4493-482d-6550089cb288
      X-Content-Type-Options:
      - nosniff
      X-Vcap-Request-Id:
      - 5949ebb3-d82b-4b43-5b5b-228fad1dec0d::26abf7e9-42a2-4236-80b9-6c91a2c4eea3
    body:
      encoding: UTF-8
      string: |-
        {
          "metadata": {
            "guid": "4260186e-9e44-413e-994e-1897e6d28513",
            "url": "/v2/apps/4260186e-9e44-413e-994e-1897e6d28513",
            "created_at": "2015-04-06T20:10:26+00:00",
            "updated_at": "2015-04-06T20:12:49+00:00"
          },
          "entity": {
            "name": "paasal-test-app-all-updated",
            "production": false,
            "space_guid": "d3483f4f-6706-4fe1-ad90-1bd45d50e940",
            "stack_guid": "b4d24013-b385-4db1-a171-b4e151a87c46",
            "buildpack": "nodejs_buildpack",
            "detected_buildpack": null,
            "environment_json": {
              "our_test_var_key": "our_updated_test_var_value",
              "our_test_var_key2": "our_test_var_value2"
            },
            "memory": 256,
            "instances": 1,
            "disk_quota": 1024,
            "state": "STARTED",
            "version": "2bdd8861-3fcd-4f1e-9f6e-586894b63e26",
            "command": null,
            "console": false,
            "debug": null,
            "staging_task_id": "e88658111b7b472a959f22f6a53c3668",
            "package_state": "PENDING",
            "health_check_timeout": null,
            "staging_failed_reason": null,
            "docker_image": null,
            "package_updated_at": "2015-04-06T20:10:49+00:00",
            "detected_start_command": "node server.js"
          }
        }
    http_version: 
  recorded_at: Mon, 06 Apr 2015 20:12:50 GMT
- request:
    method: get
    uri: https://api.10.244.0.34.xip.io/v2/apps/4260186e-9e44-413e-994e-1897e6d28513/routes
    body:
      encoding: US-ASCII
      string: ''
    headers:
      User-Agent:
      - excon/0.45.1
      Authorization:
      - __AUTHORIZATION__
      Basic:
      - Y2Y6
      Content-Type:
      - application/json
      Accept-Encoding:
      - gzip
  response:
    status:
      code: 200
      message: 
    headers:
      Content-Length:
      - '2056'
      Content-Type:
      - application/json;charset=utf-8
      Date:
      - Mon, 06 Apr 2015 20:12:50 GMT
      Server:
      - nginx
      X-Cf-Requestid:
      - 01f0ab26-584f-4040-43e0-7cbf4bbd6f42
      X-Content-Type-Options:
      - nosniff
      X-Vcap-Request-Id:
      - d9e2fb7e-4d6c-4fd3-5126-ceb850b5a3bc::b9c6269c-2fbe-4968-b354-40fbd31d3df8
    body:
      encoding: UTF-8
      string: |-
        {
          "total_results": 3,
          "total_pages": 1,
          "prev_url": null,
          "next_url": null,
          "resources": [
            {
              "metadata": {
                "guid": "88627a1c-38e9-4304-8198-653c45230d00",
                "url": "/v2/routes/88627a1c-38e9-4304-8198-653c45230d00",
                "created_at": "2015-04-06T20:10:26+00:00",
                "updated_at": null
              },
              "entity": {
                "host": "4260186e-9e44-413e-994e-1897e6d28513",
                "domain_guid": "0a7ac015-b059-47d3-b1a2-873a6e370f36",
                "space_guid": "d3483f4f-6706-4fe1-ad90-1bd45d50e940",
                "domain_url": "/v2/domains/0a7ac015-b059-47d3-b1a2-873a6e370f36",
                "space_url": "/v2/spaces/d3483f4f-6706-4fe1-ad90-1bd45d50e940",
                "apps_url": "/v2/routes/88627a1c-38e9-4304-8198-653c45230d00/apps"
              }
            },
            {
              "metadata": {
                "guid": "3454cd3d-280b-436a-ab5b-6e0b773c3817",
                "url": "/v2/routes/3454cd3d-280b-436a-ab5b-6e0b773c3817",
                "created_at": "2015-04-06T20:10:42+00:00",
                "updated_at": null
              },
              "entity": {
                "host": "cf-bosh-local",
                "domain_guid": "a055ee95-7d64-4352-9e5e-7eea55ecf706",
                "space_guid": "d3483f4f-6706-4fe1-ad90-1bd45d50e940",
                "domain_url": "/v2/domains/a055ee95-7d64-4352-9e5e-7eea55ecf706",
                "space_url": "/v2/spaces/d3483f4f-6706-4fe1-ad90-1bd45d50e940",
                "apps_url": "/v2/routes/3454cd3d-280b-436a-ab5b-6e0b773c3817/apps"
              }
            },
            {
              "metadata": {
                "guid": "b3c8b2d4-44de-44ea-ba9c-bffa001c1809",
                "url": "/v2/routes/b3c8b2d4-44de-44ea-ba9c-bffa001c1809",
                "created_at": "2015-04-06T20:10:43+00:00",
                "updated_at": null
              },
              "entity": {
                "host": "",
                "domain_guid": "a055ee95-7d64-4352-9e5e-7eea55ecf706",
                "space_guid": "d3483f4f-6706-4fe1-ad90-1bd45d50e940",
                "domain_url": "/v2/domains/a055ee95-7d64-4352-9e5e-7eea55ecf706",
                "space_url": "/v2/spaces/d3483f4f-6706-4fe1-ad90-1bd45d50e940",
                "apps_url": "/v2/routes/b3c8b2d4-44de-44ea-ba9c-bffa001c1809/apps"
              }
            }
          ]
        }
    http_version: 
  recorded_at: Mon, 06 Apr 2015 20:12:50 GMT
- request:
    method: get
    uri: https://api.10.244.0.34.xip.io/v2/domains/0a7ac015-b059-47d3-b1a2-873a6e370f36
    body:
      encoding: US-ASCII
      string: ''
    headers:
      User-Agent:
      - excon/0.45.1
      Authorization:
      - __AUTHORIZATION__
      Basic:
      - Y2Y6
      Content-Type:
      - application/json
      Accept-Encoding:
      - gzip
  response:
    status:
      code: 200
      message: 
    headers:
      Content-Length:
      - '283'
      Content-Type:
      - application/json;charset=utf-8
      Date:
      - Mon, 06 Apr 2015 20:12:50 GMT
      Server:
      - nginx
      X-Cf-Requestid:
      - 5d78797e-8e70-467e-7216-2826e4bcae25
      X-Cf-Warnings:
      - Endpoint+deprecated
      X-Content-Type-Options:
      - nosniff
      X-Vcap-Request-Id:
      - 49ce1512-deff-4d57-7a6a-1ed002d66d7f::db512171-78ae-497b-b428-a9c7ce77dd08
    body:
      encoding: UTF-8
      string: |-
        {
          "metadata": {
            "guid": "0a7ac015-b059-47d3-b1a2-873a6e370f36",
            "url": "/v2/domains/0a7ac015-b059-47d3-b1a2-873a6e370f36",
            "created_at": "2014-12-05T16:23:46+00:00",
            "updated_at": "2015-03-19T07:07:29+00:00"
          },
          "entity": {
            "name": "10.244.0.34.xip.io"
          }
        }
    http_version: 
  recorded_at: Mon, 06 Apr 2015 20:12:50 GMT
- request:
    method: get
    uri: https://api.10.244.0.34.xip.io/v2/apps?q=name%3Apaasal-test-app-all-updated
    body:
      encoding: US-ASCII
      string: ''
    headers:
      User-Agent:
      - excon/0.45.1
      Authorization:
      - __AUTHORIZATION__
      Basic:
      - Y2Y6
      Content-Type:
      - application/json
      Accept-Encoding:
      - gzip
  response:
    status:
      code: 200
      message: 
    headers:
      Content-Length:
      - '1775'
      Content-Type:
      - application/json;charset=utf-8
      Date:
      - Mon, 06 Apr 2015 20:12:50 GMT
      Server:
      - nginx
      X-Cf-Requestid:
      - 295c92bb-e549-490e-6a2f-18c5f6026721
      X-Content-Type-Options:
      - nosniff
      X-Vcap-Request-Id:
      - 26224082-de76-432f-6cd6-39df81b724ac::4e6b32da-5baf-450a-9b58-4a46defaf656
    body:
      encoding: UTF-8
      string: |-
        {
          "total_results": 1,
          "total_pages": 1,
          "prev_url": null,
          "next_url": null,
          "resources": [
            {
              "metadata": {
                "guid": "4260186e-9e44-413e-994e-1897e6d28513",
                "url": "/v2/apps/4260186e-9e44-413e-994e-1897e6d28513",
                "created_at": "2015-04-06T20:10:26+00:00",
                "updated_at": "2015-04-06T20:12:49+00:00"
              },
              "entity": {
                "name": "paasal-test-app-all-updated",
                "production": false,
                "space_guid": "d3483f4f-6706-4fe1-ad90-1bd45d50e940",
                "stack_guid": "b4d24013-b385-4db1-a171-b4e151a87c46",
                "buildpack": "nodejs_buildpack",
                "detected_buildpack": null,
                "environment_json": {
                  "our_test_var_key": "our_updated_test_var_value",
                  "our_test_var_key2": "our_test_var_value2"
                },
                "memory": 256,
                "instances": 1,
                "disk_quota": 1024,
                "state": "STARTED",
                "version": "2bdd8861-3fcd-4f1e-9f6e-586894b63e26",
                "command": null,
                "console": false,
                "debug": null,
                "staging_task_id": "e88658111b7b472a959f22f6a53c3668",
                "package_state": "PENDING",
                "health_check_timeout": null,
                "staging_failed_reason": null,
                "docker_image": null,
                "package_updated_at": "2015-04-06T20:10:49+00:00",
                "detected_start_command": "node server.js",
                "space_url": "/v2/spaces/d3483f4f-6706-4fe1-ad90-1bd45d50e940",
                "stack_url": "/v2/stacks/b4d24013-b385-4db1-a171-b4e151a87c46",
                "events_url": "/v2/apps/4260186e-9e44-413e-994e-1897e6d28513/events",
                "service_bindings_url": "/v2/apps/4260186e-9e44-413e-994e-1897e6d28513/service_bindings",
                "routes_url": "/v2/apps/4260186e-9e44-413e-994e-1897e6d28513/routes"
              }
            }
          ]
        }
    http_version: 
  recorded_at: Mon, 06 Apr 2015 20:12:50 GMT
- request:
    method: get
    uri: https://api.10.244.0.34.xip.io/v2/apps/4260186e-9e44-413e-994e-1897e6d28513
    body:
      encoding: US-ASCII
      string: ''
    headers:
      User-Agent:
      - excon/0.45.1
      Authorization:
      - __AUTHORIZATION__
      Basic:
      - Y2Y6
      Content-Type:
      - application/json
      Accept-Encoding:
      - gzip
  response:
    status:
      code: 200
      message: 
    headers:
      Content-Length:
      - '1508'
      Content-Type:
      - application/json;charset=utf-8
      Date:
      - Mon, 06 Apr 2015 20:12:50 GMT
      Server:
      - nginx
      X-Cf-Requestid:
      - eacaa961-09d7-45d9-5b7f-4f20967c14dd
      X-Content-Type-Options:
      - nosniff
      X-Vcap-Request-Id:
      - 6a775789-77fc-4d82-7a83-566832bb76bc::bd30ac4f-0281-4dca-9d09-cbb6f15f5779
    body:
      encoding: UTF-8
      string: |-
        {
          "metadata": {
            "guid": "4260186e-9e44-413e-994e-1897e6d28513",
            "url": "/v2/apps/4260186e-9e44-413e-994e-1897e6d28513",
            "created_at": "2015-04-06T20:10:26+00:00",
            "updated_at": "2015-04-06T20:12:49+00:00"
          },
          "entity": {
            "name": "paasal-test-app-all-updated",
            "production": false,
            "space_guid": "d3483f4f-6706-4fe1-ad90-1bd45d50e940",
            "stack_guid": "b4d24013-b385-4db1-a171-b4e151a87c46",
            "buildpack": "nodejs_buildpack",
            "detected_buildpack": null,
            "environment_json": {
              "our_test_var_key": "our_updated_test_var_value",
              "our_test_var_key2": "our_test_var_value2"
            },
            "memory": 256,
            "instances": 1,
            "disk_quota": 1024,
            "state": "STARTED",
            "version": "2bdd8861-3fcd-4f1e-9f6e-586894b63e26",
            "command": null,
            "console": false,
            "debug": null,
            "staging_task_id": "e88658111b7b472a959f22f6a53c3668",
            "package_state": "PENDING",
            "health_check_timeout": null,
            "staging_failed_reason": null,
            "docker_image": null,
            "package_updated_at": "2015-04-06T20:10:49+00:00",
            "detected_start_command": "node server.js",
            "space_url": "/v2/spaces/d3483f4f-6706-4fe1-ad90-1bd45d50e940",
            "stack_url": "/v2/stacks/b4d24013-b385-4db1-a171-b4e151a87c46",
            "events_url": "/v2/apps/4260186e-9e44-413e-994e-1897e6d28513/events",
            "service_bindings_url": "/v2/apps/4260186e-9e44-413e-994e-1897e6d28513/service_bindings",
            "routes_url": "/v2/apps/4260186e-9e44-413e-994e-1897e6d28513/routes"
          }
        }
    http_version: 
  recorded_at: Mon, 06 Apr 2015 20:12:50 GMT
- request:
    method: get
    uri: https://api.10.244.0.34.xip.io/v2/apps/4260186e-9e44-413e-994e-1897e6d28513/routes
    body:
      encoding: US-ASCII
      string: ''
    headers:
      User-Agent:
      - excon/0.45.1
      Authorization:
      - __AUTHORIZATION__
      Basic:
      - Y2Y6
      Content-Type:
      - application/json
      Accept-Encoding:
      - gzip
  response:
    status:
      code: 200
      message: 
    headers:
      Content-Length:
      - '2056'
      Content-Type:
      - application/json;charset=utf-8
      Date:
      - Mon, 06 Apr 2015 20:12:50 GMT
      Server:
      - nginx
      X-Cf-Requestid:
      - 65056e68-af99-4037-4acf-0394f102057e
      X-Content-Type-Options:
      - nosniff
      X-Vcap-Request-Id:
      - 6ea4c9fd-0b16-4127-6b9e-43123e0ad451::544f85ea-c23a-454e-9c82-07c646a88744
    body:
      encoding: UTF-8
      string: |-
        {
          "total_results": 3,
          "total_pages": 1,
          "prev_url": null,
          "next_url": null,
          "resources": [
            {
              "metadata": {
                "guid": "88627a1c-38e9-4304-8198-653c45230d00",
                "url": "/v2/routes/88627a1c-38e9-4304-8198-653c45230d00",
                "created_at": "2015-04-06T20:10:26+00:00",
                "updated_at": null
              },
              "entity": {
                "host": "4260186e-9e44-413e-994e-1897e6d28513",
                "domain_guid": "0a7ac015-b059-47d3-b1a2-873a6e370f36",
                "space_guid": "d3483f4f-6706-4fe1-ad90-1bd45d50e940",
                "domain_url": "/v2/domains/0a7ac015-b059-47d3-b1a2-873a6e370f36",
                "space_url": "/v2/spaces/d3483f4f-6706-4fe1-ad90-1bd45d50e940",
                "apps_url": "/v2/routes/88627a1c-38e9-4304-8198-653c45230d00/apps"
              }
            },
            {
              "metadata": {
                "guid": "3454cd3d-280b-436a-ab5b-6e0b773c3817",
                "url": "/v2/routes/3454cd3d-280b-436a-ab5b-6e0b773c3817",
                "created_at": "2015-04-06T20:10:42+00:00",
                "updated_at": null
              },
              "entity": {
                "host": "cf-bosh-local",
                "domain_guid": "a055ee95-7d64-4352-9e5e-7eea55ecf706",
                "space_guid": "d3483f4f-6706-4fe1-ad90-1bd45d50e940",
                "domain_url": "/v2/domains/a055ee95-7d64-4352-9e5e-7eea55ecf706",
                "space_url": "/v2/spaces/d3483f4f-6706-4fe1-ad90-1bd45d50e940",
                "apps_url": "/v2/routes/3454cd3d-280b-436a-ab5b-6e0b773c3817/apps"
              }
            },
            {
              "metadata": {
                "guid": "b3c8b2d4-44de-44ea-ba9c-bffa001c1809",
                "url": "/v2/routes/b3c8b2d4-44de-44ea-ba9c-bffa001c1809",
                "created_at": "2015-04-06T20:10:43+00:00",
                "updated_at": null
              },
              "entity": {
                "host": "",
                "domain_guid": "a055ee95-7d64-4352-9e5e-7eea55ecf706",
                "space_guid": "d3483f4f-6706-4fe1-ad90-1bd45d50e940",
                "domain_url": "/v2/domains/a055ee95-7d64-4352-9e5e-7eea55ecf706",
                "space_url": "/v2/spaces/d3483f4f-6706-4fe1-ad90-1bd45d50e940",
                "apps_url": "/v2/routes/b3c8b2d4-44de-44ea-ba9c-bffa001c1809/apps"
              }
            }
          ]
        }
    http_version: 
  recorded_at: Mon, 06 Apr 2015 20:12:50 GMT
- request:
    method: get
    uri: https://api.10.244.0.34.xip.io/v2/domains/0a7ac015-b059-47d3-b1a2-873a6e370f36
    body:
      encoding: US-ASCII
      string: ''
    headers:
      User-Agent:
      - excon/0.45.1
      Authorization:
      - __AUTHORIZATION__
      Basic:
      - Y2Y6
      Content-Type:
      - application/json
      Accept-Encoding:
      - gzip
  response:
    status:
      code: 200
      message: 
    headers:
      Content-Length:
      - '283'
      Content-Type:
      - application/json;charset=utf-8
      Date:
      - Mon, 06 Apr 2015 20:12:50 GMT
      Server:
      - nginx
      X-Cf-Requestid:
      - 754fc8e7-bb30-499f-79ad-ae2cce45035e
      X-Cf-Warnings:
      - Endpoint+deprecated
      X-Content-Type-Options:
      - nosniff
      X-Vcap-Request-Id:
      - d05f91af-b681-46d0-6784-c8312b0f2586::ffb7b7aa-154b-4f54-a3df-2116e840c773
    body:
      encoding: UTF-8
      string: |-
        {
          "metadata": {
            "guid": "0a7ac015-b059-47d3-b1a2-873a6e370f36",
            "url": "/v2/domains/0a7ac015-b059-47d3-b1a2-873a6e370f36",
            "created_at": "2014-12-05T16:23:46+00:00",
            "updated_at": "2015-03-19T07:07:29+00:00"
          },
          "entity": {
            "name": "10.244.0.34.xip.io"
          }
        }
    http_version: 
  recorded_at: Mon, 06 Apr 2015 20:12:50 GMT
recorded_with: VCR 2.9.3
