---
http_interactions:
- request:
    method: post
    uri: https://api.heroku.com/login?username=__heroku:user__&password=__heroku:password__
    body:
      encoding: US-ASCII
      string: ''
    headers:
      User-Agent:
      - excon/0.44.4
  response:
    status:
      code: 200
      message: 
    headers:
      Content-Type:
      - application/json
      Date:
      - Wed, 25 Mar 2015 16:50:43 GMT
      Request-Id:
      - f4ed10f7-c24b-4ca2-9f69-656f2e109b8f
      Server:
      - nginx/1.4.6 (Ubuntu)
      Status:
      - 200 OK
      Vary:
      - Accept-Encoding
      X-Content-Type-Options:
      - nosniff
      X-Runtime:
      - '0.139791302'
      Content-Length:
      - '378'
      Connection:
      - keep-alive
    body:
      encoding: US-ASCII
      string: ! '{"allow_tracking":true,"api_key":"__API_KEY__","beta":null,"confirmed":true,"confirmed_at":"2014/11/18
        01:37:21 -0800","created_at":"2014/11/18 01:37:21 -0800","id":"__USER_ID__@users.heroku.com","email":"__heroku:user__","last_login":"2014/11/25
        00:52:59 -0800","name":" ","updated_at":"2015/03/25 09:38:03 -0700","verified":false,"verified_at":null}'
    http_version: 
  recorded_at: Wed, 25 Mar 2015 16:50:43 GMT
- request:
    method: get
    uri: https://api.heroku.com/apps/paasal-test-app-all-updated/config-vars
    body:
      encoding: US-ASCII
      string: ''
    headers:
      User-Agent:
      - excon/0.44.4
      Authorization:
      - __AUTHORIZATION__
      Accept:
      - application/vnd.heroku+json; version=3
      Content-Type:
      - application/json
      Accept-Encoding:
      - gzip
  response:
    status:
      code: 200
      message: 
    headers:
      Content-Encoding:
      - ''
      Content-Type:
      - application/json
      Date:
      - Wed, 25 Mar 2015 16:50:43 GMT
      ETag:
      - ! '"ee6fe87150d52a6a512c668f89b19b9e"'
      Last-Modified:
      - Wed, 25 Mar 2015 16:50:41 GMT
      Oauth-Scope:
      - global
      Oauth-Scope-Accepted:
      - global read-protected write-protected
      RateLimit-Remaining:
      - '2302'
      Request-Id:
      - fe909a8a-9987-4ded-8430-6eacdc638064
      Server:
      - nginx/1.4.6 (Ubuntu)
      Status:
      - 200 OK
      Vary:
      - Accept-Encoding
      X-Content-Type-Options:
      - nosniff
      X-Runtime:
      - '0.035927206'
      Content-Length:
      - '55'
      Connection:
      - keep-alive
    body:
      encoding: UTF-8
      string: ! '{"our_test_var_key":"our_test_var_value"}'
    http_version: 
  recorded_at: Wed, 25 Mar 2015 16:50:43 GMT
- request:
    method: patch
    uri: https://api.heroku.com/apps/paasal-test-app-all-updated/config-vars
    body:
      encoding: UTF-8
      string: ! '{"our_test_var_key2":"our_test_var_value2"}'
    headers:
      User-Agent:
      - excon/0.44.4
      Authorization:
      - __AUTHORIZATION__
      Accept:
      - application/vnd.heroku+json; version=3
      Content-Type:
      - application/json
      Accept-Encoding:
      - gzip
  response:
    status:
      code: 200
      message: 
    headers:
      Content-Encoding:
      - ''
      Content-Type:
      - application/json
      Date:
      - Wed, 25 Mar 2015 16:50:44 GMT
      ETag:
      - ! '"ee6fe87150d52a6a512c668f89b19b9e"'
      Last-Modified:
      - Wed, 25 Mar 2015 16:50:41 GMT
      Oauth-Scope:
      - global
      Oauth-Scope-Accepted:
      - global write-protected
      RateLimit-Remaining:
      - '2301'
      Request-Id:
      - 9958998f-c74f-4211-8714-fce630231fb8
      Server:
      - nginx/1.4.6 (Ubuntu)
      Status:
      - 200 OK
      Vary:
      - Accept-Encoding
      X-Content-Type-Options:
      - nosniff
      X-Runtime:
      - '0.080576423'
      Content-Length:
      - '63'
      Connection:
      - keep-alive
    body:
      encoding: UTF-8
      string: ! '{"our_test_var_key":"our_test_var_value","our_test_var_key2":"our_test_var_value2"}'
    http_version: 
  recorded_at: Wed, 25 Mar 2015 16:50:44 GMT
recorded_with: VCR 2.9.3
