---
http_interactions:
- request:
    method: get
    uri: https://api.10.244.0.34.xip.io/v2/info
    body:
      encoding: US-ASCII
      string: ''
    headers:
      User-Agent:
      - excon/0.44.4
      Accept-Encoding:
      - gzip
  response:
    status:
      code: 200
      message: 
    headers:
      Content-Length:
      - '331'
      Content-Type:
      - application/json;charset=utf-8
      Date:
      - Thu, 19 Mar 2015 16:33:03 GMT
      Server:
      - nginx
      X-Cf-Requestid:
      - da06659c-5bce-4ff4-4372-d71e0b97ecbc
      X-Content-Type-Options:
      - nosniff
      X-Vcap-Request-Id:
      - b5409e9e-6369-44af-5a20-161c145b6586::b2025742-08a9-4f7f-9c91-8f740fce2bf3
    body:
      encoding: UTF-8
      string: '{"name":"vcap","build":"2222","support":"http://support.cloudfoundry.com","version":2,"description":"Cloud
        Foundry sponsored by Pivotal","authorization_endpoint":"http://login.10.244.0.34.xip.io","token_endpoint":"https://uaa.10.244.0.34.xip.io","api_version":"2.18.0","logging_endpoint":"wss://loggregator.10.244.0.34.xip.io:443"}'
    http_version: 
  recorded_at: Thu, 19 Mar 2015 16:33:03 GMT
- request:
    method: post
    uri: http://login.10.244.0.34.xip.io/oauth/token?grant_type=password&password=__cf-bosh-local:user__&username=__cf-bosh-local:user__
    body:
      encoding: US-ASCII
      string: ''
    headers:
      User-Agent:
      - excon/0.44.4
      Authorization:
      - __AUTHORIZATION__
      Content-Type:
      - application/x-www-form-urlencoded
      Accept:
      - application/json
  response:
    status:
      code: 200
      message: 
    headers:
      Cache-Control:
      - no-cache, no-store, no-store
      Connection:
      - close
      Content-Length:
      - '1856'
      Content-Type:
      - application/json;charset=UTF-8
      Date:
      - Thu, 19 Mar 2015 16:33:04 GMT
      Expires:
      - Thu, 01 Jan 1970 00:00:00 GMT
      Pragma:
      - no-cache, no-cache
      Server:
      - Apache-Coyote/1.1
      X-Cf-Requestid:
      - d44ee0b8-f4c0-4c19-6157-c96886a0ba3e, 3a068175-2951-44b0-5204-70129bf2416f
      X-Frame-Options:
      - DENY
    body:
      encoding: UTF-8
      string: '{"access_token":"__ACCESS_TOKEN__","token_type":"bearer","refresh_token":"__REFRESH_TOKEN__","expires_in":599,"scope":"scim.userids
        cloud_controller.write password.write openid cloud_controller.read","jti":"bbf98514-18b2-4fc9-baf2-09f06693fb26"}'
    http_version: 
  recorded_at: Thu, 19 Mar 2015 16:33:04 GMT
- request:
    method: get
    uri: https://api.10.244.0.34.xip.io/v2/spaces
    body:
      encoding: US-ASCII
      string: ''
    headers:
      User-Agent:
      - excon/0.44.4
      Authorization:
      - __AUTHORIZATION__
      Basic:
      - Y2Y6
      Content-Type:
      - application/json
      Accept-Encoding:
      - gzip
  response:
    status:
      code: 200
      message: 
    headers:
      Content-Length:
      - '1465'
      Content-Type:
      - application/json;charset=utf-8
      Date:
      - Thu, 19 Mar 2015 16:33:04 GMT
      Server:
      - nginx
      X-Cf-Requestid:
      - ecf12634-36f1-4cb2-41a0-7269438440c1
      X-Content-Type-Options:
      - nosniff
      X-Vcap-Request-Id:
      - 2923d40f-76d6-42ae-6c40-d355e864e218::a948f837-2e22-452b-a29f-02aa2c22dc5e
    body:
      encoding: UTF-8
      string: |-
        {
          "total_results": 1,
          "total_pages": 1,
          "prev_url": null,
          "next_url": null,
          "resources": [
            {
              "metadata": {
                "guid": "d3483f4f-6706-4fe1-ad90-1bd45d50e940",
                "url": "/v2/spaces/d3483f4f-6706-4fe1-ad90-1bd45d50e940",
                "created_at": "2015-03-19T07:21:47+00:00",
                "updated_at": null
              },
              "entity": {
                "name": "development",
                "organization_guid": "d94caddf-45be-4c92-bb2d-62d3a65cbec0",
                "space_quota_definition_guid": null,
                "organization_url": "/v2/organizations/d94caddf-45be-4c92-bb2d-62d3a65cbec0",
                "developers_url": "/v2/spaces/d3483f4f-6706-4fe1-ad90-1bd45d50e940/developers",
                "managers_url": "/v2/spaces/d3483f4f-6706-4fe1-ad90-1bd45d50e940/managers",
                "auditors_url": "/v2/spaces/d3483f4f-6706-4fe1-ad90-1bd45d50e940/auditors",
                "apps_url": "/v2/spaces/d3483f4f-6706-4fe1-ad90-1bd45d50e940/apps",
                "routes_url": "/v2/spaces/d3483f4f-6706-4fe1-ad90-1bd45d50e940/routes",
                "domains_url": "/v2/spaces/d3483f4f-6706-4fe1-ad90-1bd45d50e940/domains",
                "service_instances_url": "/v2/spaces/d3483f4f-6706-4fe1-ad90-1bd45d50e940/service_instances",
                "app_events_url": "/v2/spaces/d3483f4f-6706-4fe1-ad90-1bd45d50e940/app_events",
                "events_url": "/v2/spaces/d3483f4f-6706-4fe1-ad90-1bd45d50e940/events",
                "security_groups_url": "/v2/spaces/d3483f4f-6706-4fe1-ad90-1bd45d50e940/security_groups"
              }
            }
          ]
        }
    http_version: 
  recorded_at: Thu, 19 Mar 2015 16:33:04 GMT
- request:
    method: post
    uri: https://api.10.244.0.34.xip.io/v2/apps
    body:
      encoding: UTF-8
      string: '{"space_guid":"d3483f4f-6706-4fe1-ad90-1bd45d50e940","name":"paasal_test_create_with_invalid_runtime_name","buildpack":"youdontknowmert"}'
    headers:
      User-Agent:
      - excon/0.44.4
      Authorization:
      - __AUTHORIZATION__
      Basic:
      - Y2Y6
      Content-Type:
      - application/json
      Accept-Encoding:
      - gzip
  response:
    status:
      code: 400
      message: 
    headers:
      Content-Length:
      - '170'
      Content-Type:
      - application/json;charset=utf-8
      Date:
      - Thu, 19 Mar 2015 16:33:04 GMT
      Server:
      - nginx
      X-Cf-Requestid:
      - 3c093e9f-50b5-4652-51e3-0341fddfade1
      X-Content-Type-Options:
      - nosniff
      X-Vcap-Request-Id:
      - c0d7d1a2-a157-4f84-5d36-3990468c5938::3275deb0-1bec-4d43-9ce2-bef0c39dd068
    body:
      encoding: UTF-8
      string: |
        {
          "code": 100001,
          "description": "The app is invalid: buildpack youdontknowmert is not valid public url or a known buildpack name",
          "error_code": "CF-AppInvalid"
        }
    http_version: 
  recorded_at: Thu, 19 Mar 2015 16:33:04 GMT
recorded_with: VCR 2.9.3
