---
http_interactions:
- request:
    method: get
    uri: https://api.10.244.0.34.xip.io/v2/info
    body:
      encoding: US-ASCII
      string: ''
    headers:
      User-Agent:
      - excon/0.45.1
      Accept-Encoding:
      - gzip
  response:
    status:
      code: 200
      message: 
    headers:
      Content-Length:
      - '331'
      Content-Type:
      - application/json;charset=utf-8
      Date:
      - Wed, 08 Apr 2015 15:37:46 GMT
      Server:
      - nginx
      X-Cf-Requestid:
      - 0021ca97-3804-466e-5176-32f30da41a2c
      X-Content-Type-Options:
      - nosniff
      X-Vcap-Request-Id:
      - 70c5c971-45d6-4dd8-6335-bad10f03736c::331008e1-a03f-4f0d-8dcf-8f8c448cfc34
    body:
      encoding: UTF-8
      string: '{"name":"vcap","build":"2222","support":"http://support.cloudfoundry.com","version":2,"description":"Cloud
        Foundry sponsored by Pivotal","authorization_endpoint":"http://login.10.244.0.34.xip.io","token_endpoint":"https://uaa.10.244.0.34.xip.io","api_version":"2.18.0","logging_endpoint":"wss://loggregator.10.244.0.34.xip.io:443"}'
    http_version: 
  recorded_at: Wed, 08 Apr 2015 15:37:46 GMT
- request:
    method: post
    uri: http://login.10.244.0.34.xip.io/oauth/token?grant_type=password&password=__cf-bosh-local:user__&username=__cf-bosh-local:user__
    body:
      encoding: US-ASCII
      string: ''
    headers:
      User-Agent:
      - excon/0.45.1
      Authorization:
      - __AUTHORIZATION__
      Content-Type:
      - application/x-www-form-urlencoded
      Accept:
      - application/json
  response:
    status:
      code: 200
      message: 
    headers:
      Cache-Control:
      - no-cache, no-store, no-store
      Connection:
      - close
      Content-Length:
      - '1856'
      Content-Type:
      - application/json;charset=UTF-8
      Date:
      - Wed, 08 Apr 2015 15:37:46 GMT
      Expires:
      - Thu, 01 Jan 1970 00:00:00 GMT
      Pragma:
      - no-cache, no-cache
      Server:
      - Apache-Coyote/1.1
      X-Cf-Requestid:
      - 6feb4f70-24be-42b8-6c5f-d53f9cbff60a, ccef41e9-8f9f-4fa1-7ecf-e346cb70dd9f
      X-Frame-Options:
      - DENY
    body:
      encoding: UTF-8
      string: '{"access_token":"__ACCESS_TOKEN__","token_type":"bearer","refresh_token":"__REFRESH_TOKEN__","expires_in":599,"scope":"scim.userids
        cloud_controller.write password.write openid cloud_controller.read","jti":"b6f4a072-01c4-422d-bbb5-974ea8d730ac"}'
    http_version: 
  recorded_at: Wed, 08 Apr 2015 15:37:46 GMT
- request:
    method: get
    uri: https://api.10.244.0.34.xip.io/v2/apps?q=name%3Apaasal-test-app-all-updated
    body:
      encoding: US-ASCII
      string: ''
    headers:
      User-Agent:
      - excon/0.45.1
      Authorization:
      - __AUTHORIZATION__
      Basic:
      - Y2Y6
      Content-Type:
      - application/json
      Accept-Encoding:
      - gzip
  response:
    status:
      code: 200
      message: 
    headers:
      Content-Length:
      - '1708'
      Content-Type:
      - application/json;charset=utf-8
      Date:
      - Wed, 08 Apr 2015 15:37:46 GMT
      Server:
      - nginx
      X-Cf-Requestid:
      - 0c6eadc9-8446-4375-6650-8a08664608b6
      X-Content-Type-Options:
      - nosniff
      X-Vcap-Request-Id:
      - 2aff52ff-4b6a-4af4-46f2-12af650e12bb::29cbb369-75ed-4833-8b57-5ea207691747
    body:
      encoding: UTF-8
      string: |-
        {
          "total_results": 1,
          "total_pages": 1,
          "prev_url": null,
          "next_url": null,
          "resources": [
            {
              "metadata": {
                "guid": "277a3488-6b05-4331-83ff-45f182929977",
                "url": "/v2/apps/277a3488-6b05-4331-83ff-45f182929977",
                "created_at": "2015-04-08T15:37:26+00:00",
                "updated_at": "2015-04-08T15:37:45+00:00"
              },
              "entity": {
                "name": "paasal-test-app-all-updated",
                "production": false,
                "space_guid": "d3483f4f-6706-4fe1-ad90-1bd45d50e940",
                "stack_guid": "b4d24013-b385-4db1-a171-b4e151a87c46",
                "buildpack": "nodejs_buildpack",
                "detected_buildpack": null,
                "environment_json": {
                  "our_test_var_key": "our_updated_test_var_value",
                  "our_test_var_key2": "our_test_var_value2"
                },
                "memory": 256,
                "instances": 1,
                "disk_quota": 1024,
                "state": "STOPPED",
                "version": "f10fe2a1-ca7d-405d-a5de-680aa5186d33",
                "command": null,
                "console": false,
                "debug": null,
                "staging_task_id": null,
                "package_state": "PENDING",
                "health_check_timeout": null,
                "staging_failed_reason": null,
                "docker_image": null,
                "package_updated_at": null,
                "detected_start_command": "",
                "space_url": "/v2/spaces/d3483f4f-6706-4fe1-ad90-1bd45d50e940",
                "stack_url": "/v2/stacks/b4d24013-b385-4db1-a171-b4e151a87c46",
                "events_url": "/v2/apps/277a3488-6b05-4331-83ff-45f182929977/events",
                "service_bindings_url": "/v2/apps/277a3488-6b05-4331-83ff-45f182929977/service_bindings",
                "routes_url": "/v2/apps/277a3488-6b05-4331-83ff-45f182929977/routes"
              }
            }
          ]
        }
    http_version: 
  recorded_at: Wed, 08 Apr 2015 15:37:46 GMT
- request:
    method: get
    uri: https://api.10.244.0.34.xip.io/v2/apps/277a3488-6b05-4331-83ff-45f182929977/routes
    body:
      encoding: US-ASCII
      string: ''
    headers:
      User-Agent:
      - excon/0.45.1
      Authorization:
      - __AUTHORIZATION__
      Basic:
      - Y2Y6
      Content-Type:
      - application/json
      Accept-Encoding:
      - gzip
  response:
    status:
      code: 200
      message: 
    headers:
      Content-Length:
      - '2056'
      Content-Type:
      - application/json;charset=utf-8
      Date:
      - Wed, 08 Apr 2015 15:37:46 GMT
      Server:
      - nginx
      X-Cf-Requestid:
      - 1f360b3f-db6b-4b57-6af0-99d5e519b194
      X-Content-Type-Options:
      - nosniff
      X-Vcap-Request-Id:
      - 1a81d8ee-08f8-4be2-5326-598c5cc2d414::3f0db5ab-5220-4962-a394-f95474789254
    body:
      encoding: UTF-8
      string: |-
        {
          "total_results": 3,
          "total_pages": 1,
          "prev_url": null,
          "next_url": null,
          "resources": [
            {
              "metadata": {
                "guid": "1d2eed43-9771-4b03-9232-852a838fd9d7",
                "url": "/v2/routes/1d2eed43-9771-4b03-9232-852a838fd9d7",
                "created_at": "2015-04-08T15:37:26+00:00",
                "updated_at": null
              },
              "entity": {
                "host": "277a3488-6b05-4331-83ff-45f182929977",
                "domain_guid": "0a7ac015-b059-47d3-b1a2-873a6e370f36",
                "space_guid": "d3483f4f-6706-4fe1-ad90-1bd45d50e940",
                "domain_url": "/v2/domains/0a7ac015-b059-47d3-b1a2-873a6e370f36",
                "space_url": "/v2/spaces/d3483f4f-6706-4fe1-ad90-1bd45d50e940",
                "apps_url": "/v2/routes/1d2eed43-9771-4b03-9232-852a838fd9d7/apps"
              }
            },
            {
              "metadata": {
                "guid": "2333e444-16f3-49e4-920f-d3ba17eb8111",
                "url": "/v2/routes/2333e444-16f3-49e4-920f-d3ba17eb8111",
                "created_at": "2015-04-08T15:37:44+00:00",
                "updated_at": null
              },
              "entity": {
                "host": "cf-bosh-local",
                "domain_guid": "a055ee95-7d64-4352-9e5e-7eea55ecf706",
                "space_guid": "d3483f4f-6706-4fe1-ad90-1bd45d50e940",
                "domain_url": "/v2/domains/a055ee95-7d64-4352-9e5e-7eea55ecf706",
                "space_url": "/v2/spaces/d3483f4f-6706-4fe1-ad90-1bd45d50e940",
                "apps_url": "/v2/routes/2333e444-16f3-49e4-920f-d3ba17eb8111/apps"
              }
            },
            {
              "metadata": {
                "guid": "5feb3018-7787-4472-a66e-26fe4aaebc29",
                "url": "/v2/routes/5feb3018-7787-4472-a66e-26fe4aaebc29",
                "created_at": "2015-04-08T15:37:45+00:00",
                "updated_at": null
              },
              "entity": {
                "host": "",
                "domain_guid": "a055ee95-7d64-4352-9e5e-7eea55ecf706",
                "space_guid": "d3483f4f-6706-4fe1-ad90-1bd45d50e940",
                "domain_url": "/v2/domains/a055ee95-7d64-4352-9e5e-7eea55ecf706",
                "space_url": "/v2/spaces/d3483f4f-6706-4fe1-ad90-1bd45d50e940",
                "apps_url": "/v2/routes/5feb3018-7787-4472-a66e-26fe4aaebc29/apps"
              }
            }
          ]
        }
    http_version: 
  recorded_at: Wed, 08 Apr 2015 15:37:46 GMT
- request:
    method: get
    uri: https://api.10.244.0.34.xip.io/v2/domains/0a7ac015-b059-47d3-b1a2-873a6e370f36
    body:
      encoding: US-ASCII
      string: ''
    headers:
      User-Agent:
      - excon/0.45.1
      Authorization:
      - __AUTHORIZATION__
      Basic:
      - Y2Y6
      Content-Type:
      - application/json
      Accept-Encoding:
      - gzip
  response:
    status:
      code: 200
      message: 
    headers:
      Content-Length:
      - '283'
      Content-Type:
      - application/json;charset=utf-8
      Date:
      - Wed, 08 Apr 2015 15:37:46 GMT
      Server:
      - nginx
      X-Cf-Requestid:
      - f9de5282-870a-4a02-501e-360de8b1fe9c
      X-Cf-Warnings:
      - Endpoint+deprecated
      X-Content-Type-Options:
      - nosniff
      X-Vcap-Request-Id:
      - 8e2670b6-93ac-44d5-6249-e2b634c86f27::de851249-afb3-4feb-964b-8b8c42b2352b
    body:
      encoding: UTF-8
      string: |-
        {
          "metadata": {
            "guid": "0a7ac015-b059-47d3-b1a2-873a6e370f36",
            "url": "/v2/domains/0a7ac015-b059-47d3-b1a2-873a6e370f36",
            "created_at": "2014-12-05T16:23:46+00:00",
            "updated_at": "2015-03-19T07:07:29+00:00"
          },
          "entity": {
            "name": "10.244.0.34.xip.io"
          }
        }
    http_version: 
  recorded_at: Wed, 08 Apr 2015 15:37:46 GMT
- request:
    method: get
    uri: https://api.10.244.0.34.xip.io/v2/domains/a055ee95-7d64-4352-9e5e-7eea55ecf706
    body:
      encoding: US-ASCII
      string: ''
    headers:
      User-Agent:
      - excon/0.45.1
      Authorization:
      - __AUTHORIZATION__
      Basic:
      - Y2Y6
      Content-Type:
      - application/json
      Accept-Encoding:
      - gzip
  response:
    status:
      code: 200
      message: 
    headers:
      Content-Length:
      - '525'
      Content-Type:
      - application/json;charset=utf-8
      Date:
      - Wed, 08 Apr 2015 15:37:46 GMT
      Server:
      - nginx
      X-Cf-Requestid:
      - ccb4dbb9-6cf1-4e6c-7226-3a1c2a5ecd44
      X-Cf-Warnings:
      - Endpoint+deprecated
      X-Content-Type-Options:
      - nosniff
      X-Vcap-Request-Id:
      - 2bee792e-6ced-420e-541b-32ac9d4fd0b1::862d2c1f-3f58-459d-9031-ac290a4680a4
    body:
      encoding: UTF-8
      string: |-
        {
          "metadata": {
            "guid": "a055ee95-7d64-4352-9e5e-7eea55ecf706",
            "url": "/v2/domains/a055ee95-7d64-4352-9e5e-7eea55ecf706",
            "created_at": "2015-03-25T16:22:57+00:00",
            "updated_at": null
          },
          "entity": {
            "name": "adomainthatishopefullynotusedontheplatform.de",
            "owning_organization_guid": "d94caddf-45be-4c92-bb2d-62d3a65cbec0",
            "owning_organization_url": "/v2/organizations/d94caddf-45be-4c92-bb2d-62d3a65cbec0",
            "spaces_url": "/v2/domains/a055ee95-7d64-4352-9e5e-7eea55ecf706/spaces"
          }
        }
    http_version: 
  recorded_at: Wed, 08 Apr 2015 15:37:46 GMT
- request:
    method: get
    uri: https://api.10.244.0.34.xip.io/v2/domains/a055ee95-7d64-4352-9e5e-7eea55ecf706
    body:
      encoding: US-ASCII
      string: ''
    headers:
      User-Agent:
      - excon/0.45.1
      Authorization:
      - __AUTHORIZATION__
      Basic:
      - Y2Y6
      Content-Type:
      - application/json
      Accept-Encoding:
      - gzip
  response:
    status:
      code: 200
      message: 
    headers:
      Content-Length:
      - '525'
      Content-Type:
      - application/json;charset=utf-8
      Date:
      - Wed, 08 Apr 2015 15:37:46 GMT
      Server:
      - nginx
      X-Cf-Requestid:
      - 4fe15da7-7038-4eac-68cc-671b5f20d265
      X-Cf-Warnings:
      - Endpoint+deprecated
      X-Content-Type-Options:
      - nosniff
      X-Vcap-Request-Id:
      - a73960a3-0f4c-4da8-4216-d7fa10dfc55c::7a18c262-3f7a-4aac-9aa2-84bbaef4dae8
    body:
      encoding: UTF-8
      string: |-
        {
          "metadata": {
            "guid": "a055ee95-7d64-4352-9e5e-7eea55ecf706",
            "url": "/v2/domains/a055ee95-7d64-4352-9e5e-7eea55ecf706",
            "created_at": "2015-03-25T16:22:57+00:00",
            "updated_at": null
          },
          "entity": {
            "name": "adomainthatishopefullynotusedontheplatform.de",
            "owning_organization_guid": "d94caddf-45be-4c92-bb2d-62d3a65cbec0",
            "owning_organization_url": "/v2/organizations/d94caddf-45be-4c92-bb2d-62d3a65cbec0",
            "spaces_url": "/v2/domains/a055ee95-7d64-4352-9e5e-7eea55ecf706/spaces"
          }
        }
    http_version: 
  recorded_at: Wed, 08 Apr 2015 15:37:46 GMT
- request:
    method: get
    uri: https://api.10.244.0.34.xip.io/v2/apps?q=name%3Apaasal-test-app-all-updated
    body:
      encoding: US-ASCII
      string: ''
    headers:
      User-Agent:
      - excon/0.45.1
      Authorization:
      - __AUTHORIZATION__
      Basic:
      - Y2Y6
      Content-Type:
      - application/json
      Accept-Encoding:
      - gzip
  response:
    status:
      code: 200
      message: 
    headers:
      Content-Length:
      - '1708'
      Content-Type:
      - application/json;charset=utf-8
      Date:
      - Wed, 08 Apr 2015 15:37:46 GMT
      Server:
      - nginx
      X-Cf-Requestid:
      - c2c7ae08-53fa-4a9d-5550-43cfda59b8e9
      X-Content-Type-Options:
      - nosniff
      X-Vcap-Request-Id:
      - 94b090e4-24bf-4120-5217-43b5c63593d5::4c3c3cff-aac6-4996-a39f-dcef3ad1b3a2
    body:
      encoding: UTF-8
      string: |-
        {
          "total_results": 1,
          "total_pages": 1,
          "prev_url": null,
          "next_url": null,
          "resources": [
            {
              "metadata": {
                "guid": "277a3488-6b05-4331-83ff-45f182929977",
                "url": "/v2/apps/277a3488-6b05-4331-83ff-45f182929977",
                "created_at": "2015-04-08T15:37:26+00:00",
                "updated_at": "2015-04-08T15:37:45+00:00"
              },
              "entity": {
                "name": "paasal-test-app-all-updated",
                "production": false,
                "space_guid": "d3483f4f-6706-4fe1-ad90-1bd45d50e940",
                "stack_guid": "b4d24013-b385-4db1-a171-b4e151a87c46",
                "buildpack": "nodejs_buildpack",
                "detected_buildpack": null,
                "environment_json": {
                  "our_test_var_key": "our_updated_test_var_value",
                  "our_test_var_key2": "our_test_var_value2"
                },
                "memory": 256,
                "instances": 1,
                "disk_quota": 1024,
                "state": "STOPPED",
                "version": "f10fe2a1-ca7d-405d-a5de-680aa5186d33",
                "command": null,
                "console": false,
                "debug": null,
                "staging_task_id": null,
                "package_state": "PENDING",
                "health_check_timeout": null,
                "staging_failed_reason": null,
                "docker_image": null,
                "package_updated_at": null,
                "detected_start_command": "",
                "space_url": "/v2/spaces/d3483f4f-6706-4fe1-ad90-1bd45d50e940",
                "stack_url": "/v2/stacks/b4d24013-b385-4db1-a171-b4e151a87c46",
                "events_url": "/v2/apps/277a3488-6b05-4331-83ff-45f182929977/events",
                "service_bindings_url": "/v2/apps/277a3488-6b05-4331-83ff-45f182929977/service_bindings",
                "routes_url": "/v2/apps/277a3488-6b05-4331-83ff-45f182929977/routes"
              }
            }
          ]
        }
    http_version: 
  recorded_at: Wed, 08 Apr 2015 15:37:46 GMT
- request:
    method: get
    uri: https://api.10.244.0.34.xip.io/v2/apps/277a3488-6b05-4331-83ff-45f182929977/routes
    body:
      encoding: US-ASCII
      string: ''
    headers:
      User-Agent:
      - excon/0.45.1
      Authorization:
      - __AUTHORIZATION__
      Basic:
      - Y2Y6
      Content-Type:
      - application/json
      Accept-Encoding:
      - gzip
  response:
    status:
      code: 200
      message: 
    headers:
      Content-Length:
      - '2056'
      Content-Type:
      - application/json;charset=utf-8
      Date:
      - Wed, 08 Apr 2015 15:37:46 GMT
      Server:
      - nginx
      X-Cf-Requestid:
      - 240d97bc-144f-4bfe-6473-aecb65deb4c7
      X-Content-Type-Options:
      - nosniff
      X-Vcap-Request-Id:
      - 71cc91a8-967c-42e2-4e3f-5181fcaaefdd::9db9519e-1020-47f0-9777-ade349bbd907
    body:
      encoding: UTF-8
      string: |-
        {
          "total_results": 3,
          "total_pages": 1,
          "prev_url": null,
          "next_url": null,
          "resources": [
            {
              "metadata": {
                "guid": "1d2eed43-9771-4b03-9232-852a838fd9d7",
                "url": "/v2/routes/1d2eed43-9771-4b03-9232-852a838fd9d7",
                "created_at": "2015-04-08T15:37:26+00:00",
                "updated_at": null
              },
              "entity": {
                "host": "277a3488-6b05-4331-83ff-45f182929977",
                "domain_guid": "0a7ac015-b059-47d3-b1a2-873a6e370f36",
                "space_guid": "d3483f4f-6706-4fe1-ad90-1bd45d50e940",
                "domain_url": "/v2/domains/0a7ac015-b059-47d3-b1a2-873a6e370f36",
                "space_url": "/v2/spaces/d3483f4f-6706-4fe1-ad90-1bd45d50e940",
                "apps_url": "/v2/routes/1d2eed43-9771-4b03-9232-852a838fd9d7/apps"
              }
            },
            {
              "metadata": {
                "guid": "2333e444-16f3-49e4-920f-d3ba17eb8111",
                "url": "/v2/routes/2333e444-16f3-49e4-920f-d3ba17eb8111",
                "created_at": "2015-04-08T15:37:44+00:00",
                "updated_at": null
              },
              "entity": {
                "host": "cf-bosh-local",
                "domain_guid": "a055ee95-7d64-4352-9e5e-7eea55ecf706",
                "space_guid": "d3483f4f-6706-4fe1-ad90-1bd45d50e940",
                "domain_url": "/v2/domains/a055ee95-7d64-4352-9e5e-7eea55ecf706",
                "space_url": "/v2/spaces/d3483f4f-6706-4fe1-ad90-1bd45d50e940",
                "apps_url": "/v2/routes/2333e444-16f3-49e4-920f-d3ba17eb8111/apps"
              }
            },
            {
              "metadata": {
                "guid": "5feb3018-7787-4472-a66e-26fe4aaebc29",
                "url": "/v2/routes/5feb3018-7787-4472-a66e-26fe4aaebc29",
                "created_at": "2015-04-08T15:37:45+00:00",
                "updated_at": null
              },
              "entity": {
                "host": "",
                "domain_guid": "a055ee95-7d64-4352-9e5e-7eea55ecf706",
                "space_guid": "d3483f4f-6706-4fe1-ad90-1bd45d50e940",
                "domain_url": "/v2/domains/a055ee95-7d64-4352-9e5e-7eea55ecf706",
                "space_url": "/v2/spaces/d3483f4f-6706-4fe1-ad90-1bd45d50e940",
                "apps_url": "/v2/routes/5feb3018-7787-4472-a66e-26fe4aaebc29/apps"
              }
            }
          ]
        }
    http_version: 
  recorded_at: Wed, 08 Apr 2015 15:37:46 GMT
- request:
    method: get
    uri: https://api.10.244.0.34.xip.io/v2/domains/a055ee95-7d64-4352-9e5e-7eea55ecf706
    body:
      encoding: US-ASCII
      string: ''
    headers:
      User-Agent:
      - excon/0.45.1
      Authorization:
      - __AUTHORIZATION__
      Basic:
      - Y2Y6
      Content-Type:
      - application/json
      Accept-Encoding:
      - gzip
  response:
    status:
      code: 200
      message: 
    headers:
      Content-Length:
      - '525'
      Content-Type:
      - application/json;charset=utf-8
      Date:
      - Wed, 08 Apr 2015 15:37:46 GMT
      Server:
      - nginx
      X-Cf-Requestid:
      - 2d55f1fe-863d-4508-6a4d-fe48aea07655
      X-Cf-Warnings:
      - Endpoint+deprecated
      X-Content-Type-Options:
      - nosniff
      X-Vcap-Request-Id:
      - ebcfb3eb-9b56-41dd-7425-dfe971d45819::1cda20eb-a135-4454-89e3-bd5cae14234a
    body:
      encoding: UTF-8
      string: |-
        {
          "metadata": {
            "guid": "a055ee95-7d64-4352-9e5e-7eea55ecf706",
            "url": "/v2/domains/a055ee95-7d64-4352-9e5e-7eea55ecf706",
            "created_at": "2015-03-25T16:22:57+00:00",
            "updated_at": null
          },
          "entity": {
            "name": "adomainthatishopefullynotusedontheplatform.de",
            "owning_organization_guid": "d94caddf-45be-4c92-bb2d-62d3a65cbec0",
            "owning_organization_url": "/v2/organizations/d94caddf-45be-4c92-bb2d-62d3a65cbec0",
            "spaces_url": "/v2/domains/a055ee95-7d64-4352-9e5e-7eea55ecf706/spaces"
          }
        }
    http_version: 
  recorded_at: Wed, 08 Apr 2015 15:37:46 GMT
recorded_with: VCR 2.9.3
