---
http_interactions:
- request:
    method: get
    uri: https://api.10.244.0.34.xip.io/v2/info
    body:
      encoding: US-ASCII
      string: ''
    headers:
      User-Agent:
      - excon/0.45.1
      Accept-Encoding:
      - gzip
  response:
    status:
      code: 200
      message: 
    headers:
      Content-Length:
      - '331'
      Content-Type:
      - application/json;charset=utf-8
      Date:
      - Mon, 06 Apr 2015 20:10:43 GMT
      Server:
      - nginx
      X-Cf-Requestid:
      - fd5f08d0-4bfd-4e6b-7d7a-da4ada47b25b
      X-Content-Type-Options:
      - nosniff
      X-Vcap-Request-Id:
      - 9cc0a522-54b4-48d4-4d31-b7da5c1413b3::09a31e0d-f89f-464d-8477-3781bc16192d
    body:
      encoding: UTF-8
      string: '{"name":"vcap","build":"2222","support":"http://support.cloudfoundry.com","version":2,"description":"Cloud
        Foundry sponsored by Pivotal","authorization_endpoint":"http://login.10.244.0.34.xip.io","token_endpoint":"https://uaa.10.244.0.34.xip.io","api_version":"2.18.0","logging_endpoint":"wss://loggregator.10.244.0.34.xip.io:443"}'
    http_version: 
  recorded_at: Mon, 06 Apr 2015 20:10:43 GMT
- request:
    method: post
    uri: http://login.10.244.0.34.xip.io/oauth/token?grant_type=password&password=__cf-bosh-local:user__&username=__cf-bosh-local:user__
    body:
      encoding: US-ASCII
      string: ''
    headers:
      User-Agent:
      - excon/0.45.1
      Authorization:
      - __AUTHORIZATION__
      Content-Type:
      - application/x-www-form-urlencoded
      Accept:
      - application/json
  response:
    status:
      code: 200
      message: 
    headers:
      Cache-Control:
      - no-cache, no-store, no-store
      Connection:
      - close
      Content-Length:
      - '1856'
      Content-Type:
      - application/json;charset=UTF-8
      Date:
      - Mon, 06 Apr 2015 20:10:44 GMT
      Expires:
      - Thu, 01 Jan 1970 00:00:00 GMT
      Pragma:
      - no-cache, no-cache
      Server:
      - Apache-Coyote/1.1
      X-Cf-Requestid:
      - ed3cb64e-860a-4e2a-43de-3bd6f8f10fa5, e50a7c50-740e-4737-7e57-9f92327b7142
      X-Frame-Options:
      - DENY
    body:
      encoding: UTF-8
      string: '{"access_token":"__ACCESS_TOKEN__","token_type":"bearer","refresh_token":"__REFRESH_TOKEN__","expires_in":599,"scope":"scim.userids
        cloud_controller.write password.write openid cloud_controller.read","jti":"70305b95-19ae-425b-80ac-c65c45abd6df"}'
    http_version: 
  recorded_at: Mon, 06 Apr 2015 20:10:44 GMT
- request:
    method: get
    uri: https://api.10.244.0.34.xip.io/v2/apps?q=name%3Apaasal-test-app-all-updated
    body:
      encoding: US-ASCII
      string: ''
    headers:
      User-Agent:
      - excon/0.45.1
      Authorization:
      - __AUTHORIZATION__
      Basic:
      - Y2Y6
      Content-Type:
      - application/json
      Accept-Encoding:
      - gzip
  response:
    status:
      code: 200
      message: 
    headers:
      Content-Length:
      - '1708'
      Content-Type:
      - application/json;charset=utf-8
      Date:
      - Mon, 06 Apr 2015 20:10:44 GMT
      Server:
      - nginx
      X-Cf-Requestid:
      - e59bc571-e122-41ab-682e-ec94e1f36164
      X-Content-Type-Options:
      - nosniff
      X-Vcap-Request-Id:
      - c574f67d-f495-477c-5029-4d510d55964d::499f9008-4b95-481a-8997-c84dc8a18313
    body:
      encoding: UTF-8
      string: |-
        {
          "total_results": 1,
          "total_pages": 1,
          "prev_url": null,
          "next_url": null,
          "resources": [
            {
              "metadata": {
                "guid": "4260186e-9e44-413e-994e-1897e6d28513",
                "url": "/v2/apps/4260186e-9e44-413e-994e-1897e6d28513",
                "created_at": "2015-04-06T20:10:26+00:00",
                "updated_at": "2015-04-06T20:10:43+00:00"
              },
              "entity": {
                "name": "paasal-test-app-all-updated",
                "production": false,
                "space_guid": "d3483f4f-6706-4fe1-ad90-1bd45d50e940",
                "stack_guid": "b4d24013-b385-4db1-a171-b4e151a87c46",
                "buildpack": "nodejs_buildpack",
                "detected_buildpack": null,
                "environment_json": {
                  "our_test_var_key": "our_updated_test_var_value",
                  "our_test_var_key2": "our_test_var_value2"
                },
                "memory": 256,
                "instances": 1,
                "disk_quota": 1024,
                "state": "STOPPED",
                "version": "899fa6ef-23da-4c25-993e-842345ff251d",
                "command": null,
                "console": false,
                "debug": null,
                "staging_task_id": null,
                "package_state": "PENDING",
                "health_check_timeout": null,
                "staging_failed_reason": null,
                "docker_image": null,
                "package_updated_at": null,
                "detected_start_command": "",
                "space_url": "/v2/spaces/d3483f4f-6706-4fe1-ad90-1bd45d50e940",
                "stack_url": "/v2/stacks/b4d24013-b385-4db1-a171-b4e151a87c46",
                "events_url": "/v2/apps/4260186e-9e44-413e-994e-1897e6d28513/events",
                "service_bindings_url": "/v2/apps/4260186e-9e44-413e-994e-1897e6d28513/service_bindings",
                "routes_url": "/v2/apps/4260186e-9e44-413e-994e-1897e6d28513/routes"
              }
            }
          ]
        }
    http_version: 
  recorded_at: Mon, 06 Apr 2015 20:10:44 GMT
- request:
    method: get
    uri: https://api.10.244.0.34.xip.io/v2/apps/4260186e-9e44-413e-994e-1897e6d28513/routes
    body:
      encoding: US-ASCII
      string: ''
    headers:
      User-Agent:
      - excon/0.45.1
      Authorization:
      - __AUTHORIZATION__
      Basic:
      - Y2Y6
      Content-Type:
      - application/json
      Accept-Encoding:
      - gzip
  response:
    status:
      code: 200
      message: 
    headers:
      Content-Length:
      - '2056'
      Content-Type:
      - application/json;charset=utf-8
      Date:
      - Mon, 06 Apr 2015 20:10:44 GMT
      Server:
      - nginx
      X-Cf-Requestid:
      - 11f32c9b-2efd-42ad-7353-0862374e8879
      X-Content-Type-Options:
      - nosniff
      X-Vcap-Request-Id:
      - 7252dc73-fcdf-426d-6073-9010e2c6e6c5::7f204598-2be3-47cd-840e-5089df9a2a55
    body:
      encoding: UTF-8
      string: |-
        {
          "total_results": 3,
          "total_pages": 1,
          "prev_url": null,
          "next_url": null,
          "resources": [
            {
              "metadata": {
                "guid": "88627a1c-38e9-4304-8198-653c45230d00",
                "url": "/v2/routes/88627a1c-38e9-4304-8198-653c45230d00",
                "created_at": "2015-04-06T20:10:26+00:00",
                "updated_at": null
              },
              "entity": {
                "host": "4260186e-9e44-413e-994e-1897e6d28513",
                "domain_guid": "0a7ac015-b059-47d3-b1a2-873a6e370f36",
                "space_guid": "d3483f4f-6706-4fe1-ad90-1bd45d50e940",
                "domain_url": "/v2/domains/0a7ac015-b059-47d3-b1a2-873a6e370f36",
                "space_url": "/v2/spaces/d3483f4f-6706-4fe1-ad90-1bd45d50e940",
                "apps_url": "/v2/routes/88627a1c-38e9-4304-8198-653c45230d00/apps"
              }
            },
            {
              "metadata": {
                "guid": "3454cd3d-280b-436a-ab5b-6e0b773c3817",
                "url": "/v2/routes/3454cd3d-280b-436a-ab5b-6e0b773c3817",
                "created_at": "2015-04-06T20:10:42+00:00",
                "updated_at": null
              },
              "entity": {
                "host": "cf-bosh-local",
                "domain_guid": "a055ee95-7d64-4352-9e5e-7eea55ecf706",
                "space_guid": "d3483f4f-6706-4fe1-ad90-1bd45d50e940",
                "domain_url": "/v2/domains/a055ee95-7d64-4352-9e5e-7eea55ecf706",
                "space_url": "/v2/spaces/d3483f4f-6706-4fe1-ad90-1bd45d50e940",
                "apps_url": "/v2/routes/3454cd3d-280b-436a-ab5b-6e0b773c3817/apps"
              }
            },
            {
              "metadata": {
                "guid": "b3c8b2d4-44de-44ea-ba9c-bffa001c1809",
                "url": "/v2/routes/b3c8b2d4-44de-44ea-ba9c-bffa001c1809",
                "created_at": "2015-04-06T20:10:43+00:00",
                "updated_at": null
              },
              "entity": {
                "host": "",
                "domain_guid": "a055ee95-7d64-4352-9e5e-7eea55ecf706",
                "space_guid": "d3483f4f-6706-4fe1-ad90-1bd45d50e940",
                "domain_url": "/v2/domains/a055ee95-7d64-4352-9e5e-7eea55ecf706",
                "space_url": "/v2/spaces/d3483f4f-6706-4fe1-ad90-1bd45d50e940",
                "apps_url": "/v2/routes/b3c8b2d4-44de-44ea-ba9c-bffa001c1809/apps"
              }
            }
          ]
        }
    http_version: 
  recorded_at: Mon, 06 Apr 2015 20:10:44 GMT
- request:
    method: get
    uri: https://api.10.244.0.34.xip.io/v2/domains/0a7ac015-b059-47d3-b1a2-873a6e370f36
    body:
      encoding: US-ASCII
      string: ''
    headers:
      User-Agent:
      - excon/0.45.1
      Authorization:
      - __AUTHORIZATION__
      Basic:
      - Y2Y6
      Content-Type:
      - application/json
      Accept-Encoding:
      - gzip
  response:
    status:
      code: 200
      message: 
    headers:
      Content-Length:
      - '283'
      Content-Type:
      - application/json;charset=utf-8
      Date:
      - Mon, 06 Apr 2015 20:10:44 GMT
      Server:
      - nginx
      X-Cf-Requestid:
      - 718d7602-f2c8-4ba3-689c-9463df09b302
      X-Cf-Warnings:
      - Endpoint+deprecated
      X-Content-Type-Options:
      - nosniff
      X-Vcap-Request-Id:
      - c51d6c37-ba49-455e-42a4-17be22d2ced9::1cf9e2b8-4477-4a18-96a5-579ece004bbc
    body:
      encoding: UTF-8
      string: |-
        {
          "metadata": {
            "guid": "0a7ac015-b059-47d3-b1a2-873a6e370f36",
            "url": "/v2/domains/0a7ac015-b059-47d3-b1a2-873a6e370f36",
            "created_at": "2014-12-05T16:23:46+00:00",
            "updated_at": "2015-03-19T07:07:29+00:00"
          },
          "entity": {
            "name": "10.244.0.34.xip.io"
          }
        }
    http_version: 
  recorded_at: Mon, 06 Apr 2015 20:10:44 GMT
- request:
    method: get
    uri: https://api.10.244.0.34.xip.io/v2/domains/a055ee95-7d64-4352-9e5e-7eea55ecf706
    body:
      encoding: US-ASCII
      string: ''
    headers:
      User-Agent:
      - excon/0.45.1
      Authorization:
      - __AUTHORIZATION__
      Basic:
      - Y2Y6
      Content-Type:
      - application/json
      Accept-Encoding:
      - gzip
  response:
    status:
      code: 200
      message: 
    headers:
      Content-Length:
      - '525'
      Content-Type:
      - application/json;charset=utf-8
      Date:
      - Mon, 06 Apr 2015 20:10:44 GMT
      Server:
      - nginx
      X-Cf-Requestid:
      - e6c7fed6-44a7-4f5b-52e6-c8c2f8682379
      X-Cf-Warnings:
      - Endpoint+deprecated
      X-Content-Type-Options:
      - nosniff
      X-Vcap-Request-Id:
      - f640a46e-80d9-444b-69aa-8ac63dc6482f::a7fe9405-c11c-43de-bd44-257fc4d5583e
    body:
      encoding: UTF-8
      string: |-
        {
          "metadata": {
            "guid": "a055ee95-7d64-4352-9e5e-7eea55ecf706",
            "url": "/v2/domains/a055ee95-7d64-4352-9e5e-7eea55ecf706",
            "created_at": "2015-03-25T16:22:57+00:00",
            "updated_at": null
          },
          "entity": {
            "name": "adomainthatishopefullynotusedontheplatform.de",
            "owning_organization_guid": "d94caddf-45be-4c92-bb2d-62d3a65cbec0",
            "owning_organization_url": "/v2/organizations/d94caddf-45be-4c92-bb2d-62d3a65cbec0",
            "spaces_url": "/v2/domains/a055ee95-7d64-4352-9e5e-7eea55ecf706/spaces"
          }
        }
    http_version: 
  recorded_at: Mon, 06 Apr 2015 20:10:44 GMT
- request:
    method: get
    uri: https://api.10.244.0.34.xip.io/v2/domains/a055ee95-7d64-4352-9e5e-7eea55ecf706
    body:
      encoding: US-ASCII
      string: ''
    headers:
      User-Agent:
      - excon/0.45.1
      Authorization:
      - __AUTHORIZATION__
      Basic:
      - Y2Y6
      Content-Type:
      - application/json
      Accept-Encoding:
      - gzip
  response:
    status:
      code: 200
      message: 
    headers:
      Content-Length:
      - '525'
      Content-Type:
      - application/json;charset=utf-8
      Date:
      - Mon, 06 Apr 2015 20:10:44 GMT
      Server:
      - nginx
      X-Cf-Requestid:
      - ce77bdcb-66a1-44b0-51e9-1e831d40e44b
      X-Cf-Warnings:
      - Endpoint+deprecated
      X-Content-Type-Options:
      - nosniff
      X-Vcap-Request-Id:
      - fc1115a2-3f4f-4f17-7f83-912891571bed::9ddd0ece-ada5-4566-be9b-32495b03d89d
    body:
      encoding: UTF-8
      string: |-
        {
          "metadata": {
            "guid": "a055ee95-7d64-4352-9e5e-7eea55ecf706",
            "url": "/v2/domains/a055ee95-7d64-4352-9e5e-7eea55ecf706",
            "created_at": "2015-03-25T16:22:57+00:00",
            "updated_at": null
          },
          "entity": {
            "name": "adomainthatishopefullynotusedontheplatform.de",
            "owning_organization_guid": "d94caddf-45be-4c92-bb2d-62d3a65cbec0",
            "owning_organization_url": "/v2/organizations/d94caddf-45be-4c92-bb2d-62d3a65cbec0",
            "spaces_url": "/v2/domains/a055ee95-7d64-4352-9e5e-7eea55ecf706/spaces"
          }
        }
    http_version: 
  recorded_at: Mon, 06 Apr 2015 20:10:44 GMT
- request:
    method: get
    uri: https://api.10.244.0.34.xip.io/v2/apps?q=name%3Apaasal-test-app-all-updated
    body:
      encoding: US-ASCII
      string: ''
    headers:
      User-Agent:
      - excon/0.45.1
      Authorization:
      - __AUTHORIZATION__
      Basic:
      - Y2Y6
      Content-Type:
      - application/json
      Accept-Encoding:
      - gzip
  response:
    status:
      code: 200
      message: 
    headers:
      Content-Length:
      - '1708'
      Content-Type:
      - application/json;charset=utf-8
      Date:
      - Mon, 06 Apr 2015 20:10:44 GMT
      Server:
      - nginx
      X-Cf-Requestid:
      - 32a7c7bd-e107-4f93-504c-76ccd8eb7e7f
      X-Content-Type-Options:
      - nosniff
      X-Vcap-Request-Id:
      - 6ac5c132-7c3a-48ad-51c6-83d042a8f599::5182b8d1-6538-4145-a3f6-a2a4bcf9a7b7
    body:
      encoding: UTF-8
      string: |-
        {
          "total_results": 1,
          "total_pages": 1,
          "prev_url": null,
          "next_url": null,
          "resources": [
            {
              "metadata": {
                "guid": "4260186e-9e44-413e-994e-1897e6d28513",
                "url": "/v2/apps/4260186e-9e44-413e-994e-1897e6d28513",
                "created_at": "2015-04-06T20:10:26+00:00",
                "updated_at": "2015-04-06T20:10:43+00:00"
              },
              "entity": {
                "name": "paasal-test-app-all-updated",
                "production": false,
                "space_guid": "d3483f4f-6706-4fe1-ad90-1bd45d50e940",
                "stack_guid": "b4d24013-b385-4db1-a171-b4e151a87c46",
                "buildpack": "nodejs_buildpack",
                "detected_buildpack": null,
                "environment_json": {
                  "our_test_var_key": "our_updated_test_var_value",
                  "our_test_var_key2": "our_test_var_value2"
                },
                "memory": 256,
                "instances": 1,
                "disk_quota": 1024,
                "state": "STOPPED",
                "version": "899fa6ef-23da-4c25-993e-842345ff251d",
                "command": null,
                "console": false,
                "debug": null,
                "staging_task_id": null,
                "package_state": "PENDING",
                "health_check_timeout": null,
                "staging_failed_reason": null,
                "docker_image": null,
                "package_updated_at": null,
                "detected_start_command": "",
                "space_url": "/v2/spaces/d3483f4f-6706-4fe1-ad90-1bd45d50e940",
                "stack_url": "/v2/stacks/b4d24013-b385-4db1-a171-b4e151a87c46",
                "events_url": "/v2/apps/4260186e-9e44-413e-994e-1897e6d28513/events",
                "service_bindings_url": "/v2/apps/4260186e-9e44-413e-994e-1897e6d28513/service_bindings",
                "routes_url": "/v2/apps/4260186e-9e44-413e-994e-1897e6d28513/routes"
              }
            }
          ]
        }
    http_version: 
  recorded_at: Mon, 06 Apr 2015 20:10:44 GMT
- request:
    method: get
    uri: https://api.10.244.0.34.xip.io/v2/apps/4260186e-9e44-413e-994e-1897e6d28513/routes
    body:
      encoding: US-ASCII
      string: ''
    headers:
      User-Agent:
      - excon/0.45.1
      Authorization:
      - __AUTHORIZATION__
      Basic:
      - Y2Y6
      Content-Type:
      - application/json
      Accept-Encoding:
      - gzip
  response:
    status:
      code: 200
      message: 
    headers:
      Content-Length:
      - '2056'
      Content-Type:
      - application/json;charset=utf-8
      Date:
      - Mon, 06 Apr 2015 20:10:44 GMT
      Server:
      - nginx
      X-Cf-Requestid:
      - b2d2aee2-c619-4870-5cb2-5bb44e7989d7
      X-Content-Type-Options:
      - nosniff
      X-Vcap-Request-Id:
      - d617d2ec-0a25-4ff3-5320-0773b2b45b59::c0e084d0-b1e0-41af-a679-2377d90c10ef
    body:
      encoding: UTF-8
      string: |-
        {
          "total_results": 3,
          "total_pages": 1,
          "prev_url": null,
          "next_url": null,
          "resources": [
            {
              "metadata": {
                "guid": "88627a1c-38e9-4304-8198-653c45230d00",
                "url": "/v2/routes/88627a1c-38e9-4304-8198-653c45230d00",
                "created_at": "2015-04-06T20:10:26+00:00",
                "updated_at": null
              },
              "entity": {
                "host": "4260186e-9e44-413e-994e-1897e6d28513",
                "domain_guid": "0a7ac015-b059-47d3-b1a2-873a6e370f36",
                "space_guid": "d3483f4f-6706-4fe1-ad90-1bd45d50e940",
                "domain_url": "/v2/domains/0a7ac015-b059-47d3-b1a2-873a6e370f36",
                "space_url": "/v2/spaces/d3483f4f-6706-4fe1-ad90-1bd45d50e940",
                "apps_url": "/v2/routes/88627a1c-38e9-4304-8198-653c45230d00/apps"
              }
            },
            {
              "metadata": {
                "guid": "3454cd3d-280b-436a-ab5b-6e0b773c3817",
                "url": "/v2/routes/3454cd3d-280b-436a-ab5b-6e0b773c3817",
                "created_at": "2015-04-06T20:10:42+00:00",
                "updated_at": null
              },
              "entity": {
                "host": "cf-bosh-local",
                "domain_guid": "a055ee95-7d64-4352-9e5e-7eea55ecf706",
                "space_guid": "d3483f4f-6706-4fe1-ad90-1bd45d50e940",
                "domain_url": "/v2/domains/a055ee95-7d64-4352-9e5e-7eea55ecf706",
                "space_url": "/v2/spaces/d3483f4f-6706-4fe1-ad90-1bd45d50e940",
                "apps_url": "/v2/routes/3454cd3d-280b-436a-ab5b-6e0b773c3817/apps"
              }
            },
            {
              "metadata": {
                "guid": "b3c8b2d4-44de-44ea-ba9c-bffa001c1809",
                "url": "/v2/routes/b3c8b2d4-44de-44ea-ba9c-bffa001c1809",
                "created_at": "2015-04-06T20:10:43+00:00",
                "updated_at": null
              },
              "entity": {
                "host": "",
                "domain_guid": "a055ee95-7d64-4352-9e5e-7eea55ecf706",
                "space_guid": "d3483f4f-6706-4fe1-ad90-1bd45d50e940",
                "domain_url": "/v2/domains/a055ee95-7d64-4352-9e5e-7eea55ecf706",
                "space_url": "/v2/spaces/d3483f4f-6706-4fe1-ad90-1bd45d50e940",
                "apps_url": "/v2/routes/b3c8b2d4-44de-44ea-ba9c-bffa001c1809/apps"
              }
            }
          ]
        }
    http_version: 
  recorded_at: Mon, 06 Apr 2015 20:10:44 GMT
- request:
    method: get
    uri: https://api.10.244.0.34.xip.io/v2/domains/a055ee95-7d64-4352-9e5e-7eea55ecf706
    body:
      encoding: US-ASCII
      string: ''
    headers:
      User-Agent:
      - excon/0.45.1
      Authorization:
      - __AUTHORIZATION__
      Basic:
      - Y2Y6
      Content-Type:
      - application/json
      Accept-Encoding:
      - gzip
  response:
    status:
      code: 200
      message: 
    headers:
      Content-Length:
      - '525'
      Content-Type:
      - application/json;charset=utf-8
      Date:
      - Mon, 06 Apr 2015 20:10:44 GMT
      Server:
      - nginx
      X-Cf-Requestid:
      - 0c2ddc25-7dec-4f35-7b14-5dddaea73477
      X-Cf-Warnings:
      - Endpoint+deprecated
      X-Content-Type-Options:
      - nosniff
      X-Vcap-Request-Id:
      - 595df6b6-315f-4ca9-7385-4de6947bea2b::24c173c5-9589-472c-a756-f2de5c17ec93
    body:
      encoding: UTF-8
      string: |-
        {
          "metadata": {
            "guid": "a055ee95-7d64-4352-9e5e-7eea55ecf706",
            "url": "/v2/domains/a055ee95-7d64-4352-9e5e-7eea55ecf706",
            "created_at": "2015-03-25T16:22:57+00:00",
            "updated_at": null
          },
          "entity": {
            "name": "adomainthatishopefullynotusedontheplatform.de",
            "owning_organization_guid": "d94caddf-45be-4c92-bb2d-62d3a65cbec0",
            "owning_organization_url": "/v2/organizations/d94caddf-45be-4c92-bb2d-62d3a65cbec0",
            "spaces_url": "/v2/domains/a055ee95-7d64-4352-9e5e-7eea55ecf706/spaces"
          }
        }
    http_version: 
  recorded_at: Mon, 06 Apr 2015 20:10:44 GMT
recorded_with: VCR 2.9.3
