---
http_interactions:
- request:
    method: get
    uri: https://api.10.244.0.34.xip.io/v2/info
    body:
      encoding: US-ASCII
      string: ''
    headers:
      User-Agent:
      - excon/0.45.1
      Accept-Encoding:
      - gzip
  response:
    status:
      code: 200
      message: 
    headers:
      Content-Length:
      - '331'
      Content-Type:
      - application/json;charset=utf-8
      Date:
      - Sat, 04 Apr 2015 12:51:39 GMT
      Server:
      - nginx
      X-Cf-Requestid:
      - 8b6fcc2f-403b-45f4-4927-4b6e89331aa0
      X-Content-Type-Options:
      - nosniff
      X-Vcap-Request-Id:
      - 52a97f7d-4b08-467f-79b2-e2d72670a26e::34ef40b8-88f6-4fcc-bb5d-1668a8d95d79
    body:
      encoding: UTF-8
      string: '{"name":"vcap","build":"2222","support":"http://support.cloudfoundry.com","version":2,"description":"Cloud
        Foundry sponsored by Pivotal","authorization_endpoint":"http://login.10.244.0.34.xip.io","token_endpoint":"https://uaa.10.244.0.34.xip.io","api_version":"2.18.0","logging_endpoint":"wss://loggregator.10.244.0.34.xip.io:443"}'
    http_version: 
  recorded_at: Sat, 04 Apr 2015 12:51:39 GMT
- request:
    method: post
    uri: http://login.10.244.0.34.xip.io/oauth/token?grant_type=password&password=__cf-bosh-local:user__&username=__cf-bosh-local:user__
    body:
      encoding: US-ASCII
      string: ''
    headers:
      User-Agent:
      - excon/0.45.1
      Authorization:
      - __AUTHORIZATION__
      Content-Type:
      - application/x-www-form-urlencoded
      Accept:
      - application/json
  response:
    status:
      code: 200
      message: 
    headers:
      Cache-Control:
      - no-cache, no-store, no-store
      Connection:
      - close
      Content-Length:
      - '1856'
      Content-Type:
      - application/json;charset=UTF-8
      Date:
      - Sat, 04 Apr 2015 12:51:40 GMT
      Expires:
      - Thu, 01 Jan 1970 00:00:00 GMT
      Pragma:
      - no-cache, no-cache
      Server:
      - Apache-Coyote/1.1
      X-Cf-Requestid:
      - 2e5a88a9-0e60-4606-4908-4beb6d08c4d4, 721fb6d6-8649-4157-473a-0b9a613f974d
      X-Frame-Options:
      - DENY
    body:
      encoding: UTF-8
      string: '{"access_token":"__ACCESS_TOKEN__","token_type":"bearer","refresh_token":"__REFRESH_TOKEN__","expires_in":599,"scope":"scim.userids
        cloud_controller.write password.write openid cloud_controller.read","jti":"604b5646-1939-45b7-bfda-df70d2c8f933"}'
    http_version: 
  recorded_at: Sat, 04 Apr 2015 12:51:39 GMT
- request:
    method: get
    uri: https://api.10.244.0.34.xip.io/v2/apps?q=name%3Apaasal-test-app-all-updated
    body:
      encoding: US-ASCII
      string: ''
    headers:
      User-Agent:
      - excon/0.45.1
      Authorization:
      - __AUTHORIZATION__
      Basic:
      - Y2Y6
      Content-Type:
      - application/json
      Accept-Encoding:
      - gzip
  response:
    status:
      code: 200
      message: 
    headers:
      Content-Length:
      - '1596'
      Content-Type:
      - application/json;charset=utf-8
      Date:
      - Sat, 04 Apr 2015 12:51:40 GMT
      Server:
      - nginx
      X-Cf-Requestid:
      - 6c54e5c5-2d4b-44fc-67f8-fe731ca64db4
      X-Content-Type-Options:
      - nosniff
      X-Vcap-Request-Id:
      - 557b96c2-0eba-44ec-64ff-edbde9666e8e::51980a34-db3e-4382-a8a6-eee8944605e2
    body:
      encoding: UTF-8
      string: |-
        {
          "total_results": 1,
          "total_pages": 1,
          "prev_url": null,
          "next_url": null,
          "resources": [
            {
              "metadata": {
                "guid": "b81d8252-71f0-474c-a005-632338336c01",
                "url": "/v2/apps/b81d8252-71f0-474c-a005-632338336c01",
                "created_at": "2015-04-04T12:51:35+00:00",
                "updated_at": "2015-04-04T12:51:38+00:00"
              },
              "entity": {
                "name": "paasal-test-app-all-updated",
                "production": false,
                "space_guid": "d3483f4f-6706-4fe1-ad90-1bd45d50e940",
                "stack_guid": "b4d24013-b385-4db1-a171-b4e151a87c46",
                "buildpack": "nodejs_buildpack",
                "detected_buildpack": null,
                "environment_json": {

                },
                "memory": 256,
                "instances": 1,
                "disk_quota": 1024,
                "state": "STOPPED",
                "version": "5494f18f-bcd8-4905-99ed-2f4f96573c30",
                "command": null,
                "console": false,
                "debug": null,
                "staging_task_id": null,
                "package_state": "PENDING",
                "health_check_timeout": null,
                "staging_failed_reason": null,
                "docker_image": null,
                "package_updated_at": null,
                "detected_start_command": "",
                "space_url": "/v2/spaces/d3483f4f-6706-4fe1-ad90-1bd45d50e940",
                "stack_url": "/v2/stacks/b4d24013-b385-4db1-a171-b4e151a87c46",
                "events_url": "/v2/apps/b81d8252-71f0-474c-a005-632338336c01/events",
                "service_bindings_url": "/v2/apps/b81d8252-71f0-474c-a005-632338336c01/service_bindings",
                "routes_url": "/v2/apps/b81d8252-71f0-474c-a005-632338336c01/routes"
              }
            }
          ]
        }
    http_version: 
  recorded_at: Sat, 04 Apr 2015 12:51:40 GMT
- request:
    method: head
    uri: https://api.10.244.0.34.xip.io/v2/apps/b81d8252-71f0-474c-a005-632338336c01/download
    body:
      encoding: US-ASCII
      string: ''
    headers:
      User-Agent:
      - excon/0.45.1
      Authorization:
      - __AUTHORIZATION__
      Basic:
      - Y2Y6
      Content-Type:
      - application/json
      Accept-Encoding:
      - gzip
  response:
    status:
      code: 404
      message: 
    headers:
      Content-Length:
      - '155'
      Content-Type:
      - application/json;charset=utf-8
      Date:
      - Sat, 04 Apr 2015 12:51:40 GMT
      Server:
      - nginx
      X-Cf-Requestid:
      - 8e55030d-b171-46bf-753a-fcd69994563a
      X-Content-Type-Options:
      - nosniff
      X-Vcap-Request-Id:
      - ae7a63ad-3fb1-46dc-41e0-bb001728cfc4::eb0190a7-5121-4a90-95ad-e4ce1b466d95
    body:
      encoding: UTF-8
      string: ''
    http_version: 
  recorded_at: Sat, 04 Apr 2015 12:51:40 GMT
recorded_with: VCR 2.9.3
