---
http_interactions:
- request:
    method: get
    uri: https://api.10.244.0.34.xip.io/v2/info
    body:
      encoding: US-ASCII
      string: ''
    headers:
      User-Agent:
      - excon/0.44.4
      Accept-Encoding:
      - gzip
  response:
    status:
      code: 200
      message: 
    headers:
      Content-Length:
      - '331'
      Content-Type:
      - application/json;charset=utf-8
      Date:
      - Wed, 25 Mar 2015 16:22:36 GMT
      Server:
      - nginx
      X-Cf-Requestid:
      - 9b1a7aca-94e7-4dc0-671e-544a1dd3b4f2
      X-Content-Type-Options:
      - nosniff
      X-Vcap-Request-Id:
      - 0dd3a281-20ee-4eb5-5f7c-5565e8015e6a::55e767c4-feab-4816-a750-5eaa5e5502d5
    body:
      encoding: US-ASCII
      string: ! '{"name":"vcap","build":"2222","support":"http://support.cloudfoundry.com","version":2,"description":"Cloud
        Foundry sponsored by Pivotal","authorization_endpoint":"http://login.10.244.0.34.xip.io","token_endpoint":"https://uaa.10.244.0.34.xip.io","api_version":"2.18.0","logging_endpoint":"wss://loggregator.10.244.0.34.xip.io:443"}'
    http_version: 
  recorded_at: Wed, 25 Mar 2015 16:22:36 GMT
- request:
    method: post
    uri: http://login.10.244.0.34.xip.io/oauth/token?grant_type=password&password=__cf-bosh-local:user__&username=__cf-bosh-local:user__
    body:
      encoding: US-ASCII
      string: ''
    headers:
      User-Agent:
      - excon/0.44.4
      Authorization:
      - __AUTHORIZATION__
      Content-Type:
      - application/x-www-form-urlencoded
      Accept:
      - application/json
  response:
    status:
      code: 200
      message: 
    headers:
      Cache-Control:
      - no-cache, no-store, no-store
      Connection:
      - close
      Content-Length:
      - '1856'
      Content-Type:
      - application/json;charset=UTF-8
      Date:
      - Wed, 25 Mar 2015 16:22:36 GMT
      Expires:
      - Thu, 01 Jan 1970 00:00:00 GMT
      Pragma:
      - no-cache, no-cache
      Server:
      - Apache-Coyote/1.1
      X-Cf-Requestid:
      - f70d1526-23f5-4c05-548d-f7ce17475c8e, 8c45be9d-7352-4718-65f3-8dda0e69e633
      X-Frame-Options:
      - DENY
    body:
      encoding: US-ASCII
      string: ! '{"access_token":"__ACCESS_TOKEN__","token_type":"bearer","refresh_token":"__REFRESH_TOKEN__","expires_in":599,"scope":"scim.userids
        cloud_controller.write password.write openid cloud_controller.read","jti":"7b07f66a-0844-464c-8fd7-5c92bc608b33"}'
    http_version: 
  recorded_at: Wed, 25 Mar 2015 16:22:36 GMT
- request:
    method: get
    uri: https://api.10.244.0.34.xip.io/v2/spaces
    body:
      encoding: US-ASCII
      string: ''
    headers:
      User-Agent:
      - excon/0.44.4
      Authorization:
      - __AUTHORIZATION__
      Basic:
      - Y2Y6
      Content-Type:
      - application/json
      Accept-Encoding:
      - gzip
  response:
    status:
      code: 200
      message: 
    headers:
      Content-Length:
      - '1465'
      Content-Type:
      - application/json;charset=utf-8
      Date:
      - Wed, 25 Mar 2015 16:22:36 GMT
      Server:
      - nginx
      X-Cf-Requestid:
      - 8f359fec-0b6c-404a-75b8-b21428d13aaf
      X-Content-Type-Options:
      - nosniff
      X-Vcap-Request-Id:
      - 99f286ae-f65d-4c56-48bd-161600b0a122::a47e83b8-e684-4b41-9ae4-049caec62ca6
    body:
      encoding: US-ASCII
      string: ! "{\n  \"total_results\": 1,\n  \"total_pages\": 1,\n  \"prev_url\":
        null,\n  \"next_url\": null,\n  \"resources\": [\n    {\n      \"metadata\":
        {\n        \"guid\": \"d3483f4f-6706-4fe1-ad90-1bd45d50e940\",\n        \"url\":
        \"/v2/spaces/d3483f4f-6706-4fe1-ad90-1bd45d50e940\",\n        \"created_at\":
        \"2015-03-19T07:21:47+00:00\",\n        \"updated_at\": null\n      },\n      \"entity\":
        {\n        \"name\": \"development\",\n        \"organization_guid\": \"d94caddf-45be-4c92-bb2d-62d3a65cbec0\",\n
        \       \"space_quota_definition_guid\": null,\n        \"organization_url\":
        \"/v2/organizations/d94caddf-45be-4c92-bb2d-62d3a65cbec0\",\n        \"developers_url\":
        \"/v2/spaces/d3483f4f-6706-4fe1-ad90-1bd45d50e940/developers\",\n        \"managers_url\":
        \"/v2/spaces/d3483f4f-6706-4fe1-ad90-1bd45d50e940/managers\",\n        \"auditors_url\":
        \"/v2/spaces/d3483f4f-6706-4fe1-ad90-1bd45d50e940/auditors\",\n        \"apps_url\":
        \"/v2/spaces/d3483f4f-6706-4fe1-ad90-1bd45d50e940/apps\",\n        \"routes_url\":
        \"/v2/spaces/d3483f4f-6706-4fe1-ad90-1bd45d50e940/routes\",\n        \"domains_url\":
        \"/v2/spaces/d3483f4f-6706-4fe1-ad90-1bd45d50e940/domains\",\n        \"service_instances_url\":
        \"/v2/spaces/d3483f4f-6706-4fe1-ad90-1bd45d50e940/service_instances\",\n        \"app_events_url\":
        \"/v2/spaces/d3483f4f-6706-4fe1-ad90-1bd45d50e940/app_events\",\n        \"events_url\":
        \"/v2/spaces/d3483f4f-6706-4fe1-ad90-1bd45d50e940/events\",\n        \"security_groups_url\":
        \"/v2/spaces/d3483f4f-6706-4fe1-ad90-1bd45d50e940/security_groups\"\n      }\n
        \   }\n  ]\n}"
    http_version: 
  recorded_at: Wed, 25 Mar 2015 16:22:36 GMT
- request:
    method: post
    uri: https://api.10.244.0.34.xip.io/v2/apps
    body:
      encoding: UTF-8
      string: ! '{"space_guid":"d3483f4f-6706-4fe1-ad90-1bd45d50e940","name":"paasal-test-app-min-properties","memory":256,"buildpack":"java_buildpack"}'
    headers:
      User-Agent:
      - excon/0.44.4
      Authorization:
      - __AUTHORIZATION__
      Basic:
      - Y2Y6
      Content-Type:
      - application/json
      Accept-Encoding:
      - gzip
  response:
    status:
      code: 201
      message: 
    headers:
      Content-Length:
      - '1315'
      Content-Type:
      - application/json;charset=utf-8
      Date:
      - Wed, 25 Mar 2015 16:22:36 GMT
      Location:
      - /v2/apps/f377c6ab-239f-4290-a478-10e97fc601b7
      Server:
      - nginx
      X-Cf-Requestid:
      - 91b90f98-9627-4204-6df1-e6d6b23358ee
      X-Content-Type-Options:
      - nosniff
      X-Vcap-Request-Id:
      - 36a53df7-4a2a-4ed4-6301-e388e4884624::07a27657-611a-4d2e-9dd1-9bde4a1a76bf
    body:
      encoding: US-ASCII
      string: ! "{\n  \"metadata\": {\n    \"guid\": \"f377c6ab-239f-4290-a478-10e97fc601b7\",\n
        \   \"url\": \"/v2/apps/f377c6ab-239f-4290-a478-10e97fc601b7\",\n    \"created_at\":
        \"2015-03-25T16:22:36+00:00\",\n    \"updated_at\": null\n  },\n  \"entity\":
        {\n    \"name\": \"paasal-test-app-min-properties\",\n    \"production\":
        false,\n    \"space_guid\": \"d3483f4f-6706-4fe1-ad90-1bd45d50e940\",\n    \"stack_guid\":
        \"b4d24013-b385-4db1-a171-b4e151a87c46\",\n    \"buildpack\": \"java_buildpack\",\n
        \   \"detected_buildpack\": null,\n    \"environment_json\": {\n\n    },\n
        \   \"memory\": 256,\n    \"instances\": 1,\n    \"disk_quota\": 1024,\n    \"state\":
        \"STOPPED\",\n    \"version\": \"ae31c94f-8e6b-475c-adb3-2061cd0eedef\",\n
        \   \"command\": null,\n    \"console\": false,\n    \"debug\": null,\n    \"staging_task_id\":
        null,\n    \"package_state\": \"PENDING\",\n    \"health_check_timeout\":
        null,\n    \"staging_failed_reason\": null,\n    \"docker_image\": null,\n
        \   \"package_updated_at\": null,\n    \"detected_start_command\": \"\",\n
        \   \"space_url\": \"/v2/spaces/d3483f4f-6706-4fe1-ad90-1bd45d50e940\",\n
        \   \"stack_url\": \"/v2/stacks/b4d24013-b385-4db1-a171-b4e151a87c46\",\n
        \   \"events_url\": \"/v2/apps/f377c6ab-239f-4290-a478-10e97fc601b7/events\",\n
        \   \"service_bindings_url\": \"/v2/apps/f377c6ab-239f-4290-a478-10e97fc601b7/service_bindings\",\n
        \   \"routes_url\": \"/v2/apps/f377c6ab-239f-4290-a478-10e97fc601b7/routes\"\n
        \ }\n}"
    http_version: 
  recorded_at: Wed, 25 Mar 2015 16:22:36 GMT
- request:
    method: get
    uri: https://api.10.244.0.34.xip.io/v2/private_domains
    body:
      encoding: US-ASCII
      string: ''
    headers:
      User-Agent:
      - excon/0.44.4
      Authorization:
      - __AUTHORIZATION__
      Basic:
      - Y2Y6
      Content-Type:
      - application/json
      Accept-Encoding:
      - gzip
  response:
    status:
      code: 200
      message: 
    headers:
      Content-Length:
      - '107'
      Content-Type:
      - application/json;charset=utf-8
      Date:
      - Wed, 25 Mar 2015 16:22:36 GMT
      Server:
      - nginx
      X-Cf-Requestid:
      - 822b7138-76db-4d75-618e-fe849583d24f
      X-Content-Type-Options:
      - nosniff
      X-Vcap-Request-Id:
      - 918ba588-7b96-4e2c-61ba-361c721f323c::83886af6-ca2f-49f3-bfaa-351418f461fa
    body:
      encoding: US-ASCII
      string: ! "{\n  \"total_results\": 0,\n  \"total_pages\": 1,\n  \"prev_url\":
        null,\n  \"next_url\": null,\n  \"resources\": [\n\n  ]\n}"
    http_version: 
  recorded_at: Wed, 25 Mar 2015 16:22:36 GMT
- request:
    method: get
    uri: https://api.10.244.0.34.xip.io/v2/shared_domains
    body:
      encoding: US-ASCII
      string: ''
    headers:
      User-Agent:
      - excon/0.44.4
      Authorization:
      - __AUTHORIZATION__
      Basic:
      - Y2Y6
      Content-Type:
      - application/json
      Accept-Encoding:
      - gzip
  response:
    status:
      code: 200
      message: 
    headers:
      Content-Length:
      - '441'
      Content-Type:
      - application/json;charset=utf-8
      Date:
      - Wed, 25 Mar 2015 16:22:36 GMT
      Server:
      - nginx
      X-Cf-Requestid:
      - da0c04c8-9ff0-4ad1-6312-02f9d12b6356
      X-Content-Type-Options:
      - nosniff
      X-Vcap-Request-Id:
      - e3526d76-a26b-4c47-4a6c-cd955b3518b8::35a5d22b-6863-4372-8683-3bec56102a6e
    body:
      encoding: US-ASCII
      string: ! "{\n  \"total_results\": 1,\n  \"total_pages\": 1,\n  \"prev_url\":
        null,\n  \"next_url\": null,\n  \"resources\": [\n    {\n      \"metadata\":
        {\n        \"guid\": \"0a7ac015-b059-47d3-b1a2-873a6e370f36\",\n        \"url\":
        \"/v2/shared_domains/0a7ac015-b059-47d3-b1a2-873a6e370f36\",\n        \"created_at\":
        \"2014-12-05T16:23:46+00:00\",\n        \"updated_at\": \"2015-03-19T07:07:29+00:00\"\n
        \     },\n      \"entity\": {\n        \"name\": \"10.244.0.34.xip.io\"\n
        \     }\n    }\n  ]\n}"
    http_version: 
  recorded_at: Wed, 25 Mar 2015 16:22:36 GMT
- request:
    method: get
    uri: https://api.10.244.0.34.xip.io/v2/routes
    body:
      encoding: US-ASCII
      string: ''
    headers:
      User-Agent:
      - excon/0.44.4
      Authorization:
      - __AUTHORIZATION__
      Basic:
      - Y2Y6
      Content-Type:
      - application/json
      Accept-Encoding:
      - gzip
  response:
    status:
      code: 200
      message: 
    headers:
      Content-Length:
      - '33661'
      Content-Type:
      - application/json;charset=utf-8
      Date:
      - Wed, 25 Mar 2015 16:22:36 GMT
      Server:
      - nginx
      X-Cf-Requestid:
      - c7b6e926-2f40-435e-58ac-f7f7a1d9fa32
      X-Content-Type-Options:
      - nosniff
      X-Vcap-Request-Id:
      - 51dde62f-aa34-43ea-6679-d0886be5d988::9ba19b60-59ae-4442-9cec-ce5215f2b89b
    body:
      encoding: US-ASCII
      string: ! "{\n  \"total_results\": 67,\n  \"total_pages\": 2,\n  \"prev_url\":
        null,\n  \"next_url\": \"/v2/routes?order-direction=asc&page=2&results-per-page=50\",\n
        \ \"resources\": [\n    {\n      \"metadata\": {\n        \"guid\": \"4ee1f0e2-eb11-4baf-83bb-9101a29aed92\",\n
        \       \"url\": \"/v2/routes/4ee1f0e2-eb11-4baf-83bb-9101a29aed92\",\n        \"created_at\":
        \"2015-03-25T14:01:48+00:00\",\n        \"updated_at\": null\n      },\n      \"entity\":
        {\n        \"host\": \"e1589864-81d4-4e53-9864-8a88446c718a\",\n        \"domain_guid\":
        \"0a7ac015-b059-47d3-b1a2-873a6e370f36\",\n        \"space_guid\": \"d3483f4f-6706-4fe1-ad90-1bd45d50e940\",\n
        \       \"domain_url\": \"/v2/domains/0a7ac015-b059-47d3-b1a2-873a6e370f36\",\n
        \       \"space_url\": \"/v2/spaces/d3483f4f-6706-4fe1-ad90-1bd45d50e940\",\n
        \       \"apps_url\": \"/v2/routes/4ee1f0e2-eb11-4baf-83bb-9101a29aed92/apps\"\n
        \     }\n    },\n    {\n      \"metadata\": {\n        \"guid\": \"a8280d16-c5a4-445e-9f37-e2a8a721f773\",\n
        \       \"url\": \"/v2/routes/a8280d16-c5a4-445e-9f37-e2a8a721f773\",\n        \"created_at\":
        \"2015-03-25T14:01:49+00:00\",\n        \"updated_at\": null\n      },\n      \"entity\":
        {\n        \"host\": \"84761d3f-30cb-4f62-8e6d-4f2393dc9407\",\n        \"domain_guid\":
        \"0a7ac015-b059-47d3-b1a2-873a6e370f36\",\n        \"space_guid\": \"d3483f4f-6706-4fe1-ad90-1bd45d50e940\",\n
        \       \"domain_url\": \"/v2/domains/0a7ac015-b059-47d3-b1a2-873a6e370f36\",\n
        \       \"space_url\": \"/v2/spaces/d3483f4f-6706-4fe1-ad90-1bd45d50e940\",\n
        \       \"apps_url\": \"/v2/routes/a8280d16-c5a4-445e-9f37-e2a8a721f773/apps\"\n
        \     }\n    },\n    {\n      \"metadata\": {\n        \"guid\": \"f8273a4e-f409-48be-964a-71adb892bfdf\",\n
        \       \"url\": \"/v2/routes/f8273a4e-f409-48be-964a-71adb892bfdf\",\n        \"created_at\":
        \"2015-03-25T14:05:54+00:00\",\n        \"updated_at\": null\n      },\n      \"entity\":
        {\n        \"host\": \"fb8d79a8-248a-4a5c-ba88-ace8d2258a3c\",\n        \"domain_guid\":
        \"0a7ac015-b059-47d3-b1a2-873a6e370f36\",\n        \"space_guid\": \"d3483f4f-6706-4fe1-ad90-1bd45d50e940\",\n
        \       \"domain_url\": \"/v2/domains/0a7ac015-b059-47d3-b1a2-873a6e370f36\",\n
        \       \"space_url\": \"/v2/spaces/d3483f4f-6706-4fe1-ad90-1bd45d50e940\",\n
        \       \"apps_url\": \"/v2/routes/f8273a4e-f409-48be-964a-71adb892bfdf/apps\"\n
        \     }\n    },\n    {\n      \"metadata\": {\n        \"guid\": \"8e8431d7-9f0d-49c6-b828-695521e37bda\",\n
        \       \"url\": \"/v2/routes/8e8431d7-9f0d-49c6-b828-695521e37bda\",\n        \"created_at\":
        \"2015-03-25T14:05:57+00:00\",\n        \"updated_at\": null\n      },\n      \"entity\":
        {\n        \"host\": \"116411dd-0b37-401d-9808-42505f111e11\",\n        \"domain_guid\":
        \"0a7ac015-b059-47d3-b1a2-873a6e370f36\",\n        \"space_guid\": \"d3483f4f-6706-4fe1-ad90-1bd45d50e940\",\n
        \       \"domain_url\": \"/v2/domains/0a7ac015-b059-47d3-b1a2-873a6e370f36\",\n
        \       \"space_url\": \"/v2/spaces/d3483f4f-6706-4fe1-ad90-1bd45d50e940\",\n
        \       \"apps_url\": \"/v2/routes/8e8431d7-9f0d-49c6-b828-695521e37bda/apps\"\n
        \     }\n    },\n    {\n      \"metadata\": {\n        \"guid\": \"7efa9d57-cb58-4787-86a5-c29830b5c071\",\n
        \       \"url\": \"/v2/routes/7efa9d57-cb58-4787-86a5-c29830b5c071\",\n        \"created_at\":
        \"2015-03-25T14:11:48+00:00\",\n        \"updated_at\": null\n      },\n      \"entity\":
        {\n        \"host\": \"3c02272a-f1b4-4e9a-9fac-79f64c58dde0\",\n        \"domain_guid\":
        \"0a7ac015-b059-47d3-b1a2-873a6e370f36\",\n        \"space_guid\": \"d3483f4f-6706-4fe1-ad90-1bd45d50e940\",\n
        \       \"domain_url\": \"/v2/domains/0a7ac015-b059-47d3-b1a2-873a6e370f36\",\n
        \       \"space_url\": \"/v2/spaces/d3483f4f-6706-4fe1-ad90-1bd45d50e940\",\n
        \       \"apps_url\": \"/v2/routes/7efa9d57-cb58-4787-86a5-c29830b5c071/apps\"\n
        \     }\n    },\n    {\n      \"metadata\": {\n        \"guid\": \"d88b17a3-7c86-448f-9e54-e24ba56b9847\",\n
        \       \"url\": \"/v2/routes/d88b17a3-7c86-448f-9e54-e24ba56b9847\",\n        \"created_at\":
        \"2015-03-25T14:11:51+00:00\",\n        \"updated_at\": null\n      },\n      \"entity\":
        {\n        \"host\": \"7d7b386b-a08a-41ac-8239-c7d45fea1e80\",\n        \"domain_guid\":
        \"0a7ac015-b059-47d3-b1a2-873a6e370f36\",\n        \"space_guid\": \"d3483f4f-6706-4fe1-ad90-1bd45d50e940\",\n
        \       \"domain_url\": \"/v2/domains/0a7ac015-b059-47d3-b1a2-873a6e370f36\",\n
        \       \"space_url\": \"/v2/spaces/d3483f4f-6706-4fe1-ad90-1bd45d50e940\",\n
        \       \"apps_url\": \"/v2/routes/d88b17a3-7c86-448f-9e54-e24ba56b9847/apps\"\n
        \     }\n    },\n    {\n      \"metadata\": {\n        \"guid\": \"3d182e39-7233-48e1-a134-9f767bd10fde\",\n
        \       \"url\": \"/v2/routes/3d182e39-7233-48e1-a134-9f767bd10fde\",\n        \"created_at\":
        \"2015-03-25T14:27:02+00:00\",\n        \"updated_at\": null\n      },\n      \"entity\":
        {\n        \"host\": \"5d6c4f4d-cfa4-4e8a-b0da-15469c03659d\",\n        \"domain_guid\":
        \"0a7ac015-b059-47d3-b1a2-873a6e370f36\",\n        \"space_guid\": \"d3483f4f-6706-4fe1-ad90-1bd45d50e940\",\n
        \       \"domain_url\": \"/v2/domains/0a7ac015-b059-47d3-b1a2-873a6e370f36\",\n
        \       \"space_url\": \"/v2/spaces/d3483f4f-6706-4fe1-ad90-1bd45d50e940\",\n
        \       \"apps_url\": \"/v2/routes/3d182e39-7233-48e1-a134-9f767bd10fde/apps\"\n
        \     }\n    },\n    {\n      \"metadata\": {\n        \"guid\": \"233ef48f-60c4-4ef9-ad73-4ff8e6c12e14\",\n
        \       \"url\": \"/v2/routes/233ef48f-60c4-4ef9-ad73-4ff8e6c12e14\",\n        \"created_at\":
        \"2015-03-25T14:27:03+00:00\",\n        \"updated_at\": null\n      },\n      \"entity\":
        {\n        \"host\": \"f0a1e3e6-1dba-451d-b1bc-143a677be72b\",\n        \"domain_guid\":
        \"0a7ac015-b059-47d3-b1a2-873a6e370f36\",\n        \"space_guid\": \"d3483f4f-6706-4fe1-ad90-1bd45d50e940\",\n
        \       \"domain_url\": \"/v2/domains/0a7ac015-b059-47d3-b1a2-873a6e370f36\",\n
        \       \"space_url\": \"/v2/spaces/d3483f4f-6706-4fe1-ad90-1bd45d50e940\",\n
        \       \"apps_url\": \"/v2/routes/233ef48f-60c4-4ef9-ad73-4ff8e6c12e14/apps\"\n
        \     }\n    },\n    {\n      \"metadata\": {\n        \"guid\": \"06c8ffa4-c090-42aa-a484-e9d3e7bec43f\",\n
        \       \"url\": \"/v2/routes/06c8ffa4-c090-42aa-a484-e9d3e7bec43f\",\n        \"created_at\":
        \"2015-03-25T14:33:11+00:00\",\n        \"updated_at\": null\n      },\n      \"entity\":
        {\n        \"host\": \"97c8eb16-2b71-4895-8041-7a946e702bd7\",\n        \"domain_guid\":
        \"0a7ac015-b059-47d3-b1a2-873a6e370f36\",\n        \"space_guid\": \"d3483f4f-6706-4fe1-ad90-1bd45d50e940\",\n
        \       \"domain_url\": \"/v2/domains/0a7ac015-b059-47d3-b1a2-873a6e370f36\",\n
        \       \"space_url\": \"/v2/spaces/d3483f4f-6706-4fe1-ad90-1bd45d50e940\",\n
        \       \"apps_url\": \"/v2/routes/06c8ffa4-c090-42aa-a484-e9d3e7bec43f/apps\"\n
        \     }\n    },\n    {\n      \"metadata\": {\n        \"guid\": \"deec8f19-6af0-4f0b-b9af-9d39668eefc1\",\n
        \       \"url\": \"/v2/routes/deec8f19-6af0-4f0b-b9af-9d39668eefc1\",\n        \"created_at\":
        \"2015-03-25T14:33:14+00:00\",\n        \"updated_at\": null\n      },\n      \"entity\":
        {\n        \"host\": \"1f0e92a3-983d-4f3e-8689-b868a47d4583\",\n        \"domain_guid\":
        \"0a7ac015-b059-47d3-b1a2-873a6e370f36\",\n        \"space_guid\": \"d3483f4f-6706-4fe1-ad90-1bd45d50e940\",\n
        \       \"domain_url\": \"/v2/domains/0a7ac015-b059-47d3-b1a2-873a6e370f36\",\n
        \       \"space_url\": \"/v2/spaces/d3483f4f-6706-4fe1-ad90-1bd45d50e940\",\n
        \       \"apps_url\": \"/v2/routes/deec8f19-6af0-4f0b-b9af-9d39668eefc1/apps\"\n
        \     }\n    },\n    {\n      \"metadata\": {\n        \"guid\": \"909e8834-1e02-4c33-b6eb-e244b940462e\",\n
        \       \"url\": \"/v2/routes/909e8834-1e02-4c33-b6eb-e244b940462e\",\n        \"created_at\":
        \"2015-03-25T14:36:17+00:00\",\n        \"updated_at\": null\n      },\n      \"entity\":
        {\n        \"host\": \"c8ad55c8-6907-45a7-8a91-b38387b8e4a5\",\n        \"domain_guid\":
        \"0a7ac015-b059-47d3-b1a2-873a6e370f36\",\n        \"space_guid\": \"d3483f4f-6706-4fe1-ad90-1bd45d50e940\",\n
        \       \"domain_url\": \"/v2/domains/0a7ac015-b059-47d3-b1a2-873a6e370f36\",\n
        \       \"space_url\": \"/v2/spaces/d3483f4f-6706-4fe1-ad90-1bd45d50e940\",\n
        \       \"apps_url\": \"/v2/routes/909e8834-1e02-4c33-b6eb-e244b940462e/apps\"\n
        \     }\n    },\n    {\n      \"metadata\": {\n        \"guid\": \"8673de10-32fd-47a7-afb4-4d05474e0be2\",\n
        \       \"url\": \"/v2/routes/8673de10-32fd-47a7-afb4-4d05474e0be2\",\n        \"created_at\":
        \"2015-03-25T14:36:20+00:00\",\n        \"updated_at\": null\n      },\n      \"entity\":
        {\n        \"host\": \"e0376cb5-4301-40ef-8664-3e80adf4c285\",\n        \"domain_guid\":
        \"0a7ac015-b059-47d3-b1a2-873a6e370f36\",\n        \"space_guid\": \"d3483f4f-6706-4fe1-ad90-1bd45d50e940\",\n
        \       \"domain_url\": \"/v2/domains/0a7ac015-b059-47d3-b1a2-873a6e370f36\",\n
        \       \"space_url\": \"/v2/spaces/d3483f4f-6706-4fe1-ad90-1bd45d50e940\",\n
        \       \"apps_url\": \"/v2/routes/8673de10-32fd-47a7-afb4-4d05474e0be2/apps\"\n
        \     }\n    },\n    {\n      \"metadata\": {\n        \"guid\": \"cbeddfde-2bea-40ec-8a9d-274d83efba6c\",\n
        \       \"url\": \"/v2/routes/cbeddfde-2bea-40ec-8a9d-274d83efba6c\",\n        \"created_at\":
        \"2015-03-25T14:40:24+00:00\",\n        \"updated_at\": null\n      },\n      \"entity\":
        {\n        \"host\": \"f015b85b-d679-4013-a9a5-6037d1553274\",\n        \"domain_guid\":
        \"0a7ac015-b059-47d3-b1a2-873a6e370f36\",\n        \"space_guid\": \"d3483f4f-6706-4fe1-ad90-1bd45d50e940\",\n
        \       \"domain_url\": \"/v2/domains/0a7ac015-b059-47d3-b1a2-873a6e370f36\",\n
        \       \"space_url\": \"/v2/spaces/d3483f4f-6706-4fe1-ad90-1bd45d50e940\",\n
        \       \"apps_url\": \"/v2/routes/cbeddfde-2bea-40ec-8a9d-274d83efba6c/apps\"\n
        \     }\n    },\n    {\n      \"metadata\": {\n        \"guid\": \"8a5a5e09-f383-40ba-8093-bc3f4c039674\",\n
        \       \"url\": \"/v2/routes/8a5a5e09-f383-40ba-8093-bc3f4c039674\",\n        \"created_at\":
        \"2015-03-25T14:40:27+00:00\",\n        \"updated_at\": null\n      },\n      \"entity\":
        {\n        \"host\": \"308ce732-30bf-434b-ab07-593f3a7d9795\",\n        \"domain_guid\":
        \"0a7ac015-b059-47d3-b1a2-873a6e370f36\",\n        \"space_guid\": \"d3483f4f-6706-4fe1-ad90-1bd45d50e940\",\n
        \       \"domain_url\": \"/v2/domains/0a7ac015-b059-47d3-b1a2-873a6e370f36\",\n
        \       \"space_url\": \"/v2/spaces/d3483f4f-6706-4fe1-ad90-1bd45d50e940\",\n
        \       \"apps_url\": \"/v2/routes/8a5a5e09-f383-40ba-8093-bc3f4c039674/apps\"\n
        \     }\n    },\n    {\n      \"metadata\": {\n        \"guid\": \"c2462d25-9f27-4b54-aec6-1265f1a40de7\",\n
        \       \"url\": \"/v2/routes/c2462d25-9f27-4b54-aec6-1265f1a40de7\",\n        \"created_at\":
        \"2015-03-25T14:42:57+00:00\",\n        \"updated_at\": null\n      },\n      \"entity\":
        {\n        \"host\": \"75b2ecc0-35d7-4fad-b8b6-d9d6df81fe82\",\n        \"domain_guid\":
        \"0a7ac015-b059-47d3-b1a2-873a6e370f36\",\n        \"space_guid\": \"d3483f4f-6706-4fe1-ad90-1bd45d50e940\",\n
        \       \"domain_url\": \"/v2/domains/0a7ac015-b059-47d3-b1a2-873a6e370f36\",\n
        \       \"space_url\": \"/v2/spaces/d3483f4f-6706-4fe1-ad90-1bd45d50e940\",\n
        \       \"apps_url\": \"/v2/routes/c2462d25-9f27-4b54-aec6-1265f1a40de7/apps\"\n
        \     }\n    },\n    {\n      \"metadata\": {\n        \"guid\": \"5050d494-0fcf-4cbf-863b-964c57d8df44\",\n
        \       \"url\": \"/v2/routes/5050d494-0fcf-4cbf-863b-964c57d8df44\",\n        \"created_at\":
        \"2015-03-25T14:43:00+00:00\",\n        \"updated_at\": null\n      },\n      \"entity\":
        {\n        \"host\": \"7fd704c5-77b1-4999-85df-38dc4635c850\",\n        \"domain_guid\":
        \"0a7ac015-b059-47d3-b1a2-873a6e370f36\",\n        \"space_guid\": \"d3483f4f-6706-4fe1-ad90-1bd45d50e940\",\n
        \       \"domain_url\": \"/v2/domains/0a7ac015-b059-47d3-b1a2-873a6e370f36\",\n
        \       \"space_url\": \"/v2/spaces/d3483f4f-6706-4fe1-ad90-1bd45d50e940\",\n
        \       \"apps_url\": \"/v2/routes/5050d494-0fcf-4cbf-863b-964c57d8df44/apps\"\n
        \     }\n    },\n    {\n      \"metadata\": {\n        \"guid\": \"28a45dd6-d997-4063-82ed-b963b395e47d\",\n
        \       \"url\": \"/v2/routes/28a45dd6-d997-4063-82ed-b963b395e47d\",\n        \"created_at\":
        \"2015-03-25T14:44:42+00:00\",\n        \"updated_at\": null\n      },\n      \"entity\":
        {\n        \"host\": \"4b1a16f1-9d5a-4604-9cb8-051a8c1d66b7\",\n        \"domain_guid\":
        \"0a7ac015-b059-47d3-b1a2-873a6e370f36\",\n        \"space_guid\": \"d3483f4f-6706-4fe1-ad90-1bd45d50e940\",\n
        \       \"domain_url\": \"/v2/domains/0a7ac015-b059-47d3-b1a2-873a6e370f36\",\n
        \       \"space_url\": \"/v2/spaces/d3483f4f-6706-4fe1-ad90-1bd45d50e940\",\n
        \       \"apps_url\": \"/v2/routes/28a45dd6-d997-4063-82ed-b963b395e47d/apps\"\n
        \     }\n    },\n    {\n      \"metadata\": {\n        \"guid\": \"07ea4ff7-85c6-4428-bdb8-20fa80494f07\",\n
        \       \"url\": \"/v2/routes/07ea4ff7-85c6-4428-bdb8-20fa80494f07\",\n        \"created_at\":
        \"2015-03-25T14:44:43+00:00\",\n        \"updated_at\": null\n      },\n      \"entity\":
        {\n        \"host\": \"3976284f-ff0f-41b6-bc7c-1ece63b9b2e8\",\n        \"domain_guid\":
        \"0a7ac015-b059-47d3-b1a2-873a6e370f36\",\n        \"space_guid\": \"d3483f4f-6706-4fe1-ad90-1bd45d50e940\",\n
        \       \"domain_url\": \"/v2/domains/0a7ac015-b059-47d3-b1a2-873a6e370f36\",\n
        \       \"space_url\": \"/v2/spaces/d3483f4f-6706-4fe1-ad90-1bd45d50e940\",\n
        \       \"apps_url\": \"/v2/routes/07ea4ff7-85c6-4428-bdb8-20fa80494f07/apps\"\n
        \     }\n    },\n    {\n      \"metadata\": {\n        \"guid\": \"970bc6e2-9302-45c5-ae14-6c84b2d70ed9\",\n
        \       \"url\": \"/v2/routes/970bc6e2-9302-45c5-ae14-6c84b2d70ed9\",\n        \"created_at\":
        \"2015-03-25T14:53:07+00:00\",\n        \"updated_at\": null\n      },\n      \"entity\":
        {\n        \"host\": \"dcc4fce8-a15e-43ff-977a-39f9f4aeda6d\",\n        \"domain_guid\":
        \"0a7ac015-b059-47d3-b1a2-873a6e370f36\",\n        \"space_guid\": \"d3483f4f-6706-4fe1-ad90-1bd45d50e940\",\n
        \       \"domain_url\": \"/v2/domains/0a7ac015-b059-47d3-b1a2-873a6e370f36\",\n
        \       \"space_url\": \"/v2/spaces/d3483f4f-6706-4fe1-ad90-1bd45d50e940\",\n
        \       \"apps_url\": \"/v2/routes/970bc6e2-9302-45c5-ae14-6c84b2d70ed9/apps\"\n
        \     }\n    },\n    {\n      \"metadata\": {\n        \"guid\": \"356197df-32eb-460f-910b-08db1a45db63\",\n
        \       \"url\": \"/v2/routes/356197df-32eb-460f-910b-08db1a45db63\",\n        \"created_at\":
        \"2015-03-25T14:53:08+00:00\",\n        \"updated_at\": null\n      },\n      \"entity\":
        {\n        \"host\": \"402a7e37-8a61-4681-b0d1-c4bb263fb00d\",\n        \"domain_guid\":
        \"0a7ac015-b059-47d3-b1a2-873a6e370f36\",\n        \"space_guid\": \"d3483f4f-6706-4fe1-ad90-1bd45d50e940\",\n
        \       \"domain_url\": \"/v2/domains/0a7ac015-b059-47d3-b1a2-873a6e370f36\",\n
        \       \"space_url\": \"/v2/spaces/d3483f4f-6706-4fe1-ad90-1bd45d50e940\",\n
        \       \"apps_url\": \"/v2/routes/356197df-32eb-460f-910b-08db1a45db63/apps\"\n
        \     }\n    },\n    {\n      \"metadata\": {\n        \"guid\": \"4ddf5ed9-c18e-4301-8ada-f7be6e447cd8\",\n
        \       \"url\": \"/v2/routes/4ddf5ed9-c18e-4301-8ada-f7be6e447cd8\",\n        \"created_at\":
        \"2015-03-25T14:55:28+00:00\",\n        \"updated_at\": null\n      },\n      \"entity\":
        {\n        \"host\": \"5aad21a5-c908-4f76-b724-ce106b7ff13d\",\n        \"domain_guid\":
        \"0a7ac015-b059-47d3-b1a2-873a6e370f36\",\n        \"space_guid\": \"d3483f4f-6706-4fe1-ad90-1bd45d50e940\",\n
        \       \"domain_url\": \"/v2/domains/0a7ac015-b059-47d3-b1a2-873a6e370f36\",\n
        \       \"space_url\": \"/v2/spaces/d3483f4f-6706-4fe1-ad90-1bd45d50e940\",\n
        \       \"apps_url\": \"/v2/routes/4ddf5ed9-c18e-4301-8ada-f7be6e447cd8/apps\"\n
        \     }\n    },\n    {\n      \"metadata\": {\n        \"guid\": \"c4444e48-93b4-4a21-989b-dbdc7323abbe\",\n
        \       \"url\": \"/v2/routes/c4444e48-93b4-4a21-989b-dbdc7323abbe\",\n        \"created_at\":
        \"2015-03-25T14:55:29+00:00\",\n        \"updated_at\": null\n      },\n      \"entity\":
        {\n        \"host\": \"f55de752-dfb1-437c-a485-beb8ecbcc54a\",\n        \"domain_guid\":
        \"0a7ac015-b059-47d3-b1a2-873a6e370f36\",\n        \"space_guid\": \"d3483f4f-6706-4fe1-ad90-1bd45d50e940\",\n
        \       \"domain_url\": \"/v2/domains/0a7ac015-b059-47d3-b1a2-873a6e370f36\",\n
        \       \"space_url\": \"/v2/spaces/d3483f4f-6706-4fe1-ad90-1bd45d50e940\",\n
        \       \"apps_url\": \"/v2/routes/c4444e48-93b4-4a21-989b-dbdc7323abbe/apps\"\n
        \     }\n    },\n    {\n      \"metadata\": {\n        \"guid\": \"d9db1e8a-0efe-4ab1-9711-786ea8ab066b\",\n
        \       \"url\": \"/v2/routes/d9db1e8a-0efe-4ab1-9711-786ea8ab066b\",\n        \"created_at\":
        \"2015-03-25T14:56:33+00:00\",\n        \"updated_at\": null\n      },\n      \"entity\":
        {\n        \"host\": \"df40c505-e6e7-4cd2-8f0e-f389e7bf897f\",\n        \"domain_guid\":
        \"0a7ac015-b059-47d3-b1a2-873a6e370f36\",\n        \"space_guid\": \"d3483f4f-6706-4fe1-ad90-1bd45d50e940\",\n
        \       \"domain_url\": \"/v2/domains/0a7ac015-b059-47d3-b1a2-873a6e370f36\",\n
        \       \"space_url\": \"/v2/spaces/d3483f4f-6706-4fe1-ad90-1bd45d50e940\",\n
        \       \"apps_url\": \"/v2/routes/d9db1e8a-0efe-4ab1-9711-786ea8ab066b/apps\"\n
        \     }\n    },\n    {\n      \"metadata\": {\n        \"guid\": \"130d711a-fefe-4395-b3dc-d64cbd2041bc\",\n
        \       \"url\": \"/v2/routes/130d711a-fefe-4395-b3dc-d64cbd2041bc\",\n        \"created_at\":
        \"2015-03-25T14:56:34+00:00\",\n        \"updated_at\": null\n      },\n      \"entity\":
        {\n        \"host\": \"82cd3125-2ae0-43b2-a566-fe61e6e1a934\",\n        \"domain_guid\":
        \"0a7ac015-b059-47d3-b1a2-873a6e370f36\",\n        \"space_guid\": \"d3483f4f-6706-4fe1-ad90-1bd45d50e940\",\n
        \       \"domain_url\": \"/v2/domains/0a7ac015-b059-47d3-b1a2-873a6e370f36\",\n
        \       \"space_url\": \"/v2/spaces/d3483f4f-6706-4fe1-ad90-1bd45d50e940\",\n
        \       \"apps_url\": \"/v2/routes/130d711a-fefe-4395-b3dc-d64cbd2041bc/apps\"\n
        \     }\n    },\n    {\n      \"metadata\": {\n        \"guid\": \"28e8abd6-f24e-4d21-a0ee-b2500948db33\",\n
        \       \"url\": \"/v2/routes/28e8abd6-f24e-4d21-a0ee-b2500948db33\",\n        \"created_at\":
        \"2015-03-25T15:01:10+00:00\",\n        \"updated_at\": null\n      },\n      \"entity\":
        {\n        \"host\": \"ef6584a0-8891-4733-bd78-1bffa95a47a2\",\n        \"domain_guid\":
        \"0a7ac015-b059-47d3-b1a2-873a6e370f36\",\n        \"space_guid\": \"d3483f4f-6706-4fe1-ad90-1bd45d50e940\",\n
        \       \"domain_url\": \"/v2/domains/0a7ac015-b059-47d3-b1a2-873a6e370f36\",\n
        \       \"space_url\": \"/v2/spaces/d3483f4f-6706-4fe1-ad90-1bd45d50e940\",\n
        \       \"apps_url\": \"/v2/routes/28e8abd6-f24e-4d21-a0ee-b2500948db33/apps\"\n
        \     }\n    },\n    {\n      \"metadata\": {\n        \"guid\": \"c0bcdc4a-a5a3-41bf-8ad2-891ba0bfe0e3\",\n
        \       \"url\": \"/v2/routes/c0bcdc4a-a5a3-41bf-8ad2-891ba0bfe0e3\",\n        \"created_at\":
        \"2015-03-25T15:01:11+00:00\",\n        \"updated_at\": null\n      },\n      \"entity\":
        {\n        \"host\": \"62ee9bda-1002-41a3-be0f-0c86f560d329\",\n        \"domain_guid\":
        \"0a7ac015-b059-47d3-b1a2-873a6e370f36\",\n        \"space_guid\": \"d3483f4f-6706-4fe1-ad90-1bd45d50e940\",\n
        \       \"domain_url\": \"/v2/domains/0a7ac015-b059-47d3-b1a2-873a6e370f36\",\n
        \       \"space_url\": \"/v2/spaces/d3483f4f-6706-4fe1-ad90-1bd45d50e940\",\n
        \       \"apps_url\": \"/v2/routes/c0bcdc4a-a5a3-41bf-8ad2-891ba0bfe0e3/apps\"\n
        \     }\n    },\n    {\n      \"metadata\": {\n        \"guid\": \"6b145017-23d6-49a4-890f-251d022a150e\",\n
        \       \"url\": \"/v2/routes/6b145017-23d6-49a4-890f-251d022a150e\",\n        \"created_at\":
        \"2015-03-25T15:02:41+00:00\",\n        \"updated_at\": null\n      },\n      \"entity\":
        {\n        \"host\": \"204a2cd4-6e37-4890-8fdb-3215c0abc224\",\n        \"domain_guid\":
        \"0a7ac015-b059-47d3-b1a2-873a6e370f36\",\n        \"space_guid\": \"d3483f4f-6706-4fe1-ad90-1bd45d50e940\",\n
        \       \"domain_url\": \"/v2/domains/0a7ac015-b059-47d3-b1a2-873a6e370f36\",\n
        \       \"space_url\": \"/v2/spaces/d3483f4f-6706-4fe1-ad90-1bd45d50e940\",\n
        \       \"apps_url\": \"/v2/routes/6b145017-23d6-49a4-890f-251d022a150e/apps\"\n
        \     }\n    },\n    {\n      \"metadata\": {\n        \"guid\": \"627ee8dc-77a9-4cff-9a7b-24dcd85cbe6a\",\n
        \       \"url\": \"/v2/routes/627ee8dc-77a9-4cff-9a7b-24dcd85cbe6a\",\n        \"created_at\":
        \"2015-03-25T15:02:41+00:00\",\n        \"updated_at\": null\n      },\n      \"entity\":
        {\n        \"host\": \"333bd02e-a2f5-44bf-a2ec-af70faf843fb\",\n        \"domain_guid\":
        \"0a7ac015-b059-47d3-b1a2-873a6e370f36\",\n        \"space_guid\": \"d3483f4f-6706-4fe1-ad90-1bd45d50e940\",\n
        \       \"domain_url\": \"/v2/domains/0a7ac015-b059-47d3-b1a2-873a6e370f36\",\n
        \       \"space_url\": \"/v2/spaces/d3483f4f-6706-4fe1-ad90-1bd45d50e940\",\n
        \       \"apps_url\": \"/v2/routes/627ee8dc-77a9-4cff-9a7b-24dcd85cbe6a/apps\"\n
        \     }\n    },\n    {\n      \"metadata\": {\n        \"guid\": \"21d9732e-5ab0-428b-b026-a8132227a263\",\n
        \       \"url\": \"/v2/routes/21d9732e-5ab0-428b-b026-a8132227a263\",\n        \"created_at\":
        \"2015-03-25T15:05:25+00:00\",\n        \"updated_at\": null\n      },\n      \"entity\":
        {\n        \"host\": \"e2cce31f-e6b0-447c-80db-be7f841465a3\",\n        \"domain_guid\":
        \"0a7ac015-b059-47d3-b1a2-873a6e370f36\",\n        \"space_guid\": \"d3483f4f-6706-4fe1-ad90-1bd45d50e940\",\n
        \       \"domain_url\": \"/v2/domains/0a7ac015-b059-47d3-b1a2-873a6e370f36\",\n
        \       \"space_url\": \"/v2/spaces/d3483f4f-6706-4fe1-ad90-1bd45d50e940\",\n
        \       \"apps_url\": \"/v2/routes/21d9732e-5ab0-428b-b026-a8132227a263/apps\"\n
        \     }\n    },\n    {\n      \"metadata\": {\n        \"guid\": \"8511fa8c-57da-4fcd-9dd9-3f1d2c284226\",\n
        \       \"url\": \"/v2/routes/8511fa8c-57da-4fcd-9dd9-3f1d2c284226\",\n        \"created_at\":
        \"2015-03-25T15:05:26+00:00\",\n        \"updated_at\": null\n      },\n      \"entity\":
        {\n        \"host\": \"005f083b-e57a-4ed6-902a-6af96209132b\",\n        \"domain_guid\":
        \"0a7ac015-b059-47d3-b1a2-873a6e370f36\",\n        \"space_guid\": \"d3483f4f-6706-4fe1-ad90-1bd45d50e940\",\n
        \       \"domain_url\": \"/v2/domains/0a7ac015-b059-47d3-b1a2-873a6e370f36\",\n
        \       \"space_url\": \"/v2/spaces/d3483f4f-6706-4fe1-ad90-1bd45d50e940\",\n
        \       \"apps_url\": \"/v2/routes/8511fa8c-57da-4fcd-9dd9-3f1d2c284226/apps\"\n
        \     }\n    },\n    {\n      \"metadata\": {\n        \"guid\": \"b48a8cb0-be8d-448e-86d1-567102a5f774\",\n
        \       \"url\": \"/v2/routes/b48a8cb0-be8d-448e-86d1-567102a5f774\",\n        \"created_at\":
        \"2015-03-25T15:11:14+00:00\",\n        \"updated_at\": null\n      },\n      \"entity\":
        {\n        \"host\": \"75879274-453e-4d20-8a56-b676d755a2e1\",\n        \"domain_guid\":
        \"0a7ac015-b059-47d3-b1a2-873a6e370f36\",\n        \"space_guid\": \"d3483f4f-6706-4fe1-ad90-1bd45d50e940\",\n
        \       \"domain_url\": \"/v2/domains/0a7ac015-b059-47d3-b1a2-873a6e370f36\",\n
        \       \"space_url\": \"/v2/spaces/d3483f4f-6706-4fe1-ad90-1bd45d50e940\",\n
        \       \"apps_url\": \"/v2/routes/b48a8cb0-be8d-448e-86d1-567102a5f774/apps\"\n
        \     }\n    },\n    {\n      \"metadata\": {\n        \"guid\": \"e3973561-0019-47cf-9ced-6587f454862f\",\n
        \       \"url\": \"/v2/routes/e3973561-0019-47cf-9ced-6587f454862f\",\n        \"created_at\":
        \"2015-03-25T15:11:15+00:00\",\n        \"updated_at\": null\n      },\n      \"entity\":
        {\n        \"host\": \"ae88864e-b89d-403f-80dc-6a8ddb9d36b8\",\n        \"domain_guid\":
        \"0a7ac015-b059-47d3-b1a2-873a6e370f36\",\n        \"space_guid\": \"d3483f4f-6706-4fe1-ad90-1bd45d50e940\",\n
        \       \"domain_url\": \"/v2/domains/0a7ac015-b059-47d3-b1a2-873a6e370f36\",\n
        \       \"space_url\": \"/v2/spaces/d3483f4f-6706-4fe1-ad90-1bd45d50e940\",\n
        \       \"apps_url\": \"/v2/routes/e3973561-0019-47cf-9ced-6587f454862f/apps\"\n
        \     }\n    },\n    {\n      \"metadata\": {\n        \"guid\": \"df9f9f52-5f7b-41af-9a66-a0b26953ee43\",\n
        \       \"url\": \"/v2/routes/df9f9f52-5f7b-41af-9a66-a0b26953ee43\",\n        \"created_at\":
        \"2015-03-25T15:15:02+00:00\",\n        \"updated_at\": null\n      },\n      \"entity\":
        {\n        \"host\": \"b399cd45-6265-472a-9226-504e457d23ee\",\n        \"domain_guid\":
        \"0a7ac015-b059-47d3-b1a2-873a6e370f36\",\n        \"space_guid\": \"d3483f4f-6706-4fe1-ad90-1bd45d50e940\",\n
        \       \"domain_url\": \"/v2/domains/0a7ac015-b059-47d3-b1a2-873a6e370f36\",\n
        \       \"space_url\": \"/v2/spaces/d3483f4f-6706-4fe1-ad90-1bd45d50e940\",\n
        \       \"apps_url\": \"/v2/routes/df9f9f52-5f7b-41af-9a66-a0b26953ee43/apps\"\n
        \     }\n    },\n    {\n      \"metadata\": {\n        \"guid\": \"056d3c95-cf95-4fd8-95c1-5a419a407cff\",\n
        \       \"url\": \"/v2/routes/056d3c95-cf95-4fd8-95c1-5a419a407cff\",\n        \"created_at\":
        \"2015-03-25T15:15:03+00:00\",\n        \"updated_at\": null\n      },\n      \"entity\":
        {\n        \"host\": \"3871381c-d064-4c14-a7c2-19532b218344\",\n        \"domain_guid\":
        \"0a7ac015-b059-47d3-b1a2-873a6e370f36\",\n        \"space_guid\": \"d3483f4f-6706-4fe1-ad90-1bd45d50e940\",\n
        \       \"domain_url\": \"/v2/domains/0a7ac015-b059-47d3-b1a2-873a6e370f36\",\n
        \       \"space_url\": \"/v2/spaces/d3483f4f-6706-4fe1-ad90-1bd45d50e940\",\n
        \       \"apps_url\": \"/v2/routes/056d3c95-cf95-4fd8-95c1-5a419a407cff/apps\"\n
        \     }\n    },\n    {\n      \"metadata\": {\n        \"guid\": \"fd87dfe6-2ab1-45d1-b8d4-b5f84f257110\",\n
        \       \"url\": \"/v2/routes/fd87dfe6-2ab1-45d1-b8d4-b5f84f257110\",\n        \"created_at\":
        \"2015-03-25T15:18:22+00:00\",\n        \"updated_at\": null\n      },\n      \"entity\":
        {\n        \"host\": \"7ef33da9-78fe-41e9-bce8-5aa778bcd039\",\n        \"domain_guid\":
        \"0a7ac015-b059-47d3-b1a2-873a6e370f36\",\n        \"space_guid\": \"d3483f4f-6706-4fe1-ad90-1bd45d50e940\",\n
        \       \"domain_url\": \"/v2/domains/0a7ac015-b059-47d3-b1a2-873a6e370f36\",\n
        \       \"space_url\": \"/v2/spaces/d3483f4f-6706-4fe1-ad90-1bd45d50e940\",\n
        \       \"apps_url\": \"/v2/routes/fd87dfe6-2ab1-45d1-b8d4-b5f84f257110/apps\"\n
        \     }\n    },\n    {\n      \"metadata\": {\n        \"guid\": \"7ed5c5ed-f52b-45d4-878b-54df1cfd62b5\",\n
        \       \"url\": \"/v2/routes/7ed5c5ed-f52b-45d4-878b-54df1cfd62b5\",\n        \"created_at\":
        \"2015-03-25T15:18:23+00:00\",\n        \"updated_at\": null\n      },\n      \"entity\":
        {\n        \"host\": \"653c2418-ae56-4004-a15d-6fed135ff5db\",\n        \"domain_guid\":
        \"0a7ac015-b059-47d3-b1a2-873a6e370f36\",\n        \"space_guid\": \"d3483f4f-6706-4fe1-ad90-1bd45d50e940\",\n
        \       \"domain_url\": \"/v2/domains/0a7ac015-b059-47d3-b1a2-873a6e370f36\",\n
        \       \"space_url\": \"/v2/spaces/d3483f4f-6706-4fe1-ad90-1bd45d50e940\",\n
        \       \"apps_url\": \"/v2/routes/7ed5c5ed-f52b-45d4-878b-54df1cfd62b5/apps\"\n
        \     }\n    },\n    {\n      \"metadata\": {\n        \"guid\": \"768608b4-83c2-4425-b5dd-8a0d936294be\",\n
        \       \"url\": \"/v2/routes/768608b4-83c2-4425-b5dd-8a0d936294be\",\n        \"created_at\":
        \"2015-03-25T15:19:12+00:00\",\n        \"updated_at\": null\n      },\n      \"entity\":
        {\n        \"host\": \"6ccc07f6-4e1b-450b-b8f3-4079d161f904\",\n        \"domain_guid\":
        \"0a7ac015-b059-47d3-b1a2-873a6e370f36\",\n        \"space_guid\": \"d3483f4f-6706-4fe1-ad90-1bd45d50e940\",\n
        \       \"domain_url\": \"/v2/domains/0a7ac015-b059-47d3-b1a2-873a6e370f36\",\n
        \       \"space_url\": \"/v2/spaces/d3483f4f-6706-4fe1-ad90-1bd45d50e940\",\n
        \       \"apps_url\": \"/v2/routes/768608b4-83c2-4425-b5dd-8a0d936294be/apps\"\n
        \     }\n    },\n    {\n      \"metadata\": {\n        \"guid\": \"308cd795-c92c-4061-8459-1349cba99212\",\n
        \       \"url\": \"/v2/routes/308cd795-c92c-4061-8459-1349cba99212\",\n        \"created_at\":
        \"2015-03-25T15:19:13+00:00\",\n        \"updated_at\": null\n      },\n      \"entity\":
        {\n        \"host\": \"d259c1d7-8128-4d1b-8193-49e67874cabf\",\n        \"domain_guid\":
        \"0a7ac015-b059-47d3-b1a2-873a6e370f36\",\n        \"space_guid\": \"d3483f4f-6706-4fe1-ad90-1bd45d50e940\",\n
        \       \"domain_url\": \"/v2/domains/0a7ac015-b059-47d3-b1a2-873a6e370f36\",\n
        \       \"space_url\": \"/v2/spaces/d3483f4f-6706-4fe1-ad90-1bd45d50e940\",\n
        \       \"apps_url\": \"/v2/routes/308cd795-c92c-4061-8459-1349cba99212/apps\"\n
        \     }\n    },\n    {\n      \"metadata\": {\n        \"guid\": \"7b6075b9-2024-44ba-9827-d9fd1376b577\",\n
        \       \"url\": \"/v2/routes/7b6075b9-2024-44ba-9827-d9fd1376b577\",\n        \"created_at\":
        \"2015-03-25T15:21:53+00:00\",\n        \"updated_at\": null\n      },\n      \"entity\":
        {\n        \"host\": \"ea607dca-2756-47f8-bf8e-463af2e0d761\",\n        \"domain_guid\":
        \"0a7ac015-b059-47d3-b1a2-873a6e370f36\",\n        \"space_guid\": \"d3483f4f-6706-4fe1-ad90-1bd45d50e940\",\n
        \       \"domain_url\": \"/v2/domains/0a7ac015-b059-47d3-b1a2-873a6e370f36\",\n
        \       \"space_url\": \"/v2/spaces/d3483f4f-6706-4fe1-ad90-1bd45d50e940\",\n
        \       \"apps_url\": \"/v2/routes/7b6075b9-2024-44ba-9827-d9fd1376b577/apps\"\n
        \     }\n    },\n    {\n      \"metadata\": {\n        \"guid\": \"f6cb129c-3073-4dd2-8c5f-28aab7c65b7f\",\n
        \       \"url\": \"/v2/routes/f6cb129c-3073-4dd2-8c5f-28aab7c65b7f\",\n        \"created_at\":
        \"2015-03-25T15:21:54+00:00\",\n        \"updated_at\": null\n      },\n      \"entity\":
        {\n        \"host\": \"b6b3041a-468c-4c4e-ad9e-ab6dc60850d0\",\n        \"domain_guid\":
        \"0a7ac015-b059-47d3-b1a2-873a6e370f36\",\n        \"space_guid\": \"d3483f4f-6706-4fe1-ad90-1bd45d50e940\",\n
        \       \"domain_url\": \"/v2/domains/0a7ac015-b059-47d3-b1a2-873a6e370f36\",\n
        \       \"space_url\": \"/v2/spaces/d3483f4f-6706-4fe1-ad90-1bd45d50e940\",\n
        \       \"apps_url\": \"/v2/routes/f6cb129c-3073-4dd2-8c5f-28aab7c65b7f/apps\"\n
        \     }\n    },\n    {\n      \"metadata\": {\n        \"guid\": \"285d57a3-3cad-429b-82df-08aa0b6ab0e1\",\n
        \       \"url\": \"/v2/routes/285d57a3-3cad-429b-82df-08aa0b6ab0e1\",\n        \"created_at\":
        \"2015-03-25T15:23:30+00:00\",\n        \"updated_at\": null\n      },\n      \"entity\":
        {\n        \"host\": \"2e89287b-e388-48a0-9d34-21e5d19e7fea\",\n        \"domain_guid\":
        \"0a7ac015-b059-47d3-b1a2-873a6e370f36\",\n        \"space_guid\": \"d3483f4f-6706-4fe1-ad90-1bd45d50e940\",\n
        \       \"domain_url\": \"/v2/domains/0a7ac015-b059-47d3-b1a2-873a6e370f36\",\n
        \       \"space_url\": \"/v2/spaces/d3483f4f-6706-4fe1-ad90-1bd45d50e940\",\n
        \       \"apps_url\": \"/v2/routes/285d57a3-3cad-429b-82df-08aa0b6ab0e1/apps\"\n
        \     }\n    },\n    {\n      \"metadata\": {\n        \"guid\": \"0273033a-b2d2-4d95-8a3a-7b4aa8502939\",\n
        \       \"url\": \"/v2/routes/0273033a-b2d2-4d95-8a3a-7b4aa8502939\",\n        \"created_at\":
        \"2015-03-25T15:23:31+00:00\",\n        \"updated_at\": null\n      },\n      \"entity\":
        {\n        \"host\": \"72f86ae1-3f30-476b-b74c-be9dfefe207c\",\n        \"domain_guid\":
        \"0a7ac015-b059-47d3-b1a2-873a6e370f36\",\n        \"space_guid\": \"d3483f4f-6706-4fe1-ad90-1bd45d50e940\",\n
        \       \"domain_url\": \"/v2/domains/0a7ac015-b059-47d3-b1a2-873a6e370f36\",\n
        \       \"space_url\": \"/v2/spaces/d3483f4f-6706-4fe1-ad90-1bd45d50e940\",\n
        \       \"apps_url\": \"/v2/routes/0273033a-b2d2-4d95-8a3a-7b4aa8502939/apps\"\n
        \     }\n    },\n    {\n      \"metadata\": {\n        \"guid\": \"49f9cfdc-384b-4231-a5f7-e61ed206e6c0\",\n
        \       \"url\": \"/v2/routes/49f9cfdc-384b-4231-a5f7-e61ed206e6c0\",\n        \"created_at\":
        \"2015-03-25T15:24:28+00:00\",\n        \"updated_at\": null\n      },\n      \"entity\":
        {\n        \"host\": \"c2d0ed3a-6b3e-486a-a381-9bd8120dc025\",\n        \"domain_guid\":
        \"0a7ac015-b059-47d3-b1a2-873a6e370f36\",\n        \"space_guid\": \"d3483f4f-6706-4fe1-ad90-1bd45d50e940\",\n
        \       \"domain_url\": \"/v2/domains/0a7ac015-b059-47d3-b1a2-873a6e370f36\",\n
        \       \"space_url\": \"/v2/spaces/d3483f4f-6706-4fe1-ad90-1bd45d50e940\",\n
        \       \"apps_url\": \"/v2/routes/49f9cfdc-384b-4231-a5f7-e61ed206e6c0/apps\"\n
        \     }\n    },\n    {\n      \"metadata\": {\n        \"guid\": \"5fc92c9b-7b92-4de2-92a7-8cc16e6aac62\",\n
        \       \"url\": \"/v2/routes/5fc92c9b-7b92-4de2-92a7-8cc16e6aac62\",\n        \"created_at\":
        \"2015-03-25T15:24:29+00:00\",\n        \"updated_at\": null\n      },\n      \"entity\":
        {\n        \"host\": \"8195707d-7168-4c93-8339-99d409e36669\",\n        \"domain_guid\":
        \"0a7ac015-b059-47d3-b1a2-873a6e370f36\",\n        \"space_guid\": \"d3483f4f-6706-4fe1-ad90-1bd45d50e940\",\n
        \       \"domain_url\": \"/v2/domains/0a7ac015-b059-47d3-b1a2-873a6e370f36\",\n
        \       \"space_url\": \"/v2/spaces/d3483f4f-6706-4fe1-ad90-1bd45d50e940\",\n
        \       \"apps_url\": \"/v2/routes/5fc92c9b-7b92-4de2-92a7-8cc16e6aac62/apps\"\n
        \     }\n    },\n    {\n      \"metadata\": {\n        \"guid\": \"a4a1d8f2-fffb-4a6e-90e0-b26d046466b7\",\n
        \       \"url\": \"/v2/routes/a4a1d8f2-fffb-4a6e-90e0-b26d046466b7\",\n        \"created_at\":
        \"2015-03-25T15:26:29+00:00\",\n        \"updated_at\": null\n      },\n      \"entity\":
        {\n        \"host\": \"a73a1ffc-1b49-47af-a2ad-e15e21bdaf7e\",\n        \"domain_guid\":
        \"0a7ac015-b059-47d3-b1a2-873a6e370f36\",\n        \"space_guid\": \"d3483f4f-6706-4fe1-ad90-1bd45d50e940\",\n
        \       \"domain_url\": \"/v2/domains/0a7ac015-b059-47d3-b1a2-873a6e370f36\",\n
        \       \"space_url\": \"/v2/spaces/d3483f4f-6706-4fe1-ad90-1bd45d50e940\",\n
        \       \"apps_url\": \"/v2/routes/a4a1d8f2-fffb-4a6e-90e0-b26d046466b7/apps\"\n
        \     }\n    },\n    {\n      \"metadata\": {\n        \"guid\": \"693ff998-c9c8-4a44-b7df-e85a77d84eef\",\n
        \       \"url\": \"/v2/routes/693ff998-c9c8-4a44-b7df-e85a77d84eef\",\n        \"created_at\":
        \"2015-03-25T15:26:30+00:00\",\n        \"updated_at\": null\n      },\n      \"entity\":
        {\n        \"host\": \"5198b912-cff1-41d2-a8c9-4f90c99bb600\",\n        \"domain_guid\":
        \"0a7ac015-b059-47d3-b1a2-873a6e370f36\",\n        \"space_guid\": \"d3483f4f-6706-4fe1-ad90-1bd45d50e940\",\n
        \       \"domain_url\": \"/v2/domains/0a7ac015-b059-47d3-b1a2-873a6e370f36\",\n
        \       \"space_url\": \"/v2/spaces/d3483f4f-6706-4fe1-ad90-1bd45d50e940\",\n
        \       \"apps_url\": \"/v2/routes/693ff998-c9c8-4a44-b7df-e85a77d84eef/apps\"\n
        \     }\n    },\n    {\n      \"metadata\": {\n        \"guid\": \"43b9abad-8958-4499-9572-6135fb24734f\",\n
        \       \"url\": \"/v2/routes/43b9abad-8958-4499-9572-6135fb24734f\",\n        \"created_at\":
        \"2015-03-25T15:27:07+00:00\",\n        \"updated_at\": null\n      },\n      \"entity\":
        {\n        \"host\": \"d0c25fb6-8f2a-401b-bc0a-743d8efb657c\",\n        \"domain_guid\":
        \"0a7ac015-b059-47d3-b1a2-873a6e370f36\",\n        \"space_guid\": \"d3483f4f-6706-4fe1-ad90-1bd45d50e940\",\n
        \       \"domain_url\": \"/v2/domains/0a7ac015-b059-47d3-b1a2-873a6e370f36\",\n
        \       \"space_url\": \"/v2/spaces/d3483f4f-6706-4fe1-ad90-1bd45d50e940\",\n
        \       \"apps_url\": \"/v2/routes/43b9abad-8958-4499-9572-6135fb24734f/apps\"\n
        \     }\n    },\n    {\n      \"metadata\": {\n        \"guid\": \"fdc49525-11ac-4ac3-92a3-70c62308e651\",\n
        \       \"url\": \"/v2/routes/fdc49525-11ac-4ac3-92a3-70c62308e651\",\n        \"created_at\":
        \"2015-03-25T15:27:08+00:00\",\n        \"updated_at\": null\n      },\n      \"entity\":
        {\n        \"host\": \"12b3f7c0-da2e-4ded-9d91-4d5085db83ac\",\n        \"domain_guid\":
        \"0a7ac015-b059-47d3-b1a2-873a6e370f36\",\n        \"space_guid\": \"d3483f4f-6706-4fe1-ad90-1bd45d50e940\",\n
        \       \"domain_url\": \"/v2/domains/0a7ac015-b059-47d3-b1a2-873a6e370f36\",\n
        \       \"space_url\": \"/v2/spaces/d3483f4f-6706-4fe1-ad90-1bd45d50e940\",\n
        \       \"apps_url\": \"/v2/routes/fdc49525-11ac-4ac3-92a3-70c62308e651/apps\"\n
        \     }\n    },\n    {\n      \"metadata\": {\n        \"guid\": \"39f07eae-7a98-4cc7-b76a-74c2e74ad3a5\",\n
        \       \"url\": \"/v2/routes/39f07eae-7a98-4cc7-b76a-74c2e74ad3a5\",\n        \"created_at\":
        \"2015-03-25T15:39:23+00:00\",\n        \"updated_at\": null\n      },\n      \"entity\":
        {\n        \"host\": \"b1359262-120d-487f-b7cf-f99a8c0782b6\",\n        \"domain_guid\":
        \"0a7ac015-b059-47d3-b1a2-873a6e370f36\",\n        \"space_guid\": \"d3483f4f-6706-4fe1-ad90-1bd45d50e940\",\n
        \       \"domain_url\": \"/v2/domains/0a7ac015-b059-47d3-b1a2-873a6e370f36\",\n
        \       \"space_url\": \"/v2/spaces/d3483f4f-6706-4fe1-ad90-1bd45d50e940\",\n
        \       \"apps_url\": \"/v2/routes/39f07eae-7a98-4cc7-b76a-74c2e74ad3a5/apps\"\n
        \     }\n    },\n    {\n      \"metadata\": {\n        \"guid\": \"8dd84f5d-234e-4348-bff7-840ebef1080a\",\n
        \       \"url\": \"/v2/routes/8dd84f5d-234e-4348-bff7-840ebef1080a\",\n        \"created_at\":
        \"2015-03-25T15:39:24+00:00\",\n        \"updated_at\": null\n      },\n      \"entity\":
        {\n        \"host\": \"9c4498b2-5fa3-41a1-ac77-90fdf1748a0b\",\n        \"domain_guid\":
        \"0a7ac015-b059-47d3-b1a2-873a6e370f36\",\n        \"space_guid\": \"d3483f4f-6706-4fe1-ad90-1bd45d50e940\",\n
        \       \"domain_url\": \"/v2/domains/0a7ac015-b059-47d3-b1a2-873a6e370f36\",\n
        \       \"space_url\": \"/v2/spaces/d3483f4f-6706-4fe1-ad90-1bd45d50e940\",\n
        \       \"apps_url\": \"/v2/routes/8dd84f5d-234e-4348-bff7-840ebef1080a/apps\"\n
        \     }\n    }\n  ]\n}"
    http_version: 
  recorded_at: Wed, 25 Mar 2015 16:22:36 GMT
- request:
    method: get
    uri: https://api.10.244.0.34.xip.io/v2/spaces
    body:
      encoding: US-ASCII
      string: ''
    headers:
      User-Agent:
      - excon/0.44.4
      Authorization:
      - __AUTHORIZATION__
      Basic:
      - Y2Y6
      Content-Type:
      - application/json
      Accept-Encoding:
      - gzip
  response:
    status:
      code: 200
      message: 
    headers:
      Content-Length:
      - '1465'
      Content-Type:
      - application/json;charset=utf-8
      Date:
      - Wed, 25 Mar 2015 16:22:36 GMT
      Server:
      - nginx
      X-Cf-Requestid:
      - 661d3b12-8e5d-4bed-4c28-ef4d3d6fddf3
      X-Content-Type-Options:
      - nosniff
      X-Vcap-Request-Id:
      - a628e8a8-1bbc-4a3e-7807-97100feb2574::79244f21-649b-40a6-b0d3-fb925dc47742
    body:
      encoding: US-ASCII
      string: ! "{\n  \"total_results\": 1,\n  \"total_pages\": 1,\n  \"prev_url\":
        null,\n  \"next_url\": null,\n  \"resources\": [\n    {\n      \"metadata\":
        {\n        \"guid\": \"d3483f4f-6706-4fe1-ad90-1bd45d50e940\",\n        \"url\":
        \"/v2/spaces/d3483f4f-6706-4fe1-ad90-1bd45d50e940\",\n        \"created_at\":
        \"2015-03-19T07:21:47+00:00\",\n        \"updated_at\": null\n      },\n      \"entity\":
        {\n        \"name\": \"development\",\n        \"organization_guid\": \"d94caddf-45be-4c92-bb2d-62d3a65cbec0\",\n
        \       \"space_quota_definition_guid\": null,\n        \"organization_url\":
        \"/v2/organizations/d94caddf-45be-4c92-bb2d-62d3a65cbec0\",\n        \"developers_url\":
        \"/v2/spaces/d3483f4f-6706-4fe1-ad90-1bd45d50e940/developers\",\n        \"managers_url\":
        \"/v2/spaces/d3483f4f-6706-4fe1-ad90-1bd45d50e940/managers\",\n        \"auditors_url\":
        \"/v2/spaces/d3483f4f-6706-4fe1-ad90-1bd45d50e940/auditors\",\n        \"apps_url\":
        \"/v2/spaces/d3483f4f-6706-4fe1-ad90-1bd45d50e940/apps\",\n        \"routes_url\":
        \"/v2/spaces/d3483f4f-6706-4fe1-ad90-1bd45d50e940/routes\",\n        \"domains_url\":
        \"/v2/spaces/d3483f4f-6706-4fe1-ad90-1bd45d50e940/domains\",\n        \"service_instances_url\":
        \"/v2/spaces/d3483f4f-6706-4fe1-ad90-1bd45d50e940/service_instances\",\n        \"app_events_url\":
        \"/v2/spaces/d3483f4f-6706-4fe1-ad90-1bd45d50e940/app_events\",\n        \"events_url\":
        \"/v2/spaces/d3483f4f-6706-4fe1-ad90-1bd45d50e940/events\",\n        \"security_groups_url\":
        \"/v2/spaces/d3483f4f-6706-4fe1-ad90-1bd45d50e940/security_groups\"\n      }\n
        \   }\n  ]\n}"
    http_version: 
  recorded_at: Wed, 25 Mar 2015 16:22:36 GMT
- request:
    method: post
    uri: https://api.10.244.0.34.xip.io/v2/routes
    body:
      encoding: UTF-8
      string: ! '{"domain_guid":"0a7ac015-b059-47d3-b1a2-873a6e370f36","host":"f377c6ab-239f-4290-a478-10e97fc601b7","space_guid":"d3483f4f-6706-4fe1-ad90-1bd45d50e940"}'
    headers:
      User-Agent:
      - excon/0.44.4
      Authorization:
      - __AUTHORIZATION__
      Basic:
      - Y2Y6
      Content-Type:
      - application/json
      Accept-Encoding:
      - gzip
  response:
    status:
      code: 201
      message: 
    headers:
      Content-Length:
      - '604'
      Content-Type:
      - application/json;charset=utf-8
      Date:
      - Wed, 25 Mar 2015 16:22:37 GMT
      Location:
      - /v2/routes/eb85a060-81dc-48b4-9ff4-6f3638963464
      Server:
      - nginx
      X-Cf-Requestid:
      - be3ea5e4-43f0-4dca-40fe-5d7a44df9f03
      X-Content-Type-Options:
      - nosniff
      X-Vcap-Request-Id:
      - 900a054c-6ded-44ef-42a7-d27f4423f5e4::c7913b15-9686-4001-a3cb-1c01c3ba11c9
    body:
      encoding: US-ASCII
      string: ! "{\n  \"metadata\": {\n    \"guid\": \"eb85a060-81dc-48b4-9ff4-6f3638963464\",\n
        \   \"url\": \"/v2/routes/eb85a060-81dc-48b4-9ff4-6f3638963464\",\n    \"created_at\":
        \"2015-03-25T16:22:36+00:00\",\n    \"updated_at\": null\n  },\n  \"entity\":
        {\n    \"host\": \"f377c6ab-239f-4290-a478-10e97fc601b7\",\n    \"domain_guid\":
        \"0a7ac015-b059-47d3-b1a2-873a6e370f36\",\n    \"space_guid\": \"d3483f4f-6706-4fe1-ad90-1bd45d50e940\",\n
        \   \"domain_url\": \"/v2/domains/0a7ac015-b059-47d3-b1a2-873a6e370f36\",\n
        \   \"space_url\": \"/v2/spaces/d3483f4f-6706-4fe1-ad90-1bd45d50e940\",\n
        \   \"apps_url\": \"/v2/routes/eb85a060-81dc-48b4-9ff4-6f3638963464/apps\"\n
        \ }\n}"
    http_version: 
  recorded_at: Wed, 25 Mar 2015 16:22:36 GMT
- request:
    method: put
    uri: https://api.10.244.0.34.xip.io/v2/apps/f377c6ab-239f-4290-a478-10e97fc601b7/routes/eb85a060-81dc-48b4-9ff4-6f3638963464
    body:
      encoding: US-ASCII
      string: ''
    headers:
      User-Agent:
      - excon/0.44.4
      Authorization:
      - __AUTHORIZATION__
      Basic:
      - Y2Y6
      Content-Type:
      - application/json
      Accept-Encoding:
      - gzip
  response:
    status:
      code: 201
      message: 
    headers:
      Content-Length:
      - '1338'
      Content-Type:
      - application/json;charset=utf-8
      Date:
      - Wed, 25 Mar 2015 16:22:37 GMT
      Server:
      - nginx
      X-Cf-Requestid:
      - 76395796-487e-4cbe-7b40-c2de1d77d87d
      X-Content-Type-Options:
      - nosniff
      X-Vcap-Request-Id:
      - 3fb22dfa-15bc-4d5e-4e6b-8f0c8694a1ef::887efe72-c281-46d8-b4bd-cbc2a9dc2a3d
    body:
      encoding: US-ASCII
      string: ! "{\n  \"metadata\": {\n    \"guid\": \"f377c6ab-239f-4290-a478-10e97fc601b7\",\n
        \   \"url\": \"/v2/apps/f377c6ab-239f-4290-a478-10e97fc601b7\",\n    \"created_at\":
        \"2015-03-25T16:22:36+00:00\",\n    \"updated_at\": \"2015-03-25T16:22:37+00:00\"\n
        \ },\n  \"entity\": {\n    \"name\": \"paasal-test-app-min-properties\",\n
        \   \"production\": false,\n    \"space_guid\": \"d3483f4f-6706-4fe1-ad90-1bd45d50e940\",\n
        \   \"stack_guid\": \"b4d24013-b385-4db1-a171-b4e151a87c46\",\n    \"buildpack\":
        \"java_buildpack\",\n    \"detected_buildpack\": null,\n    \"environment_json\":
        {\n\n    },\n    \"memory\": 256,\n    \"instances\": 1,\n    \"disk_quota\":
        1024,\n    \"state\": \"STOPPED\",\n    \"version\": \"3bac1ce9-50f1-4706-a220-807a3a8a5251\",\n
        \   \"command\": null,\n    \"console\": false,\n    \"debug\": null,\n    \"staging_task_id\":
        null,\n    \"package_state\": \"PENDING\",\n    \"health_check_timeout\":
        null,\n    \"staging_failed_reason\": null,\n    \"docker_image\": null,\n
        \   \"package_updated_at\": null,\n    \"detected_start_command\": \"\",\n
        \   \"space_url\": \"/v2/spaces/d3483f4f-6706-4fe1-ad90-1bd45d50e940\",\n
        \   \"stack_url\": \"/v2/stacks/b4d24013-b385-4db1-a171-b4e151a87c46\",\n
        \   \"events_url\": \"/v2/apps/f377c6ab-239f-4290-a478-10e97fc601b7/events\",\n
        \   \"service_bindings_url\": \"/v2/apps/f377c6ab-239f-4290-a478-10e97fc601b7/service_bindings\",\n
        \   \"routes_url\": \"/v2/apps/f377c6ab-239f-4290-a478-10e97fc601b7/routes\"\n
        \ }\n}"
    http_version: 
  recorded_at: Wed, 25 Mar 2015 16:22:37 GMT
- request:
    method: get
    uri: https://api.10.244.0.34.xip.io/v2/apps/f377c6ab-239f-4290-a478-10e97fc601b7
    body:
      encoding: US-ASCII
      string: ''
    headers:
      User-Agent:
      - excon/0.44.4
      Authorization:
      - __AUTHORIZATION__
      Basic:
      - Y2Y6
      Content-Type:
      - application/json
      Accept-Encoding:
      - gzip
  response:
    status:
      code: 200
      message: 
    headers:
      Content-Length:
      - '1338'
      Content-Type:
      - application/json;charset=utf-8
      Date:
      - Wed, 25 Mar 2015 16:22:37 GMT
      Server:
      - nginx
      X-Cf-Requestid:
      - f1dd9eea-e548-4bd6-4359-c775d6f871a2
      X-Content-Type-Options:
      - nosniff
      X-Vcap-Request-Id:
      - 2d3d0134-e7e9-4a19-662c-13eb3465c99d::ef392ac6-74cc-42dc-8a2b-46559f9d1b42
    body:
      encoding: US-ASCII
      string: ! "{\n  \"metadata\": {\n    \"guid\": \"f377c6ab-239f-4290-a478-10e97fc601b7\",\n
        \   \"url\": \"/v2/apps/f377c6ab-239f-4290-a478-10e97fc601b7\",\n    \"created_at\":
        \"2015-03-25T16:22:36+00:00\",\n    \"updated_at\": \"2015-03-25T16:22:37+00:00\"\n
        \ },\n  \"entity\": {\n    \"name\": \"paasal-test-app-min-properties\",\n
        \   \"production\": false,\n    \"space_guid\": \"d3483f4f-6706-4fe1-ad90-1bd45d50e940\",\n
        \   \"stack_guid\": \"b4d24013-b385-4db1-a171-b4e151a87c46\",\n    \"buildpack\":
        \"java_buildpack\",\n    \"detected_buildpack\": null,\n    \"environment_json\":
        {\n\n    },\n    \"memory\": 256,\n    \"instances\": 1,\n    \"disk_quota\":
        1024,\n    \"state\": \"STOPPED\",\n    \"version\": \"3bac1ce9-50f1-4706-a220-807a3a8a5251\",\n
        \   \"command\": null,\n    \"console\": false,\n    \"debug\": null,\n    \"staging_task_id\":
        null,\n    \"package_state\": \"PENDING\",\n    \"health_check_timeout\":
        null,\n    \"staging_failed_reason\": null,\n    \"docker_image\": null,\n
        \   \"package_updated_at\": null,\n    \"detected_start_command\": \"\",\n
        \   \"space_url\": \"/v2/spaces/d3483f4f-6706-4fe1-ad90-1bd45d50e940\",\n
        \   \"stack_url\": \"/v2/stacks/b4d24013-b385-4db1-a171-b4e151a87c46\",\n
        \   \"events_url\": \"/v2/apps/f377c6ab-239f-4290-a478-10e97fc601b7/events\",\n
        \   \"service_bindings_url\": \"/v2/apps/f377c6ab-239f-4290-a478-10e97fc601b7/service_bindings\",\n
        \   \"routes_url\": \"/v2/apps/f377c6ab-239f-4290-a478-10e97fc601b7/routes\"\n
        \ }\n}"
    http_version: 
  recorded_at: Wed, 25 Mar 2015 16:22:37 GMT
- request:
    method: head
    uri: https://api.10.244.0.34.xip.io/v2/apps/f377c6ab-239f-4290-a478-10e97fc601b7/download
    body:
      encoding: US-ASCII
      string: ''
    headers:
      User-Agent:
      - excon/0.44.4
      Authorization:
      - __AUTHORIZATION__
      Basic:
      - Y2Y6
      Content-Type:
      - application/json
      Accept-Encoding:
      - gzip
  response:
    status:
      code: 404
      message: 
    headers:
      Content-Length:
      - '155'
      Content-Type:
      - application/json;charset=utf-8
      Date:
      - Wed, 25 Mar 2015 16:22:37 GMT
      Server:
      - nginx
      X-Cf-Requestid:
      - 33b4649f-740b-459b-7236-7c4e800a4f64
      X-Content-Type-Options:
      - nosniff
      X-Vcap-Request-Id:
      - fd62fd95-2757-4c5b-701b-4fd01c67f820::eae735fb-3742-4b07-a176-c5858a8992a1
    body:
      encoding: US-ASCII
      string: ''
    http_version: 
  recorded_at: Wed, 25 Mar 2015 16:22:37 GMT
- request:
    method: get
    uri: https://api.10.244.0.34.xip.io/v2/apps/f377c6ab-239f-4290-a478-10e97fc601b7/routes
    body:
      encoding: US-ASCII
      string: ''
    headers:
      User-Agent:
      - excon/0.44.4
      Authorization:
      - __AUTHORIZATION__
      Basic:
      - Y2Y6
      Content-Type:
      - application/json
      Accept-Encoding:
      - gzip
  response:
    status:
      code: 200
      message: 
    headers:
      Content-Length:
      - '775'
      Content-Type:
      - application/json;charset=utf-8
      Date:
      - Wed, 25 Mar 2015 16:22:37 GMT
      Server:
      - nginx
      X-Cf-Requestid:
      - 6a70142b-56be-45d9-5e99-28e72e5c2f75
      X-Content-Type-Options:
      - nosniff
      X-Vcap-Request-Id:
      - e97cce51-9244-4d07-6705-810241ef54e1::6c0a138a-a750-4573-9092-6c9eb1f88076
    body:
      encoding: US-ASCII
      string: ! "{\n  \"total_results\": 1,\n  \"total_pages\": 1,\n  \"prev_url\":
        null,\n  \"next_url\": null,\n  \"resources\": [\n    {\n      \"metadata\":
        {\n        \"guid\": \"eb85a060-81dc-48b4-9ff4-6f3638963464\",\n        \"url\":
        \"/v2/routes/eb85a060-81dc-48b4-9ff4-6f3638963464\",\n        \"created_at\":
        \"2015-03-25T16:22:36+00:00\",\n        \"updated_at\": null\n      },\n      \"entity\":
        {\n        \"host\": \"f377c6ab-239f-4290-a478-10e97fc601b7\",\n        \"domain_guid\":
        \"0a7ac015-b059-47d3-b1a2-873a6e370f36\",\n        \"space_guid\": \"d3483f4f-6706-4fe1-ad90-1bd45d50e940\",\n
        \       \"domain_url\": \"/v2/domains/0a7ac015-b059-47d3-b1a2-873a6e370f36\",\n
        \       \"space_url\": \"/v2/spaces/d3483f4f-6706-4fe1-ad90-1bd45d50e940\",\n
        \       \"apps_url\": \"/v2/routes/eb85a060-81dc-48b4-9ff4-6f3638963464/apps\"\n
        \     }\n    }\n  ]\n}"
    http_version: 
  recorded_at: Wed, 25 Mar 2015 16:22:37 GMT
- request:
    method: get
    uri: https://api.10.244.0.34.xip.io/v2/domains/0a7ac015-b059-47d3-b1a2-873a6e370f36
    body:
      encoding: US-ASCII
      string: ''
    headers:
      User-Agent:
      - excon/0.44.4
      Authorization:
      - __AUTHORIZATION__
      Basic:
      - Y2Y6
      Content-Type:
      - application/json
      Accept-Encoding:
      - gzip
  response:
    status:
      code: 200
      message: 
    headers:
      Content-Length:
      - '283'
      Content-Type:
      - application/json;charset=utf-8
      Date:
      - Wed, 25 Mar 2015 16:22:37 GMT
      Server:
      - nginx
      X-Cf-Requestid:
      - 6a69568e-4dd0-4f92-422a-ef4475fca0ec
      X-Cf-Warnings:
      - Endpoint+deprecated
      X-Content-Type-Options:
      - nosniff
      X-Vcap-Request-Id:
      - 4bf89d3e-5fe3-4468-6305-bdbedcde800f::d23dd6d1-cb9c-45c3-b2d9-05841059ad5e
    body:
      encoding: US-ASCII
      string: ! "{\n  \"metadata\": {\n    \"guid\": \"0a7ac015-b059-47d3-b1a2-873a6e370f36\",\n
        \   \"url\": \"/v2/domains/0a7ac015-b059-47d3-b1a2-873a6e370f36\",\n    \"created_at\":
        \"2014-12-05T16:23:46+00:00\",\n    \"updated_at\": \"2015-03-19T07:07:29+00:00\"\n
        \ },\n  \"entity\": {\n    \"name\": \"10.244.0.34.xip.io\"\n  }\n}"
    http_version: 
  recorded_at: Wed, 25 Mar 2015 16:22:37 GMT
recorded_with: VCR 2.9.3
